Archive member included to satisfy reference by file (symbol)

.\CortexM3\ARM_GCC_541\Debug\Final_Project_Group5.a(SPIM_1.o)
                              .\CortexM3\ARM_GCC_541\Debug\SPI_Interface_25LC256.o (SPIM_1_ReadTxStatus)
.\CortexM3\ARM_GCC_541\Debug\Final_Project_Group5.a(SPIM_1_INT.o)
                              .\CortexM3\ARM_GCC_541\Debug\Final_Project_Group5.a(SPIM_1.o) (SPIM_1_TX_ISR)
.\CortexM3\ARM_GCC_541\Debug\Final_Project_Group5.a(UART_1.o)
                              .\CortexM3\ARM_GCC_541\Debug\main.o (UART_1_Start)
.\CortexM3\ARM_GCC_541\Debug\Final_Project_Group5.a(CS_1.o)
                              .\CortexM3\ARM_GCC_541\Debug\SPI_Interface_25LC256.o (CS_1_Write)
.\CortexM3\ARM_GCC_541\Debug\Final_Project_Group5.a(CS_2.o)
                              .\CortexM3\ARM_GCC_541\Debug\LIS3DH.o (CS_2_Write)
.\CortexM3\ARM_GCC_541\Debug\Final_Project_Group5.a(SPIM_2.o)
                              .\CortexM3\ARM_GCC_541\Debug\SPI_Interface_LIS3DH.o (SPIM_2_ReadTxStatus)
.\CortexM3\ARM_GCC_541\Debug\Final_Project_Group5.a(SPIM_2_INT.o)
                              .\CortexM3\ARM_GCC_541\Debug\Final_Project_Group5.a(SPIM_2.o) (SPIM_2_TX_ISR)
.\CortexM3\ARM_GCC_541\Debug\Final_Project_Group5.a(isr_RX.o)
                              .\CortexM3\ARM_GCC_541\Debug\main.o (isr_RX_StartEx)
.\CortexM3\ARM_GCC_541\Debug\Final_Project_Group5.a(SPIM_1_IntClock.o)
                              .\CortexM3\ARM_GCC_541\Debug\Final_Project_Group5.a(SPIM_1.o) (SPIM_1_IntClock_Start)
.\CortexM3\ARM_GCC_541\Debug\Final_Project_Group5.a(UART_1_IntClock.o)
                              .\CortexM3\ARM_GCC_541\Debug\Final_Project_Group5.a(UART_1.o) (UART_1_IntClock_Start)
.\CortexM3\ARM_GCC_541\Debug\Final_Project_Group5.a(SPIM_2_IntClock.o)
                              .\CortexM3\ARM_GCC_541\Debug\Final_Project_Group5.a(SPIM_2.o) (SPIM_2_IntClock_Start)
.\CortexM3\ARM_GCC_541\Debug\Final_Project_Group5.a(CyLib.o)
                              .\CortexM3\ARM_GCC_541\Debug\Cm3Start.o (CyHalt)
.\CortexM3\ARM_GCC_541\Debug\Final_Project_Group5.a(cyPm.o)
                              .\CortexM3\ARM_GCC_541\Debug\Final_Project_Group5.a(CyLib.o) (CyPmReadStatus)
.\CortexM3\ARM_GCC_541\Debug\Final_Project_Group5.a(isr_FIFO.o)
                              .\CortexM3\ARM_GCC_541\Debug\main.o (isr_FIFO_StartEx)
.\CortexM3\ARM_GCC_541\Debug\Final_Project_Group5.a(ADC_DelSig.o)
                              .\CortexM3\ARM_GCC_541\Debug\main.o (ADC_DelSig_Start)
.\CortexM3\ARM_GCC_541\Debug\Final_Project_Group5.a(ADC_DelSig_INT.o)
                              .\CortexM3\ARM_GCC_541\Debug\Final_Project_Group5.a(ADC_DelSig.o) (ADC_DelSig_ISR1)
.\CortexM3\ARM_GCC_541\Debug\Final_Project_Group5.a(Timer.o)
                              .\CortexM3\ARM_GCC_541\Debug\InterruptRoutines.o (Timer_ReadStatusRegister)
.\CortexM3\ARM_GCC_541\Debug\Final_Project_Group5.a(isr_ADC.o)
                              .\CortexM3\ARM_GCC_541\Debug\main.o (isr_ADC_StartEx)
.\CortexM3\ARM_GCC_541\Debug\Final_Project_Group5.a(ADC_DelSig_AMux.o)
                              .\CortexM3\ARM_GCC_541\Debug\Final_Project_Group5.a(ADC_DelSig.o) (ADC_DelSig_AMux_Select)
.\CortexM3\ARM_GCC_541\Debug\Final_Project_Group5.a(ADC_DelSig_Ext_CP_Clk.o)
                              .\CortexM3\ARM_GCC_541\Debug\Final_Project_Group5.a(ADC_DelSig.o) (ADC_DelSig_Ext_CP_Clk_SetModeRegister)
.\CortexM3\ARM_GCC_541\Debug\Final_Project_Group5.a(ADC_DelSig_theACLK.o)
                              .\CortexM3\ARM_GCC_541\Debug\Final_Project_Group5.a(ADC_DelSig.o) (ADC_DelSig_theACLK_SetModeRegister)
.\CortexM3\ARM_GCC_541\Debug\Final_Project_Group5.a(Ext_LED.o)
                              .\CortexM3\ARM_GCC_541\Debug\InterruptRoutines.o (Ext_LED_Write)
.\CortexM3\ARM_GCC_541\Debug\Final_Project_Group5.a(PWM_OnboardLED.o)
                              .\CortexM3\ARM_GCC_541\Debug\main.o (PWM_OnboardLED_WritePeriod)
.\CortexM3\ARM_GCC_541\Debug\Final_Project_Group5.a(ISR_Button.o)
                              .\CortexM3\ARM_GCC_541\Debug\main.o (ISR_Button_StartEx)
.\CortexM3\ARM_GCC_541\Debug\Final_Project_Group5.a(Onboard_Button.o)
                              .\CortexM3\ARM_GCC_541\Debug\InterruptRoutines.o (Onboard_Button_Read)
.\CortexM3\ARM_GCC_541\Debug\Final_Project_Group5.a(CyBootAsmGnu.o)
                              .\CortexM3\ARM_GCC_541\Debug\cyfitter_cfg.o (CyDelayCycles)
.\CortexM3\ARM_GCC_541\Debug\Final_Project_Group5.a(CyFlash.o)
                              .\CortexM3\ARM_GCC_541\Debug\Final_Project_Group5.a(cyPm.o) (CyFlash_SetWaitCycles)
.\CortexM3\ARM_GCC_541\Debug\Final_Project_Group5.a(CySpc.o)
                              .\CortexM3\ARM_GCC_541\Debug\Final_Project_Group5.a(CyFlash.o) (CySpcStart)
c:/program files (x86)/cypress/psoc creator/4.3/psoc creator/import/gnu/arm/5.4.1/bin/../lib/gcc/arm-none-eabi/5.4.1/armv7-m\libgcc.a(_arm_addsubdf3.o)
[...]
Memory Configuration

Name             Origin             Length             Attributes
rom              0x00000000         0x00040000         xr
ram              0x1fff8000         0x00010000         xrw
*default*        0x00000000         0xffffffff

Linker script and memory map

LOAD c:/program files (x86)/cypress/psoc creator/4.3/psoc creator/import/gnu/arm/5.4.1/bin/../lib/gcc/arm-none-eabi/5.4.1/armv7-m/crti.o
LOAD c:/program files (x86)/cypress/psoc creator/4.3/psoc creator/import/gnu/arm/5.4.1/bin/../lib/gcc/arm-none-eabi/5.4.1/armv7-m/crtbegin.o
LOAD c:/program files (x86)/cypress/psoc creator/4.3/psoc creator/import/gnu/arm/5.4.1/bin/../lib/gcc/arm-none-eabi/5.4.1/../../../../arm-none-eabi/lib/armv7-m/crt0.o
START GROUP
LOAD .\CortexM3\ARM_GCC_541\Debug\main.o
LOAD .\CortexM3\ARM_GCC_541\Debug\25LC256.o
LOAD .\CortexM3\ARM_GCC_541\Debug\InterruptRoutines.o
LOAD .\CortexM3\ARM_GCC_541\Debug\LIS3DH.o
LOAD .\CortexM3\ARM_GCC_541\Debug\SPI_Interface_25LC256.o
LOAD .\CortexM3\ARM_GCC_541\Debug\SPI_Interface_LIS3DH.o
LOAD .\CortexM3\ARM_GCC_541\Debug\Functions.o
LOAD .\CortexM3\ARM_GCC_541\Debug\cyfitter_cfg.o
LOAD .\CortexM3\ARM_GCC_541\Debug\cymetadata.o
LOAD .\CortexM3\ARM_GCC_541\Debug\Cm3Start.o
LOAD .\CortexM3\ARM_GCC_541\Debug\Final_Project_Group5.a
LOAD C:\Program Files (x86)\Cypress\PSoC Creator\4.3\PSoC Creator\psoc\content\cycomponentlibrary\CyComponentLibrary.cylib\CortexM3\ARM_GCC_541\Debug\CyComponentLibrary.a
END GROUP
START GROUP
LOAD c:/program files (x86)/cypress/psoc creator/4.3/psoc creator/import/gnu/arm/5.4.1/bin/../lib/gcc/arm-none-eabi/5.4.1/armv7-m\libgcc.a
LOAD c:/program files (x86)/cypress/psoc creator/4.3/psoc creator/import/gnu/arm/5.4.1/bin/../lib/gcc/arm-none-eabi/5.4.1/../../../../arm-none-eabi/lib/armv7-m\libg_nano.a
LOAD c:/program files (x86)/cypress/psoc creator/4.3/psoc creator/import/gnu/arm/5.4.1/bin/../lib/gcc/arm-none-eabi/5.4.1/../../../../arm-none-eabi/lib/armv7-m\libc_nano.a
END GROUP
START GROUP
LOAD c:/program files (x86)/cypress/psoc creator/4.3/psoc creator/import/gnu/arm/5.4.1/bin/../lib/gcc/arm-none-eabi/5.4.1/armv7-m\libgcc.a
LOAD c:/program files (x86)/cypress/psoc creator/4.3/psoc creator/import/gnu/arm/5.4.1/bin/../lib/gcc/arm-none-eabi/5.4.1/../../../../arm-none-eabi/lib/armv7-m\libc_nano.a
END GROUP
LOAD c:/program files (x86)/cypress/psoc creator/4.3/psoc creator/import/gnu/arm/5.4.1/bin/../lib/gcc/arm-none-eabi/5.4.1/armv7-m/crtend.o
LOAD c:/program files (x86)/cypress/psoc creator/4.3/psoc creator/import/gnu/arm/5.4.1/bin/../lib/gcc/arm-none-eabi/5.4.1/armv7-m/crtn.o
START GROUP
LOAD c:/program files (x86)/cypress/psoc creator/4.3/psoc creator/import/gnu/arm/5.4.1/bin/../lib/gcc/arm-none-eabi/5.4.1/armv7-m\libgcc.a
LOAD c:/program files (x86)/cypress/psoc creator/4.3/psoc creator/import/gnu/arm/5.4.1/bin/../lib/gcc/arm-none-eabi/5.4.1/../../../../arm-none-eabi/lib/armv7-m\libc.a
LOAD c:/program files (x86)/cypress/psoc creator/4.3/psoc creator/import/gnu/arm/5.4.1/bin/../lib/gcc/arm-none-eabi/5.4.1/../../../../arm-none-eabi/lib/armv7-m\libnosys.a
END GROUP
                0x00000000                CY_APPL_ORIGIN = 0x0
                0x00000100                CY_FLASH_ROW_SIZE = 0x100
                0x00000020                CY_ECC_ROW_SIZE = 0x20
                0x00000000                CY_EE_IN_BTLDR = 0x0
                0x00000000                CY_APPL_LOADABLE = 0x0
                0x00000800                CY_EE_SIZE = 0x800
                0x00000001                CY_APPL_NUM = 0x1
                0x00000001                CY_APPL_MAX = 0x1
                0x00000040                CY_METADATA_SIZE = 0x40
                0x00000000                CY_APPL_LOADABLE = 0x0
                0x00000000                CY_CHECKSUM_EXCLUDE_SIZE = ALIGN (0x0, CY_FLASH_ROW_SIZE)
                [!provide]                PROVIDE (__cy_heap_start, _end)
                0x00000001                PROVIDE (__cy_region_num, ((__cy_regions_end - __cy_regions) / 0x10))
                0x20008000                PROVIDE (__cy_stack, (ORIGIN (ram) + LENGTH (ram)))
                [!provide]                PROVIDE (__cy_heap_end, (__cy_stack - 0x800))

.cybootloader   0x00000000        0x0
 *(.cybootloader)
                0x00000000                appl1_start = CY_APPL_ORIGIN?CY_APPL_ORIGIN:ALIGN (CY_FLASH_ROW_SIZE)
                0x0001ff00                appl2_start = (appl1_start + ALIGN ((((LENGTH (rom) - appl1_start) - (0x2 * CY_FLASH_ROW_SIZE)) / 0x2), CY_FLASH_ROW_SIZE))
                0x00000000                appl_start = (CY_APPL_NUM == 0x1)?appl1_start:appl2_start
                0x00000000                ecc_offset = ((appl_start / CY_FLASH_ROW_SIZE) * CY_ECC_ROW_SIZE)
                0x00000000                ee_offset = (CY_APPL_LOADABLE && ! (CY_EE_IN_BTLDR))?((CY_EE_SIZE / CY_APPL_MAX) * (CY_APPL_NUM - 0x1)):0x0
                0x00000800                ee_size = (CY_APPL_LOADABLE && ! (CY_EE_IN_BTLDR))?(CY_EE_SIZE / CY_APPL_MAX):CY_EE_SIZE
                [!provide]                PROVIDE (CY_ECC_OFFSET, ecc_offset)

.text           0x00000000     0x32a8
 CREATE_OBJECT_SYMBOLS
                0x00000000                PROVIDE (__cy_interrupt_vector, RomVectors)
 *(.romvectors)
 .romvectors    0x00000000       0x10 .\CortexM3\ARM_GCC_541\Debug\Cm3Start.o
                0x00000000                RomVectors
                0x00000001                ASSERT ((. != __cy_interrupt_vector), No interrupt vector)
                0x00000001                ASSERT (CY_APPL_ORIGIN?(SIZEOF (.cybootloader) <= CY_APPL_ORIGIN):0x1, Wrong image location)
                0x00000010                PROVIDE (__cy_reset, Reset)
 *(.text.Reset)
 .text.Reset    0x00000010       0x18 .\CortexM3\ARM_GCC_541\Debug\Cm3Start.o
                0x00000010                Reset
                0x00000001                ASSERT ((. != __cy_reset), No reset code)
 *(.dma_init)
                0x00000001                ASSERT ((((appl_start + .) <= 0x10000) || 0x1), DMA Init must be within the first 64k of flash)
 *(.text .text.* .gnu.linkonce.t.*)
 .text          0x00000028       0x5c c:/program files (x86)/cypress/psoc creator/4.3/psoc creator/import/gnu/arm/5.4.1/bin/../lib/gcc/arm-none-eabi/5.4.1/armv7-m/crtbegin.o
 .text.main     0x00000084      0x2d8 .\CortexM3\ARM_GCC_541\Debug\main.o
                0x00000084                main
 .text.EEPROM_readStatus
                0x0000035c        0xc .\CortexM3\ARM_GCC_541\Debug\25LC256.o
                0x0000035c                EEPROM_readStatus
 .text.EEPROM_writeEnable
                0x00000368        0xc .\CortexM3\ARM_GCC_541\Debug\25LC256.o
                0x00000368                EEPROM_writeEnable
 .text.EEPROM_writeByte
                0x00000374       0x38 .\CortexM3\ARM_GCC_541\Debug\25LC256.o
                0x00000374                EEPROM_writeByte
 .text.EEPROM_readPage
                0x000003ac       0x24 .\CortexM3\ARM_GCC_541\Debug\25LC256.o
                0x000003ac                EEPROM_readPage
 .text.EEPROM_writePage
                0x000003d0       0x5c .\CortexM3\ARM_GCC_541\Debug\25LC256.o
                0x000003d0                EEPROM_writePage
 .text.EEPROM_waitForWriteComplete
                0x0000042c       0x10 .\CortexM3\ARM_GCC_541\Debug\25LC256.o
                0x0000042c                EEPROM_waitForWriteComplete
 .text.Custom_ISR_Button
                0x0000043c        0xc .\CortexM3\ARM_GCC_541\Debug\InterruptRoutines.o
                0x0000043c                Custom_ISR_Button
 .text.Custom_isr_FIFO
                0x00000448       0x44 .\CortexM3\ARM_GCC_541\Debug\InterruptRoutines.o
                0x00000448                Custom_isr_FIFO
 .text.Custom_ISR_ADC
                0x0000048c       0xd4 .\CortexM3\ARM_GCC_541\Debug\InterruptRoutines.o
                0x0000048c                Custom_ISR_ADC
 .text.Custom_ISR_RX
                0x00000560      0x4a0 .\CortexM3\ARM_GCC_541\Debug\InterruptRoutines.o
                0x00000560                Custom_ISR_RX
 .text.ACC_writeRegister
                0x00000a00       0x30 .\CortexM3\ARM_GCC_541\Debug\LIS3DH.o
                0x00000a00                ACC_writeRegister
 .text.ACC_readRegister
                0x00000a30       0x28 .\CortexM3\ARM_GCC_541\Debug\LIS3DH.o
                0x00000a30                ACC_readRegister
 .text.ACC_Multi_Read
                0x00000a58       0x20 .\CortexM3\ARM_GCC_541\Debug\LIS3DH.o
                0x00000a58                ACC_Multi_Read
 .text.SPI_Interface_25LC256_tradeByte
                0x00000a78       0x2c .\CortexM3\ARM_GCC_541\Debug\SPI_Interface_25LC256.o
                0x00000a78                SPI_Interface_25LC256_tradeByte
 .text.SPI_Interface_25LC256_ReadByte
                0x00000aa4       0x34 .\CortexM3\ARM_GCC_541\Debug\SPI_Interface_25LC256.o
                0x00000aa4                SPI_Interface_25LC256_ReadByte
 .text.SPI_Interface_25LC256_Multi_RW
                0x00000ad8       0xb8 .\CortexM3\ARM_GCC_541\Debug\SPI_Interface_25LC256.o
                0x00000ad8                SPI_Interface_25LC256_Multi_RW
 .text.SPI_Interface_LIS3DH_Multi_RW
                0x00000b90       0xb8 .\CortexM3\ARM_GCC_541\Debug\SPI_Interface_LIS3DH.o
                0x00000b90                SPI_Interface_LIS3DH_Multi_RW
 .text.show_menu
                0x00000c48       0xb8 .\CortexM3\ARM_GCC_541\Debug\Functions.o
                0x00000c48                show_menu
 .text.ACC_TEMP_8bytePacking
                0x00000d00       0xb4 .\CortexM3\ARM_GCC_541\Debug\Functions.o
                0x00000d00                ACC_TEMP_8bytePacking
 .text.Store_EEPROM
                0x00000db4       0xcc .\CortexM3\ARM_GCC_541\Debug\Functions.o
                0x00000db4                Store_EEPROM
 .text.Send_BCP
                0x00000e80       0xc8 .\CortexM3\ARM_GCC_541\Debug\Functions.o
                0x00000e80                Send_BCP
 .text.Config_acc
                0x00000f48       0x2c .\CortexM3\ARM_GCC_541\Debug\Functions.o
                0x00000f48                Config_acc
 .text.CyClockStartupError
                0x00000f74        0x4 .\CortexM3\ARM_GCC_541\Debug\cyfitter_cfg.o
 .text.cfg_write_bytes32
                0x00000f78       0x34 .\CortexM3\ARM_GCC_541\Debug\cyfitter_cfg.o
 .text.AnalogSetDefault
                0x00000fac       0x3c .\CortexM3\ARM_GCC_541\Debug\cyfitter_cfg.o
 .text.CYMEMZERO
                0x00000fe8        0xc .\CortexM3\ARM_GCC_541\Debug\cyfitter_cfg.o
 .text.CYCONFIGCPY
                0x00000ff4        0x8 .\CortexM3\ARM_GCC_541\Debug\cyfitter_cfg.o
 .text.ClockSetup
                0x00000ffc      0x130 .\CortexM3\ARM_GCC_541\Debug\cyfitter_cfg.o
 .text.ADC_DelSig_AMux_Set
                0x0000112c       0x1c .\CortexM3\ARM_GCC_541\Debug\cyfitter_cfg.o
                0x0000112c                ADC_DelSig_AMux_Set
 .text.ADC_DelSig_AMux_Unset
                0x00001148       0x1c .\CortexM3\ARM_GCC_541\Debug\cyfitter_cfg.o
                0x00001148                ADC_DelSig_AMux_Unset
 .text.cyfitter_cfg
                0x00001164      0x13c .\CortexM3\ARM_GCC_541\Debug\cyfitter_cfg.o
                0x00001164                cyfitter_cfg
 .text.IntDefaultHandler
                0x000012a0       0x10 .\CortexM3\ARM_GCC_541\Debug\Cm3Start.o
                0x000012a0                IntDefaultHandler
 .text._sbrk    0x000012b0       0x30 .\CortexM3\ARM_GCC_541\Debug\Cm3Start.o
                0x000012b0                _sbrk
 .text.Start_c  0x000012e0       0x4c .\CortexM3\ARM_GCC_541\Debug\Cm3Start.o
                0x000012e0                Start_c
 .text.initialize_psoc
                0x0000132c       0x68 .\CortexM3\ARM_GCC_541\Debug\Cm3Start.o
                0x0000132c                initialize_psoc
 .text.SPIM_1_EnableTxInt
                0x00001394        0xc .\CortexM3\ARM_GCC_541\Debug\Final_Project_Group5.a(SPIM_1.o)
                0x00001394                SPIM_1_EnableTxInt
 .text.SPIM_1_EnableRxInt
                0x000013a0        0xc .\CortexM3\ARM_GCC_541\Debug\Final_Project_Group5.a(SPIM_1.o)
                0x000013a0                SPIM_1_EnableRxInt
 .text.SPIM_1_Enable
                0x000013ac       0x3c .\CortexM3\ARM_GCC_541\Debug\Final_Project_Group5.a(SPIM_1.o)
                0x000013ac                SPIM_1_Enable
 .text.SPIM_1_DisableTxInt
                0x000013e8        0xc .\CortexM3\ARM_GCC_541\Debug\Final_Project_Group5.a(SPIM_1.o)
                0x000013e8                SPIM_1_DisableTxInt
 .text.SPIM_1_DisableRxInt
                0x000013f4        0xc .\CortexM3\ARM_GCC_541\Debug\Final_Project_Group5.a(SPIM_1.o)
                0x000013f4                SPIM_1_DisableRxInt
 .text.SPIM_1_ReadTxStatus
                0x00001400       0x28 .\CortexM3\ARM_GCC_541\Debug\Final_Project_Group5.a(SPIM_1.o)
                0x00001400                SPIM_1_ReadTxStatus
 .text.SPIM_1_ReadRxStatus
                0x00001428       0x28 .\CortexM3\ARM_GCC_541\Debug\Final_Project_Group5.a(SPIM_1.o)
                0x00001428                SPIM_1_ReadRxStatus
 .text.SPIM_1_WriteTxData
                0x00001450       0xd4 .\CortexM3\ARM_GCC_541\Debug\Final_Project_Group5.a(SPIM_1.o)
                0x00001450                SPIM_1_WriteTxData
 .text.SPIM_1_ReadRxData
                0x00001524       0x64 .\CortexM3\ARM_GCC_541\Debug\Final_Project_Group5.a(SPIM_1.o)
                0x00001524                SPIM_1_ReadRxData
 .text.SPIM_1_ClearRxBuffer
                0x00001588       0x40 .\CortexM3\ARM_GCC_541\Debug\Final_Project_Group5.a(SPIM_1.o)
                0x00001588                SPIM_1_ClearRxBuffer
 .text.SPIM_1_ClearTxBuffer
                0x000015c8       0x54 .\CortexM3\ARM_GCC_541\Debug\Final_Project_Group5.a(SPIM_1.o)
                0x000015c8                SPIM_1_ClearTxBuffer
 .text.SPIM_1_PutArray
                0x0000161c       0x20 .\CortexM3\ARM_GCC_541\Debug\Final_Project_Group5.a(SPIM_1.o)
                0x0000161c                SPIM_1_PutArray
 .text.SPIM_1_ClearFIFO
                0x0000163c       0x3c .\CortexM3\ARM_GCC_541\Debug\Final_Project_Group5.a(SPIM_1.o)
                0x0000163c                SPIM_1_ClearFIFO
 .text.SPIM_1_Init
                0x00001678       0x90 .\CortexM3\ARM_GCC_541\Debug\Final_Project_Group5.a(SPIM_1.o)
                0x00001678                SPIM_1_Init
 .text.SPIM_1_Start
                0x00001708       0x1c .\CortexM3\ARM_GCC_541\Debug\Final_Project_Group5.a(SPIM_1.o)
                0x00001708                SPIM_1_Start
 .text.SPIM_1_TX_ISR
                0x00001724       0xa0 .\CortexM3\ARM_GCC_541\Debug\Final_Project_Group5.a(SPIM_1_INT.o)
                0x00001724                SPIM_1_TX_ISR
 .text.SPIM_1_RX_ISR
                0x000017c4       0xa0 .\CortexM3\ARM_GCC_541\Debug\Final_Project_Group5.a(SPIM_1_INT.o)
                0x000017c4                SPIM_1_RX_ISR
 .text.UART_1_Init
                0x00001864       0x24 .\CortexM3\ARM_GCC_541\Debug\Final_Project_Group5.a(UART_1.o)
                0x00001864                UART_1_Init
 .text.UART_1_Enable
                0x00001888       0x38 .\CortexM3\ARM_GCC_541\Debug\Final_Project_Group5.a(UART_1.o)
                0x00001888                UART_1_Enable
 .text.UART_1_Start
                0x000018c0       0x1c .\CortexM3\ARM_GCC_541\Debug\Final_Project_Group5.a(UART_1.o)
                0x000018c0                UART_1_Start
 .text.UART_1_GetChar
                0x000018dc       0x2c .\CortexM3\ARM_GCC_541\Debug\Final_Project_Group5.a(UART_1.o)
                0x000018dc                UART_1_GetChar
 .text.UART_1_PutChar
                0x00001908       0x18 .\CortexM3\ARM_GCC_541\Debug\Final_Project_Group5.a(UART_1.o)
                0x00001908                UART_1_PutChar
 .text.UART_1_PutString
                0x00001920       0x24 .\CortexM3\ARM_GCC_541\Debug\Final_Project_Group5.a(UART_1.o)
                0x00001920                UART_1_PutString
 .text.UART_1_PutArray
                0x00001944       0x28 .\CortexM3\ARM_GCC_541\Debug\Final_Project_Group5.a(UART_1.o)
                0x00001944                UART_1_PutArray
 .text.CS_1_Write
                0x0000196c       0x18 .\CortexM3\ARM_GCC_541\Debug\Final_Project_Group5.a(CS_1.o)
                0x0000196c                CS_1_Write
 .text.CS_2_Write
                0x00001984       0x18 .\CortexM3\ARM_GCC_541\Debug\Final_Project_Group5.a(CS_2.o)
                0x00001984                CS_2_Write
 .text.SPIM_2_EnableTxInt
                0x0000199c        0xc .\CortexM3\ARM_GCC_541\Debug\Final_Project_Group5.a(SPIM_2.o)
                0x0000199c                SPIM_2_EnableTxInt
 .text.SPIM_2_EnableRxInt
                0x000019a8        0xc .\CortexM3\ARM_GCC_541\Debug\Final_Project_Group5.a(SPIM_2.o)
                0x000019a8                SPIM_2_EnableRxInt
 .text.SPIM_2_Enable
                0x000019b4       0x3c .\CortexM3\ARM_GCC_541\Debug\Final_Project_Group5.a(SPIM_2.o)
                0x000019b4                SPIM_2_Enable
 .text.SPIM_2_DisableTxInt
                0x000019f0        0xc .\CortexM3\ARM_GCC_541\Debug\Final_Project_Group5.a(SPIM_2.o)
                0x000019f0                SPIM_2_DisableTxInt
 .text.SPIM_2_DisableRxInt
                0x000019fc        0xc .\CortexM3\ARM_GCC_541\Debug\Final_Project_Group5.a(SPIM_2.o)
                0x000019fc                SPIM_2_DisableRxInt
 .text.SPIM_2_ReadTxStatus
                0x00001a08       0x28 .\CortexM3\ARM_GCC_541\Debug\Final_Project_Group5.a(SPIM_2.o)
                0x00001a08                SPIM_2_ReadTxStatus
 .text.SPIM_2_ReadRxStatus
                0x00001a30       0x28 .\CortexM3\ARM_GCC_541\Debug\Final_Project_Group5.a(SPIM_2.o)
                0x00001a30                SPIM_2_ReadRxStatus
 .text.SPIM_2_WriteTxData
                0x00001a58       0xd4 .\CortexM3\ARM_GCC_541\Debug\Final_Project_Group5.a(SPIM_2.o)
                0x00001a58                SPIM_2_WriteTxData
 .text.SPIM_2_ReadRxData
                0x00001b2c       0x64 .\CortexM3\ARM_GCC_541\Debug\Final_Project_Group5.a(SPIM_2.o)
                0x00001b2c                SPIM_2_ReadRxData
 .text.SPIM_2_ClearRxBuffer
                0x00001b90       0x40 .\CortexM3\ARM_GCC_541\Debug\Final_Project_Group5.a(SPIM_2.o)
                0x00001b90                SPIM_2_ClearRxBuffer
 .text.SPIM_2_ClearTxBuffer
                0x00001bd0       0x54 .\CortexM3\ARM_GCC_541\Debug\Final_Project_Group5.a(SPIM_2.o)
                0x00001bd0                SPIM_2_ClearTxBuffer
 .text.SPIM_2_PutArray
                0x00001c24       0x20 .\CortexM3\ARM_GCC_541\Debug\Final_Project_Group5.a(SPIM_2.o)
                0x00001c24                SPIM_2_PutArray
 .text.SPIM_2_ClearFIFO
                0x00001c44       0x3c .\CortexM3\ARM_GCC_541\Debug\Final_Project_Group5.a(SPIM_2.o)
                0x00001c44                SPIM_2_ClearFIFO
 .text.SPIM_2_Init
                0x00001c80       0x90 .\CortexM3\ARM_GCC_541\Debug\Final_Project_Group5.a(SPIM_2.o)
                0x00001c80                SPIM_2_Init
 .text.SPIM_2_Start
                0x00001d10       0x1c .\CortexM3\ARM_GCC_541\Debug\Final_Project_Group5.a(SPIM_2.o)
                0x00001d10                SPIM_2_Start
 .text.SPIM_2_TX_ISR
                0x00001d2c       0xa0 .\CortexM3\ARM_GCC_541\Debug\Final_Project_Group5.a(SPIM_2_INT.o)
                0x00001d2c                SPIM_2_TX_ISR
 .text.SPIM_2_RX_ISR
                0x00001dcc       0xa0 .\CortexM3\ARM_GCC_541\Debug\Final_Project_Group5.a(SPIM_2_INT.o)
                0x00001dcc                SPIM_2_RX_ISR
 .text.isr_RX_SetVector
                0x00001e6c        0xc .\CortexM3\ARM_GCC_541\Debug\Final_Project_Group5.a(isr_RX.o)
                0x00001e6c                isr_RX_SetVector
 .text.isr_RX_SetPriority
                0x00001e78       0x10 .\CortexM3\ARM_GCC_541\Debug\Final_Project_Group5.a(isr_RX.o)
                0x00001e78                isr_RX_SetPriority
 .text.isr_RX_Enable
                0x00001e88        0xc .\CortexM3\ARM_GCC_541\Debug\Final_Project_Group5.a(isr_RX.o)
                0x00001e88                isr_RX_Enable
 .text.isr_RX_Disable
                0x00001e94        0xc .\CortexM3\ARM_GCC_541\Debug\Final_Project_Group5.a(isr_RX.o)
                0x00001e94                isr_RX_Disable
 .text.isr_RX_StartEx
                0x00001ea0       0x1c .\CortexM3\ARM_GCC_541\Debug\Final_Project_Group5.a(isr_RX.o)
                0x00001ea0                isr_RX_StartEx
 .text.SPIM_1_IntClock_Start
                0x00001ebc       0x1c .\CortexM3\ARM_GCC_541\Debug\Final_Project_Group5.a(SPIM_1_IntClock.o)
                0x00001ebc                SPIM_1_IntClock_Start
 .text.UART_1_IntClock_Start
                0x00001ed8       0x1c .\CortexM3\ARM_GCC_541\Debug\Final_Project_Group5.a(UART_1_IntClock.o)
                0x00001ed8                UART_1_IntClock_Start
 .text.SPIM_2_IntClock_Start
                0x00001ef4       0x1c .\CortexM3\ARM_GCC_541\Debug\Final_Project_Group5.a(SPIM_2_IntClock.o)
                0x00001ef4                SPIM_2_IntClock_Start
 .text.CyHalt   0x00001f10        0x4 .\CortexM3\ARM_GCC_541\Debug\Final_Project_Group5.a(CyLib.o)
                0x00001f10                CyHalt
 .text.CyDelay  0x00001f14       0x2c .\CortexM3\ARM_GCC_541\Debug\Final_Project_Group5.a(CyLib.o)
                0x00001f14                CyDelay
 .text.CyDelayUs
                0x00001f40       0x14 .\CortexM3\ARM_GCC_541\Debug\Final_Project_Group5.a(CyLib.o)
                0x00001f40                CyDelayUs
 .text.CyIntSetVector
                0x00001f54       0x28 .\CortexM3\ARM_GCC_541\Debug\Final_Project_Group5.a(CyLib.o)
                0x00001f54                CyIntSetVector
 .text.CyIntSetPriority
                0x00001f7c       0x30 .\CortexM3\ARM_GCC_541\Debug\Final_Project_Group5.a(CyLib.o)
                0x00001f7c                CyIntSetPriority
 .text.isr_FIFO_SetVector
                0x00001fac        0xc .\CortexM3\ARM_GCC_541\Debug\Final_Project_Group5.a(isr_FIFO.o)
                0x00001fac                isr_FIFO_SetVector
 .text.isr_FIFO_SetPriority
                0x00001fb8       0x10 .\CortexM3\ARM_GCC_541\Debug\Final_Project_Group5.a(isr_FIFO.o)
                0x00001fb8                isr_FIFO_SetPriority
 .text.isr_FIFO_Enable
                0x00001fc8       0x10 .\CortexM3\ARM_GCC_541\Debug\Final_Project_Group5.a(isr_FIFO.o)
                0x00001fc8                isr_FIFO_Enable
 .text.isr_FIFO_Disable
                0x00001fd8       0x10 .\CortexM3\ARM_GCC_541\Debug\Final_Project_Group5.a(isr_FIFO.o)
                0x00001fd8                isr_FIFO_Disable
 .text.isr_FIFO_StartEx
                0x00001fe8       0x1c .\CortexM3\ARM_GCC_541\Debug\Final_Project_Group5.a(isr_FIFO.o)
                0x00001fe8                isr_FIFO_StartEx
 .text.isr_FIFO_Stop
                0x00002004       0x14 .\CortexM3\ARM_GCC_541\Debug\Final_Project_Group5.a(isr_FIFO.o)
                0x00002004                isr_FIFO_Stop
 .text.ADC_DelSig_GainCompensation
                0x00002018       0xdc .\CortexM3\ARM_GCC_541\Debug\Final_Project_Group5.a(ADC_DelSig.o)
 .text.ADC_DelSig_SetDSMRef0Reg
                0x000020f4       0x4c .\CortexM3\ARM_GCC_541\Debug\Final_Project_Group5.a(ADC_DelSig.o)
 .text.ADC_DelSig_InitConfig
                0x00002140       0xe0 .\CortexM3\ARM_GCC_541\Debug\Final_Project_Group5.a(ADC_DelSig.o)
 .text.ADC_DelSig_Init
                0x00002220       0xc4 .\CortexM3\ARM_GCC_541\Debug\Final_Project_Group5.a(ADC_DelSig.o)
                0x00002220                ADC_DelSig_Init
 .text.ADC_DelSig_Enable
                0x000022e4       0xd8 .\CortexM3\ARM_GCC_541\Debug\Final_Project_Group5.a(ADC_DelSig.o)
                0x000022e4                ADC_DelSig_Enable
 .text.ADC_DelSig_Start
                0x000023bc       0x28 .\CortexM3\ARM_GCC_541\Debug\Final_Project_Group5.a(ADC_DelSig.o)
                0x000023bc                ADC_DelSig_Start
 .text.ADC_DelSig_StartConvert
                0x000023e4       0x10 .\CortexM3\ARM_GCC_541\Debug\Final_Project_Group5.a(ADC_DelSig.o)
                0x000023e4                ADC_DelSig_StartConvert
 .text.ADC_DelSig_StopConvert
                0x000023f4       0x10 .\CortexM3\ARM_GCC_541\Debug\Final_Project_Group5.a(ADC_DelSig.o)
                0x000023f4                ADC_DelSig_StopConvert
 .text.ADC_DelSig_IsEndConversion
                0x00002404       0x30 .\CortexM3\ARM_GCC_541\Debug\Final_Project_Group5.a(ADC_DelSig.o)
                0x00002404                ADC_DelSig_IsEndConversion
 .text.ADC_DelSig_GetResult32
                0x00002434       0x6c .\CortexM3\ARM_GCC_541\Debug\Final_Project_Group5.a(ADC_DelSig.o)
                0x00002434                ADC_DelSig_GetResult32
 .text.ADC_DelSig_CountsTo_mVolts
                0x000024a0       0x24 .\CortexM3\ARM_GCC_541\Debug\Final_Project_Group5.a(ADC_DelSig.o)
                0x000024a0                ADC_DelSig_CountsTo_mVolts
 .text.ADC_DelSig_Read32
                0x000024c4       0x28 .\CortexM3\ARM_GCC_541\Debug\Final_Project_Group5.a(ADC_DelSig.o)
                0x000024c4                ADC_DelSig_Read32
 .text.ADC_DelSig_ISR1
                0x000024ec        0x4 .\CortexM3\ARM_GCC_541\Debug\Final_Project_Group5.a(ADC_DelSig_INT.o)
                0x000024ec                ADC_DelSig_ISR1
 .text.Timer_Enable
                0x000024f0       0x28 .\CortexM3\ARM_GCC_541\Debug\Final_Project_Group5.a(Timer.o)
                0x000024f0                Timer_Enable
 .text.Timer_SetInterruptMode
                0x00002518        0xc .\CortexM3\ARM_GCC_541\Debug\Final_Project_Group5.a(Timer.o)
                0x00002518                Timer_SetInterruptMode
 .text.Timer_ReadStatusRegister
                0x00002524        0xc .\CortexM3\ARM_GCC_541\Debug\Final_Project_Group5.a(Timer.o)
                0x00002524                Timer_ReadStatusRegister
 .text.Timer_WritePeriod
                0x00002530        0xc .\CortexM3\ARM_GCC_541\Debug\Final_Project_Group5.a(Timer.o)
                0x00002530                Timer_WritePeriod
 .text.Timer_WriteCounter
                0x0000253c        0xc .\CortexM3\ARM_GCC_541\Debug\Final_Project_Group5.a(Timer.o)
                0x0000253c                Timer_WriteCounter
 .text.Timer_Init
                0x00002548       0x64 .\CortexM3\ARM_GCC_541\Debug\Final_Project_Group5.a(Timer.o)
                0x00002548                Timer_Init
 .text.Timer_Start
                0x000025ac       0x1c .\CortexM3\ARM_GCC_541\Debug\Final_Project_Group5.a(Timer.o)
                0x000025ac                Timer_Start
 .text.isr_ADC_SetVector
                0x000025c8       0x10 .\CortexM3\ARM_GCC_541\Debug\Final_Project_Group5.a(isr_ADC.o)
                0x000025c8                isr_ADC_SetVector
 .text.isr_ADC_SetPriority
                0x000025d8       0x10 .\CortexM3\ARM_GCC_541\Debug\Final_Project_Group5.a(isr_ADC.o)
                0x000025d8                isr_ADC_SetPriority
 .text.isr_ADC_Enable
                0x000025e8       0x10 .\CortexM3\ARM_GCC_541\Debug\Final_Project_Group5.a(isr_ADC.o)
                0x000025e8                isr_ADC_Enable
 .text.isr_ADC_Disable
                0x000025f8       0x10 .\CortexM3\ARM_GCC_541\Debug\Final_Project_Group5.a(isr_ADC.o)
                0x000025f8                isr_ADC_Disable
 .text.isr_ADC_StartEx
                0x00002608       0x1c .\CortexM3\ARM_GCC_541\Debug\Final_Project_Group5.a(isr_ADC.o)
                0x00002608                isr_ADC_StartEx
 .text.ADC_DelSig_AMux_Start
                0x00002624       0x20 .\CortexM3\ARM_GCC_541\Debug\Final_Project_Group5.a(ADC_DelSig_AMux.o)
                0x00002624                ADC_DelSig_AMux_Start
 .text.ADC_DelSig_AMux_Select
                0x00002644       0x18 .\CortexM3\ARM_GCC_541\Debug\Final_Project_Group5.a(ADC_DelSig_AMux.o)
                0x00002644                ADC_DelSig_AMux_Select
 .text.ADC_DelSig_Ext_CP_Clk_GetDividerRegister
                0x0000265c        0xc .\CortexM3\ARM_GCC_541\Debug\Final_Project_Group5.a(ADC_DelSig_Ext_CP_Clk.o)
                0x0000265c                ADC_DelSig_Ext_CP_Clk_GetDividerRegister
 .text.ADC_DelSig_Ext_CP_Clk_SetModeRegister
                0x00002668       0x14 .\CortexM3\ARM_GCC_541\Debug\Final_Project_Group5.a(ADC_DelSig_Ext_CP_Clk.o)
                0x00002668                ADC_DelSig_Ext_CP_Clk_SetModeRegister
 .text.ADC_DelSig_Ext_CP_Clk_GetSourceRegister
                0x0000267c       0x10 .\CortexM3\ARM_GCC_541\Debug\Final_Project_Group5.a(ADC_DelSig_Ext_CP_Clk.o)
                0x0000267c                ADC_DelSig_Ext_CP_Clk_GetSourceRegister
 .text.ADC_DelSig_Ext_CP_Clk_SetDividerRegister
                0x0000268c       0xd8 .\CortexM3\ARM_GCC_541\Debug\Final_Project_Group5.a(ADC_DelSig_Ext_CP_Clk.o)
                0x0000268c                ADC_DelSig_Ext_CP_Clk_SetDividerRegister
 .text.ADC_DelSig_theACLK_GetDividerRegister
                0x00002764        0xc .\CortexM3\ARM_GCC_541\Debug\Final_Project_Group5.a(ADC_DelSig_theACLK.o)
                0x00002764                ADC_DelSig_theACLK_GetDividerRegister
 .text.ADC_DelSig_theACLK_SetModeRegister
                0x00002770       0x14 .\CortexM3\ARM_GCC_541\Debug\Final_Project_Group5.a(ADC_DelSig_theACLK.o)
                0x00002770                ADC_DelSig_theACLK_SetModeRegister
 .text.ADC_DelSig_theACLK_GetSourceRegister
                0x00002784       0x10 .\CortexM3\ARM_GCC_541\Debug\Final_Project_Group5.a(ADC_DelSig_theACLK.o)
                0x00002784                ADC_DelSig_theACLK_GetSourceRegister
 .text.ADC_DelSig_theACLK_SetDividerRegister
                0x00002794       0xd8 .\CortexM3\ARM_GCC_541\Debug\Final_Project_Group5.a(ADC_DelSig_theACLK.o)
                0x00002794                ADC_DelSig_theACLK_SetDividerRegister
 .text.Ext_LED_Write
                0x0000286c       0x18 .\CortexM3\ARM_GCC_541\Debug\Final_Project_Group5.a(Ext_LED.o)
                0x0000286c                Ext_LED_Write
 .text.PWM_OnboardLED_Enable
                0x00002884       0x10 .\CortexM3\ARM_GCC_541\Debug\Final_Project_Group5.a(PWM_OnboardLED.o)
                0x00002884                PWM_OnboardLED_Enable
 .text.PWM_OnboardLED_WriteCounter
                0x00002894        0xc .\CortexM3\ARM_GCC_541\Debug\Final_Project_Group5.a(PWM_OnboardLED.o)
                0x00002894                PWM_OnboardLED_WriteCounter
 .text.PWM_OnboardLED_WritePeriod
                0x000028a0        0xc .\CortexM3\ARM_GCC_541\Debug\Final_Project_Group5.a(PWM_OnboardLED.o)
                0x000028a0                PWM_OnboardLED_WritePeriod
 .text.PWM_OnboardLED_WriteCompare
                0x000028ac        0xc .\CortexM3\ARM_GCC_541\Debug\Final_Project_Group5.a(PWM_OnboardLED.o)
                0x000028ac                PWM_OnboardLED_WriteCompare
 .text.PWM_OnboardLED_SetInterruptMode
                0x000028b8        0xc .\CortexM3\ARM_GCC_541\Debug\Final_Project_Group5.a(PWM_OnboardLED.o)
                0x000028b8                PWM_OnboardLED_SetInterruptMode
 .text.PWM_OnboardLED_ReadStatusRegister
                0x000028c4        0xc .\CortexM3\ARM_GCC_541\Debug\Final_Project_Group5.a(PWM_OnboardLED.o)
                0x000028c4                PWM_OnboardLED_ReadStatusRegister
 .text.PWM_OnboardLED_ReadCapture
                0x000028d0        0xc .\CortexM3\ARM_GCC_541\Debug\Final_Project_Group5.a(PWM_OnboardLED.o)
                0x000028d0                PWM_OnboardLED_ReadCapture
 .text.PWM_OnboardLED_ClearFIFO
                0x000028dc       0x14 .\CortexM3\ARM_GCC_541\Debug\Final_Project_Group5.a(PWM_OnboardLED.o)
                0x000028dc                PWM_OnboardLED_ClearFIFO
 .text.PWM_OnboardLED_Init
                0x000028f0       0x50 .\CortexM3\ARM_GCC_541\Debug\Final_Project_Group5.a(PWM_OnboardLED.o)
                0x000028f0                PWM_OnboardLED_Init
 .text.PWM_OnboardLED_Start
                0x00002940       0x1c .\CortexM3\ARM_GCC_541\Debug\Final_Project_Group5.a(PWM_OnboardLED.o)
                0x00002940                PWM_OnboardLED_Start
 .text.ISR_Button_SetVector
                0x0000295c        0xc .\CortexM3\ARM_GCC_541\Debug\Final_Project_Group5.a(ISR_Button.o)
                0x0000295c                ISR_Button_SetVector
 .text.ISR_Button_SetPriority
                0x00002968       0x10 .\CortexM3\ARM_GCC_541\Debug\Final_Project_Group5.a(ISR_Button.o)
                0x00002968                ISR_Button_SetPriority
 .text.ISR_Button_Enable
                0x00002978        0xc .\CortexM3\ARM_GCC_541\Debug\Final_Project_Group5.a(ISR_Button.o)
                0x00002978                ISR_Button_Enable
 .text.ISR_Button_Disable
                0x00002984        0xc .\CortexM3\ARM_GCC_541\Debug\Final_Project_Group5.a(ISR_Button.o)
                0x00002984                ISR_Button_Disable
 .text.ISR_Button_StartEx
                0x00002990       0x1c .\CortexM3\ARM_GCC_541\Debug\Final_Project_Group5.a(ISR_Button.o)
                0x00002990                ISR_Button_StartEx
 .text.Onboard_Button_Read
                0x000029ac       0x10 .\CortexM3\ARM_GCC_541\Debug\Final_Project_Group5.a(Onboard_Button.o)
                0x000029ac                Onboard_Button_Read
 *fill*         0x000029bc        0x4 
 .text          0x000029c0       0x20 .\CortexM3\ARM_GCC_541\Debug\Final_Project_Group5.a(CyBootAsmGnu.o)
                0x000029c0                CyDelayCycles
                0x000029d0                CyEnterCriticalSection
                0x000029d8                CyExitCriticalSection
 .text.__errno  0x000029e0        0xc c:/program files (x86)/cypress/psoc creator/4.3/psoc creator/import/gnu/arm/5.4.1/bin/../lib/gcc/arm-none-eabi/5.4.1/../../../../arm-none-eabi/lib/armv7-m\libg_nano.a(lib_a-errno.o)
                0x000029e0                __errno
 .text.__libc_init_array
                0x000029ec       0x4c c:/program files (x86)/cypress/psoc creator/4.3/psoc creator/import/gnu/arm/5.4.1/bin/../lib/gcc/arm-none-eabi/5.4.1/../../../../arm-none-eabi/lib/armv7-m\libg_nano.a(lib_a-init.o)
                0x000029ec                __libc_init_array
 .text.memcpy   0x00002a38       0x16 c:/program files (x86)/cypress/psoc creator/4.3/psoc creator/import/gnu/arm/5.4.1/bin/../lib/gcc/arm-none-eabi/5.4.1/../../../../arm-none-eabi/lib/armv7-m\libg_nano.a(lib_a-memcpy-stub.o)
                0x00002a38                memcpy
 .text.memset   0x00002a4e       0x10 c:/program files (x86)/cypress/psoc creator/4.3/psoc creator/import/gnu/arm/5.4.1/bin/../lib/gcc/arm-none-eabi/5.4.1/../../../../arm-none-eabi/lib/armv7-m\libg_nano.a(lib_a-memset.o)
                0x00002a4e                memset
 *fill*         0x00002a5e        0x2 
 .text.sprintf  0x00002a60       0x48 c:/program files (x86)/cypress/psoc creator/4.3/psoc creator/import/gnu/arm/5.4.1/bin/../lib/gcc/arm-none-eabi/5.4.1/../../../../arm-none-eabi/lib/armv7-m\libg_nano.a(lib_a-sprintf.o)
                0x00002a60                siprintf
                0x00002a60                sprintf
 .text.__ssputs_r
                0x00002aa8       0xb2 c:/program files (x86)/cypress/psoc creator/4.3/psoc creator/import/gnu/arm/5.4.1/bin/../lib/gcc/arm-none-eabi/5.4.1/../../../../arm-none-eabi/lib/armv7-m\libg_nano.a(lib_a-nano-svfprintf.o)
                0x00002aa8                __ssputs_r
 *fill*         0x00002b5a        0x2 
 .text._svfprintf_r
                0x00002b5c      0x1e8 c:/program files (x86)/cypress/psoc creator/4.3/psoc creator/import/gnu/arm/5.4.1/bin/../lib/gcc/arm-none-eabi/5.4.1/../../../../arm-none-eabi/lib/armv7-m\libg_nano.a(lib_a-nano-svfprintf.o)
                0x00002b5c                _svfiprintf_r
                0x00002b5c                _svfprintf_r
 .text._printf_common
                0x00002d44       0xec c:/program files (x86)/cypress/psoc creator/4.3/psoc creator/import/gnu/arm/5.4.1/bin/../lib/gcc/arm-none-eabi/5.4.1/../../../../arm-none-eabi/lib/armv7-m\libg_nano.a(lib_a-nano-vfprintf_i.o)
                0x00002d44                _printf_common
 .text._printf_i
                0x00002e30      0x24c c:/program files (x86)/cypress/psoc creator/4.3/psoc creator/import/gnu/arm/5.4.1/bin/../lib/gcc/arm-none-eabi/5.4.1/../../../../arm-none-eabi/lib/armv7-m\libg_nano.a(lib_a-nano-vfprintf_i.o)
                0x00002e30                _printf_i
 .text.memchr   0x0000307c       0x1c c:/program files (x86)/cypress/psoc creator/4.3/psoc creator/import/gnu/arm/5.4.1/bin/../lib/gcc/arm-none-eabi/5.4.1/../../../../arm-none-eabi/lib/armv7-m\libg_nano.a(lib_a-memchr-stub.o)
                0x0000307c                memchr
 .text.memmove  0x00003098       0x36 c:/program files (x86)/cypress/psoc creator/4.3/psoc creator/import/gnu/arm/5.4.1/bin/../lib/gcc/arm-none-eabi/5.4.1/../../../../arm-none-eabi/lib/armv7-m\libg_nano.a(lib_a-memmove.o)
                0x00003098                memmove
 *fill*         0x000030ce        0x2 
 .text._free_r  0x000030d0       0x98 c:/program files (x86)/cypress/psoc creator/4.3/psoc creator/import/gnu/arm/5.4.1/bin/../lib/gcc/arm-none-eabi/5.4.1/../../../../arm-none-eabi/lib/armv7-m\libg_nano.a(lib_a-nano-freer.o)
                0x000030d0                _free_r
 .text._malloc_r
                0x00003168       0xbc c:/program files (x86)/cypress/psoc creator/4.3/psoc creator/import/gnu/arm/5.4.1/bin/../lib/gcc/arm-none-eabi/5.4.1/../../../../arm-none-eabi/lib/armv7-m\libg_nano.a(lib_a-nano-mallocr.o)
                0x00003168                _malloc_r
 .text._realloc_r
                0x00003224       0x4c c:/program files (x86)/cypress/psoc creator/4.3/psoc creator/import/gnu/arm/5.4.1/bin/../lib/gcc/arm-none-eabi/5.4.1/../../../../arm-none-eabi/lib/armv7-m\libg_nano.a(lib_a-nano-reallocr.o)
                0x00003224                _realloc_r
 .text._sbrk_r  0x00003270       0x20 c:/program files (x86)/cypress/psoc creator/4.3/psoc creator/import/gnu/arm/5.4.1/bin/../lib/gcc/arm-none-eabi/5.4.1/../../../../arm-none-eabi/lib/armv7-m\libg_nano.a(lib_a-sbrkr.o)
                0x00003270                _sbrk_r
 .text.__malloc_lock
                0x00003290        0x2 c:/program files (x86)/cypress/psoc creator/4.3/psoc creator/import/gnu/arm/5.4.1/bin/../lib/gcc/arm-none-eabi/5.4.1/../../../../arm-none-eabi/lib/armv7-m\libg_nano.a(lib_a-mlock.o)
                0x00003290                __malloc_lock
 .text.__malloc_unlock
                0x00003292        0x2 c:/program files (x86)/cypress/psoc creator/4.3/psoc creator/import/gnu/arm/5.4.1/bin/../lib/gcc/arm-none-eabi/5.4.1/../../../../arm-none-eabi/lib/armv7-m\libg_nano.a(lib_a-mlock.o)
                0x00003292                __malloc_unlock
 .text._malloc_usable_size_r
                0x00003294       0x14 c:/program files (x86)/cypress/psoc creator/4.3/psoc creator/import/gnu/arm/5.4.1/bin/../lib/gcc/arm-none-eabi/5.4.1/../../../../arm-none-eabi/lib/armv7-m\libg_nano.a(lib_a-nano-msizer.o)
                0x00003294                _malloc_usable_size_r
 *(.plt)
 *(.gnu.warning)
 *(.glue_7t)
 .glue_7t       0x000032a8        0x0 linker stubs
 *(.glue_7)
 .glue_7        0x000032a8        0x0 linker stubs
 *(.vfp11_veneer)
 .vfp11_veneer  0x000032a8        0x0 linker stubs
 *(.bootloader)
 *(.ARM.extab* .gnu.linkonce.armextab.*)
 *(.gcc_except_table)

.v4_bx          0x000032a8        0x0
 .v4_bx         0x000032a8        0x0 linker stubs

.iplt           0x000032a8        0x0
 .iplt          0x000032a8        0x0 c:/program files (x86)/cypress/psoc creator/4.3/psoc creator/import/gnu/arm/5.4.1/bin/../lib/gcc/arm-none-eabi/5.4.1/armv7-m/crtbegin.o

.eh_frame_hdr
 *(.eh_frame_hdr)

.eh_frame       0x000032a8        0x4
 *(.eh_frame)
 .eh_frame      0x000032a8        0x0 c:/program files (x86)/cypress/psoc creator/4.3/psoc creator/import/gnu/arm/5.4.1/bin/../lib/gcc/arm-none-eabi/5.4.1/armv7-m/crtbegin.o
 .eh_frame      0x000032a8        0x4 c:/program files (x86)/cypress/psoc creator/4.3/psoc creator/import/gnu/arm/5.4.1/bin/../lib/gcc/arm-none-eabi/5.4.1/armv7-m/crtend.o
                [!provide]                PROVIDE (__exidx_start, .)

.ARM.exidx
 *(.ARM.exidx* .gnu.linkonce.armexidx.*)
                0x000032ac                __exidx_end = .

.rodata         0x000032ac      0x9fc
 *(.rodata .rodata.* .gnu.linkonce.r.*)
 .rodata.str1.4
                0x000032ac      0x1a7 .\CortexM3\ARM_GCC_541\Debug\main.o
 *fill*         0x00003453        0x1 
 .rodata.str1.4
                0x00003454      0x3bd .\CortexM3\ARM_GCC_541\Debug\InterruptRoutines.o
                                0x3f9 (size before relaxing)
 *fill*         0x00003811        0x3 
 .rodata.str1.4
                0x00003814      0x3c4 .\CortexM3\ARM_GCC_541\Debug\Functions.o
                                0x3c8 (size before relaxing)
 .rodata        0x00003bd8       0x66 .\CortexM3\ARM_GCC_541\Debug\cyfitter_cfg.o
                0x00003bd8                ADC_DelSig_AMux__addrTable
                0x00003be0                ADC_DelSig_AMux__maskTable
 .rodata.str1.1
                0x00003c3e        0x2 c:/program files (x86)/cypress/psoc creator/4.3/psoc creator/import/gnu/arm/5.4.1/bin/../lib/gcc/arm-none-eabi/5.4.1/../../../../arm-none-eabi/lib/armv7-m\libg_nano.a(lib_a-impure.o)
 .rodata.str1.1
                0x00003c40       0x11 c:/program files (x86)/cypress/psoc creator/4.3/psoc creator/import/gnu/arm/5.4.1/bin/../lib/gcc/arm-none-eabi/5.4.1/../../../../arm-none-eabi/lib/armv7-m\libg_nano.a(lib_a-nano-svfprintf.o)
 .rodata.str1.1
                0x00003c51       0x22 c:/program files (x86)/cypress/psoc creator/4.3/psoc creator/import/gnu/arm/5.4.1/bin/../lib/gcc/arm-none-eabi/5.4.1/../../../../arm-none-eabi/lib/armv7-m\libg_nano.a(lib_a-nano-vfprintf_i.o)
                0x00003c74                . = ALIGN (0x4)
 *fill*         0x00003c73        0x1 
 *(.init)
 .init          0x00003c74        0x4 c:/program files (x86)/cypress/psoc creator/4.3/psoc creator/import/gnu/arm/5.4.1/bin/../lib/gcc/arm-none-eabi/5.4.1/armv7-m/crti.o
                0x00003c74                _init
 .init          0x00003c78        0x8 c:/program files (x86)/cypress/psoc creator/4.3/psoc creator/import/gnu/arm/5.4.1/bin/../lib/gcc/arm-none-eabi/5.4.1/armv7-m/crtn.o
                0x00003c80                . = ALIGN (0x4)
                0x00003c80                __preinit_array_start = .
 *(.preinit_array)
                0x00003c80                __preinit_array_end = .
                0x00003c80                . = ALIGN (0x4)
                0x00003c80                __init_array_start = .
 *(SORT(.init_array.*))
 *(.init_array)
 .init_array    0x00003c80        0x4 c:/program files (x86)/cypress/psoc creator/4.3/psoc creator/import/gnu/arm/5.4.1/bin/../lib/gcc/arm-none-eabi/5.4.1/armv7-m/crtbegin.o
 .init_array    0x00003c84        0x4 .\CortexM3\ARM_GCC_541\Debug\Cm3Start.o
                0x00003c88                __init_array_end = .
                0x00003c88                . = ALIGN (0x4)
 *(.fini)
 .fini          0x00003c88        0x4 c:/program files (x86)/cypress/psoc creator/4.3/psoc creator/import/gnu/arm/5.4.1/bin/../lib/gcc/arm-none-eabi/5.4.1/armv7-m/crti.o
                0x00003c88                _fini
 .fini          0x00003c8c        0x8 c:/program files (x86)/cypress/psoc creator/4.3/psoc creator/import/gnu/arm/5.4.1/bin/../lib/gcc/arm-none-eabi/5.4.1/armv7-m/crtn.o
                0x00003c94                . = ALIGN (0x4)
                0x00003c94                __fini_array_start = .
 *(.fini_array)
 .fini_array    0x00003c94        0x4 c:/program files (x86)/cypress/psoc creator/4.3/psoc creator/import/gnu/arm/5.4.1/bin/../lib/gcc/arm-none-eabi/5.4.1/armv7-m/crtbegin.o
 *(SORT(.fini_array.*))
                0x00003c98                __fini_array_end = .
                0x00003c98                . = ALIGN (0x4)
 *crtbegin.o(.ctors)
 *(EXCLUDE_FILE(*crtend.o) .ctors)
 *(SORT(.ctors.*))
 *crtend.o(.ctors)
                0x00003c98                . = ALIGN (0x4)
 *crtbegin.o(.dtors)
 *(EXCLUDE_FILE(*crtend.o) .dtors)
 *(SORT(.dtors.*))
 *crtend.o(.dtors)
                0x00003c98                . = ALIGN (0x4)
                0x00003c98                __cy_regions = .
                0x00003c98        0x4 LONG 0x3ca8 __cy_region_init_ram
                0x00003c9c        0x4 LONG 0x1fff80c8 __cy_region_start_data
                0x00003ca0        0x4 LONG 0x80 __cy_region_init_size_ram
                0x00003ca4        0x4 LONG 0x1b8 __cy_region_zero_size_ram
                0x00003ca8                __cy_regions_end = .
                0x00003ca8                . = ALIGN (0x8)
                0x00003ca8                _etext = .

.cy_checksum_exclude
                0x00003ca8        0x0
 *(.cy_checksum_exclude)

.ramvectors     0x1fff8000       0xc0
                0x1fff8000                __cy_region_start_ram = .
 *(.ramvectors)
 .ramvectors    0x1fff8000       0xc0 .\CortexM3\ARM_GCC_541\Debug\Cm3Start.o
                0x1fff8000                CyRamVectors

.noinit         0x1fff80c0        0x1
 *(.noinit)
 .noinit        0x1fff80c0        0x1 .\CortexM3\ARM_GCC_541\Debug\Final_Project_Group5.a(CyLib.o)
                0x1fff80c0                CyResetStatus

.data           0x1fff80c8       0x80 load address 0x00003ca8
                0x1fff80c8                __cy_region_start_data = .
 *(.jcr)
 .jcr           0x1fff80c8        0x0 c:/program files (x86)/cypress/psoc creator/4.3/psoc creator/import/gnu/arm/5.4.1/bin/../lib/gcc/arm-none-eabi/5.4.1/armv7-m/crtbegin.o
 .jcr           0x1fff80c8        0x4 c:/program files (x86)/cypress/psoc creator/4.3/psoc creator/import/gnu/arm/5.4.1/bin/../lib/gcc/arm-none-eabi/5.4.1/armv7-m/crtend.o
 *(.got.plt)
 *(.got)
 *(.shdata)
 *(.data .data.* .gnu.linkonce.d.*)
 .data          0x1fff80cc        0x4 .\CortexM3\ARM_GCC_541\Debug\Cm3Start.o
 .data          0x1fff80d0       0x10 .\CortexM3\ARM_GCC_541\Debug\Final_Project_Group5.a(CyLib.o)
                0x1fff80d0                cydelay_32k_ms
                0x1fff80d4                cydelay_freq_khz
                0x1fff80d8                cydelay_freq_mhz
                0x1fff80dc                cydelay_freq_hz
 .data          0x1fff80e0        0x1 .\CortexM3\ARM_GCC_541\Debug\Final_Project_Group5.a(ADC_DelSig.o)
                0x1fff80e0                ADC_DelSig_Config
 .data          0x1fff80e1        0x1 .\CortexM3\ARM_GCC_541\Debug\Final_Project_Group5.a(ADC_DelSig_AMux.o)
 *fill*         0x1fff80e2        0x2 
 .data.impure_data
                0x1fff80e4       0x60 c:/program files (x86)/cypress/psoc creator/4.3/psoc creator/import/gnu/arm/5.4.1/bin/../lib/gcc/arm-none-eabi/5.4.1/../../../../arm-none-eabi/lib/armv7-m\libg_nano.a(lib_a-impure.o)
 .data._impure_ptr
                0x1fff8144        0x4 c:/program files (x86)/cypress/psoc creator/4.3/psoc creator/import/gnu/arm/5.4.1/bin/../lib/gcc/arm-none-eabi/5.4.1/../../../../arm-none-eabi/lib/armv7-m\libg_nano.a(lib_a-impure.o)
                0x1fff8144                _impure_ptr
                0x1fff8148                . = ALIGN (0x8)
 *(.ram)
                0x1fff8148                _edata = .

.igot.plt       0x1fff8148        0x0 load address 0x00003d28
 .igot.plt      0x1fff8148        0x0 c:/program files (x86)/cypress/psoc creator/4.3/psoc creator/import/gnu/arm/5.4.1/bin/../lib/gcc/arm-none-eabi/5.4.1/armv7-m/crtbegin.o

.bss            0x1fff8148      0x1b8 load address 0x00003d28
                0x1fff8148                PROVIDE (__bss_start__, .)
 *(.shbss)
 *(.bss .bss.* .gnu.linkonce.b.*)
 .bss           0x1fff8148       0x1c c:/program files (x86)/cypress/psoc creator/4.3/psoc creator/import/gnu/arm/5.4.1/bin/../lib/gcc/arm-none-eabi/5.4.1/armv7-m/crtbegin.o
 .bss           0x1fff8164        0x9 .\CortexM3\ARM_GCC_541\Debug\InterruptRoutines.o
                0x1fff8164                ButtonLastState
                0x1fff8165                ButtonReading
                0x1fff8168                button_press_counter
                0x1fff816c                TemperatureMode
 .bss           0x1fff816d        0x1 .\CortexM3\ARM_GCC_541\Debug\Final_Project_Group5.a(SPIM_1.o)
                0x1fff816d                SPIM_1_initVar
 .bss           0x1fff816e        0x2 .\CortexM3\ARM_GCC_541\Debug\Final_Project_Group5.a(UART_1.o)
                0x1fff816e                UART_1_initVar
 .bss           0x1fff8170        0x1 .\CortexM3\ARM_GCC_541\Debug\Final_Project_Group5.a(SPIM_2.o)
                0x1fff8170                SPIM_2_initVar
 *fill*         0x1fff8171        0x3 
 .bss           0x1fff8174        0xc .\CortexM3\ARM_GCC_541\Debug\Final_Project_Group5.a(ADC_DelSig.o)
                0x1fff8178                ADC_DelSig_stopConversion
                0x1fff8179                ADC_DelSig_convDone
                0x1fff817a                ADC_DelSig_initVar
                0x1fff817b                ADC_DelSig_started
                0x1fff817c                ADC_DelSig_Offset
 .bss           0x1fff8180        0x1 .\CortexM3\ARM_GCC_541\Debug\Final_Project_Group5.a(Timer.o)
                0x1fff8180                Timer_initVar
 .bss           0x1fff8181        0x1 .\CortexM3\ARM_GCC_541\Debug\Final_Project_Group5.a(PWM_OnboardLED.o)
                0x1fff8181                PWM_OnboardLED_initVar
 *fill*         0x1fff8182        0x2 
 .bss.__malloc_sbrk_start
                0x1fff8184        0x4 c:/program files (x86)/cypress/psoc creator/4.3/psoc creator/import/gnu/arm/5.4.1/bin/../lib/gcc/arm-none-eabi/5.4.1/../../../../arm-none-eabi/lib/armv7-m\libg_nano.a(lib_a-nano-mallocr.o)
                0x1fff8184                __malloc_sbrk_start
 .bss.__malloc_free_list
                0x1fff8188        0x4 c:/program files (x86)/cypress/psoc creator/4.3/psoc creator/import/gnu/arm/5.4.1/bin/../lib/gcc/arm-none-eabi/5.4.1/../../../../arm-none-eabi/lib/armv7-m\libg_nano.a(lib_a-nano-mallocr.o)
                0x1fff8188                __malloc_free_list
 *(COMMON)
 COMMON         0x1fff818c      0x11e .\CortexM3\ARM_GCC_541\Debug\main.o
                0x1fff818c                ButtonPressed_flag
                0x1fff8190                dataAcc
                0x1fff81d2                Buffer_Temp_Full
                0x1fff81d4                count_wtm
                0x1fff81d8                value_temp
                0x1fff81dc                SamplingFreqFlag
                0x1fff81dd                StartFlag
                0x1fff81de                BCP_START
                0x1fff81df                FSRFlag
                0x1fff81e0                dataTemp
                0x1fff81f4                FahrenheitFlag
                0x1fff81f5                fifo_src_reg
                0x1fff81f8                bufferUART
                0x1fff825c                PacketReadyFlag
                0x1fff825e                counter
                0x1fff8260                data_EE
                0x1fff829c                FIFO_Read_Flag
                0x1fff82a0                data_BCP
 *fill*         0x1fff82aa        0x2 
 COMMON         0x1fff82ac       0x11 .\CortexM3\ARM_GCC_541\Debug\InterruptRoutines.o
                0x1fff82ac                j
                0x1fff82b0                value_digit
                0x1fff82b4                data_start
                0x1fff82b8                value_mv
                0x1fff82bc                ch_received
 *fill*         0x1fff82bd        0x3 
 COMMON         0x1fff82c0       0x1c .\CortexM3\ARM_GCC_541\Debug\Final_Project_Group5.a(SPIM_1.o)
                0x1fff82c0                SPIM_1_swStatusTx
                0x1fff82c4                SPIM_1_txBuffer
                0x1fff82cc                SPIM_1_txBufferFull
                0x1fff82cd                SPIM_1_rxBufferWrite
                0x1fff82ce                SPIM_1_rxBufferFull
                0x1fff82cf                SPIM_1_rxBufferRead
                0x1fff82d0                SPIM_1_txBufferWrite
                0x1fff82d1                SPIM_1_swStatusRx
                0x1fff82d2                SPIM_1_txBufferRead
                0x1fff82d4                SPIM_1_rxBuffer
 COMMON         0x1fff82dc       0x18 .\CortexM3\ARM_GCC_541\Debug\Final_Project_Group5.a(SPIM_2.o)
                0x1fff82dc                SPIM_2_rxBuffer
                0x1fff82e4                SPIM_2_swStatusRx
                0x1fff82e5                SPIM_2_rxBufferWrite
                0x1fff82e6                SPIM_2_rxBufferFull
                0x1fff82e7                SPIM_2_txBufferFull
                0x1fff82e8                SPIM_2_txBufferRead
                0x1fff82e9                SPIM_2_txBufferWrite
                0x1fff82ea                SPIM_2_rxBufferRead
                0x1fff82eb                SPIM_2_swStatusTx
                0x1fff82ec                SPIM_2_txBuffer
 COMMON         0x1fff82f4        0x4 .\CortexM3\ARM_GCC_541\Debug\Final_Project_Group5.a(ADC_DelSig.o)
                0x1fff82f4                ADC_DelSig_CountsPerVolt
 COMMON         0x1fff82f8        0x4 c:/program files (x86)/cypress/psoc creator/4.3/psoc creator/import/gnu/arm/5.4.1/bin/../lib/gcc/arm-none-eabi/5.4.1/../../../../arm-none-eabi/lib/armv7-m\libg_nano.a(lib_a-reent.o)
                0x1fff82f8                errno
                0x1fff8300                . = ALIGN (0x8)
 *fill*         0x1fff82fc        0x4 
 *(.ram.b)
                0x1fff8300                _end = .
                0x1fff8300                __end = .
                0x1fff8300                PROVIDE (end, .)
                0x1fff8300                PROVIDE (__bss_end__, .)
                0x00003ca8                __cy_region_init_ram = LOADADDR (.data)
                0x00000080                __cy_region_init_size_ram = (_edata - ADDR (.data))
                0x000001b8                __cy_region_zero_size_ram = (_end - _edata)

.heap           0x1fff8300       0x80 load address 0x00003d28
                0x1fff8300                . = _end
                0x1fff8380                . = (. + 0x80)
 *fill*         0x1fff8300       0x80 
                0x1fff8380                __cy_heap_limit = .

.stack          0x20007800      0x800
                0x20007800                __cy_stack_limit = .
                0x20008000                . = (. + 0x800)
 *fill*         0x20007800      0x800 
                0x00000001                ASSERT ((__cy_stack_limit >= __cy_heap_limit), region RAM overflowed with stack)
                0x00000000                cy_checksum_exclude_size = (CY_APPL_LOADABLE == 0x1)?SIZEOF (.cy_checksum_exclude):0x0
                0x00000001                ASSERT ((cy_checksum_exclude_size <= CY_CHECKSUM_EXCLUDE_SIZE), CY_BOOT: Section .cy_checksum_exclude size exceedes specified limit.)

.cyloadermeta
 *(.cyloadermeta)

.cyloadablemeta
 *(.cyloadablemeta)

.cyconfigecc    0x80000000      0x93c
 *(.cyconfigecc)
 .cyconfigecc   0x80000000      0x93c .\CortexM3\ARM_GCC_541\Debug\cymetadata.o
                0x80000000                cy_meta_configecc

.cycustnvl      0x90000000        0x4
 *(.cycustnvl)
 .cycustnvl     0x90000000        0x4 .\CortexM3\ARM_GCC_541\Debug\cymetadata.o
                0x90000000                cy_meta_custnvl

.cywolatch      0x90100000        0x4
 *(.cywolatch)
 .cywolatch     0x90100000        0x4 .\CortexM3\ARM_GCC_541\Debug\cymetadata.o
                0x90100000                cy_meta_wonvl

.cyeeprom       0x90200000        0x0
 *(.cyeeprom)
                0x00000001                ASSERT ((. <= ((0x90200000 + ee_offset) + ee_size)), .cyeeprom data will not fit in EEPROM)

.cyflashprotect
                0x90400000      0x100
 *(.cyflashprotect)
 .cyflashprotect
                0x90400000      0x100 .\CortexM3\ARM_GCC_541\Debug\cymetadata.o
                0x90400000                cy_meta_flashprotect

.cymeta         0x90500000        0xc
 *(.cymeta)
 .cymeta        0x90500000        0xc .\CortexM3\ARM_GCC_541\Debug\cymetadata.o
                0x90500000                cy_metadata

.rel.dyn        0x00003d28        0x0 load address 0x9050000c
 .rel.iplt      0x00003d28        0x0 c:/program files (x86)/cypress/psoc creator/4.3/psoc creator/import/gnu/arm/5.4.1/bin/../lib/gcc/arm-none-eabi/5.4.1/armv7-m/crtbegin.o

.stab
 *(.stab)

.stabstr
 *(.stabstr)

.debug
 *(.debug)

.line
 *(.line)

.debug_srcinfo
 *(.debug_srcinfo)

.debug_sfnames
 *(.debug_sfnames)

.debug_aranges  0x00000000     0x1130
 *(.debug_aranges)
 .debug_aranges
                0x00000000       0x20 .\CortexM3\ARM_GCC_541\Debug\main.o
 .debug_aranges
                0x00000020       0x50 .\CortexM3\ARM_GCC_541\Debug\25LC256.o
 .debug_aranges
                0x00000070       0x38 .\CortexM3\ARM_GCC_541\Debug\InterruptRoutines.o
 .debug_aranges
                0x000000a8       0x30 .\CortexM3\ARM_GCC_541\Debug\LIS3DH.o
 .debug_aranges
                0x000000d8       0x38 .\CortexM3\ARM_GCC_541\Debug\SPI_Interface_25LC256.o
 .debug_aranges
                0x00000110       0x38 .\CortexM3\ARM_GCC_541\Debug\SPI_Interface_LIS3DH.o
 .debug_aranges
                0x00000148       0x40 .\CortexM3\ARM_GCC_541\Debug\Functions.o
 .debug_aranges
                0x00000188       0x68 .\CortexM3\ARM_GCC_541\Debug\cyfitter_cfg.o
 .debug_aranges
                0x000001f0       0x18 .\CortexM3\ARM_GCC_541\Debug\cymetadata.o
 .debug_aranges
                0x00000208       0x48 .\CortexM3\ARM_GCC_541\Debug\Cm3Start.o
 .debug_aranges
                0x00000250       0xd8 .\CortexM3\ARM_GCC_541\Debug\Final_Project_Group5.a(SPIM_1.o)
 .debug_aranges
                0x00000328       0x28 .\CortexM3\ARM_GCC_541\Debug\Final_Project_Group5.a(SPIM_1_INT.o)
 .debug_aranges
                0x00000350       0xf0 .\CortexM3\ARM_GCC_541\Debug\Final_Project_Group5.a(UART_1.o)
 .debug_aranges
                0x00000440       0x38 .\CortexM3\ARM_GCC_541\Debug\Final_Project_Group5.a(CS_1.o)
 .debug_aranges
                0x00000478       0x38 .\CortexM3\ARM_GCC_541\Debug\Final_Project_Group5.a(CS_2.o)
 .debug_aranges
                0x000004b0       0xd8 .\CortexM3\ARM_GCC_541\Debug\Final_Project_Group5.a(SPIM_2.o)
 .debug_aranges
                0x00000588       0x28 .\CortexM3\ARM_GCC_541\Debug\Final_Project_Group5.a(SPIM_2_INT.o)
 .debug_aranges
                0x000005b0       0x80 .\CortexM3\ARM_GCC_541\Debug\Final_Project_Group5.a(isr_RX.o)
 .debug_aranges
                0x00000630       0x70 .\CortexM3\ARM_GCC_541\Debug\Final_Project_Group5.a(SPIM_1_IntClock.o)
 .debug_aranges
                0x000006a0       0x70 .\CortexM3\ARM_GCC_541\Debug\Final_Project_Group5.a(UART_1_IntClock.o)
 .debug_aranges
                0x00000710       0x70 .\CortexM3\ARM_GCC_541\Debug\Final_Project_Group5.a(SPIM_2_IntClock.o)
 .debug_aranges
                0x00000780      0x2a0 .\CortexM3\ARM_GCC_541\Debug\Final_Project_Group5.a(CyLib.o)
 .debug_aranges
                0x00000a20       0x98 .\CortexM3\ARM_GCC_541\Debug\Final_Project_Group5.a(cyPm.o)
 .debug_aranges
                0x00000ab8       0x80 .\CortexM3\ARM_GCC_541\Debug\Final_Project_Group5.a(isr_FIFO.o)
 .debug_aranges
                0x00000b38       0xe8 .\CortexM3\ARM_GCC_541\Debug\Final_Project_Group5.a(ADC_DelSig.o)
 .debug_aranges
                0x00000c20       0x38 .\CortexM3\ARM_GCC_541\Debug\Final_Project_Group5.a(ADC_DelSig_INT.o)
 .debug_aranges
                0x00000c58       0x88 .\CortexM3\ARM_GCC_541\Debug\Final_Project_Group5.a(Timer.o)
 .debug_aranges
                0x00000ce0       0x80 .\CortexM3\ARM_GCC_541\Debug\Final_Project_Group5.a(isr_ADC.o)
 .debug_aranges
                0x00000d60       0x30 .\CortexM3\ARM_GCC_541\Debug\Final_Project_Group5.a(ADC_DelSig_AMux.o)
 .debug_aranges
                0x00000d90       0x70 .\CortexM3\ARM_GCC_541\Debug\Final_Project_Group5.a(ADC_DelSig_Ext_CP_Clk.o)
 .debug_aranges
                0x00000e00       0x80 .\CortexM3\ARM_GCC_541\Debug\Final_Project_Group5.a(ADC_DelSig_theACLK.o)
 .debug_aranges
                0x00000e80       0x38 .\CortexM3\ARM_GCC_541\Debug\Final_Project_Group5.a(Ext_LED.o)
 .debug_aranges
                0x00000eb8       0x98 .\CortexM3\ARM_GCC_541\Debug\Final_Project_Group5.a(PWM_OnboardLED.o)
 .debug_aranges
                0x00000f50       0x80 .\CortexM3\ARM_GCC_541\Debug\Final_Project_Group5.a(ISR_Button.o)
 .debug_aranges
                0x00000fd0       0x38 .\CortexM3\ARM_GCC_541\Debug\Final_Project_Group5.a(Onboard_Button.o)
 .debug_aranges
                0x00001008       0x20 .\CortexM3\ARM_GCC_541\Debug\Final_Project_Group5.a(CyBootAsmGnu.o)
 .debug_aranges
                0x00001028       0x88 .\CortexM3\ARM_GCC_541\Debug\Final_Project_Group5.a(CyFlash.o)
 .debug_aranges
                0x000010b0       0x80 .\CortexM3\ARM_GCC_541\Debug\Final_Project_Group5.a(CySpc.o)

.debug_pubnames
 *(.debug_pubnames)

.debug_info     0x00000000     0xa70a
 *(.debug_info .gnu.linkonce.wi.*)
 .debug_info    0x00000000      0x96b .\CortexM3\ARM_GCC_541\Debug\main.o
 .debug_info    0x0000096b      0x3b4 .\CortexM3\ARM_GCC_541\Debug\25LC256.o
 .debug_info    0x00000d1f      0xc46 .\CortexM3\ARM_GCC_541\Debug\InterruptRoutines.o
 .debug_info    0x00001965      0x24b .\CortexM3\ARM_GCC_541\Debug\LIS3DH.o
 .debug_info    0x00001bb0      0x3d4 .\CortexM3\ARM_GCC_541\Debug\SPI_Interface_25LC256.o
 .debug_info    0x00001f84      0x3d4 .\CortexM3\ARM_GCC_541\Debug\SPI_Interface_LIS3DH.o
 .debug_info    0x00002358      0x83d .\CortexM3\ARM_GCC_541\Debug\Functions.o
 .debug_info    0x00002b95      0x6c7 .\CortexM3\ARM_GCC_541\Debug\cyfitter_cfg.o
 .debug_info    0x0000325c      0x139 .\CortexM3\ARM_GCC_541\Debug\cymetadata.o
 .debug_info    0x00003395      0x3bb .\CortexM3\ARM_GCC_541\Debug\Cm3Start.o
 .debug_info    0x00003750      0x709 .\CortexM3\ARM_GCC_541\Debug\Final_Project_Group5.a(SPIM_1.o)
 .debug_info    0x00003e59      0x18d .\CortexM3\ARM_GCC_541\Debug\Final_Project_Group5.a(SPIM_1_INT.o)
 .debug_info    0x00003fe6      0x60c .\CortexM3\ARM_GCC_541\Debug\Final_Project_Group5.a(UART_1.o)
 .debug_info    0x000045f2      0x11f .\CortexM3\ARM_GCC_541\Debug\Final_Project_Group5.a(CS_1.o)
 .debug_info    0x00004711      0x11f .\CortexM3\ARM_GCC_541\Debug\Final_Project_Group5.a(CS_2.o)
 .debug_info    0x00004830      0x709 .\CortexM3\ARM_GCC_541\Debug\Final_Project_Group5.a(SPIM_2.o)
 .debug_info    0x00004f39      0x18d .\CortexM3\ARM_GCC_541\Debug\Final_Project_Group5.a(SPIM_2_INT.o)
 .debug_info    0x000050c6      0x2d2 .\CortexM3\ARM_GCC_541\Debug\Final_Project_Group5.a(isr_RX.o)
 .debug_info    0x00005398      0x283 .\CortexM3\ARM_GCC_541\Debug\Final_Project_Group5.a(SPIM_1_IntClock.o)
 .debug_info    0x0000561b      0x283 .\CortexM3\ARM_GCC_541\Debug\Final_Project_Group5.a(UART_1_IntClock.o)
 .debug_info    0x0000589e      0x283 .\CortexM3\ARM_GCC_541\Debug\Final_Project_Group5.a(SPIM_2_IntClock.o)
 .debug_info    0x00005b21     0x1374 .\CortexM3\ARM_GCC_541\Debug\Final_Project_Group5.a(CyLib.o)
 .debug_info    0x00006e95      0xa2a .\CortexM3\ARM_GCC_541\Debug\Final_Project_Group5.a(cyPm.o)
 .debug_info    0x000078bf      0x2d2 .\CortexM3\ARM_GCC_541\Debug\Final_Project_Group5.a(isr_FIFO.o)
 .debug_info    0x00007b91      0xa18 .\CortexM3\ARM_GCC_541\Debug\Final_Project_Group5.a(ADC_DelSig.o)
 .debug_info    0x000085a9       0xd3 .\CortexM3\ARM_GCC_541\Debug\Final_Project_Group5.a(ADC_DelSig_INT.o)
 .debug_info    0x0000867c      0x293 .\CortexM3\ARM_GCC_541\Debug\Final_Project_Group5.a(Timer.o)
 .debug_info    0x0000890f      0x2d2 .\CortexM3\ARM_GCC_541\Debug\Final_Project_Group5.a(isr_ADC.o)
 .debug_info    0x00008be1      0x165 .\CortexM3\ARM_GCC_541\Debug\Final_Project_Group5.a(ADC_DelSig_AMux.o)
 .debug_info    0x00008d46      0x283 .\CortexM3\ARM_GCC_541\Debug\Final_Project_Group5.a(ADC_DelSig_Ext_CP_Clk.o)
 .debug_info    0x00008fc9      0x2c4 .\CortexM3\ARM_GCC_541\Debug\Final_Project_Group5.a(ADC_DelSig_theACLK.o)
 .debug_info    0x0000928d      0x11f .\CortexM3\ARM_GCC_541\Debug\Final_Project_Group5.a(Ext_LED.o)
 .debug_info    0x000093ac      0x333 .\CortexM3\ARM_GCC_541\Debug\Final_Project_Group5.a(PWM_OnboardLED.o)
 .debug_info    0x000096df      0x2d2 .\CortexM3\ARM_GCC_541\Debug\Final_Project_Group5.a(ISR_Button.o)
 .debug_info    0x000099b1      0x11f .\CortexM3\ARM_GCC_541\Debug\Final_Project_Group5.a(Onboard_Button.o)
 .debug_info    0x00009ad0       0x9d .\CortexM3\ARM_GCC_541\Debug\Final_Project_Group5.a(CyBootAsmGnu.o)
 .debug_info    0x00009b6d      0x64d .\CortexM3\ARM_GCC_541\Debug\Final_Project_Group5.a(CyFlash.o)
 .debug_info    0x0000a1ba      0x550 .\CortexM3\ARM_GCC_541\Debug\Final_Project_Group5.a(CySpc.o)

.debug_abbrev   0x00000000     0x2c6d
 *(.debug_abbrev)
 .debug_abbrev  0x00000000      0x130 .\CortexM3\ARM_GCC_541\Debug\main.o
 .debug_abbrev  0x00000130      0x11c .\CortexM3\ARM_GCC_541\Debug\25LC256.o
 .debug_abbrev  0x0000024c      0x102 .\CortexM3\ARM_GCC_541\Debug\InterruptRoutines.o
 .debug_abbrev  0x0000034e       0xdb .\CortexM3\ARM_GCC_541\Debug\LIS3DH.o
 .debug_abbrev  0x00000429      0x12b .\CortexM3\ARM_GCC_541\Debug\SPI_Interface_25LC256.o
 .debug_abbrev  0x00000554      0x12b .\CortexM3\ARM_GCC_541\Debug\SPI_Interface_LIS3DH.o
 .debug_abbrev  0x0000067f      0x18b .\CortexM3\ARM_GCC_541\Debug\Functions.o
 .debug_abbrev  0x0000080a      0x22d .\CortexM3\ARM_GCC_541\Debug\cyfitter_cfg.o
 .debug_abbrev  0x00000a37       0x77 .\CortexM3\ARM_GCC_541\Debug\cymetadata.o
 .debug_abbrev  0x00000aae      0x1e8 .\CortexM3\ARM_GCC_541\Debug\Cm3Start.o
 .debug_abbrev  0x00000c96      0x162 .\CortexM3\ARM_GCC_541\Debug\Final_Project_Group5.a(SPIM_1.o)
 .debug_abbrev  0x00000df8       0x8a .\CortexM3\ARM_GCC_541\Debug\Final_Project_Group5.a(SPIM_1_INT.o)
 .debug_abbrev  0x00000e82      0x175 .\CortexM3\ARM_GCC_541\Debug\Final_Project_Group5.a(UART_1.o)
 .debug_abbrev  0x00000ff7       0x90 .\CortexM3\ARM_GCC_541\Debug\Final_Project_Group5.a(CS_1.o)
 .debug_abbrev  0x00001087       0x90 .\CortexM3\ARM_GCC_541\Debug\Final_Project_Group5.a(CS_2.o)
 .debug_abbrev  0x00001117      0x162 .\CortexM3\ARM_GCC_541\Debug\Final_Project_Group5.a(SPIM_2.o)
 .debug_abbrev  0x00001279       0x8a .\CortexM3\ARM_GCC_541\Debug\Final_Project_Group5.a(SPIM_2_INT.o)
 .debug_abbrev  0x00001303      0x173 .\CortexM3\ARM_GCC_541\Debug\Final_Project_Group5.a(isr_RX.o)
 .debug_abbrev  0x00001476      0x139 .\CortexM3\ARM_GCC_541\Debug\Final_Project_Group5.a(SPIM_1_IntClock.o)
 .debug_abbrev  0x000015af      0x139 .\CortexM3\ARM_GCC_541\Debug\Final_Project_Group5.a(UART_1_IntClock.o)
 .debug_abbrev  0x000016e8      0x139 .\CortexM3\ARM_GCC_541\Debug\Final_Project_Group5.a(SPIM_2_IntClock.o)
 .debug_abbrev  0x00001821      0x254 .\CortexM3\ARM_GCC_541\Debug\Final_Project_Group5.a(CyLib.o)
 .debug_abbrev  0x00001a75      0x1ab .\CortexM3\ARM_GCC_541\Debug\Final_Project_Group5.a(cyPm.o)
 .debug_abbrev  0x00001c20      0x173 .\CortexM3\ARM_GCC_541\Debug\Final_Project_Group5.a(isr_FIFO.o)
 .debug_abbrev  0x00001d93      0x1eb .\CortexM3\ARM_GCC_541\Debug\Final_Project_Group5.a(ADC_DelSig.o)
 .debug_abbrev  0x00001f7e       0x42 .\CortexM3\ARM_GCC_541\Debug\Final_Project_Group5.a(ADC_DelSig_INT.o)
 .debug_abbrev  0x00001fc0      0x11a .\CortexM3\ARM_GCC_541\Debug\Final_Project_Group5.a(Timer.o)
 .debug_abbrev  0x000020da      0x173 .\CortexM3\ARM_GCC_541\Debug\Final_Project_Group5.a(isr_ADC.o)
 .debug_abbrev  0x0000224d       0xb1 .\CortexM3\ARM_GCC_541\Debug\Final_Project_Group5.a(ADC_DelSig_AMux.o)
 .debug_abbrev  0x000022fe      0x139 .\CortexM3\ARM_GCC_541\Debug\Final_Project_Group5.a(ADC_DelSig_Ext_CP_Clk.o)
 .debug_abbrev  0x00002437      0x121 .\CortexM3\ARM_GCC_541\Debug\Final_Project_Group5.a(ADC_DelSig_theACLK.o)
 .debug_abbrev  0x00002558       0x90 .\CortexM3\ARM_GCC_541\Debug\Final_Project_Group5.a(Ext_LED.o)
 .debug_abbrev  0x000025e8      0x133 .\CortexM3\ARM_GCC_541\Debug\Final_Project_Group5.a(PWM_OnboardLED.o)
 .debug_abbrev  0x0000271b      0x173 .\CortexM3\ARM_GCC_541\Debug\Final_Project_Group5.a(ISR_Button.o)
 .debug_abbrev  0x0000288e       0x90 .\CortexM3\ARM_GCC_541\Debug\Final_Project_Group5.a(Onboard_Button.o)
 .debug_abbrev  0x0000291e       0x14 .\CortexM3\ARM_GCC_541\Debug\Final_Project_Group5.a(CyBootAsmGnu.o)
 .debug_abbrev  0x00002932      0x1a7 .\CortexM3\ARM_GCC_541\Debug\Final_Project_Group5.a(CyFlash.o)
 .debug_abbrev  0x00002ad9      0x194 .\CortexM3\ARM_GCC_541\Debug\Final_Project_Group5.a(CySpc.o)

.debug_line     0x00000000     0x46bc
 *(.debug_line)
 .debug_line    0x00000000      0x335 .\CortexM3\ARM_GCC_541\Debug\main.o
 .debug_line    0x00000335      0x1ee .\CortexM3\ARM_GCC_541\Debug\25LC256.o
 .debug_line    0x00000523      0x309 .\CortexM3\ARM_GCC_541\Debug\InterruptRoutines.o
 .debug_line    0x0000082c      0x19b .\CortexM3\ARM_GCC_541\Debug\LIS3DH.o
 .debug_line    0x000009c7      0x1fc .\CortexM3\ARM_GCC_541\Debug\SPI_Interface_25LC256.o
 .debug_line    0x00000bc3      0x1fc .\CortexM3\ARM_GCC_541\Debug\SPI_Interface_LIS3DH.o
 .debug_line    0x00000dbf      0x35a .\CortexM3\ARM_GCC_541\Debug\Functions.o
 .debug_line    0x00001119      0x22d .\CortexM3\ARM_GCC_541\Debug\cyfitter_cfg.o
 .debug_line    0x00001346      0x141 .\CortexM3\ARM_GCC_541\Debug\cymetadata.o
 .debug_line    0x00001487      0x234 .\CortexM3\ARM_GCC_541\Debug\Cm3Start.o
 .debug_line    0x000016bb      0x29e .\CortexM3\ARM_GCC_541\Debug\Final_Project_Group5.a(SPIM_1.o)
 .debug_line    0x00001959       0xaa .\CortexM3\ARM_GCC_541\Debug\Final_Project_Group5.a(SPIM_1_INT.o)
 .debug_line    0x00001a03      0x2c0 .\CortexM3\ARM_GCC_541\Debug\Final_Project_Group5.a(UART_1.o)
 .debug_line    0x00001cc3       0x91 .\CortexM3\ARM_GCC_541\Debug\Final_Project_Group5.a(CS_1.o)
 .debug_line    0x00001d54       0x91 .\CortexM3\ARM_GCC_541\Debug\Final_Project_Group5.a(CS_2.o)
 .debug_line    0x00001de5      0x29e .\CortexM3\ARM_GCC_541\Debug\Final_Project_Group5.a(SPIM_2.o)
 .debug_line    0x00002083       0xaa .\CortexM3\ARM_GCC_541\Debug\Final_Project_Group5.a(SPIM_2_INT.o)
 .debug_line    0x0000212d      0x133 .\CortexM3\ARM_GCC_541\Debug\Final_Project_Group5.a(isr_RX.o)
 .debug_line    0x00002260      0x17e .\CortexM3\ARM_GCC_541\Debug\Final_Project_Group5.a(SPIM_1_IntClock.o)
 .debug_line    0x000023de      0x17e .\CortexM3\ARM_GCC_541\Debug\Final_Project_Group5.a(UART_1_IntClock.o)
 .debug_line    0x0000255c      0x17e .\CortexM3\ARM_GCC_541\Debug\Final_Project_Group5.a(SPIM_2_IntClock.o)
 .debug_line    0x000026da      0x816 .\CortexM3\ARM_GCC_541\Debug\Final_Project_Group5.a(CyLib.o)
 .debug_line    0x00002ef0      0x367 .\CortexM3\ARM_GCC_541\Debug\Final_Project_Group5.a(cyPm.o)
 .debug_line    0x00003257      0x135 .\CortexM3\ARM_GCC_541\Debug\Final_Project_Group5.a(isr_FIFO.o)
 .debug_line    0x0000338c      0x373 .\CortexM3\ARM_GCC_541\Debug\Final_Project_Group5.a(ADC_DelSig.o)
 .debug_line    0x000036ff       0x87 .\CortexM3\ARM_GCC_541\Debug\Final_Project_Group5.a(ADC_DelSig_INT.o)
 .debug_line    0x00003786      0x153 .\CortexM3\ARM_GCC_541\Debug\Final_Project_Group5.a(Timer.o)
 .debug_line    0x000038d9      0x134 .\CortexM3\ARM_GCC_541\Debug\Final_Project_Group5.a(isr_ADC.o)
 .debug_line    0x00003a0d       0xb3 .\CortexM3\ARM_GCC_541\Debug\Final_Project_Group5.a(ADC_DelSig_AMux.o)
 .debug_line    0x00003ac0      0x184 .\CortexM3\ARM_GCC_541\Debug\Final_Project_Group5.a(ADC_DelSig_Ext_CP_Clk.o)
 .debug_line    0x00003c44      0x1a4 .\CortexM3\ARM_GCC_541\Debug\Final_Project_Group5.a(ADC_DelSig_theACLK.o)
 .debug_line    0x00003de8       0x94 .\CortexM3\ARM_GCC_541\Debug\Final_Project_Group5.a(Ext_LED.o)
 .debug_line    0x00003e7c      0x18e .\CortexM3\ARM_GCC_541\Debug\Final_Project_Group5.a(PWM_OnboardLED.o)
 .debug_line    0x0000400a      0x137 .\CortexM3\ARM_GCC_541\Debug\Final_Project_Group5.a(ISR_Button.o)
 .debug_line    0x00004141       0x9b .\CortexM3\ARM_GCC_541\Debug\Final_Project_Group5.a(Onboard_Button.o)
 .debug_line    0x000041dc       0x66 .\CortexM3\ARM_GCC_541\Debug\Final_Project_Group5.a(CyBootAsmGnu.o)
 .debug_line    0x00004242      0x21a .\CortexM3\ARM_GCC_541\Debug\Final_Project_Group5.a(CyFlash.o)
 .debug_line    0x0000445c      0x260 .\CortexM3\ARM_GCC_541\Debug\Final_Project_Group5.a(CySpc.o)

.debug_frame    0x00000000     0x2c88
 *(.debug_frame)
 .debug_frame   0x00000000       0x30 .\CortexM3\ARM_GCC_541\Debug\main.o
 .debug_frame   0x00000030       0xf8 .\CortexM3\ARM_GCC_541\Debug\25LC256.o
 .debug_frame   0x00000128       0x78 .\CortexM3\ARM_GCC_541\Debug\InterruptRoutines.o
 .debug_frame   0x000001a0       0x6c .\CortexM3\ARM_GCC_541\Debug\LIS3DH.o
 .debug_frame   0x0000020c       0x88 .\CortexM3\ARM_GCC_541\Debug\SPI_Interface_25LC256.o
 .debug_frame   0x00000294       0x88 .\CortexM3\ARM_GCC_541\Debug\SPI_Interface_LIS3DH.o
 .debug_frame   0x0000031c       0xd4 .\CortexM3\ARM_GCC_541\Debug\Functions.o
 .debug_frame   0x000003f0      0x104 .\CortexM3\ARM_GCC_541\Debug\cyfitter_cfg.o
 .debug_frame   0x000004f4       0xb8 .\CortexM3\ARM_GCC_541\Debug\Cm3Start.o
 .debug_frame   0x000005ac      0x260 .\CortexM3\ARM_GCC_541\Debug\Final_Project_Group5.a(SPIM_1.o)
 .debug_frame   0x0000080c       0x30 .\CortexM3\ARM_GCC_541\Debug\Final_Project_Group5.a(SPIM_1_INT.o)
 .debug_frame   0x0000083c      0x250 .\CortexM3\ARM_GCC_541\Debug\Final_Project_Group5.a(UART_1.o)
 .debug_frame   0x00000a8c       0x50 .\CortexM3\ARM_GCC_541\Debug\Final_Project_Group5.a(CS_1.o)
 .debug_frame   0x00000adc       0x50 .\CortexM3\ARM_GCC_541\Debug\Final_Project_Group5.a(CS_2.o)
 .debug_frame   0x00000b2c      0x260 .\CortexM3\ARM_GCC_541\Debug\Final_Project_Group5.a(SPIM_2.o)
 .debug_frame   0x00000d8c       0x30 .\CortexM3\ARM_GCC_541\Debug\Final_Project_Group5.a(SPIM_2_INT.o)
 .debug_frame   0x00000dbc      0x104 .\CortexM3\ARM_GCC_541\Debug\Final_Project_Group5.a(isr_RX.o)
 .debug_frame   0x00000ec0       0xe0 .\CortexM3\ARM_GCC_541\Debug\Final_Project_Group5.a(SPIM_1_IntClock.o)
 .debug_frame   0x00000fa0       0xe0 .\CortexM3\ARM_GCC_541\Debug\Final_Project_Group5.a(UART_1_IntClock.o)
 .debug_frame   0x00001080       0xe0 .\CortexM3\ARM_GCC_541\Debug\Final_Project_Group5.a(SPIM_2_IntClock.o)
 .debug_frame   0x00001160      0x738 .\CortexM3\ARM_GCC_541\Debug\Final_Project_Group5.a(CyLib.o)
 .debug_frame   0x00001898      0x1f8 .\CortexM3\ARM_GCC_541\Debug\Final_Project_Group5.a(cyPm.o)
 .debug_frame   0x00001a90      0x104 .\CortexM3\ARM_GCC_541\Debug\Final_Project_Group5.a(isr_FIFO.o)
 .debug_frame   0x00001b94      0x284 .\CortexM3\ARM_GCC_541\Debug\Final_Project_Group5.a(ADC_DelSig.o)
 .debug_frame   0x00001e18       0x50 .\CortexM3\ARM_GCC_541\Debug\Final_Project_Group5.a(ADC_DelSig_INT.o)
 .debug_frame   0x00001e68      0x108 .\CortexM3\ARM_GCC_541\Debug\Final_Project_Group5.a(Timer.o)
 .debug_frame   0x00001f70      0x104 .\CortexM3\ARM_GCC_541\Debug\Final_Project_Group5.a(isr_ADC.o)
 .debug_frame   0x00002074       0x64 .\CortexM3\ARM_GCC_541\Debug\Final_Project_Group5.a(ADC_DelSig_AMux.o)
 .debug_frame   0x000020d8       0xe0 .\CortexM3\ARM_GCC_541\Debug\Final_Project_Group5.a(ADC_DelSig_Ext_CP_Clk.o)
 .debug_frame   0x000021b8      0x100 .\CortexM3\ARM_GCC_541\Debug\Final_Project_Group5.a(ADC_DelSig_theACLK.o)
 .debug_frame   0x000022b8       0x50 .\CortexM3\ARM_GCC_541\Debug\Final_Project_Group5.a(Ext_LED.o)
 .debug_frame   0x00002308      0x134 .\CortexM3\ARM_GCC_541\Debug\Final_Project_Group5.a(PWM_OnboardLED.o)
 .debug_frame   0x0000243c      0x104 .\CortexM3\ARM_GCC_541\Debug\Final_Project_Group5.a(ISR_Button.o)
 .debug_frame   0x00002540       0x50 .\CortexM3\ARM_GCC_541\Debug\Final_Project_Group5.a(Onboard_Button.o)
 .debug_frame   0x00002590      0x194 .\CortexM3\ARM_GCC_541\Debug\Final_Project_Group5.a(CyFlash.o)
 .debug_frame   0x00002724      0x180 .\CortexM3\ARM_GCC_541\Debug\Final_Project_Group5.a(CySpc.o)
 .debug_frame   0x000028a4       0x20 c:/program files (x86)/cypress/psoc creator/4.3/psoc creator/import/gnu/arm/5.4.1/bin/../lib/gcc/arm-none-eabi/5.4.1/../../../../arm-none-eabi/lib/armv7-m\libg_nano.a(lib_a-errno.o)
 .debug_frame   0x000028c4       0x28 c:/program files (x86)/cypress/psoc creator/4.3/psoc creator/import/gnu/arm/5.4.1/bin/../lib/gcc/arm-none-eabi/5.4.1/../../../../arm-none-eabi/lib/armv7-m\libg_nano.a(lib_a-exit.o)
 .debug_frame   0x000028ec       0x2c c:/program files (x86)/cypress/psoc creator/4.3/psoc creator/import/gnu/arm/5.4.1/bin/../lib/gcc/arm-none-eabi/5.4.1/../../../../arm-none-eabi/lib/armv7-m\libg_nano.a(lib_a-init.o)
 .debug_frame   0x00002918       0x28 c:/program files (x86)/cypress/psoc creator/4.3/psoc creator/import/gnu/arm/5.4.1/bin/../lib/gcc/arm-none-eabi/5.4.1/../../../../arm-none-eabi/lib/armv7-m\libg_nano.a(lib_a-memcpy-stub.o)
 .debug_frame   0x00002940       0x20 c:/program files (x86)/cypress/psoc creator/4.3/psoc creator/import/gnu/arm/5.4.1/bin/../lib/gcc/arm-none-eabi/5.4.1/../../../../arm-none-eabi/lib/armv7-m\libg_nano.a(lib_a-memset.o)
 .debug_frame   0x00002960       0x70 c:/program files (x86)/cypress/psoc creator/4.3/psoc creator/import/gnu/arm/5.4.1/bin/../lib/gcc/arm-none-eabi/5.4.1/../../../../arm-none-eabi/lib/armv7-m\libg_nano.a(lib_a-sprintf.o)
 .debug_frame   0x000029d0       0x90 c:/program files (x86)/cypress/psoc creator/4.3/psoc creator/import/gnu/arm/5.4.1/bin/../lib/gcc/arm-none-eabi/5.4.1/../../../../arm-none-eabi/lib/armv7-m\libg_nano.a(lib_a-nano-svfprintf.o)
 .debug_frame   0x00002a60       0x60 c:/program files (x86)/cypress/psoc creator/4.3/psoc creator/import/gnu/arm/5.4.1/bin/../lib/gcc/arm-none-eabi/5.4.1/../../../../arm-none-eabi/lib/armv7-m\libg_nano.a(lib_a-nano-vfprintf_i.o)
 .debug_frame   0x00002ac0       0x28 c:/program files (x86)/cypress/psoc creator/4.3/psoc creator/import/gnu/arm/5.4.1/bin/../lib/gcc/arm-none-eabi/5.4.1/../../../../arm-none-eabi/lib/armv7-m\libg_nano.a(lib_a-memchr-stub.o)
 .debug_frame   0x00002ae8       0x28 c:/program files (x86)/cypress/psoc creator/4.3/psoc creator/import/gnu/arm/5.4.1/bin/../lib/gcc/arm-none-eabi/5.4.1/../../../../arm-none-eabi/lib/armv7-m\libg_nano.a(lib_a-memmove.o)
 .debug_frame   0x00002b10       0x38 c:/program files (x86)/cypress/psoc creator/4.3/psoc creator/import/gnu/arm/5.4.1/bin/../lib/gcc/arm-none-eabi/5.4.1/../../../../arm-none-eabi/lib/armv7-m\libg_nano.a(lib_a-nano-freer.o)
 .debug_frame   0x00002b48       0x2c c:/program files (x86)/cypress/psoc creator/4.3/psoc creator/import/gnu/arm/5.4.1/bin/../lib/gcc/arm-none-eabi/5.4.1/../../../../arm-none-eabi/lib/armv7-m\libg_nano.a(lib_a-nano-mallocr.o)
 .debug_frame   0x00002b74       0x3c c:/program files (x86)/cypress/psoc creator/4.3/psoc creator/import/gnu/arm/5.4.1/bin/../lib/gcc/arm-none-eabi/5.4.1/../../../../arm-none-eabi/lib/armv7-m\libg_nano.a(lib_a-nano-reallocr.o)
 .debug_frame   0x00002bb0       0x2c c:/program files (x86)/cypress/psoc creator/4.3/psoc creator/import/gnu/arm/5.4.1/bin/../lib/gcc/arm-none-eabi/5.4.1/../../../../arm-none-eabi/lib/armv7-m\libg_nano.a(lib_a-sbrkr.o)
 .debug_frame   0x00002bdc       0x30 c:/program files (x86)/cypress/psoc creator/4.3/psoc creator/import/gnu/arm/5.4.1/bin/../lib/gcc/arm-none-eabi/5.4.1/../../../../arm-none-eabi/lib/armv7-m\libg_nano.a(lib_a-mlock.o)
 .debug_frame   0x00002c0c       0x20 c:/program files (x86)/cypress/psoc creator/4.3/psoc creator/import/gnu/arm/5.4.1/bin/../lib/gcc/arm-none-eabi/5.4.1/../../../../arm-none-eabi/lib/armv7-m\libg_nano.a(lib_a-nano-msizer.o)
 .debug_frame   0x00002c2c       0x5c c:/program files (x86)/cypress/psoc creator/4.3/psoc creator/import/gnu/arm/5.4.1/bin/../lib/gcc/arm-none-eabi/5.4.1/../../../../arm-none-eabi/lib/armv7-m\libg_nano.a(lib_a-reent.o)

.debug_str      0x00000000     0x3856
 *(.debug_str)
 .debug_str     0x00000000      0x493 .\CortexM3\ARM_GCC_541\Debug\main.o
                                0x4f9 (size before relaxing)
 .debug_str     0x00000493       0xf1 .\CortexM3\ARM_GCC_541\Debug\25LC256.o
                                0x2e5 (size before relaxing)
 .debug_str     0x00000584      0x12c .\CortexM3\ARM_GCC_541\Debug\InterruptRoutines.o
                                0x48c (size before relaxing)
 .debug_str     0x000006b0       0x32 .\CortexM3\ARM_GCC_541\Debug\LIS3DH.o
                                0x22f (size before relaxing)
 .debug_str     0x000006e2      0x109 .\CortexM3\ARM_GCC_541\Debug\SPI_Interface_25LC256.o
                                0x328 (size before relaxing)
 .debug_str     0x000007eb       0xf9 .\CortexM3\ARM_GCC_541\Debug\SPI_Interface_LIS3DH.o
                                0x323 (size before relaxing)
 .debug_str     0x000008e4       0xde .\CortexM3\ARM_GCC_541\Debug\Functions.o
                                0x43d (size before relaxing)
 .debug_str     0x000009c2      0x211 .\CortexM3\ARM_GCC_541\Debug\cyfitter_cfg.o
                                0x3b9 (size before relaxing)
 .debug_str     0x00000bd3       0xc6 .\CortexM3\ARM_GCC_541\Debug\cymetadata.o
                                0x1f3 (size before relaxing)
 .debug_str     0x00000c99      0x13f .\CortexM3\ARM_GCC_541\Debug\Cm3Start.o
                                0x317 (size before relaxing)
 .debug_str     0x00000dd8      0x301 .\CortexM3\ARM_GCC_541\Debug\Final_Project_Group5.a(SPIM_1.o)
                                0x537 (size before relaxing)
 .debug_str     0x000010d9       0x40 .\CortexM3\ARM_GCC_541\Debug\Final_Project_Group5.a(SPIM_1_INT.o)
                                0x2a2 (size before relaxing)
 .debug_str     0x00001119      0x276 .\CortexM3\ARM_GCC_541\Debug\Final_Project_Group5.a(UART_1.o)
                                0x4c0 (size before relaxing)
 .debug_str     0x0000138f       0x5b .\CortexM3\ARM_GCC_541\Debug\Final_Project_Group5.a(CS_1.o)
                                0x1ea (size before relaxing)
 .debug_str     0x000013ea       0x4b .\CortexM3\ARM_GCC_541\Debug\Final_Project_Group5.a(CS_2.o)
                                0x1ea (size before relaxing)
 .debug_str     0x00001435      0x24f .\CortexM3\ARM_GCC_541\Debug\Final_Project_Group5.a(SPIM_2.o)
                                0x537 (size before relaxing)
 .debug_str     0x00001684       0x40 .\CortexM3\ARM_GCC_541\Debug\Final_Project_Group5.a(SPIM_2_INT.o)
                                0x2a2 (size before relaxing)
 .debug_str     0x000016c4       0xfd .\CortexM3\ARM_GCC_541\Debug\Final_Project_Group5.a(isr_RX.o)
                                0x2c1 (size before relaxing)
 .debug_str     0x000017c1      0x19d .\CortexM3\ARM_GCC_541\Debug\Final_Project_Group5.a(SPIM_1_IntClock.o)
                                0x35b (size before relaxing)
 .debug_str     0x0000195e      0x14c .\CortexM3\ARM_GCC_541\Debug\Final_Project_Group5.a(UART_1_IntClock.o)
                                0x35b (size before relaxing)
 .debug_str     0x00001aaa      0x14c .\CortexM3\ARM_GCC_541\Debug\Final_Project_Group5.a(SPIM_2_IntClock.o)
                                0x35b (size before relaxing)
 .debug_str     0x00001bf6      0x7b9 .\CortexM3\ARM_GCC_541\Debug\Final_Project_Group5.a(CyLib.o)
                                0xa54 (size before relaxing)
 .debug_str     0x000023af      0x365 .\CortexM3\ARM_GCC_541\Debug\Final_Project_Group5.a(cyPm.o)
                                0x740 (size before relaxing)
 .debug_str     0x00002714       0xf1 .\CortexM3\ARM_GCC_541\Debug\Final_Project_Group5.a(isr_FIFO.o)
                                0x2dd (size before relaxing)
 .debug_str     0x00002805      0x427 .\CortexM3\ARM_GCC_541\Debug\Final_Project_Group5.a(ADC_DelSig.o)
                                0x6f5 (size before relaxing)
 .debug_str     0x00002c2c       0x68 .\CortexM3\ARM_GCC_541\Debug\Final_Project_Group5.a(ADC_DelSig_INT.o)
                                0x1f0 (size before relaxing)
 .debug_str     0x00002c94      0x12d .\CortexM3\ARM_GCC_541\Debug\Final_Project_Group5.a(Timer.o)
                                0x302 (size before relaxing)
 .debug_str     0x00002dc1       0xf2 .\CortexM3\ARM_GCC_541\Debug\Final_Project_Group5.a(isr_ADC.o)
                                0x2cf (size before relaxing)
 .debug_str     0x00002eb3       0x7b .\CortexM3\ARM_GCC_541\Debug\Final_Project_Group5.a(ADC_DelSig_AMux.o)
                                0x23d (size before relaxing)
 .debug_str     0x00002f2e      0x170 .\CortexM3\ARM_GCC_541\Debug\Final_Project_Group5.a(ADC_DelSig_Ext_CP_Clk.o)
                                0x3a3 (size before relaxing)
 .debug_str     0x0000309e      0x1a3 .\CortexM3\ARM_GCC_541\Debug\Final_Project_Group5.a(ADC_DelSig_theACLK.o)
                                0x3d0 (size before relaxing)
 .debug_str     0x00003241       0x57 .\CortexM3\ARM_GCC_541\Debug\Final_Project_Group5.a(Ext_LED.o)
                                0x1f9 (size before relaxing)
 .debug_str     0x00003298      0x1d1 .\CortexM3\ARM_GCC_541\Debug\Final_Project_Group5.a(PWM_OnboardLED.o)
                                0x409 (size before relaxing)
 .debug_str     0x00003469      0x119 .\CortexM3\ARM_GCC_541\Debug\Final_Project_Group5.a(ISR_Button.o)
                                0x2f9 (size before relaxing)
 .debug_str     0x00003582       0x74 .\CortexM3\ARM_GCC_541\Debug\Final_Project_Group5.a(Onboard_Button.o)
                                0x21c (size before relaxing)
 .debug_str     0x000035f6      0x1b4 .\CortexM3\ARM_GCC_541\Debug\Final_Project_Group5.a(CyFlash.o)
                                0x3cd (size before relaxing)
 .debug_str     0x000037aa       0xac .\CortexM3\ARM_GCC_541\Debug\Final_Project_Group5.a(CySpc.o)
                                0x345 (size before relaxing)

.debug_loc      0x00000000     0x39d0
 *(.debug_loc)
 .debug_loc     0x00000000       0x7d .\CortexM3\ARM_GCC_541\Debug\main.o
 .debug_loc     0x0000007d      0x15a .\CortexM3\ARM_GCC_541\Debug\25LC256.o
 .debug_loc     0x000001d7       0xdd .\CortexM3\ARM_GCC_541\Debug\LIS3DH.o
 .debug_loc     0x000002b4      0x16c .\CortexM3\ARM_GCC_541\Debug\SPI_Interface_25LC256.o
 .debug_loc     0x00000420      0x16c .\CortexM3\ARM_GCC_541\Debug\SPI_Interface_LIS3DH.o
 .debug_loc     0x0000058c      0x2c0 .\CortexM3\ARM_GCC_541\Debug\Functions.o
 .debug_loc     0x0000084c      0x2cb .\CortexM3\ARM_GCC_541\Debug\cyfitter_cfg.o
 .debug_loc     0x00000b17      0x144 .\CortexM3\ARM_GCC_541\Debug\Cm3Start.o
 .debug_loc     0x00000c5b      0x20d .\CortexM3\ARM_GCC_541\Debug\Final_Project_Group5.a(SPIM_1.o)
 .debug_loc     0x00000e68       0x74 .\CortexM3\ARM_GCC_541\Debug\Final_Project_Group5.a(SPIM_1_INT.o)
 .debug_loc     0x00000edc      0x258 .\CortexM3\ARM_GCC_541\Debug\Final_Project_Group5.a(UART_1.o)
 .debug_loc     0x00001134       0x42 .\CortexM3\ARM_GCC_541\Debug\Final_Project_Group5.a(CS_1.o)
 .debug_loc     0x00001176       0x42 .\CortexM3\ARM_GCC_541\Debug\Final_Project_Group5.a(CS_2.o)
 .debug_loc     0x000011b8      0x20d .\CortexM3\ARM_GCC_541\Debug\Final_Project_Group5.a(SPIM_2.o)
 .debug_loc     0x000013c5       0x74 .\CortexM3\ARM_GCC_541\Debug\Final_Project_Group5.a(SPIM_2_INT.o)
 .debug_loc     0x00001439       0x56 .\CortexM3\ARM_GCC_541\Debug\Final_Project_Group5.a(isr_RX.o)
 .debug_loc     0x0000148f      0x128 .\CortexM3\ARM_GCC_541\Debug\Final_Project_Group5.a(SPIM_1_IntClock.o)
 .debug_loc     0x000015b7      0x128 .\CortexM3\ARM_GCC_541\Debug\Final_Project_Group5.a(UART_1_IntClock.o)
 .debug_loc     0x000016df      0x128 .\CortexM3\ARM_GCC_541\Debug\Final_Project_Group5.a(SPIM_2_IntClock.o)
 .debug_loc     0x00001807      0xa11 .\CortexM3\ARM_GCC_541\Debug\Final_Project_Group5.a(CyLib.o)
 .debug_loc     0x00002218      0x1e4 .\CortexM3\ARM_GCC_541\Debug\Final_Project_Group5.a(cyPm.o)
 .debug_loc     0x000023fc       0x56 .\CortexM3\ARM_GCC_541\Debug\Final_Project_Group5.a(isr_FIFO.o)
 .debug_loc     0x00002452      0x68c .\CortexM3\ARM_GCC_541\Debug\Final_Project_Group5.a(ADC_DelSig.o)
 .debug_loc     0x00002ade       0x56 .\CortexM3\ARM_GCC_541\Debug\Final_Project_Group5.a(isr_ADC.o)
 .debug_loc     0x00002b34       0x6c .\CortexM3\ARM_GCC_541\Debug\Final_Project_Group5.a(ADC_DelSig_AMux.o)
 .debug_loc     0x00002ba0      0x12c .\CortexM3\ARM_GCC_541\Debug\Final_Project_Group5.a(ADC_DelSig_Ext_CP_Clk.o)
 .debug_loc     0x00002ccc      0x14d .\CortexM3\ARM_GCC_541\Debug\Final_Project_Group5.a(ADC_DelSig_theACLK.o)
 .debug_loc     0x00002e19       0x42 .\CortexM3\ARM_GCC_541\Debug\Final_Project_Group5.a(Ext_LED.o)
 .debug_loc     0x00002e5b       0x26 .\CortexM3\ARM_GCC_541\Debug\Final_Project_Group5.a(PWM_OnboardLED.o)
 .debug_loc     0x00002e81       0x56 .\CortexM3\ARM_GCC_541\Debug\Final_Project_Group5.a(ISR_Button.o)
 .debug_loc     0x00002ed7       0x42 .\CortexM3\ARM_GCC_541\Debug\Final_Project_Group5.a(Onboard_Button.o)
 .debug_loc     0x00002f19      0x3b2 .\CortexM3\ARM_GCC_541\Debug\Final_Project_Group5.a(CyFlash.o)
 .debug_loc     0x000032cb      0x705 .\CortexM3\ARM_GCC_541\Debug\Final_Project_Group5.a(CySpc.o)

.debug_macinfo
 *(.debug_macinfo)

.debug_ranges   0x00000000      0xf00
 *(.debug_ranges)
 .debug_ranges  0x00000000       0x28 .\CortexM3\ARM_GCC_541\Debug\main.o
 .debug_ranges  0x00000028       0x40 .\CortexM3\ARM_GCC_541\Debug\25LC256.o
 .debug_ranges  0x00000068       0x28 .\CortexM3\ARM_GCC_541\Debug\InterruptRoutines.o
 .debug_ranges  0x00000090       0x20 .\CortexM3\ARM_GCC_541\Debug\LIS3DH.o
 .debug_ranges  0x000000b0       0x28 .\CortexM3\ARM_GCC_541\Debug\SPI_Interface_25LC256.o
 .debug_ranges  0x000000d8       0x28 .\CortexM3\ARM_GCC_541\Debug\SPI_Interface_LIS3DH.o
 .debug_ranges  0x00000100       0x60 .\CortexM3\ARM_GCC_541\Debug\Functions.o
 .debug_ranges  0x00000160       0x58 .\CortexM3\ARM_GCC_541\Debug\cyfitter_cfg.o
 .debug_ranges  0x000001b8       0x38 .\CortexM3\ARM_GCC_541\Debug\Cm3Start.o
 .debug_ranges  0x000001f0       0xc8 .\CortexM3\ARM_GCC_541\Debug\Final_Project_Group5.a(SPIM_1.o)
 .debug_ranges  0x000002b8       0x18 .\CortexM3\ARM_GCC_541\Debug\Final_Project_Group5.a(SPIM_1_INT.o)
 .debug_ranges  0x000002d0       0xe0 .\CortexM3\ARM_GCC_541\Debug\Final_Project_Group5.a(UART_1.o)
 .debug_ranges  0x000003b0       0x28 .\CortexM3\ARM_GCC_541\Debug\Final_Project_Group5.a(CS_1.o)
 .debug_ranges  0x000003d8       0x28 .\CortexM3\ARM_GCC_541\Debug\Final_Project_Group5.a(CS_2.o)
 .debug_ranges  0x00000400       0xc8 .\CortexM3\ARM_GCC_541\Debug\Final_Project_Group5.a(SPIM_2.o)
 .debug_ranges  0x000004c8       0x18 .\CortexM3\ARM_GCC_541\Debug\Final_Project_Group5.a(SPIM_2_INT.o)
 .debug_ranges  0x000004e0       0x70 .\CortexM3\ARM_GCC_541\Debug\Final_Project_Group5.a(isr_RX.o)
 .debug_ranges  0x00000550       0x60 .\CortexM3\ARM_GCC_541\Debug\Final_Project_Group5.a(SPIM_1_IntClock.o)
 .debug_ranges  0x000005b0       0x60 .\CortexM3\ARM_GCC_541\Debug\Final_Project_Group5.a(UART_1_IntClock.o)
 .debug_ranges  0x00000610       0x60 .\CortexM3\ARM_GCC_541\Debug\Final_Project_Group5.a(SPIM_2_IntClock.o)
 .debug_ranges  0x00000670      0x290 .\CortexM3\ARM_GCC_541\Debug\Final_Project_Group5.a(CyLib.o)
 .debug_ranges  0x00000900       0x88 .\CortexM3\ARM_GCC_541\Debug\Final_Project_Group5.a(cyPm.o)
 .debug_ranges  0x00000988       0x70 .\CortexM3\ARM_GCC_541\Debug\Final_Project_Group5.a(isr_FIFO.o)
 .debug_ranges  0x000009f8       0xd8 .\CortexM3\ARM_GCC_541\Debug\Final_Project_Group5.a(ADC_DelSig.o)
 .debug_ranges  0x00000ad0       0x28 .\CortexM3\ARM_GCC_541\Debug\Final_Project_Group5.a(ADC_DelSig_INT.o)
 .debug_ranges  0x00000af8       0x78 .\CortexM3\ARM_GCC_541\Debug\Final_Project_Group5.a(Timer.o)
 .debug_ranges  0x00000b70       0x70 .\CortexM3\ARM_GCC_541\Debug\Final_Project_Group5.a(isr_ADC.o)
 .debug_ranges  0x00000be0       0x20 .\CortexM3\ARM_GCC_541\Debug\Final_Project_Group5.a(ADC_DelSig_AMux.o)
 .debug_ranges  0x00000c00       0x60 .\CortexM3\ARM_GCC_541\Debug\Final_Project_Group5.a(ADC_DelSig_Ext_CP_Clk.o)
 .debug_ranges  0x00000c60       0x70 .\CortexM3\ARM_GCC_541\Debug\Final_Project_Group5.a(ADC_DelSig_theACLK.o)
 .debug_ranges  0x00000cd0       0x28 .\CortexM3\ARM_GCC_541\Debug\Final_Project_Group5.a(Ext_LED.o)
 .debug_ranges  0x00000cf8       0x88 .\CortexM3\ARM_GCC_541\Debug\Final_Project_Group5.a(PWM_OnboardLED.o)
 .debug_ranges  0x00000d80       0x70 .\CortexM3\ARM_GCC_541\Debug\Final_Project_Group5.a(ISR_Button.o)
 .debug_ranges  0x00000df0       0x28 .\CortexM3\ARM_GCC_541\Debug\Final_Project_Group5.a(Onboard_Button.o)
 .debug_ranges  0x00000e18       0x78 .\CortexM3\ARM_GCC_541\Debug\Final_Project_Group5.a(CyFlash.o)
 .debug_ranges  0x00000e90       0x70 .\CortexM3\ARM_GCC_541\Debug\Final_Project_Group5.a(CySpc.o)

.comment        0x00000000       0x6e
 .comment       0x00000000       0x6e .\CortexM3\ARM_GCC_541\Debug\main.o
                                 0x6f (size before relaxing)
 .comment       0x0000006e       0x6f .\CortexM3\ARM_GCC_541\Debug\25LC256.o
 .comment       0x0000006e       0x6f .\CortexM3\ARM_GCC_541\Debug\InterruptRoutines.o
 .comment       0x0000006e       0x6f .\CortexM3\ARM_GCC_541\Debug\LIS3DH.o
 .comment       0x0000006e       0x6f .\CortexM3\ARM_GCC_541\Debug\SPI_Interface_25LC256.o
 .comment       0x0000006e       0x6f .\CortexM3\ARM_GCC_541\Debug\SPI_Interface_LIS3DH.o
 .comment       0x0000006e       0x6f .\CortexM3\ARM_GCC_541\Debug\Functions.o
 .comment       0x0000006e       0x6f .\CortexM3\ARM_GCC_541\Debug\cyfitter_cfg.o
 .comment       0x0000006e       0x6f .\CortexM3\ARM_GCC_541\Debug\cymetadata.o
 .comment       0x0000006e       0x6f .\CortexM3\ARM_GCC_541\Debug\Cm3Start.o
 .comment       0x0000006e       0x6f .\CortexM3\ARM_GCC_541\Debug\Final_Project_Group5.a(SPIM_1.o)
 .comment       0x0000006e       0x6f .\CortexM3\ARM_GCC_541\Debug\Final_Project_Group5.a(SPIM_1_INT.o)
 .comment       0x0000006e       0x6f .\CortexM3\ARM_GCC_541\Debug\Final_Project_Group5.a(UART_1.o)
 .comment       0x0000006e       0x6f .\CortexM3\ARM_GCC_541\Debug\Final_Project_Group5.a(CS_1.o)
 .comment       0x0000006e       0x6f .\CortexM3\ARM_GCC_541\Debug\Final_Project_Group5.a(CS_2.o)
 .comment       0x0000006e       0x6f .\CortexM3\ARM_GCC_541\Debug\Final_Project_Group5.a(SPIM_2.o)
 .comment       0x0000006e       0x6f .\CortexM3\ARM_GCC_541\Debug\Final_Project_Group5.a(SPIM_2_INT.o)
 .comment       0x0000006e       0x6f .\CortexM3\ARM_GCC_541\Debug\Final_Project_Group5.a(isr_RX.o)
 .comment       0x0000006e       0x6f .\CortexM3\ARM_GCC_541\Debug\Final_Project_Group5.a(SPIM_1_IntClock.o)
 .comment       0x0000006e       0x6f .\CortexM3\ARM_GCC_541\Debug\Final_Project_Group5.a(UART_1_IntClock.o)
 .comment       0x0000006e       0x6f .\CortexM3\ARM_GCC_541\Debug\Final_Project_Group5.a(SPIM_2_IntClock.o)
 .comment       0x0000006e       0x6f .\CortexM3\ARM_GCC_541\Debug\Final_Project_Group5.a(CyLib.o)
 .comment       0x0000006e       0x6f .\CortexM3\ARM_GCC_541\Debug\Final_Project_Group5.a(cyPm.o)
 .comment       0x0000006e       0x6f .\CortexM3\ARM_GCC_541\Debug\Final_Project_Group5.a(isr_FIFO.o)