Archive member included to satisfy reference by file (symbol)

.\CortexM3\ARM_GCC_541\Debug\Final_Project_Group5.a(SPIM_1.o)
                              .\CortexM3\ARM_GCC_541\Debug\SPI_Interface_25LC256.o (SPIM_1_ReadTxStatus)
.\CortexM3\ARM_GCC_541\Debug\Final_Project_Group5.a(SPIM_1_INT.o)
                              .\CortexM3\ARM_GCC_541\Debug\Final_Project_Group5.a(SPIM_1.o) (SPIM_1_TX_ISR)
.\CortexM3\ARM_GCC_541\Debug\Final_Project_Group5.a(UART_1.o)
                              .\CortexM3\ARM_GCC_541\Debug\main.o (UART_1_Start)
.\CortexM3\ARM_GCC_541\Debug\Final_Project_Group5.a(CS_1.o)
                              .\CortexM3\ARM_GCC_541\Debug\SPI_Interface_25LC256.o (CS_1_Write)
.\CortexM3\ARM_GCC_541\Debug\Final_Project_Group5.a(CS_2.o)
                              .\CortexM3\ARM_GCC_541\Debug\LIS3DH.o (CS_2_Write)
.\CortexM3\ARM_GCC_541\Debug\Final_Project_Group5.a(SPIM_2.o)
                              .\CortexM3\ARM_GCC_541\Debug\SPI_Interface_LIS3DH.o (SPIM_2_ReadTxStatus)
.\CortexM3\ARM_GCC_541\Debug\Final_Project_Group5.a(SPIM_2_INT.o)
                              .\CortexM3\ARM_GCC_541\Debug\Final_Project_Group5.a(SPIM_2.o) (SPIM_2_TX_ISR)
.\CortexM3\ARM_GCC_541\Debug\Final_Project_Group5.a(isr_RX.o)
                              .\CortexM3\ARM_GCC_541\Debug\main.o (isr_RX_StartEx)
.\CortexM3\ARM_GCC_541\Debug\Final_Project_Group5.a(SPIM_1_IntClock.o)
                              .\CortexM3\ARM_GCC_541\Debug\Final_Project_Group5.a(SPIM_1.o) (SPIM_1_IntClock_Start)
.\CortexM3\ARM_GCC_541\Debug\Final_Project_Group5.a(UART_1_IntClock.o)
                              .\CortexM3\ARM_GCC_541\Debug\Final_Project_Group5.a(UART_1.o) (UART_1_IntClock_Start)
.\CortexM3\ARM_GCC_541\Debug\Final_Project_Group5.a(SPIM_2_IntClock.o)
                              .\CortexM3\ARM_GCC_541\Debug\Final_Project_Group5.a(SPIM_2.o) (SPIM_2_IntClock_Start)
.\CortexM3\ARM_GCC_541\Debug\Final_Project_Group5.a(CyLib.o)
                              .\CortexM3\ARM_GCC_541\Debug\Cm3Start.o (CyHalt)
.\CortexM3\ARM_GCC_541\Debug\Final_Project_Group5.a(cyPm.o)
                              .\CortexM3\ARM_GCC_541\Debug\Final_Project_Group5.a(CyLib.o) (CyPmReadStatus)
.\CortexM3\ARM_GCC_541\Debug\Final_Project_Group5.a(isr_FIFO.o)
                              .\CortexM3\ARM_GCC_541\Debug\InterruptRoutines.o (isr_FIFO_StartEx)
.\CortexM3\ARM_GCC_541\Debug\Final_Project_Group5.a(ADC_DelSig.o)
                              .\CortexM3\ARM_GCC_541\Debug\main.o (ADC_DelSig_Start)
.\CortexM3\ARM_GCC_541\Debug\Final_Project_Group5.a(ADC_DelSig_INT.o)
                              .\CortexM3\ARM_GCC_541\Debug\Final_Project_Group5.a(ADC_DelSig.o) (ADC_DelSig_ISR1)
.\CortexM3\ARM_GCC_541\Debug\Final_Project_Group5.a(Timer.o)
                              .\CortexM3\ARM_GCC_541\Debug\InterruptRoutines.o (Timer_Stop)
.\CortexM3\ARM_GCC_541\Debug\Final_Project_Group5.a(isr_ADC.o)
                              .\CortexM3\ARM_GCC_541\Debug\main.o (isr_ADC_StartEx)
.\CortexM3\ARM_GCC_541\Debug\Final_Project_Group5.a(ADC_DelSig_AMux.o)
                              .\CortexM3\ARM_GCC_541\Debug\Final_Project_Group5.a(ADC_DelSig.o) (ADC_DelSig_AMux_Select)
.\CortexM3\ARM_GCC_541\Debug\Final_Project_Group5.a(ADC_DelSig_Ext_CP_Clk.o)
                              .\CortexM3\ARM_GCC_541\Debug\Final_Project_Group5.a(ADC_DelSig.o) (ADC_DelSig_Ext_CP_Clk_SetModeRegister)
.\CortexM3\ARM_GCC_541\Debug\Final_Project_Group5.a(ADC_DelSig_theACLK.o)
                              .\CortexM3\ARM_GCC_541\Debug\Final_Project_Group5.a(ADC_DelSig.o) (ADC_DelSig_theACLK_SetModeRegister)
.\CortexM3\ARM_GCC_541\Debug\Final_Project_Group5.a(Ext_LED.o)
                              .\CortexM3\ARM_GCC_541\Debug\InterruptRoutines.o (Ext_LED_Write)
.\CortexM3\ARM_GCC_541\Debug\Final_Project_Group5.a(PWM_OnboardLED.o)
                              .\CortexM3\ARM_GCC_541\Debug\InterruptRoutines.o (PWM_OnboardLED_WritePeriod)
.\CortexM3\ARM_GCC_541\Debug\Final_Project_Group5.a(ISR_Button.o)
                              .\CortexM3\ARM_GCC_541\Debug\main.o (ISR_Button_StartEx)
.\CortexM3\ARM_GCC_541\Debug\Final_Project_Group5.a(Onboard_Button.o)
                              .\CortexM3\ARM_GCC_541\Debug\InterruptRoutines.o (Onboard_Button_Read)
.\CortexM3\ARM_GCC_541\Debug\Final_Project_Group5.a(CyBootAsmGnu.o)
                              .\CortexM3\ARM_GCC_541\Debug\cyfitter_cfg.o (CyDelayCycles)
.\CortexM3\ARM_GCC_541\Debug\Final_Project_Group5.a(CyFlash.o)
                              .\CortexM3\ARM_GCC_541\Debug\Final_Project_Group5.a(cyPm.o) (CyFlash_SetWaitCycles)
.\CortexM3\ARM_GCC_541\Debug\Final_Project_Group5.a(CySpc.o)
                              .\CortexM3\ARM_GCC_541\Debug\Final_Project_Group5.a(CyFlash.o) (CySpcStart)
c:/program files (x86)/cypress/psoc creator/4.3/psoc creator/import/gnu/arm/5.4.1/bin/../lib/gcc/arm-none-eabi/5.4.1/armv7-m\libgcc.a(_arm_addsubdf3.o)
[...]
Memory Configuration

Name             Origin             Length             Attributes
rom              0x00000000         0x00040000         xr
ram              0x1fff8000         0x00010000         xrw
*default*        0x00000000         0xffffffff

Linker script and memory map

LOAD c:/program files (x86)/cypress/psoc creator/4.3/psoc creator/import/gnu/arm/5.4.1/bin/../lib/gcc/arm-none-eabi/5.4.1/armv7-m/crti.o
LOAD c:/program files (x86)/cypress/psoc creator/4.3/psoc creator/import/gnu/arm/5.4.1/bin/../lib/gcc/arm-none-eabi/5.4.1/armv7-m/crtbegin.o
LOAD c:/program files (x86)/cypress/psoc creator/4.3/psoc creator/import/gnu/arm/5.4.1/bin/../lib/gcc/arm-none-eabi/5.4.1/../../../../arm-none-eabi/lib/armv7-m/crt0.o
START GROUP
LOAD .\CortexM3\ARM_GCC_541\Debug\main.o
LOAD .\CortexM3\ARM_GCC_541\Debug\25LC256.o
LOAD .\CortexM3\ARM_GCC_541\Debug\InterruptRoutines.o
LOAD .\CortexM3\ARM_GCC_541\Debug\LIS3DH.o
LOAD .\CortexM3\ARM_GCC_541\Debug\SPI_Interface_25LC256.o
LOAD .\CortexM3\ARM_GCC_541\Debug\SPI_Interface_LIS3DH.o
LOAD .\CortexM3\ARM_GCC_541\Debug\Functions.o
LOAD .\CortexM3\ARM_GCC_541\Debug\cyfitter_cfg.o
LOAD .\CortexM3\ARM_GCC_541\Debug\cymetadata.o
LOAD .\CortexM3\ARM_GCC_541\Debug\Cm3Start.o
LOAD .\CortexM3\ARM_GCC_541\Debug\Final_Project_Group5.a
LOAD C:\Program Files (x86)\Cypress\PSoC Creator\4.3\PSoC Creator\psoc\content\cycomponentlibrary\CyComponentLibrary.cylib\CortexM3\ARM_GCC_541\Debug\CyComponentLibrary.a
END GROUP
START GROUP
LOAD c:/program files (x86)/cypress/psoc creator/4.3/psoc creator/import/gnu/arm/5.4.1/bin/../lib/gcc/arm-none-eabi/5.4.1/armv7-m\libgcc.a
LOAD c:/program files (x86)/cypress/psoc creator/4.3/psoc creator/import/gnu/arm/5.4.1/bin/../lib/gcc/arm-none-eabi/5.4.1/../../../../arm-none-eabi/lib/armv7-m\libg_nano.a
LOAD c:/program files (x86)/cypress/psoc creator/4.3/psoc creator/import/gnu/arm/5.4.1/bin/../lib/gcc/arm-none-eabi/5.4.1/../../../../arm-none-eabi/lib/armv7-m\libc_nano.a
END GROUP
START GROUP
LOAD c:/program files (x86)/cypress/psoc creator/4.3/psoc creator/import/gnu/arm/5.4.1/bin/../lib/gcc/arm-none-eabi/5.4.1/armv7-m\libgcc.a
LOAD c:/program files (x86)/cypress/psoc creator/4.3/psoc creator/import/gnu/arm/5.4.1/bin/../lib/gcc/arm-none-eabi/5.4.1/../../../../arm-none-eabi/lib/armv7-m\libc_nano.a
END GROUP
LOAD c:/program files (x86)/cypress/psoc creator/4.3/psoc creator/import/gnu/arm/5.4.1/bin/../lib/gcc/arm-none-eabi/5.4.1/armv7-m/crtend.o
LOAD c:/program files (x86)/cypress/psoc creator/4.3/psoc creator/import/gnu/arm/5.4.1/bin/../lib/gcc/arm-none-eabi/5.4.1/armv7-m/crtn.o
START GROUP
LOAD c:/program files (x86)/cypress/psoc creator/4.3/psoc creator/import/gnu/arm/5.4.1/bin/../lib/gcc/arm-none-eabi/5.4.1/armv7-m\libgcc.a
LOAD c:/program files (x86)/cypress/psoc creator/4.3/psoc creator/import/gnu/arm/5.4.1/bin/../lib/gcc/arm-none-eabi/5.4.1/../../../../arm-none-eabi/lib/armv7-m\libc.a
LOAD c:/program files (x86)/cypress/psoc creator/4.3/psoc creator/import/gnu/arm/5.4.1/bin/../lib/gcc/arm-none-eabi/5.4.1/../../../../arm-none-eabi/lib/armv7-m\libnosys.a
END GROUP
                0x00000000                CY_APPL_ORIGIN = 0x0
                0x00000100                CY_FLASH_ROW_SIZE = 0x100
                0x00000020                CY_ECC_ROW_SIZE = 0x20
                0x00000000                CY_EE_IN_BTLDR = 0x0
                0x00000000                CY_APPL_LOADABLE = 0x0
                0x00000800                CY_EE_SIZE = 0x800
                0x00000001                CY_APPL_NUM = 0x1
                0x00000001                CY_APPL_MAX = 0x1
                0x00000040                CY_METADATA_SIZE = 0x40
                0x00000000                CY_APPL_LOADABLE = 0x0
                0x00000000                CY_CHECKSUM_EXCLUDE_SIZE = ALIGN (0x0, CY_FLASH_ROW_SIZE)
                [!provide]                PROVIDE (__cy_heap_start, _end)
                0x00000001                PROVIDE (__cy_region_num, ((__cy_regions_end - __cy_regions) / 0x10))
                0x20008000                PROVIDE (__cy_stack, (ORIGIN (ram) + LENGTH (ram)))
                [!provide]                PROVIDE (__cy_heap_end, (__cy_stack - 0x800))

.cybootloader   0x00000000        0x0
 *(.cybootloader)
                0x00000000                appl1_start = CY_APPL_ORIGIN?CY_APPL_ORIGIN:ALIGN (CY_FLASH_ROW_SIZE)
                0x0001ff00                appl2_start = (appl1_start + ALIGN ((((LENGTH (rom) - appl1_start) - (0x2 * CY_FLASH_ROW_SIZE)) / 0x2), CY_FLASH_ROW_SIZE))
                0x00000000                appl_start = (CY_APPL_NUM == 0x1)?appl1_start:appl2_start
                0x00000000                ecc_offset = ((appl_start / CY_FLASH_ROW_SIZE) * CY_ECC_ROW_SIZE)
                0x00000000                ee_offset = (CY_APPL_LOADABLE && ! (CY_EE_IN_BTLDR))?((CY_EE_SIZE / CY_APPL_MAX) * (CY_APPL_NUM - 0x1)):0x0
                0x00000800                ee_size = (CY_APPL_LOADABLE && ! (CY_EE_IN_BTLDR))?(CY_EE_SIZE / CY_APPL_MAX):CY_EE_SIZE
                [!provide]                PROVIDE (CY_ECC_OFFSET, ecc_offset)

.text           0x00000000     0x2ef8
 CREATE_OBJECT_SYMBOLS
                0x00000000                PROVIDE (__cy_interrupt_vector, RomVectors)
 *(.romvectors)
 .romvectors    0x00000000       0x10 .\CortexM3\ARM_GCC_541\Debug\Cm3Start.o
                0x00000000                RomVectors
                0x00000001                ASSERT ((. != __cy_interrupt_vector), No interrupt vector)
                0x00000001                ASSERT (CY_APPL_ORIGIN?(SIZEOF (.cybootloader) <= CY_APPL_ORIGIN):0x1, Wrong image location)
                0x00000010                PROVIDE (__cy_reset, Reset)
 *(.text.Reset)
 .text.Reset    0x00000010       0x18 .\CortexM3\ARM_GCC_541\Debug\Cm3Start.o
                0x00000010                Reset
                0x00000001                ASSERT ((. != __cy_reset), No reset code)
 *(.dma_init)
                0x00000001                ASSERT ((((appl_start + .) <= 0x10000) || 0x1), DMA Init must be within the first 64k of flash)
 *(.text .text.* .gnu.linkonce.t.*)
 .text          0x00000028       0x5c c:/program files (x86)/cypress/psoc creator/4.3/psoc creator/import/gnu/arm/5.4.1/bin/../lib/gcc/arm-none-eabi/5.4.1/armv7-m/crtbegin.o
 .text.main     0x00000084      0x250 .\CortexM3\ARM_GCC_541\Debug\main.o
                0x00000084                main
 .text.EEPROM_readStatus
                0x000002d4        0xc .\CortexM3\ARM_GCC_541\Debug\25LC256.o
                0x000002d4                EEPROM_readStatus
 .text.EEPROM_writeEnable
                0x000002e0        0xc .\CortexM3\ARM_GCC_541\Debug\25LC256.o
                0x000002e0                EEPROM_writeEnable
 .text.EEPROM_writeByte
                0x000002ec       0x38 .\CortexM3\ARM_GCC_541\Debug\25LC256.o
                0x000002ec                EEPROM_writeByte
 .text.EEPROM_waitForWriteComplete
                0x00000324       0x10 .\CortexM3\ARM_GCC_541\Debug\25LC256.o
                0x00000324                EEPROM_waitForWriteComplete
 .text.Custom_isr_FIFO
                0x00000334       0x60 .\CortexM3\ARM_GCC_541\Debug\InterruptRoutines.o
                0x00000334                Custom_isr_FIFO
 .text.Custom_ISR_Button
                0x00000394       0x34 .\CortexM3\ARM_GCC_541\Debug\InterruptRoutines.o
                0x00000394                Custom_ISR_Button
 .text.Custom_ISR_ADC
                0x000003c8       0x68 .\CortexM3\ARM_GCC_541\Debug\InterruptRoutines.o
                0x000003c8                Custom_ISR_ADC
 .text.Custom_ISR_RX
                0x00000430      0x490 .\CortexM3\ARM_GCC_541\Debug\InterruptRoutines.o
                0x00000430                Custom_ISR_RX
 .text.ACC_writeRegister
                0x000008c0       0x30 .\CortexM3\ARM_GCC_541\Debug\LIS3DH.o
                0x000008c0                ACC_writeRegister
 .text.ACC_readRegister
                0x000008f0       0x28 .\CortexM3\ARM_GCC_541\Debug\LIS3DH.o
                0x000008f0                ACC_readRegister
 .text.ACC_Multi_Read
                0x00000918       0x20 .\CortexM3\ARM_GCC_541\Debug\LIS3DH.o
                0x00000918                ACC_Multi_Read
 .text.SPI_Interface_25LC256_tradeByte
                0x00000938       0x2c .\CortexM3\ARM_GCC_541\Debug\SPI_Interface_25LC256.o
                0x00000938                SPI_Interface_25LC256_tradeByte
 .text.SPI_Interface_25LC256_ReadByte
                0x00000964       0x34 .\CortexM3\ARM_GCC_541\Debug\SPI_Interface_25LC256.o
                0x00000964                SPI_Interface_25LC256_ReadByte
 .text.SPI_Interface_25LC256_Multi_RW
                0x00000998       0xb8 .\CortexM3\ARM_GCC_541\Debug\SPI_Interface_25LC256.o
                0x00000998                SPI_Interface_25LC256_Multi_RW
 .text.SPI_Interface_LIS3DH_Multi_RW
                0x00000a50       0xb8 .\CortexM3\ARM_GCC_541\Debug\SPI_Interface_LIS3DH.o
                0x00000a50                SPI_Interface_LIS3DH_Multi_RW
 .text.show_menu
                0x00000b08       0xb8 .\CortexM3\ARM_GCC_541\Debug\Functions.o
                0x00000b08                show_menu
 .text.Config_acc
                0x00000bc0       0x2c .\CortexM3\ARM_GCC_541\Debug\Functions.o
                0x00000bc0                Config_acc
 .text.CyClockStartupError
                0x00000bec        0x4 .\CortexM3\ARM_GCC_541\Debug\cyfitter_cfg.o
 .text.cfg_write_bytes32
                0x00000bf0       0x34 .\CortexM3\ARM_GCC_541\Debug\cyfitter_cfg.o
 .text.AnalogSetDefault
                0x00000c24       0x3c .\CortexM3\ARM_GCC_541\Debug\cyfitter_cfg.o
 .text.CYMEMZERO
                0x00000c60        0xc .\CortexM3\ARM_GCC_541\Debug\cyfitter_cfg.o
 .text.CYCONFIGCPY
                0x00000c6c        0x8 .\CortexM3\ARM_GCC_541\Debug\cyfitter_cfg.o
 .text.ClockSetup
                0x00000c74      0x130 .\CortexM3\ARM_GCC_541\Debug\cyfitter_cfg.o
 .text.ADC_DelSig_AMux_Set
                0x00000da4       0x1c .\CortexM3\ARM_GCC_541\Debug\cyfitter_cfg.o
                0x00000da4                ADC_DelSig_AMux_Set
 .text.ADC_DelSig_AMux_Unset
                0x00000dc0       0x1c .\CortexM3\ARM_GCC_541\Debug\cyfitter_cfg.o
                0x00000dc0                ADC_DelSig_AMux_Unset
 .text.cyfitter_cfg
                0x00000ddc      0x13c .\CortexM3\ARM_GCC_541\Debug\cyfitter_cfg.o
                0x00000ddc                cyfitter_cfg
 .text.IntDefaultHandler
                0x00000f18       0x10 .\CortexM3\ARM_GCC_541\Debug\Cm3Start.o
                0x00000f18                IntDefaultHandler
 .text._sbrk    0x00000f28       0x30 .\CortexM3\ARM_GCC_541\Debug\Cm3Start.o
                0x00000f28                _sbrk
 .text.Start_c  0x00000f58       0x4c .\CortexM3\ARM_GCC_541\Debug\Cm3Start.o
                0x00000f58                Start_c
 .text.initialize_psoc
                0x00000fa4       0x68 .\CortexM3\ARM_GCC_541\Debug\Cm3Start.o
                0x00000fa4                initialize_psoc
 .text.SPIM_1_EnableTxInt
                0x0000100c        0xc .\CortexM3\ARM_GCC_541\Debug\Final_Project_Group5.a(SPIM_1.o)
                0x0000100c                SPIM_1_EnableTxInt
 .text.SPIM_1_EnableRxInt
                0x00001018        0xc .\CortexM3\ARM_GCC_541\Debug\Final_Project_Group5.a(SPIM_1.o)
                0x00001018                SPIM_1_EnableRxInt
 .text.SPIM_1_Enable
                0x00001024       0x3c .\CortexM3\ARM_GCC_541\Debug\Final_Project_Group5.a(SPIM_1.o)
                0x00001024                SPIM_1_Enable
 .text.SPIM_1_DisableTxInt
                0x00001060        0xc .\CortexM3\ARM_GCC_541\Debug\Final_Project_Group5.a(SPIM_1.o)
                0x00001060                SPIM_1_DisableTxInt
 .text.SPIM_1_DisableRxInt
                0x0000106c        0xc .\CortexM3\ARM_GCC_541\Debug\Final_Project_Group5.a(SPIM_1.o)
                0x0000106c                SPIM_1_DisableRxInt
 .text.SPIM_1_ReadTxStatus
                0x00001078       0x28 .\CortexM3\ARM_GCC_541\Debug\Final_Project_Group5.a(SPIM_1.o)
                0x00001078                SPIM_1_ReadTxStatus
 .text.SPIM_1_ReadRxStatus
                0x000010a0       0x28 .\CortexM3\ARM_GCC_541\Debug\Final_Project_Group5.a(SPIM_1.o)
                0x000010a0                SPIM_1_ReadRxStatus
 .text.SPIM_1_WriteTxData
                0x000010c8       0xd4 .\CortexM3\ARM_GCC_541\Debug\Final_Project_Group5.a(SPIM_1.o)
                0x000010c8                SPIM_1_WriteTxData
 .text.SPIM_1_ReadRxData
                0x0000119c       0x64 .\CortexM3\ARM_GCC_541\Debug\Final_Project_Group5.a(SPIM_1.o)
                0x0000119c                SPIM_1_ReadRxData
 .text.SPIM_1_ClearRxBuffer
                0x00001200       0x40 .\CortexM3\ARM_GCC_541\Debug\Final_Project_Group5.a(SPIM_1.o)
                0x00001200                SPIM_1_ClearRxBuffer
 .text.SPIM_1_ClearTxBuffer
                0x00001240       0x54 .\CortexM3\ARM_GCC_541\Debug\Final_Project_Group5.a(SPIM_1.o)
                0x00001240                SPIM_1_ClearTxBuffer
 .text.SPIM_1_PutArray
                0x00001294       0x20 .\CortexM3\ARM_GCC_541\Debug\Final_Project_Group5.a(SPIM_1.o)
                0x00001294                SPIM_1_PutArray
 .text.SPIM_1_ClearFIFO
                0x000012b4       0x3c .\CortexM3\ARM_GCC_541\Debug\Final_Project_Group5.a(SPIM_1.o)
                0x000012b4                SPIM_1_ClearFIFO
 .text.SPIM_1_Init
                0x000012f0       0x90 .\CortexM3\ARM_GCC_541\Debug\Final_Project_Group5.a(SPIM_1.o)
                0x000012f0                SPIM_1_Init
 .text.SPIM_1_Start
                0x00001380       0x1c .\CortexM3\ARM_GCC_541\Debug\Final_Project_Group5.a(SPIM_1.o)
                0x00001380                SPIM_1_Start
 .text.SPIM_1_TX_ISR
                0x0000139c       0xa0 .\CortexM3\ARM_GCC_541\Debug\Final_Project_Group5.a(SPIM_1_INT.o)
                0x0000139c                SPIM_1_TX_ISR
 .text.SPIM_1_RX_ISR
                0x0000143c       0xa0 .\CortexM3\ARM_GCC_541\Debug\Final_Project_Group5.a(SPIM_1_INT.o)
                0x0000143c                SPIM_1_RX_ISR
 .text.UART_1_Init
                0x000014dc       0x24 .\CortexM3\ARM_GCC_541\Debug\Final_Project_Group5.a(UART_1.o)
                0x000014dc                UART_1_Init
 .text.UART_1_Enable
                0x00001500       0x38 .\CortexM3\ARM_GCC_541\Debug\Final_Project_Group5.a(UART_1.o)
                0x00001500                UART_1_Enable
 .text.UART_1_Start
                0x00001538       0x1c .\CortexM3\ARM_GCC_541\Debug\Final_Project_Group5.a(UART_1.o)
                0x00001538                UART_1_Start
 .text.UART_1_GetChar
                0x00001554       0x2c .\CortexM3\ARM_GCC_541\Debug\Final_Project_Group5.a(UART_1.o)
                0x00001554                UART_1_GetChar
 .text.UART_1_PutChar
                0x00001580       0x18 .\CortexM3\ARM_GCC_541\Debug\Final_Project_Group5.a(UART_1.o)
                0x00001580                UART_1_PutChar
 .text.UART_1_PutString
                0x00001598       0x24 .\CortexM3\ARM_GCC_541\Debug\Final_Project_Group5.a(UART_1.o)
                0x00001598                UART_1_PutString
 .text.CS_1_Write
                0x000015bc       0x18 .\CortexM3\ARM_GCC_541\Debug\Final_Project_Group5.a(CS_1.o)
                0x000015bc                CS_1_Write
 .text.CS_2_Write
                0x000015d4       0x18 .\CortexM3\ARM_GCC_541\Debug\Final_Project_Group5.a(CS_2.o)
                0x000015d4                CS_2_Write
 .text.SPIM_2_EnableTxInt
                0x000015ec        0xc .\CortexM3\ARM_GCC_541\Debug\Final_Project_Group5.a(SPIM_2.o)
                0x000015ec                SPIM_2_EnableTxInt
 .text.SPIM_2_EnableRxInt
                0x000015f8        0xc .\CortexM3\ARM_GCC_541\Debug\Final_Project_Group5.a(SPIM_2.o)
                0x000015f8                SPIM_2_EnableRxInt
 .text.SPIM_2_Enable
                0x00001604       0x3c .\CortexM3\ARM_GCC_541\Debug\Final_Project_Group5.a(SPIM_2.o)
                0x00001604                SPIM_2_Enable
 .text.SPIM_2_DisableTxInt
                0x00001640        0xc .\CortexM3\ARM_GCC_541\Debug\Final_Project_Group5.a(SPIM_2.o)
                0x00001640                SPIM_2_DisableTxInt
 .text.SPIM_2_DisableRxInt
                0x0000164c        0xc .\CortexM3\ARM_GCC_541\Debug\Final_Project_Group5.a(SPIM_2.o)
                0x0000164c                SPIM_2_DisableRxInt
 .text.SPIM_2_ReadTxStatus
                0x00001658       0x28 .\CortexM3\ARM_GCC_541\Debug\Final_Project_Group5.a(SPIM_2.o)
                0x00001658                SPIM_2_ReadTxStatus
 .text.SPIM_2_ReadRxStatus
                0x00001680       0x28 .\CortexM3\ARM_GCC_541\Debug\Final_Project_Group5.a(SPIM_2.o)
                0x00001680                SPIM_2_ReadRxStatus
 .text.SPIM_2_WriteTxData
                0x000016a8       0xd4 .\CortexM3\ARM_GCC_541\Debug\Final_Project_Group5.a(SPIM_2.o)
                0x000016a8                SPIM_2_WriteTxData
 .text.SPIM_2_ReadRxData
                0x0000177c       0x64 .\CortexM3\ARM_GCC_541\Debug\Final_Project_Group5.a(SPIM_2.o)
                0x0000177c                SPIM_2_ReadRxData
 .text.SPIM_2_ClearRxBuffer
                0x000017e0       0x40 .\CortexM3\ARM_GCC_541\Debug\Final_Project_Group5.a(SPIM_2.o)
                0x000017e0                SPIM_2_ClearRxBuffer
 .text.SPIM_2_ClearTxBuffer
                0x00001820       0x54 .\CortexM3\ARM_GCC_541\Debug\Final_Project_Group5.a(SPIM_2.o)
                0x00001820                SPIM_2_ClearTxBuffer
 .text.SPIM_2_PutArray
                0x00001874       0x20 .\CortexM3\ARM_GCC_541\Debug\Final_Project_Group5.a(SPIM_2.o)
                0x00001874                SPIM_2_PutArray
 .text.SPIM_2_ClearFIFO
                0x00001894       0x3c .\CortexM3\ARM_GCC_541\Debug\Final_Project_Group5.a(SPIM_2.o)
                0x00001894                SPIM_2_ClearFIFO
 .text.SPIM_2_Init
                0x000018d0       0x90 .\CortexM3\ARM_GCC_541\Debug\Final_Project_Group5.a(SPIM_2.o)
                0x000018d0                SPIM_2_Init
 .text.SPIM_2_Start
                0x00001960       0x1c .\CortexM3\ARM_GCC_541\Debug\Final_Project_Group5.a(SPIM_2.o)
                0x00001960                SPIM_2_Start
 .text.SPIM_2_TX_ISR
                0x0000197c       0xa0 .\CortexM3\ARM_GCC_541\Debug\Final_Project_Group5.a(SPIM_2_INT.o)
                0x0000197c                SPIM_2_TX_ISR
 .text.SPIM_2_RX_ISR
                0x00001a1c       0xa0 .\CortexM3\ARM_GCC_541\Debug\Final_Project_Group5.a(SPIM_2_INT.o)
                0x00001a1c                SPIM_2_RX_ISR
 .text.isr_RX_SetVector
                0x00001abc        0xc .\CortexM3\ARM_GCC_541\Debug\Final_Project_Group5.a(isr_RX.o)
                0x00001abc                isr_RX_SetVector
 .text.isr_RX_SetPriority
                0x00001ac8       0x10 .\CortexM3\ARM_GCC_541\Debug\Final_Project_Group5.a(isr_RX.o)
                0x00001ac8                isr_RX_SetPriority
 .text.isr_RX_Enable
                0x00001ad8        0xc .\CortexM3\ARM_GCC_541\Debug\Final_Project_Group5.a(isr_RX.o)
                0x00001ad8                isr_RX_Enable
 .text.isr_RX_Disable
                0x00001ae4        0xc .\CortexM3\ARM_GCC_541\Debug\Final_Project_Group5.a(isr_RX.o)
                0x00001ae4                isr_RX_Disable
 .text.isr_RX_StartEx
                0x00001af0       0x1c .\CortexM3\ARM_GCC_541\Debug\Final_Project_Group5.a(isr_RX.o)
                0x00001af0                isr_RX_StartEx
 .text.SPIM_1_IntClock_Start
                0x00001b0c       0x1c .\CortexM3\ARM_GCC_541\Debug\Final_Project_Group5.a(SPIM_1_IntClock.o)
                0x00001b0c                SPIM_1_IntClock_Start
 .text.UART_1_IntClock_Start
                0x00001b28       0x1c .\CortexM3\ARM_GCC_541\Debug\Final_Project_Group5.a(UART_1_IntClock.o)
                0x00001b28                UART_1_IntClock_Start
 .text.SPIM_2_IntClock_Start
                0x00001b44       0x1c .\CortexM3\ARM_GCC_541\Debug\Final_Project_Group5.a(SPIM_2_IntClock.o)
                0x00001b44                SPIM_2_IntClock_Start
 .text.CyHalt   0x00001b60        0x4 .\CortexM3\ARM_GCC_541\Debug\Final_Project_Group5.a(CyLib.o)
                0x00001b60                CyHalt
 .text.CyDelay  0x00001b64       0x2c .\CortexM3\ARM_GCC_541\Debug\Final_Project_Group5.a(CyLib.o)
                0x00001b64                CyDelay
 .text.CyDelayUs
                0x00001b90       0x14 .\CortexM3\ARM_GCC_541\Debug\Final_Project_Group5.a(CyLib.o)
                0x00001b90                CyDelayUs
 .text.CyIntSetVector
                0x00001ba4       0x28 .\CortexM3\ARM_GCC_541\Debug\Final_Project_Group5.a(CyLib.o)
                0x00001ba4                CyIntSetVector
 .text.CyIntSetPriority
                0x00001bcc       0x30 .\CortexM3\ARM_GCC_541\Debug\Final_Project_Group5.a(CyLib.o)
                0x00001bcc                CyIntSetPriority
 .text.isr_FIFO_SetVector
                0x00001bfc        0xc .\CortexM3\ARM_GCC_541\Debug\Final_Project_Group5.a(isr_FIFO.o)
                0x00001bfc                isr_FIFO_SetVector
 .text.isr_FIFO_SetPriority
                0x00001c08       0x10 .\CortexM3\ARM_GCC_541\Debug\Final_Project_Group5.a(isr_FIFO.o)
                0x00001c08                isr_FIFO_SetPriority
 .text.isr_FIFO_Enable
                0x00001c18       0x10 .\CortexM3\ARM_GCC_541\Debug\Final_Project_Group5.a(isr_FIFO.o)
                0x00001c18                isr_FIFO_Enable
 .text.isr_FIFO_Disable
                0x00001c28       0x10 .\CortexM3\ARM_GCC_541\Debug\Final_Project_Group5.a(isr_FIFO.o)
                0x00001c28                isr_FIFO_Disable
 .text.isr_FIFO_StartEx
                0x00001c38       0x1c .\CortexM3\ARM_GCC_541\Debug\Final_Project_Group5.a(isr_FIFO.o)
                0x00001c38                isr_FIFO_StartEx
 .text.isr_FIFO_Stop
                0x00001c54       0x14 .\CortexM3\ARM_GCC_541\Debug\Final_Project_Group5.a(isr_FIFO.o)
                0x00001c54                isr_FIFO_Stop
 .text.ADC_DelSig_GainCompensation
                0x00001c68       0xdc .\CortexM3\ARM_GCC_541\Debug\Final_Project_Group5.a(ADC_DelSig.o)
 .text.ADC_DelSig_SetDSMRef0Reg
                0x00001d44       0x4c .\CortexM3\ARM_GCC_541\Debug\Final_Project_Group5.a(ADC_DelSig.o)
 .text.ADC_DelSig_InitConfig
                0x00001d90       0xe0 .\CortexM3\ARM_GCC_541\Debug\Final_Project_Group5.a(ADC_DelSig.o)
 .text.ADC_DelSig_Init
                0x00001e70       0xc4 .\CortexM3\ARM_GCC_541\Debug\Final_Project_Group5.a(ADC_DelSig.o)
                0x00001e70                ADC_DelSig_Init
 .text.ADC_DelSig_Enable
                0x00001f34       0xd8 .\CortexM3\ARM_GCC_541\Debug\Final_Project_Group5.a(ADC_DelSig.o)
                0x00001f34                ADC_DelSig_Enable
 .text.ADC_DelSig_Start
                0x0000200c       0x28 .\CortexM3\ARM_GCC_541\Debug\Final_Project_Group5.a(ADC_DelSig.o)
                0x0000200c                ADC_DelSig_Start
 .text.ADC_DelSig_StartConvert
                0x00002034       0x10 .\CortexM3\ARM_GCC_541\Debug\Final_Project_Group5.a(ADC_DelSig.o)
                0x00002034                ADC_DelSig_StartConvert
 .text.ADC_DelSig_StopConvert
                0x00002044       0x10 .\CortexM3\ARM_GCC_541\Debug\Final_Project_Group5.a(ADC_DelSig.o)
                0x00002044                ADC_DelSig_StopConvert
 .text.ADC_DelSig_IsEndConversion
                0x00002054       0x30 .\CortexM3\ARM_GCC_541\Debug\Final_Project_Group5.a(ADC_DelSig.o)
                0x00002054                ADC_DelSig_IsEndConversion
 .text.ADC_DelSig_GetResult32
                0x00002084       0x6c .\CortexM3\ARM_GCC_541\Debug\Final_Project_Group5.a(ADC_DelSig.o)
                0x00002084                ADC_DelSig_GetResult32
 .text.ADC_DelSig_Read32
                0x000020f0       0x28 .\CortexM3\ARM_GCC_541\Debug\Final_Project_Group5.a(ADC_DelSig.o)
                0x000020f0                ADC_DelSig_Read32
 .text.ADC_DelSig_ISR1
                0x00002118        0x4 .\CortexM3\ARM_GCC_541\Debug\Final_Project_Group5.a(ADC_DelSig_INT.o)
                0x00002118                ADC_DelSig_ISR1
 .text.Timer_Enable
                0x0000211c       0x28 .\CortexM3\ARM_GCC_541\Debug\Final_Project_Group5.a(Timer.o)
                0x0000211c                Timer_Enable
 .text.Timer_Stop
                0x00002144       0x28 .\CortexM3\ARM_GCC_541\Debug\Final_Project_Group5.a(Timer.o)
                0x00002144                Timer_Stop
 .text.Timer_SetInterruptMode
                0x0000216c        0xc .\CortexM3\ARM_GCC_541\Debug\Final_Project_Group5.a(Timer.o)
                0x0000216c                Timer_SetInterruptMode
 .text.Timer_ReadStatusRegister
                0x00002178        0xc .\CortexM3\ARM_GCC_541\Debug\Final_Project_Group5.a(Timer.o)
                0x00002178                Timer_ReadStatusRegister
 .text.Timer_WritePeriod
                0x00002184        0xc .\CortexM3\ARM_GCC_541\Debug\Final_Project_Group5.a(Timer.o)
                0x00002184                Timer_WritePeriod
 .text.Timer_WriteCounter
                0x00002190        0xc .\CortexM3\ARM_GCC_541\Debug\Final_Project_Group5.a(Timer.o)
                0x00002190                Timer_WriteCounter
 .text.Timer_Init
                0x0000219c       0x64 .\CortexM3\ARM_GCC_541\Debug\Final_Project_Group5.a(Timer.o)
                0x0000219c                Timer_Init
 .text.Timer_Start
                0x00002200       0x1c .\CortexM3\ARM_GCC_541\Debug\Final_Project_Group5.a(Timer.o)
                0x00002200                Timer_Start
 .text.isr_ADC_SetVector
                0x0000221c       0x10 .\CortexM3\ARM_GCC_541\Debug\Final_Project_Group5.a(isr_ADC.o)
                0x0000221c                isr_ADC_SetVector
 .text.isr_ADC_SetPriority
                0x0000222c       0x10 .\CortexM3\ARM_GCC_541\Debug\Final_Project_Group5.a(isr_ADC.o)
                0x0000222c                isr_ADC_SetPriority
 .text.isr_ADC_Enable
                0x0000223c       0x10 .\CortexM3\ARM_GCC_541\Debug\Final_Project_Group5.a(isr_ADC.o)
                0x0000223c                isr_ADC_Enable
 .text.isr_ADC_Disable
                0x0000224c       0x10 .\CortexM3\ARM_GCC_541\Debug\Final_Project_Group5.a(isr_ADC.o)
                0x0000224c                isr_ADC_Disable
 .text.isr_ADC_StartEx
                0x0000225c       0x1c .\CortexM3\ARM_GCC_541\Debug\Final_Project_Group5.a(isr_ADC.o)
                0x0000225c                isr_ADC_StartEx
 .text.ADC_DelSig_AMux_Start
                0x00002278       0x20 .\CortexM3\ARM_GCC_541\Debug\Final_Project_Group5.a(ADC_DelSig_AMux.o)
                0x00002278                ADC_DelSig_AMux_Start
 .text.ADC_DelSig_AMux_Select
                0x00002298       0x18 .\CortexM3\ARM_GCC_541\Debug\Final_Project_Group5.a(ADC_DelSig_AMux.o)
                0x00002298                ADC_DelSig_AMux_Select
 .text.ADC_DelSig_Ext_CP_Clk_GetDividerRegister
                0x000022b0        0xc .\CortexM3\ARM_GCC_541\Debug\Final_Project_Group5.a(ADC_DelSig_Ext_CP_Clk.o)
                0x000022b0                ADC_DelSig_Ext_CP_Clk_GetDividerRegister
 .text.ADC_DelSig_Ext_CP_Clk_SetModeRegister
                0x000022bc       0x14 .\CortexM3\ARM_GCC_541\Debug\Final_Project_Group5.a(ADC_DelSig_Ext_CP_Clk.o)
                0x000022bc                ADC_DelSig_Ext_CP_Clk_SetModeRegister
 .text.ADC_DelSig_Ext_CP_Clk_GetSourceRegister
                0x000022d0       0x10 .\CortexM3\ARM_GCC_541\Debug\Final_Project_Group5.a(ADC_DelSig_Ext_CP_Clk.o)
                0x000022d0                ADC_DelSig_Ext_CP_Clk_GetSourceRegister
 .text.ADC_DelSig_Ext_CP_Clk_SetDividerRegister
                0x000022e0       0xd8 .\CortexM3\ARM_GCC_541\Debug\Final_Project_Group5.a(ADC_DelSig_Ext_CP_Clk.o)
                0x000022e0                ADC_DelSig_Ext_CP_Clk_SetDividerRegister
 .text.ADC_DelSig_theACLK_GetDividerRegister
                0x000023b8        0xc .\CortexM3\ARM_GCC_541\Debug\Final_Project_Group5.a(ADC_DelSig_theACLK.o)
                0x000023b8                ADC_DelSig_theACLK_GetDividerRegister
 .text.ADC_DelSig_theACLK_SetModeRegister
                0x000023c4       0x14 .\CortexM3\ARM_GCC_541\Debug\Final_Project_Group5.a(ADC_DelSig_theACLK.o)
                0x000023c4                ADC_DelSig_theACLK_SetModeRegister
 .text.ADC_DelSig_theACLK_GetSourceRegister
                0x000023d8       0x10 .\CortexM3\ARM_GCC_541\Debug\Final_Project_Group5.a(ADC_DelSig_theACLK.o)
                0x000023d8                ADC_DelSig_theACLK_GetSourceRegister
 .text.ADC_DelSig_theACLK_SetDividerRegister
                0x000023e8       0xd8 .\CortexM3\ARM_GCC_541\Debug\Final_Project_Group5.a(ADC_DelSig_theACLK.o)
                0x000023e8                ADC_DelSig_theACLK_SetDividerRegister
 .text.Ext_LED_Write
                0x000024c0       0x18 .\CortexM3\ARM_GCC_541\Debug\Final_Project_Group5.a(Ext_LED.o)
                0x000024c0                Ext_LED_Write
 .text.PWM_OnboardLED_Enable
                0x000024d8       0x10 .\CortexM3\ARM_GCC_541\Debug\Final_Project_Group5.a(PWM_OnboardLED.o)
                0x000024d8                PWM_OnboardLED_Enable
 .text.PWM_OnboardLED_WriteCounter
                0x000024e8        0xc .\CortexM3\ARM_GCC_541\Debug\Final_Project_Group5.a(PWM_OnboardLED.o)
                0x000024e8                PWM_OnboardLED_WriteCounter
 .text.PWM_OnboardLED_WritePeriod
                0x000024f4        0xc .\CortexM3\ARM_GCC_541\Debug\Final_Project_Group5.a(PWM_OnboardLED.o)
                0x000024f4                PWM_OnboardLED_WritePeriod
 .text.PWM_OnboardLED_WriteCompare
                0x00002500        0xc .\CortexM3\ARM_GCC_541\Debug\Final_Project_Group5.a(PWM_OnboardLED.o)
                0x00002500                PWM_OnboardLED_WriteCompare
 .text.PWM_OnboardLED_SetInterruptMode
                0x0000250c        0xc .\CortexM3\ARM_GCC_541\Debug\Final_Project_Group5.a(PWM_OnboardLED.o)
                0x0000250c                PWM_OnboardLED_SetInterruptMode
 .text.PWM_OnboardLED_ReadStatusRegister
                0x00002518        0xc .\CortexM3\ARM_GCC_541\Debug\Final_Project_Group5.a(PWM_OnboardLED.o)
                0x00002518                PWM_OnboardLED_ReadStatusRegister
 .text.PWM_OnboardLED_ReadCapture
                0x00002524        0xc .\CortexM3\ARM_GCC_541\Debug\Final_Project_Group5.a(PWM_OnboardLED.o)
                0x00002524                PWM_OnboardLED_ReadCapture
 .text.PWM_OnboardLED_ClearFIFO
                0x00002530       0x14 .\CortexM3\ARM_GCC_541\Debug\Final_Project_Group5.a(PWM_OnboardLED.o)
                0x00002530                PWM_OnboardLED_ClearFIFO
 .text.PWM_OnboardLED_Init
                0x00002544       0x50 .\CortexM3\ARM_GCC_541\Debug\Final_Project_Group5.a(PWM_OnboardLED.o)
                0x00002544                PWM_OnboardLED_Init
 .text.PWM_OnboardLED_Start
                0x00002594       0x1c .\CortexM3\ARM_GCC_541\Debug\Final_Project_Group5.a(PWM_OnboardLED.o)
                0x00002594                PWM_OnboardLED_Start
 .text.ISR_Button_SetVector
                0x000025b0        0xc .\CortexM3\ARM_GCC_541\Debug\Final_Project_Group5.a(ISR_Button.o)
                0x000025b0                ISR_Button_SetVector
 .text.ISR_Button_SetPriority
                0x000025bc       0x10 .\CortexM3\ARM_GCC_541\Debug\Final_Project_Group5.a(ISR_Button.o)
                0x000025bc                ISR_Button_SetPriority
 .text.ISR_Button_Enable
                0x000025cc        0xc .\CortexM3\ARM_GCC_541\Debug\Final_Project_Group5.a(ISR_Button.o)
                0x000025cc                ISR_Button_Enable
 .text.ISR_Button_Disable
                0x000025d8        0xc .\CortexM3\ARM_GCC_541\Debug\Final_Project_Group5.a(ISR_Button.o)
                0x000025d8                ISR_Button_Disable
 .text.ISR_Button_StartEx
                0x000025e4       0x1c .\CortexM3\ARM_GCC_541\Debug\Final_Project_Group5.a(ISR_Button.o)
                0x000025e4                ISR_Button_StartEx
 .text.Onboard_Button_Read
                0x00002600       0x10 .\CortexM3\ARM_GCC_541\Debug\Final_Project_Group5.a(Onboard_Button.o)
                0x00002600                Onboard_Button_Read
 .text          0x00002610       0x20 .\CortexM3\ARM_GCC_541\Debug\Final_Project_Group5.a(CyBootAsmGnu.o)
                0x00002610                CyDelayCycles
                0x00002620                CyEnterCriticalSection
                0x00002628                CyExitCriticalSection
 .text.__errno  0x00002630        0xc c:/program files (x86)/cypress/psoc creator/4.3/psoc creator/import/gnu/arm/5.4.1/bin/../lib/gcc/arm-none-eabi/5.4.1/../../../../arm-none-eabi/lib/armv7-m\libg_nano.a(lib_a-errno.o)
                0x00002630                __errno
 .text.__libc_init_array
                0x0000263c       0x4c c:/program files (x86)/cypress/psoc creator/4.3/psoc creator/import/gnu/arm/5.4.1/bin/../lib/gcc/arm-none-eabi/5.4.1/../../../../arm-none-eabi/lib/armv7-m\libg_nano.a(lib_a-init.o)
                0x0000263c                __libc_init_array
 .text.memcpy   0x00002688       0x16 c:/program files (x86)/cypress/psoc creator/4.3/psoc creator/import/gnu/arm/5.4.1/bin/../lib/gcc/arm-none-eabi/5.4.1/../../../../arm-none-eabi/lib/armv7-m\libg_nano.a(lib_a-memcpy-stub.o)
                0x00002688                memcpy
 .text.memset   0x0000269e       0x10 c:/program files (x86)/cypress/psoc creator/4.3/psoc creator/import/gnu/arm/5.4.1/bin/../lib/gcc/arm-none-eabi/5.4.1/../../../../arm-none-eabi/lib/armv7-m\libg_nano.a(lib_a-memset.o)
                0x0000269e                memset
 *fill*         0x000026ae        0x2 
 .text.sprintf  0x000026b0       0x48 c:/program files (x86)/cypress/psoc creator/4.3/psoc creator/import/gnu/arm/5.4.1/bin/../lib/gcc/arm-none-eabi/5.4.1/../../../../arm-none-eabi/lib/armv7-m\libg_nano.a(lib_a-sprintf.o)
                0x000026b0                siprintf
                0x000026b0                sprintf
 .text.__ssputs_r
                0x000026f8       0xb2 c:/program files (x86)/cypress/psoc creator/4.3/psoc creator/import/gnu/arm/5.4.1/bin/../lib/gcc/arm-none-eabi/5.4.1/../../../../arm-none-eabi/lib/armv7-m\libg_nano.a(lib_a-nano-svfprintf.o)
                0x000026f8                __ssputs_r
 *fill*         0x000027aa        0x2 
 .text._svfprintf_r
                0x000027ac      0x1e8 c:/program files (x86)/cypress/psoc creator/4.3/psoc creator/import/gnu/arm/5.4.1/bin/../lib/gcc/arm-none-eabi/5.4.1/../../../../arm-none-eabi/lib/armv7-m\libg_nano.a(lib_a-nano-svfprintf.o)
                0x000027ac                _svfiprintf_r
                0x000027ac                _svfprintf_r
 .text._printf_common
                0x00002994       0xec c:/program files (x86)/cypress/psoc creator/4.3/psoc creator/import/gnu/arm/5.4.1/bin/../lib/gcc/arm-none-eabi/5.4.1/../../../../arm-none-eabi/lib/armv7-m\libg_nano.a(lib_a-nano-vfprintf_i.o)
                0x00002994                _printf_common
 .text._printf_i
                0x00002a80      0x24c c:/program files (x86)/cypress/psoc creator/4.3/psoc creator/import/gnu/arm/5.4.1/bin/../lib/gcc/arm-none-eabi/5.4.1/../../../../arm-none-eabi/lib/armv7-m\libg_nano.a(lib_a-nano-vfprintf_i.o)
                0x00002a80                _printf_i
 .text.memchr   0x00002ccc       0x1c c:/program files (x86)/cypress/psoc creator/4.3/psoc creator/import/gnu/arm/5.4.1/bin/../lib/gcc/arm-none-eabi/5.4.1/../../../../arm-none-eabi/lib/armv7-m\libg_nano.a(lib_a-memchr-stub.o)
                0x00002ccc                memchr
 .text.memmove  0x00002ce8       0x36 c:/program files (x86)/cypress/psoc creator/4.3/psoc creator/import/gnu/arm/5.4.1/bin/../lib/gcc/arm-none-eabi/5.4.1/../../../../arm-none-eabi/lib/armv7-m\libg_nano.a(lib_a-memmove.o)
                0x00002ce8                memmove
 *fill*         0x00002d1e        0x2 
 .text._free_r  0x00002d20       0x98 c:/program files (x86)/cypress/psoc creator/4.3/psoc creator/import/gnu/arm/5.4.1/bin/../lib/gcc/arm-none-eabi/5.4.1/../../../../arm-none-eabi/lib/armv7-m\libg_nano.a(lib_a-nano-freer.o)
                0x00002d20                _free_r
 .text._malloc_r
                0x00002db8       0xbc c:/program files (x86)/cypress/psoc creator/4.3/psoc creator/import/gnu/arm/5.4.1/bin/../lib/gcc/arm-none-eabi/5.4.1/../../../../arm-none-eabi/lib/armv7-m\libg_nano.a(lib_a-nano-mallocr.o)
                0x00002db8                _malloc_r
 .text._realloc_r
                0x00002e74       0x4c c:/program files (x86)/cypress/psoc creator/4.3/psoc creator/import/gnu/arm/5.4.1/bin/../lib/gcc/arm-none-eabi/5.4.1/../../../../arm-none-eabi/lib/armv7-m\libg_nano.a(lib_a-nano-reallocr.o)
                0x00002e74                _realloc_r
 .text._sbrk_r  0x00002ec0       0x20 c:/program files (x86)/cypress/psoc creator/4.3/psoc creator/import/gnu/arm/5.4.1/bin/../lib/gcc/arm-none-eabi/5.4.1/../../../../arm-none-eabi/lib/armv7-m\libg_nano.a(lib_a-sbrkr.o)
                0x00002ec0                _sbrk_r
 .text.__malloc_lock
                0x00002ee0        0x2 c:/program files (x86)/cypress/psoc creator/4.3/psoc creator/import/gnu/arm/5.4.1/bin/../lib/gcc/arm-none-eabi/5.4.1/../../../../arm-none-eabi/lib/armv7-m\libg_nano.a(lib_a-mlock.o)
                0x00002ee0                __malloc_lock
 .text.__malloc_unlock
                0x00002ee2        0x2 c:/program files (x86)/cypress/psoc creator/4.3/psoc creator/import/gnu/arm/5.4.1/bin/../lib/gcc/arm-none-eabi/5.4.1/../../../../arm-none-eabi/lib/armv7-m\libg_nano.a(lib_a-mlock.o)
                0x00002ee2                __malloc_unlock
 .text._malloc_usable_size_r
                0x00002ee4       0x14 c:/program files (x86)/cypress/psoc creator/4.3/psoc creator/import/gnu/arm/5.4.1/bin/../lib/gcc/arm-none-eabi/5.4.1/../../../../arm-none-eabi/lib/armv7-m\libg_nano.a(lib_a-nano-msizer.o)
                0x00002ee4                _malloc_usable_size_r
 *(.plt)
 *(.gnu.warning)
 *(.glue_7t)
 .glue_7t       0x00002ef8        0x0 linker stubs
 *(.glue_7)
 .glue_7        0x00002ef8        0x0 linker stubs
 *(.vfp11_veneer)
 .vfp11_veneer  0x00002ef8        0x0 linker stubs
 *(.bootloader)
 *(.ARM.extab* .gnu.linkonce.armextab.*)
 *(.gcc_except_table)

.v4_bx          0x00002ef8        0x0
 .v4_bx         0x00002ef8        0x0 linker stubs

.iplt           0x00002ef8        0x0
 .iplt          0x00002ef8        0x0 c:/program files (x86)/cypress/psoc creator/4.3/psoc creator/import/gnu/arm/5.4.1/bin/../lib/gcc/arm-none-eabi/5.4.1/armv7-m/crtbegin.o

.eh_frame_hdr
 *(.eh_frame_hdr)

.eh_frame       0x00002ef8        0x4
 *(.eh_frame)
 .eh_frame      0x00002ef8        0x0 c:/program files (x86)/cypress/psoc creator/4.3/psoc creator/import/gnu/arm/5.4.1/bin/../lib/gcc/arm-none-eabi/5.4.1/armv7-m/crtbegin.o
 .eh_frame      0x00002ef8        0x4 c:/program files (x86)/cypress/psoc creator/4.3/psoc creator/import/gnu/arm/5.4.1/bin/../lib/gcc/arm-none-eabi/5.4.1/armv7-m/crtend.o
                [!provide]                PROVIDE (__exidx_start, .)

.ARM.exidx
 *(.ARM.exidx* .gnu.linkonce.armexidx.*)
                0x00002efc                __exidx_end = .

.rodata         0x00002efc      0x9ec
 *(.rodata .rodata.* .gnu.linkonce.r.*)
 .rodata.str1.4
                0x00002efc      0x1a7 .\CortexM3\ARM_GCC_541\Debug\main.o
 *fill*         0x000030a3        0x1 
 .rodata.str1.4
                0x000030a4      0x3d5 .\CortexM3\ARM_GCC_541\Debug\InterruptRoutines.o
                                0x411 (size before relaxing)
 *fill*         0x00003479        0x3 
 .rodata.str1.4
                0x0000347c      0x39c .\CortexM3\ARM_GCC_541\Debug\Functions.o
                                0x3a0 (size before relaxing)
 .rodata        0x00003818       0x66 .\CortexM3\ARM_GCC_541\Debug\cyfitter_cfg.o
                0x00003818                ADC_DelSig_AMux__addrTable
                0x00003820                ADC_DelSig_AMux__maskTable
 .rodata.str1.1
                0x0000387e        0x2 c:/program files (x86)/cypress/psoc creator/4.3/psoc creator/import/gnu/arm/5.4.1/bin/../lib/gcc/arm-none-eabi/5.4.1/../../../../arm-none-eabi/lib/armv7-m\libg_nano.a(lib_a-impure.o)
 .rodata.str1.1
                0x00003880       0x11 c:/program files (x86)/cypress/psoc creator/4.3/psoc creator/import/gnu/arm/5.4.1/bin/../lib/gcc/arm-none-eabi/5.4.1/../../../../arm-none-eabi/lib/armv7-m\libg_nano.a(lib_a-nano-svfprintf.o)
 .rodata.str1.1
                0x00003891       0x22 c:/program files (x86)/cypress/psoc creator/4.3/psoc creator/import/gnu/arm/5.4.1/bin/../lib/gcc/arm-none-eabi/5.4.1/../../../../arm-none-eabi/lib/armv7-m\libg_nano.a(lib_a-nano-vfprintf_i.o)
                0x000038b4                . = ALIGN (0x4)
 *fill*         0x000038b3        0x1 
 *(.init)
 .init          0x000038b4        0x4 c:/program files (x86)/cypress/psoc creator/4.3/psoc creator/import/gnu/arm/5.4.1/bin/../lib/gcc/arm-none-eabi/5.4.1/armv7-m/crti.o
                0x000038b4                _init
 .init          0x000038b8        0x8 c:/program files (x86)/cypress/psoc creator/4.3/psoc creator/import/gnu/arm/5.4.1/bin/../lib/gcc/arm-none-eabi/5.4.1/armv7-m/crtn.o
                0x000038c0                . = ALIGN (0x4)
                0x000038c0                __preinit_array_start = .
 *(.preinit_array)
                0x000038c0                __preinit_array_end = .
                0x000038c0                . = ALIGN (0x4)
                0x000038c0                __init_array_start = .
 *(SORT(.init_array.*))
 *(.init_array)
 .init_array    0x000038c0        0x4 c:/program files (x86)/cypress/psoc creator/4.3/psoc creator/import/gnu/arm/5.4.1/bin/../lib/gcc/arm-none-eabi/5.4.1/armv7-m/crtbegin.o
 .init_array    0x000038c4        0x4 .\CortexM3\ARM_GCC_541\Debug\Cm3Start.o
                0x000038c8                __init_array_end = .
                0x000038c8                . = ALIGN (0x4)
 *(.fini)
 .fini          0x000038c8        0x4 c:/program files (x86)/cypress/psoc creator/4.3/psoc creator/import/gnu/arm/5.4.1/bin/../lib/gcc/arm-none-eabi/5.4.1/armv7-m/crti.o
                0x000038c8                _fini
 .fini          0x000038cc        0x8 c:/program files (x86)/cypress/psoc creator/4.3/psoc creator/import/gnu/arm/5.4.1/bin/../lib/gcc/arm-none-eabi/5.4.1/armv7-m/crtn.o
                0x000038d4                . = ALIGN (0x4)
                0x000038d4                __fini_array_start = .
 *(.fini_array)
 .fini_array    0x000038d4        0x4 c:/program files (x86)/cypress/psoc creator/4.3/psoc creator/import/gnu/arm/5.4.1/bin/../lib/gcc/arm-none-eabi/5.4.1/armv7-m/crtbegin.o
 *(SORT(.fini_array.*))
                0x000038d8                __fini_array_end = .
                0x000038d8                . = ALIGN (0x4)
 *crtbegin.o(.ctors)
 *(EXCLUDE_FILE(*crtend.o) .ctors)
 *(SORT(.ctors.*))
 *crtend.o(.ctors)
                0x000038d8                . = ALIGN (0x4)
 *crtbegin.o(.dtors)
 *(EXCLUDE_FILE(*crtend.o) .dtors)
 *(SORT(.dtors.*))
 *crtend.o(.dtors)
                0x000038d8                . = ALIGN (0x4)
                0x000038d8                __cy_regions = .
                0x000038d8        0x4 LONG 0x38e8 __cy_region_init_ram
                0x000038dc        0x4 LONG 0x1fff80c8 __cy_region_start_data
                0x000038e0        0x4 LONG 0x80 __cy_region_init_size_ram
                0x000038e4        0x4 LONG 0x250 __cy_region_zero_size_ram
                0x000038e8                __cy_regions_end = .
                0x000038e8                . = ALIGN (0x8)
                0x000038e8                _etext = .

.cy_checksum_exclude
                0x000038e8        0x0
 *(.cy_checksum_exclude)

.ramvectors     0x1fff8000       0xc0
                0x1fff8000                __cy_region_start_ram = .
 *(.ramvectors)
 .ramvectors    0x1fff8000       0xc0 .\CortexM3\ARM_GCC_541\Debug\Cm3Start.o
                0x1fff8000                CyRamVectors

.noinit         0x1fff80c0        0x1
 *(.noinit)
 .noinit        0x1fff80c0        0x1 .\CortexM3\ARM_GCC_541\Debug\Final_Project_Group5.a(CyLib.o)
                0x1fff80c0                CyResetStatus

.data           0x1fff80c8       0x80 load address 0x000038e8
                0x1fff80c8                __cy_region_start_data = .
 *(.jcr)
 .jcr           0x1fff80c8        0x0 c:/program files (x86)/cypress/psoc creator/4.3/psoc creator/import/gnu/arm/5.4.1/bin/../lib/gcc/arm-none-eabi/5.4.1/armv7-m/crtbegin.o
 .jcr           0x1fff80c8        0x4 c:/program files (x86)/cypress/psoc creator/4.3/psoc creator/import/gnu/arm/5.4.1/bin/../lib/gcc/arm-none-eabi/5.4.1/armv7-m/crtend.o
 *(.got.plt)
 *(.got)
 *(.shdata)
 *(.data .data.* .gnu.linkonce.d.*)
 .data          0x1fff80cc        0x4 .\CortexM3\ARM_GCC_541\Debug\Cm3Start.o
 .data          0x1fff80d0       0x10 .\CortexM3\ARM_GCC_541\Debug\Final_Project_Group5.a(CyLib.o)
                0x1fff80d0                cydelay_32k_ms
                0x1fff80d4                cydelay_freq_khz
                0x1fff80d8                cydelay_freq_mhz
                0x1fff80dc                cydelay_freq_hz
 .data          0x1fff80e0        0x1 .\CortexM3\ARM_GCC_541\Debug\Final_Project_Group5.a(ADC_DelSig.o)
                0x1fff80e0                ADC_DelSig_Config
 .data          0x1fff80e1        0x1 .\CortexM3\ARM_GCC_541\Debug\Final_Project_Group5.a(ADC_DelSig_AMux.o)
 *fill*         0x1fff80e2        0x2 
 .data.impure_data
                0x1fff80e4       0x60 c:/program files (x86)/cypress/psoc creator/4.3/psoc creator/import/gnu/arm/5.4.1/bin/../lib/gcc/arm-none-eabi/5.4.1/../../../../arm-none-eabi/lib/armv7-m\libg_nano.a(lib_a-impure.o)
 .data._impure_ptr
                0x1fff8144        0x4 c:/program files (x86)/cypress/psoc creator/4.3/psoc creator/import/gnu/arm/5.4.1/bin/../lib/gcc/arm-none-eabi/5.4.1/../../../../arm-none-eabi/lib/armv7-m\libg_nano.a(lib_a-impure.o)
                0x1fff8144                _impure_ptr
                0x1fff8148                . = ALIGN (0x8)
 *(.ram)
                0x1fff8148                _edata = .

.igot.plt       0x1fff8148        0x0 load address 0x00003968
 .igot.plt      0x1fff8148        0x0 c:/program files (x86)/cypress/psoc creator/4.3/psoc creator/import/gnu/arm/5.4.1/bin/../lib/gcc/arm-none-eabi/5.4.1/armv7-m/crtbegin.o

.bss            0x1fff8148      0x250 load address 0x00003968
                0x1fff8148                PROVIDE (__bss_start__, .)
 *(.shbss)
 *(.bss .bss.* .gnu.linkonce.b.*)
 .bss           0x1fff8148       0x1c c:/program files (x86)/cypress/psoc creator/4.3/psoc creator/import/gnu/arm/5.4.1/bin/../lib/gcc/arm-none-eabi/5.4.1/armv7-m/crtbegin.o
 .bss           0x1fff8164       0x18 .\CortexM3\ARM_GCC_541\Debug\InterruptRoutines.o
                0x1fff8164                TemperatureMode
                0x1fff8165                FahrenheitFlag
                0x1fff8168                dataTemp
 .bss           0x1fff817c        0x1 .\CortexM3\ARM_GCC_541\Debug\Final_Project_Group5.a(SPIM_1.o)
                0x1fff817c                SPIM_1_initVar
 .bss           0x1fff817d        0x2 .\CortexM3\ARM_GCC_541\Debug\Final_Project_Group5.a(UART_1.o)
                0x1fff817d                UART_1_initVar
 .bss           0x1fff817f        0x1 .\CortexM3\ARM_GCC_541\Debug\Final_Project_Group5.a(SPIM_2.o)
                0x1fff817f                SPIM_2_initVar
 .bss           0x1fff8180        0xc .\CortexM3\ARM_GCC_541\Debug\Final_Project_Group5.a(ADC_DelSig.o)
                0x1fff8184                ADC_DelSig_stopConversion
                0x1fff8185                ADC_DelSig_convDone
                0x1fff8186                ADC_DelSig_initVar
                0x1fff8187                ADC_DelSig_started
                0x1fff8188                ADC_DelSig_Offset
 .bss           0x1fff818c        0x1 .\CortexM3\ARM_GCC_541\Debug\Final_Project_Group5.a(Timer.o)
                0x1fff818c                Timer_initVar
 .bss           0x1fff818d        0x1 .\CortexM3\ARM_GCC_541\Debug\Final_Project_Group5.a(PWM_OnboardLED.o)
                0x1fff818d                PWM_OnboardLED_initVar
 *fill*         0x1fff818e        0x2 
 .bss.__malloc_sbrk_start
                0x1fff8190        0x4 c:/program files (x86)/cypress/psoc creator/4.3/psoc creator/import/gnu/arm/5.4.1/bin/../lib/gcc/arm-none-eabi/5.4.1/../../../../arm-none-eabi/lib/armv7-m\libg_nano.a(lib_a-nano-mallocr.o)
                0x1fff8190                __malloc_sbrk_start
 .bss.__malloc_free_list
                0x1fff8194        0x4 c:/program files (x86)/cypress/psoc creator/4.3/psoc creator/import/gnu/arm/5.4.1/bin/../lib/gcc/arm-none-eabi/5.4.1/../../../../arm-none-eabi/lib/armv7-m\libg_nano.a(lib_a-nano-mallocr.o)
                0x1fff8194                __malloc_free_list
 *(COMMON)
 COMMON         0x1fff8198      0x15e .\CortexM3\ARM_GCC_541\Debug\main.o
                0x1fff8198                dataAcc
                0x1fff8258                datiAcc
                0x1fff8260                Buffer_Temp_Full
                0x1fff8264                count_wtm
                0x1fff8268                value_temp
                0x1fff826c                SamplingFreqFlag
                0x1fff826d                StartFlag
                0x1fff826e                FSRFlag
                0x1fff8270                DataBuffer
                0x1fff827a                fifo_src_reg
                0x1fff827c                bufferUART
                0x1fff82e0                PacketReadyFlag
                0x1fff82e2                counter
                0x1fff82e4                data_EE
                0x1fff82ea                FIFO_Read_Flag
                0x1fff82ec                data_BCP
 *fill*         0x1fff82f6        0x2 
 COMMON         0x1fff82f8       0x61 .\CortexM3\ARM_GCC_541\Debug\InterruptRoutines.o
                0x1fff82f8                dataAccTemp
                0x1fff8348                j
                0x1fff834c                value_digit
                0x1fff8350                data_start
                0x1fff8354                value_mv
                0x1fff8358                ch_received
 *fill*         0x1fff8359        0x3 
 COMMON         0x1fff835c       0x1c .\CortexM3\ARM_GCC_541\Debug\Final_Project_Group5.a(SPIM_1.o)
                0x1fff835c                SPIM_1_swStatusTx
                0x1fff8360                SPIM_1_txBuffer
                0x1fff8368                SPIM_1_txBufferFull
                0x1fff8369                SPIM_1_rxBufferWrite
                0x1fff836a                SPIM_1_rxBufferFull
                0x1fff836b                SPIM_1_rxBufferRead
                0x1fff836c                SPIM_1_txBufferWrite
                0x1fff836d                SPIM_1_swStatusRx
                0x1fff836e                SPIM_1_txBufferRead
                0x1fff8370                SPIM_1_rxBuffer
 COMMON         0x1fff8378       0x18 .\CortexM3\ARM_GCC_541\Debug\Final_Project_Group5.a(SPIM_2.o)
                0x1fff8378                SPIM_2_rxBuffer
                0x1fff8380                SPIM_2_swStatusRx
                0x1fff8381                SPIM_2_rxBufferWrite
                0x1fff8382                SPIM_2_rxBufferFull
                0x1fff8383                SPIM_2_txBufferFull
                0x1fff8384                SPIM_2_txBufferRead
                0x1fff8385                SPIM_2_txBufferWrite
                0x1fff8386                SPIM_2_rxBufferRead
                0x1fff8387                SPIM_2_swStatusTx
                0x1fff8388                SPIM_2_txBuffer
 COMMON         0x1fff8390        0x4 .\CortexM3\ARM_GCC_541\Debug\Final_Project_Group5.a(ADC_DelSig.o)
                0x1fff8390                ADC_DelSig_CountsPerVolt
 COMMON         0x1fff8394        0x4 c:/program files (x86)/cypress/psoc creator/4.3/psoc creator/import/gnu/arm/5.4.1/bin/../lib/gcc/arm-none-eabi/5.4.1/../../../../arm-none-eabi/lib/armv7-m\libg_nano.a(lib_a-reent.o)
                0x1fff8394                errno
                0x1fff8398                . = ALIGN (0x8)
 *(.ram.b)
                0x1fff8398                _end = .
                0x1fff8398                __end = .
                0x1fff8398                PROVIDE (end, .)
                0x1fff8398                PROVIDE (__bss_end__, .)
                0x000038e8                __cy_region_init_ram = LOADADDR (.data)
                0x00000080                __cy_region_init_size_ram = (_edata - ADDR (.data))
                0x00000250                __cy_region_zero_size_ram = (_end - _edata)

.heap           0x1fff8398       0x80 load address 0x00003968
                0x1fff8398                . = _end
                0x1fff8418                . = (. + 0x80)
 *fill*         0x1fff8398       0x80 
                0x1fff8418                __cy_heap_limit = .

.stack          0x20007800      0x800
                0x20007800                __cy_stack_limit = .
                0x20008000                . = (. + 0x800)
 *fill*         0x20007800      0x800 
                0x00000001                ASSERT ((__cy_stack_limit >= __cy_heap_limit), region RAM overflowed with stack)
                0x00000000                cy_checksum_exclude_size = (CY_APPL_LOADABLE == 0x1)?SIZEOF (.cy_checksum_exclude):0x0
                0x00000001                ASSERT ((cy_checksum_exclude_size <= CY_CHECKSUM_EXCLUDE_SIZE), CY_BOOT: Section .cy_checksum_exclude size exceedes specified limit.)

.cyloadermeta
 *(.cyloadermeta)

.cyloadablemeta
 *(.cyloadablemeta)

.cyconfigecc    0x80000000      0x93c
 *(.cyconfigecc)
 .cyconfigecc   0x80000000      0x93c .\CortexM3\ARM_GCC_541\Debug\cymetadata.o
                0x80000000                cy_meta_configecc

.cycustnvl      0x90000000        0x4
 *(.cycustnvl)
 .cycustnvl     0x90000000        0x4 .\CortexM3\ARM_GCC_541\Debug\cymetadata.o
                0x90000000                cy_meta_custnvl

.cywolatch      0x90100000        0x4
 *(.cywolatch)
 .cywolatch     0x90100000        0x4 .\CortexM3\ARM_GCC_541\Debug\cymetadata.o
                0x90100000                cy_meta_wonvl

.cyeeprom       0x90200000        0x0
 *(.cyeeprom)
                0x00000001                ASSERT ((. <= ((0x90200000 + ee_offset) + ee_size)), .cyeeprom data will not fit in EEPROM)

.cyflashprotect
                0x90400000      0x100
 *(.cyflashprotect)
 .cyflashprotect
                0x90400000      0x100 .\CortexM3\ARM_GCC_541\Debug\cymetadata.o
                0x90400000                cy_meta_flashprotect

.cymeta         0x90500000        0xc
 *(.cymeta)
 .cymeta        0x90500000        0xc .\CortexM3\ARM_GCC_541\Debug\cymetadata.o
                0x90500000                cy_metadata

.rel.dyn        0x00003968        0x0 load address 0x9050000c
 .rel.iplt      0x00003968        0x0 c:/program files (x86)/cypress/psoc creator/4.3/psoc creator/import/gnu/arm/5.4.1/bin/../lib/gcc/arm-none-eabi/5.4.1/armv7-m/crtbegin.o

.stab
 *(.stab)

.stabstr
 *(.stabstr)

.debug
 *(.debug)

.line
 *(.line)

.debug_srcinfo
 *(.debug_srcinfo)

.debug_sfnames
 *(.debug_sfnames)

.debug_aranges  0x00000000     0x1130
 *(.debug_aranges)
 .debug_aranges
                0x00000000       0x20 .\CortexM3\ARM_GCC_541\Debug\main.o
 .debug_aranges
                0x00000020       0x50 .\CortexM3\ARM_GCC_541\Debug\25LC256.o
 .debug_aranges
                0x00000070       0x38 .\CortexM3\ARM_GCC_541\Debug\InterruptRoutines.o
 .debug_aranges
                0x000000a8       0x30 .\CortexM3\ARM_GCC_541\Debug\LIS3DH.o
 .debug_aranges
                0x000000d8       0x38 .\CortexM3\ARM_GCC_541\Debug\SPI_Interface_25LC256.o
 .debug_aranges
                0x00000110       0x38 .\CortexM3\ARM_GCC_541\Debug\SPI_Interface_LIS3DH.o
 .debug_aranges
                0x00000148       0x40 .\CortexM3\ARM_GCC_541\Debug\Functions.o
 .debug_aranges
                0x00000188       0x68 .\CortexM3\ARM_GCC_541\Debug\cyfitter_cfg.o
 .debug_aranges
                0x000001f0       0x18 .\CortexM3\ARM_GCC_541\Debug\cymetadata.o
 .debug_aranges
                0x00000208       0x48 .\CortexM3\ARM_GCC_541\Debug\Cm3Start.o
 .debug_aranges
                0x00000250       0xd8 .\CortexM3\ARM_GCC_541\Debug\Final_Project_Group5.a(SPIM_1.o)
 .debug_aranges
                0x00000328       0x28 .\CortexM3\ARM_GCC_541\Debug\Final_Project_Group5.a(SPIM_1_INT.o)
 .debug_aranges
                0x00000350       0xf0 .\CortexM3\ARM_GCC_541\Debug\Final_Project_Group5.a(UART_1.o)
 .debug_aranges
                0x00000440       0x38 .\CortexM3\ARM_GCC_541\Debug\Final_Project_Group5.a(CS_1.o)
 .debug_aranges
                0x00000478       0x38 .\CortexM3\ARM_GCC_541\Debug\Final_Project_Group5.a(CS_2.o)
 .debug_aranges
                0x000004b0       0xd8 .\CortexM3\ARM_GCC_541\Debug\Final_Project_Group5.a(SPIM_2.o)
 .debug_aranges
                0x00000588       0x28 .\CortexM3\ARM_GCC_541\Debug\Final_Project_Group5.a(SPIM_2_INT.o)
 .debug_aranges
                0x000005b0       0x80 .\CortexM3\ARM_GCC_541\Debug\Final_Project_Group5.a(isr_RX.o)
 .debug_aranges
                0x00000630       0x70 .\CortexM3\ARM_GCC_541\Debug\Final_Project_Group5.a(SPIM_1_IntClock.o)
 .debug_aranges
                0x000006a0       0x70 .\CortexM3\ARM_GCC_541\Debug\Final_Project_Group5.a(UART_1_IntClock.o)
 .debug_aranges
                0x00000710       0x70 .\CortexM3\ARM_GCC_541\Debug\Final_Project_Group5.a(SPIM_2_IntClock.o)
 .debug_aranges
                0x00000780      0x2a0 .\CortexM3\ARM_GCC_541\Debug\Final_Project_Group5.a(CyLib.o)
 .debug_aranges
                0x00000a20       0x98 .\CortexM3\ARM_GCC_541\Debug\Final_Project_Group5.a(cyPm.o)
 .debug_aranges
                0x00000ab8       0x80 .\CortexM3\ARM_GCC_541\Debug\Final_Project_Group5.a(isr_FIFO.o)
 .debug_aranges
                0x00000b38       0xe8 .\CortexM3\ARM_GCC_541\Debug\Final_Project_Group5.a(ADC_DelSig.o)
 .debug_aranges
                0x00000c20       0x38 .\CortexM3\ARM_GCC_541\Debug\Final_Project_Group5.a(ADC_DelSig_INT.o)
 .debug_aranges
                0x00000c58       0x88 .\CortexM3\ARM_GCC_541\Debug\Final_Project_Group5.a(Timer.o)
 .debug_aranges
                0x00000ce0       0x80 .\CortexM3\ARM_GCC_541\Debug\Final_Project_Group5.a(isr_ADC.o)
 .debug_aranges
                0x00000d60       0x30 .\CortexM3\ARM_GCC_541\Debug\Final_Project_Group5.a(ADC_DelSig_AMux.o)
 .debug_aranges
                0x00000d90       0x70 .\CortexM3\ARM_GCC_541\Debug\Final_Project_Group5.a(ADC_DelSig_Ext_CP_Clk.o)
 .debug_aranges
                0x00000e00       0x80 .\CortexM3\ARM_GCC_541\Debug\Final_Project_Group5.a(ADC_DelSig_theACLK.o)
 .debug_aranges
                0x00000e80       0x38 .\CortexM3\ARM_GCC_541\Debug\Final_Project_Group5.a(Ext_LED.o)
 .debug_aranges
                0x00000eb8       0x98 .\CortexM3\ARM_GCC_541\Debug\Final_Project_Group5.a(PWM_OnboardLED.o)
 .debug_aranges
                0x00000f50       0x80 .\CortexM3\ARM_GCC_541\Debug\Final_Project_Group5.a(ISR_Button.o)
 .debug_aranges
                0x00000fd0       0x38 .\CortexM3\ARM_GCC_541\Debug\Final_Project_Group5.a(Onboard_Button.o)
 .debug_aranges
                0x00001008       0x20 .\CortexM3\ARM_GCC_541\Debug\Final_Project_Group5.a(CyBootAsmGnu.o)
 .debug_aranges
                0x00001028       0x88 .\CortexM3\ARM_GCC_541\Debug\Final_Project_Group5.a(CyFlash.o)
 .debug_aranges
                0x000010b0       0x80 .\CortexM3\ARM_GCC_541\Debug\Final_Project_Group5.a(CySpc.o)

.debug_pubnames
 *(.debug_pubnames)

.debug_info     0x00000000     0xa5cb
 *(.debug_info .gnu.linkonce.wi.*)
 .debug_info    0x00000000      0x83a .\CortexM3\ARM_GCC_541\Debug\main.o
 .debug_info    0x0000083a      0x3b4 .\CortexM3\ARM_GCC_541\Debug\25LC256.o
 .debug_info    0x00000bee      0xcfd .\CortexM3\ARM_GCC_541\Debug\InterruptRoutines.o
 .debug_info    0x000018eb      0x24b .\CortexM3\ARM_GCC_541\Debug\LIS3DH.o
 .debug_info    0x00001b36      0x3d4 .\CortexM3\ARM_GCC_541\Debug\SPI_Interface_25LC256.o
 .debug_info    0x00001f0a      0x3d4 .\CortexM3\ARM_GCC_541\Debug\SPI_Interface_LIS3DH.o
 .debug_info    0x000022de      0x790 .\CortexM3\ARM_GCC_541\Debug\Functions.o
 .debug_info    0x00002a6e      0x6c7 .\CortexM3\ARM_GCC_541\Debug\cyfitter_cfg.o
 .debug_info    0x00003135      0x139 .\CortexM3\ARM_GCC_541\Debug\cymetadata.o
 .debug_info    0x0000326e      0x3bb .\CortexM3\ARM_GCC_541\Debug\Cm3Start.o
 .debug_info    0x00003629      0x709 .\CortexM3\ARM_GCC_541\Debug\Final_Project_Group5.a(SPIM_1.o)
 .debug_info    0x00003d32      0x18d .\CortexM3\ARM_GCC_541\Debug\Final_Project_Group5.a(SPIM_1_INT.o)
 .debug_info    0x00003ebf      0x60c .\CortexM3\ARM_GCC_541\Debug\Final_Project_Group5.a(UART_1.o)
 .debug_info    0x000044cb      0x11f .\CortexM3\ARM_GCC_541\Debug\Final_Project_Group5.a(CS_1.o)
 .debug_info    0x000045ea      0x11f .\CortexM3\ARM_GCC_541\Debug\Final_Project_Group5.a(CS_2.o)
 .debug_info    0x00004709      0x709 .\CortexM3\ARM_GCC_541\Debug\Final_Project_Group5.a(SPIM_2.o)
 .debug_info    0x00004e12      0x18d .\CortexM3\ARM_GCC_541\Debug\Final_Project_Group5.a(SPIM_2_INT.o)
 .debug_info    0x00004f9f      0x2d2 .\CortexM3\ARM_GCC_541\Debug\Final_Project_Group5.a(isr_RX.o)
 .debug_info    0x00005271      0x283 .\CortexM3\ARM_GCC_541\Debug\Final_Project_Group5.a(SPIM_1_IntClock.o)
 .debug_info    0x000054f4      0x283 .\CortexM3\ARM_GCC_541\Debug\Final_Project_Group5.a(UART_1_IntClock.o)
 .debug_info    0x00005777      0x283 .\CortexM3\ARM_GCC_541\Debug\Final_Project_Group5.a(SPIM_2_IntClock.o)
 .debug_info    0x000059fa     0x1374 .\CortexM3\ARM_GCC_541\Debug\Final_Project_Group5.a(CyLib.o)
 .debug_info    0x00006d6e      0xa2a .\CortexM3\ARM_GCC_541\Debug\Final_Project_Group5.a(cyPm.o)
 .debug_info    0x00007798      0x2d2 .\CortexM3\ARM_GCC_541\Debug\Final_Project_Group5.a(isr_FIFO.o)
 .debug_info    0x00007a6a      0xa18 .\CortexM3\ARM_GCC_541\Debug\Final_Project_Group5.a(ADC_DelSig.o)
 .debug_info    0x00008482       0xd3 .\CortexM3\ARM_GCC_541\Debug\Final_Project_Group5.a(ADC_DelSig_INT.o)
 .debug_info    0x00008555      0x293 .\CortexM3\ARM_GCC_541\Debug\Final_Project_Group5.a(Timer.o)
 .debug_info    0x000087e8      0x2d2 .\CortexM3\ARM_GCC_541\Debug\Final_Project_Group5.a(isr_ADC.o)
 .debug_info    0x00008aba      0x165 .\CortexM3\ARM_GCC_541\Debug\Final_Project_Group5.a(ADC_DelSig_AMux.o)
 .debug_info    0x00008c1f      0x283 .\CortexM3\ARM_GCC_541\Debug\Final_Project_Group5.a(ADC_DelSig_Ext_CP_Clk.o)
 .debug_info    0x00008ea2      0x2c4 .\CortexM3\ARM_GCC_541\Debug\Final_Project_Group5.a(ADC_DelSig_theACLK.o)
 .debug_info    0x00009166      0x11f .\CortexM3\ARM_GCC_541\Debug\Final_Project_Group5.a(Ext_LED.o)
 .debug_info    0x00009285      0x333 .\CortexM3\ARM_GCC_541\Debug\Final_Project_Group5.a(PWM_OnboardLED.o)
 .debug_info    0x000095b8      0x2d2 .\CortexM3\ARM_GCC_541\Debug\Final_Project_Group5.a(ISR_Button.o)
 .debug_info    0x0000988a      0x11f .\CortexM3\ARM_GCC_541\Debug\Final_Project_Group5.a(Onboard_Button.o)
 .debug_info    0x000099a9       0x85 .\CortexM3\ARM_GCC_541\Debug\Final_Project_Group5.a(CyBootAsmGnu.o)
 .debug_info    0x00009a2e      0x64d .\CortexM3\ARM_GCC_541\Debug\Final_Project_Group5.a(CyFlash.o)
 .debug_info    0x0000a07b      0x550 .\CortexM3\ARM_GCC_541\Debug\Final_Project_Group5.a(CySpc.o)

.debug_abbrev   0x00000000     0x2c57
 *(.debug_abbrev)
 .debug_abbrev  0x00000000      0x109 .\CortexM3\ARM_GCC_541\Debug\main.o
 .debug_abbrev  0x00000109      0x11c .\CortexM3\ARM_GCC_541\Debug\25LC256.o
 .debug_abbrev  0x00000225      0x113 .\CortexM3\ARM_GCC_541\Debug\InterruptRoutines.o
 .debug_abbrev  0x00000338       0xdb .\CortexM3\ARM_GCC_541\Debug\LIS3DH.o
 .debug_abbrev  0x00000413      0x12b .\CortexM3\ARM_GCC_541\Debug\SPI_Interface_25LC256.o
 .debug_abbrev  0x0000053e      0x12b .\CortexM3\ARM_GCC_541\Debug\SPI_Interface_LIS3DH.o
 .debug_abbrev  0x00000669      0x18b .\CortexM3\ARM_GCC_541\Debug\Functions.o
 .debug_abbrev  0x000007f4      0x22d .\CortexM3\ARM_GCC_541\Debug\cyfitter_cfg.o
 .debug_abbrev  0x00000a21       0x77 .\CortexM3\ARM_GCC_541\Debug\cymetadata.o
 .debug_abbrev  0x00000a98      0x1e8 .\CortexM3\ARM_GCC_541\Debug\Cm3Start.o
 .debug_abbrev  0x00000c80      0x162 .\CortexM3\ARM_GCC_541\Debug\Final_Project_Group5.a(SPIM_1.o)
 .debug_abbrev  0x00000de2       0x8a .\CortexM3\ARM_GCC_541\Debug\Final_Project_Group5.a(SPIM_1_INT.o)
 .debug_abbrev  0x00000e6c      0x175 .\CortexM3\ARM_GCC_541\Debug\Final_Project_Group5.a(UART_1.o)
 .debug_abbrev  0x00000fe1       0x90 .\CortexM3\ARM_GCC_541\Debug\Final_Project_Group5.a(CS_1.o)
 .debug_abbrev  0x00001071       0x90 .\CortexM3\ARM_GCC_541\Debug\Final_Project_Group5.a(CS_2.o)
 .debug_abbrev  0x00001101      0x162 .\CortexM3\ARM_GCC_541\Debug\Final_Project_Group5.a(SPIM_2.o)
 .debug_abbrev  0x00001263       0x8a .\CortexM3\ARM_GCC_541\Debug\Final_Project_Group5.a(SPIM_2_INT.o)
 .debug_abbrev  0x000012ed      0x173 .\CortexM3\ARM_GCC_541\Debug\Final_Project_Group5.a(isr_RX.o)
 .debug_abbrev  0x00001460      0x139 .\CortexM3\ARM_GCC_541\Debug\Final_Project_Group5.a(SPIM_1_IntClock.o)
 .debug_abbrev  0x00001599      0x139 .\CortexM3\ARM_GCC_541\Debug\Final_Project_Group5.a(UART_1_IntClock.o)
 .debug_abbrev  0x000016d2      0x139 .\CortexM3\ARM_GCC_541\Debug\Final_Project_Group5.a(SPIM_2_IntClock.o)
 .debug_abbrev  0x0000180b      0x254 .\CortexM3\ARM_GCC_541\Debug\Final_Project_Group5.a(CyLib.o)
 .debug_abbrev  0x00001a5f      0x1ab .\CortexM3\ARM_GCC_541\Debug\Final_Project_Group5.a(cyPm.o)
 .debug_abbrev  0x00001c0a      0x173 .\CortexM3\ARM_GCC_541\Debug\Final_Project_Group5.a(isr_FIFO.o)
 .debug_abbrev  0x00001d7d      0x1eb .\CortexM3\ARM_GCC_541\Debug\Final_Project_Group5.a(ADC_DelSig.o)
 .debug_abbrev  0x00001f68       0x42 .\CortexM3\ARM_GCC_541\Debug\Final_Project_Group5.a(ADC_DelSig_INT.o)
 .debug_abbrev  0x00001faa      0x11a .\CortexM3\ARM_GCC_541\Debug\Final_Project_Group5.a(Timer.o)
 .debug_abbrev  0x000020c4      0x173 .\CortexM3\ARM_GCC_541\Debug\Final_Project_Group5.a(isr_ADC.o)
 .debug_abbrev  0x00002237       0xb1 .\CortexM3\ARM_GCC_541\Debug\Final_Project_Group5.a(ADC_DelSig_AMux.o)
 .debug_abbrev  0x000022e8      0x139 .\CortexM3\ARM_GCC_541\Debug\Final_Project_Group5.a(ADC_DelSig_Ext_CP_Clk.o)
 .debug_abbrev  0x00002421      0x121 .\CortexM3\ARM_GCC_541\Debug\Final_Project_Group5.a(ADC_DelSig_theACLK.o)
 .debug_abbrev  0x00002542       0x90 .\CortexM3\ARM_GCC_541\Debug\Final_Project_Group5.a(Ext_LED.o)
 .debug_abbrev  0x000025d2      0x133 .\CortexM3\ARM_GCC_541\Debug\Final_Project_Group5.a(PWM_OnboardLED.o)
 .debug_abbrev  0x00002705      0x173 .\CortexM3\ARM_GCC_541\Debug\Final_Project_Group5.a(ISR_Button.o)
 .debug_abbrev  0x00002878       0x90 .\CortexM3\ARM_GCC_541\Debug\Final_Project_Group5.a(Onboard_Button.o)
 .debug_abbrev  0x00002908       0x14 .\CortexM3\ARM_GCC_541\Debug\Final_Project_Group5.a(CyBootAsmGnu.o)
 .debug_abbrev  0x0000291c      0x1a7 .\CortexM3\ARM_GCC_541\Debug\Final_Project_Group5.a(CyFlash.o)
 .debug_abbrev  0x00002ac3      0x194 .\CortexM3\ARM_GCC_541\Debug\Final_Project_Group5.a(CySpc.o)

.debug_line     0x00000000     0x46b5
 *(.debug_line)
 .debug_line    0x00000000      0x2ff .\CortexM3\ARM_GCC_541\Debug\main.o
 .debug_line    0x000002ff      0x1ee .\CortexM3\ARM_GCC_541\Debug\25LC256.o
 .debug_line    0x000004ed      0x390 .\CortexM3\ARM_GCC_541\Debug\InterruptRoutines.o
 .debug_line    0x0000087d      0x19b .\CortexM3\ARM_GCC_541\Debug\LIS3DH.o
 .debug_line    0x00000a18      0x1fc .\CortexM3\ARM_GCC_541\Debug\SPI_Interface_25LC256.o
 .debug_line    0x00000c14      0x1fc .\CortexM3\ARM_GCC_541\Debug\SPI_Interface_LIS3DH.o
 .debug_line    0x00000e10      0x302 .\CortexM3\ARM_GCC_541\Debug\Functions.o
 .debug_line    0x00001112      0x22d .\CortexM3\ARM_GCC_541\Debug\cyfitter_cfg.o
 .debug_line    0x0000133f      0x141 .\CortexM3\ARM_GCC_541\Debug\cymetadata.o
 .debug_line    0x00001480      0x234 .\CortexM3\ARM_GCC_541\Debug\Cm3Start.o
 .debug_line    0x000016b4      0x29e .\CortexM3\ARM_GCC_541\Debug\Final_Project_Group5.a(SPIM_1.o)
 .debug_line    0x00001952       0xaa .\CortexM3\ARM_GCC_541\Debug\Final_Project_Group5.a(SPIM_1_INT.o)
 .debug_line    0x000019fc      0x2c0 .\CortexM3\ARM_GCC_541\Debug\Final_Project_Group5.a(UART_1.o)
 .debug_line    0x00001cbc       0x91 .\CortexM3\ARM_GCC_541\Debug\Final_Project_Group5.a(CS_1.o)
 .debug_line    0x00001d4d       0x91 .\CortexM3\ARM_GCC_541\Debug\Final_Project_Group5.a(CS_2.o)
 .debug_line    0x00001dde      0x29e .\CortexM3\ARM_GCC_541\Debug\Final_Project_Group5.a(SPIM_2.o)
 .debug_line    0x0000207c       0xaa .\CortexM3\ARM_GCC_541\Debug\Final_Project_Group5.a(SPIM_2_INT.o)
 .debug_line    0x00002126      0x133 .\CortexM3\ARM_GCC_541\Debug\Final_Project_Group5.a(isr_RX.o)
 .debug_line    0x00002259      0x17e .\CortexM3\ARM_GCC_541\Debug\Final_Project_Group5.a(SPIM_1_IntClock.o)
 .debug_line    0x000023d7      0x17e .\CortexM3\ARM_GCC_541\Debug\Final_Project_Group5.a(UART_1_IntClock.o)
 .debug_line    0x00002555      0x17e .\CortexM3\ARM_GCC_541\Debug\Final_Project_Group5.a(SPIM_2_IntClock.o)
 .debug_line    0x000026d3      0x816 .\CortexM3\ARM_GCC_541\Debug\Final_Project_Group5.a(CyLib.o)
 .debug_line    0x00002ee9      0x367 .\CortexM3\ARM_GCC_541\Debug\Final_Project_Group5.a(cyPm.o)
 .debug_line    0x00003250      0x135 .\CortexM3\ARM_GCC_541\Debug\Final_Project_Group5.a(isr_FIFO.o)
 .debug_line    0x00003385      0x373 .\CortexM3\ARM_GCC_541\Debug\Final_Project_Group5.a(ADC_DelSig.o)
 .debug_line    0x000036f8       0x87 .\CortexM3\ARM_GCC_541\Debug\Final_Project_Group5.a(ADC_DelSig_INT.o)
 .debug_line    0x0000377f      0x153 .\CortexM3\ARM_GCC_541\Debug\Final_Project_Group5.a(Timer.o)
 .debug_line    0x000038d2      0x134 .\CortexM3\ARM_GCC_541\Debug\Final_Project_Group5.a(isr_ADC.o)
 .debug_line    0x00003a06       0xb3 .\CortexM3\ARM_GCC_541\Debug\Final_Project_Group5.a(ADC_DelSig_AMux.o)
 .debug_line    0x00003ab9      0x184 .\CortexM3\ARM_GCC_541\Debug\Final_Project_Group5.a(ADC_DelSig_Ext_CP_Clk.o)
 .debug_line    0x00003c3d      0x1a4 .\CortexM3\ARM_GCC_541\Debug\Final_Project_Group5.a(ADC_DelSig_theACLK.o)
 .debug_line    0x00003de1       0x94 .\CortexM3\ARM_GCC_541\Debug\Final_Project_Group5.a(Ext_LED.o)
 .debug_line    0x00003e75      0x18e .\CortexM3\ARM_GCC_541\Debug\Final_Project_Group5.a(PWM_OnboardLED.o)
 .debug_line    0x00004003      0x137 .\CortexM3\ARM_GCC_541\Debug\Final_Project_Group5.a(ISR_Button.o)
 .debug_line    0x0000413a       0x9b .\CortexM3\ARM_GCC_541\Debug\Final_Project_Group5.a(Onboard_Button.o)
 .debug_line    0x000041d5       0x66 .\CortexM3\ARM_GCC_541\Debug\Final_Project_Group5.a(CyBootAsmGnu.o)
 .debug_line    0x0000423b      0x21a .\CortexM3\ARM_GCC_541\Debug\Final_Project_Group5.a(CyFlash.o)
 .debug_line    0x00004455      0x260 .\CortexM3\ARM_GCC_541\Debug\Final_Project_Group5.a(CySpc.o)

.debug_frame    0x00000000     0x2c88
 *(.debug_frame)
 .debug_frame   0x00000000       0x30 .\CortexM3\ARM_GCC_541\Debug\main.o
 .debug_frame   0x00000030       0xf8 .\CortexM3\ARM_GCC_541\Debug\25LC256.o
 .debug_frame   0x00000128       0x88 .\CortexM3\ARM_GCC_541\Debug\InterruptRoutines.o
 .debug_frame   0x000001b0       0x6c .\CortexM3\ARM_GCC_541\Debug\LIS3DH.o
 .debug_frame   0x0000021c       0x88 .\CortexM3\ARM_GCC_541\Debug\SPI_Interface_25LC256.o
 .debug_frame   0x000002a4       0x88 .\CortexM3\ARM_GCC_541\Debug\SPI_Interface_LIS3DH.o
 .debug_frame   0x0000032c       0xc4 .\CortexM3\ARM_GCC_541\Debug\Functions.o
 .debug_frame   0x000003f0      0x104 .\CortexM3\ARM_GCC_541\Debug\cyfitter_cfg.o
 .debug_frame   0x000004f4       0xb8 .\CortexM3\ARM_GCC_541\Debug\Cm3Start.o
 .debug_frame   0x000005ac      0x260 .\CortexM3\ARM_GCC_541\Debug\Final_Project_Group5.a(SPIM_1.o)
 .debug_frame   0x0000080c       0x30 .\CortexM3\ARM_GCC_541\Debug\Final_Project_Group5.a(SPIM_1_INT.o)
 .debug_frame   0x0000083c      0x250 .\CortexM3\ARM_GCC_541\Debug\Final_Project_Group5.a(UART_1.o)
 .debug_frame   0x00000a8c       0x50 .\CortexM3\ARM_GCC_541\Debug\Final_Project_Group5.a(CS_1.o)
 .debug_frame   0x00000adc       0x50 .\CortexM3\ARM_GCC_541\Debug\Final_Project_Group5.a(CS_2.o)
 .debug_frame   0x00000b2c      0x260 .\CortexM3\ARM_GCC_541\Debug\Final_Project_Group5.a(SPIM_2.o)
 .debug_frame   0x00000d8c       0x30 .\CortexM3\ARM_GCC_541\Debug\Final_Project_Group5.a(SPIM_2_INT.o)
 .debug_frame   0x00000dbc      0x104 .\CortexM3\ARM_GCC_541\Debug\Final_Project_Group5.a(isr_RX.o)
 .debug_frame   0x00000ec0       0xe0 .\CortexM3\ARM_GCC_541\Debug\Final_Project_Group5.a(SPIM_1_IntClock.o)
 .debug_frame   0x00000fa0       0xe0 .\CortexM3\ARM_GCC_541\Debug\Final_Project_Group5.a(UART_1_IntClock.o)
 .debug_frame   0x00001080       0xe0 .\CortexM3\ARM_GCC_541\Debug\Final_Project_Group5.a(SPIM_2_IntClock.o)
 .debug_frame   0x00001160      0x738 .\CortexM3\ARM_GCC_541\Debug\Final_Project_Group5.a(CyLib.o)
 .debug_frame   0x00001898      0x1f8 .\CortexM3\ARM_GCC_541\Debug\Final_Project_Group5.a(cyPm.o)
 .debug_frame   0x00001a90      0x104 .\CortexM3\ARM_GCC_541\Debug\Final_Project_Group5.a(isr_FIFO.o)
 .debug_frame   0x00001b94      0x284 .\CortexM3\ARM_GCC_541\Debug\Final_Project_Group5.a(ADC_DelSig.o)
 .debug_frame   0x00001e18       0x50 .\CortexM3\ARM_GCC_541\Debug\Final_Project_Group5.a(ADC_DelSig_INT.o)
 .debug_frame   0x00001e68      0x108 .\CortexM3\ARM_GCC_541\Debug\Final_Project_Group5.a(Timer.o)
 .debug_frame   0x00001f70      0x104 .\CortexM3\ARM_GCC_541\Debug\Final_Project_Group5.a(isr_ADC.o)
 .debug_frame   0x00002074       0x64 .\CortexM3\ARM_GCC_541\Debug\Final_Project_Group5.a(ADC_DelSig_AMux.o)
 .debug_frame   0x000020d8       0xe0 .\CortexM3\ARM_GCC_541\Debug\Final_Project_Group5.a(ADC_DelSig_Ext_CP_Clk.o)
 .debug_frame   0x000021b8      0x100 .\CortexM3\ARM_GCC_541\Debug\Final_Project_Group5.a(ADC_DelSig_theACLK.o)
 .debug_frame   0x000022b8       0x50 .\CortexM3\ARM_GCC_541\Debug\Final_Project_Group5.a(Ext_LED.o)
 .debug_frame   0x00002308      0x134 .\CortexM3\ARM_GCC_541\Debug\Final_Project_Group5.a(PWM_OnboardLED.o)
 .debug_frame   0x0000243c      0x104 .\CortexM3\ARM_GCC_541\Debug\Final_Project_Group5.a(ISR_Button.o)
 .debug_frame   0x00002540       0x50 .\CortexM3\ARM_GCC_541\Debug\Final_Project_Group5.a(Onboard_Button.o)
 .debug_frame   0x00002590      0x194 .\CortexM3\ARM_GCC_541\Debug\Final_Project_Group5.a(CyFlash.o)
 .debug_frame   0x00002724      0x180 .\CortexM3\ARM_GCC_541\Debug\Final_Project_Group5.a(CySpc.o)
 .debug_frame   0x000028a4       0x20 c:/program files (x86)/cypress/psoc creator/4.3/psoc creator/import/gnu/arm/5.4.1/bin/../lib/gcc/arm-none-eabi/5.4.1/../../../../arm-none-eabi/lib/armv7-m\libg_nano.a(lib_a-errno.o)
 .debug_frame   0x000028c4       0x28 c:/program files (x86)/cypress/psoc creator/4.3/psoc creator/import/gnu/arm/5.4.1/bin/../lib/gcc/arm-none-eabi/5.4.1/../../../../arm-none-eabi/lib/armv7-m\libg_nano.a(lib_a-exit.o)
 .debug_frame   0x000028ec       0x2c c:/program files (x86)/cypress/psoc creator/4.3/psoc creator/import/gnu/arm/5.4.1/bin/../lib/gcc/arm-none-eabi/5.4.1/../../../../arm-none-eabi/lib/armv7-m\libg_nano.a(lib_a-init.o)
 .debug_frame   0x00002918       0x28 c:/program files (x86)/cypress/psoc creator/4.3/psoc creator/import/gnu/arm/5.4.1/bin/../lib/gcc/arm-none-eabi/5.4.1/../../../../arm-none-eabi/lib/armv7-m\libg_nano.a(lib_a-memcpy-stub.o)
 .debug_frame   0x00002940       0x20 c:/program files (x86)/cypress/psoc creator/4.3/psoc creator/import/gnu/arm/5.4.1/bin/../lib/gcc/arm-none-eabi/5.4.1/../../../../arm-none-eabi/lib/armv7-m\libg_nano.a(lib_a-memset.o)
 .debug_frame   0x00002960       0x70 c:/program files (x86)/cypress/psoc creator/4.3/psoc creator/import/gnu/arm/5.4.1/bin/../lib/gcc/arm-none-eabi/5.4.1/../../../../arm-none-eabi/lib/armv7-m\libg_nano.a(lib_a-sprintf.o)
 .debug_frame   0x000029d0       0x90 c:/program files (x86)/cypress/psoc creator/4.3/psoc creator/import/gnu/arm/5.4.1/bin/../lib/gcc/arm-none-eabi/5.4.1/../../../../arm-none-eabi/lib/armv7-m\libg_nano.a(lib_a-nano-svfprintf.o)
 .debug_frame   0x00002a60       0x60 c:/program files (x86)/cypress/psoc creator/4.3/psoc creator/import/gnu/arm/5.4.1/bin/../lib/gcc/arm-none-eabi/5.4.1/../../../../arm-none-eabi/lib/armv7-m\libg_nano.a(lib_a-nano-vfprintf_i.o)
 .debug_frame   0x00002ac0       0x28 c:/program files (x86)/cypress/psoc creator/4.3/psoc creator/import/gnu/arm/5.4.1/bin/../lib/gcc/arm-none-eabi/5.4.1/../../../../arm-none-eabi/lib/armv7-m\libg_nano.a(lib_a-memchr-stub.o)
 .debug_frame   0x00002ae8       0x28 c:/program files (x86)/cypress/psoc creator/4.3/psoc creator/import/gnu/arm/5.4.1/bin/../lib/gcc/arm-none-eabi/5.4.1/../../../../arm-none-eabi/lib/armv7-m\libg_nano.a(lib_a-memmove.o)
 .debug_frame   0x00002b10       0x38 c:/program files (x86)/cypress/psoc creator/4.3/psoc creator/import/gnu/arm/5.4.1/bin/../lib/gcc/arm-none-eabi/5.4.1/../../../../arm-none-eabi/lib/armv7-m\libg_nano.a(lib_a-nano-freer.o)
 .debug_frame   0x00002b48       0x2c c:/program files (x86)/cypress/psoc creator/4.3/psoc creator/import/gnu/arm/5.4.1/bin/../lib/gcc/arm-none-eabi/5.4.1/../../../../arm-none-eabi/lib/armv7-m\libg_nano.a(lib_a-nano-mallocr.o)
 .debug_frame   0x00002b74       0x3c c:/program files (x86)/cypress/psoc creator/4.3/psoc creator/import/gnu/arm/5.4.1/bin/../lib/gcc/arm-none-eabi/5.4.1/../../../../arm-none-eabi/lib/armv7-m\libg_nano.a(lib_a-nano-reallocr.o)
 .debug_frame   0x00002bb0       0x2c c:/program files (x86)/cypress/psoc creator/4.3/psoc creator/import/gnu/arm/5.4.1/bin/../lib/gcc/arm-none-eabi/5.4.1/../../../../arm-none-eabi/lib/armv7-m\libg_nano.a(lib_a-sbrkr.o)
 .debug_frame   0x00002bdc       0x30 c:/program files (x86)/cypress/psoc creator/4.3/psoc creator/import/gnu/arm/5.4.1/bin/../lib/gcc/arm-none-eabi/5.4.1/../../../../arm-none-eabi/lib/armv7-m\libg_nano.a(lib_a-mlock.o)
 .debug_frame   0x00002c0c       0x20 c:/program files (x86)/cypress/psoc creator/4.3/psoc creator/import/gnu/arm/5.4.1/bin/../lib/gcc/arm-none-eabi/5.4.1/../../../../arm-none-eabi/lib/armv7-m\libg_nano.a(lib_a-nano-msizer.o)
 .debug_frame   0x00002c2c       0x5c c:/program files (x86)/cypress/psoc creator/4.3/psoc creator/import/gnu/arm/5.4.1/bin/../lib/gcc/arm-none-eabi/5.4.1/../../../../arm-none-eabi/lib/armv7-m\libg_nano.a(lib_a-reent.o)

.debug_str      0x00000000     0x3834
 *(.debug_str)
 .debug_str     0x00000000      0x3cd .\CortexM3\ARM_GCC_541\Debug\main.o
                                0x433 (size before relaxing)
 .debug_str     0x000003cd       0xf1 .\CortexM3\ARM_GCC_541\Debug\25LC256.o
                                0x2cd (size before relaxing)
 .debug_str     0x000004be      0x1b4 .\CortexM3\ARM_GCC_541\Debug\InterruptRoutines.o
                                0x47e (size before relaxing)
 .debug_str     0x00000672       0x32 .\CortexM3\ARM_GCC_541\Debug\LIS3DH.o
                                0x217 (size before relaxing)
 .debug_str     0x000006a4      0x109 .\CortexM3\ARM_GCC_541\Debug\SPI_Interface_25LC256.o
                                0x310 (size before relaxing)
 .debug_str     0x000007ad       0xf9 .\CortexM3\ARM_GCC_541\Debug\SPI_Interface_LIS3DH.o
                                0x30b (size before relaxing)
 .debug_str     0x000008a6       0xf5 .\CortexM3\ARM_GCC_541\Debug\Functions.o
                                0x3ee (size before relaxing)
 .debug_str     0x0000099b      0x211 .\CortexM3\ARM_GCC_541\Debug\cyfitter_cfg.o
                                0x3a1 (size before relaxing)
 .debug_str     0x00000bac       0xc6 .\CortexM3\ARM_GCC_541\Debug\cymetadata.o
                                0x1f3 (size before relaxing)
 .debug_str     0x00000c72      0x13f .\CortexM3\ARM_GCC_541\Debug\Cm3Start.o
                                0x2ff (size before relaxing)
 .debug_str     0x00000db1      0x301 .\CortexM3\ARM_GCC_541\Debug\Final_Project_Group5.a(SPIM_1.o)
                                0x51f (size before relaxing)
 .debug_str     0x000010b2       0x40 .\CortexM3\ARM_GCC_541\Debug\Final_Project_Group5.a(SPIM_1_INT.o)
                                0x28a (size before relaxing)
 .debug_str     0x000010f2      0x286 .\CortexM3\ARM_GCC_541\Debug\Final_Project_Group5.a(UART_1.o)
                                0x4a8 (size before relaxing)
 .debug_str     0x00001378       0x5b .\CortexM3\ARM_GCC_541\Debug\Final_Project_Group5.a(CS_1.o)
                                0x1d2 (size before relaxing)
 .debug_str     0x000013d3       0x4b .\CortexM3\ARM_GCC_541\Debug\Final_Project_Group5.a(CS_2.o)
                                0x1d2 (size before relaxing)
 .debug_str     0x0000141e      0x24f .\CortexM3\ARM_GCC_541\Debug\Final_Project_Group5.a(SPIM_2.o)
                                0x51f (size before relaxing)
 .debug_str     0x0000166d       0x40 .\CortexM3\ARM_GCC_541\Debug\Final_Project_Group5.a(SPIM_2_INT.o)
                                0x28a (size before relaxing)
 .debug_str     0x000016ad       0xfd .\CortexM3\ARM_GCC_541\Debug\Final_Project_Group5.a(isr_RX.o)
                                0x2a9 (size before relaxing)
 .debug_str     0x000017aa      0x19d .\CortexM3\ARM_GCC_541\Debug\Final_Project_Group5.a(SPIM_1_IntClock.o)
                                0x343 (size before relaxing)
 .debug_str     0x00001947      0x14c .\CortexM3\ARM_GCC_541\Debug\Final_Project_Group5.a(UART_1_IntClock.o)
                                0x343 (size before relaxing)
 .debug_str     0x00001a93      0x14c .\CortexM3\ARM_GCC_541\Debug\Final_Project_Group5.a(SPIM_2_IntClock.o)
                                0x343 (size before relaxing)
 .debug_str     0x00001bdf      0x7b9 .\CortexM3\ARM_GCC_541\Debug\Final_Project_Group5.a(CyLib.o)
                                0xa3c (size before relaxing)
 .debug_str     0x00002398      0x365 .\CortexM3\ARM_GCC_541\Debug\Final_Project_Group5.a(cyPm.o)
                                0x728 (size before relaxing)
 .debug_str     0x000026fd       0xf1 .\CortexM3\ARM_GCC_541\Debug\Final_Project_Group5.a(isr_FIFO.o)
                                0x2c5 (size before relaxing)
 .debug_str     0x000027ee      0x427 .\CortexM3\ARM_GCC_541\Debug\Final_Project_Group5.a(ADC_DelSig.o)
                                0x6dd (size before relaxing)
 .debug_str     0x00002c15       0x68 .\CortexM3\ARM_GCC_541\Debug\Final_Project_Group5.a(ADC_DelSig_INT.o)
                                0x1d8 (size before relaxing)
 .debug_str     0x00002c7d      0x122 .\CortexM3\ARM_GCC_541\Debug\Final_Project_Group5.a(Timer.o)
                                0x2ea (size before relaxing)
 .debug_str     0x00002d9f       0xf2 .\CortexM3\ARM_GCC_541\Debug\Final_Project_Group5.a(isr_ADC.o)
                                0x2b7 (size before relaxing)
 .debug_str     0x00002e91       0x7b .\CortexM3\ARM_GCC_541\Debug\Final_Project_Group5.a(ADC_DelSig_AMux.o)
                                0x225 (size before relaxing)
 .debug_str     0x00002f0c      0x170 .\CortexM3\ARM_GCC_541\Debug\Final_Project_Group5.a(ADC_DelSig_Ext_CP_Clk.o)
                                0x38b (size before relaxing)
 .debug_str     0x0000307c      0x1a3 .\CortexM3\ARM_GCC_541\Debug\Final_Project_Group5.a(ADC_DelSig_theACLK.o)
                                0x3b8 (size before relaxing)
 .debug_str     0x0000321f       0x57 .\CortexM3\ARM_GCC_541\Debug\Final_Project_Group5.a(Ext_LED.o)
                                0x1e1 (size before relaxing)
 .debug_str     0x00003276      0x1d1 .\CortexM3\ARM_GCC_541\Debug\Final_Project_Group5.a(PWM_OnboardLED.o)
                                0x3f1 (size before relaxing)
 .debug_str     0x00003447      0x119 .\CortexM3\ARM_GCC_541\Debug\Final_Project_Group5.a(ISR_Button.o)
                                0x2e1 (size before relaxing)
 .debug_str     0x00003560       0x74 .\CortexM3\ARM_GCC_541\Debug\Final_Project_Group5.a(Onboard_Button.o)
                                0x204 (size before relaxing)
 .debug_str     0x000035d4      0x1b4 .\CortexM3\ARM_GCC_541\Debug\Final_Project_Group5.a(CyFlash.o)
                                0x3b5 (size before relaxing)
 .debug_str     0x00003788       0xac .\CortexM3\ARM_GCC_541\Debug\Final_Project_Group5.a(CySpc.o)
                                0x32d (size before relaxing)

.debug_loc      0x00000000     0x3a09
 *(.debug_loc)
 .debug_loc     0x00000000       0x5f .\CortexM3\ARM_GCC_541\Debug\main.o
 .debug_loc     0x0000005f      0x15a .\CortexM3\ARM_GCC_541\Debug\25LC256.o
 .debug_loc     0x000001b9       0x9d .\CortexM3\ARM_GCC_541\Debug\InterruptRoutines.o
 .debug_loc     0x00000256       0xdd .\CortexM3\ARM_GCC_541\Debug\LIS3DH.o
 .debug_loc     0x00000333      0x16c .\CortexM3\ARM_GCC_541\Debug\SPI_Interface_25LC256.o
 .debug_loc     0x0000049f      0x16c .\CortexM3\ARM_GCC_541\Debug\SPI_Interface_LIS3DH.o
 .debug_loc     0x0000060b      0x27a .\CortexM3\ARM_GCC_541\Debug\Functions.o
 .debug_loc     0x00000885      0x2cb .\CortexM3\ARM_GCC_541\Debug\cyfitter_cfg.o
 .debug_loc     0x00000b50      0x144 .\CortexM3\ARM_GCC_541\Debug\Cm3Start.o
 .debug_loc     0x00000c94      0x20d .\CortexM3\ARM_GCC_541\Debug\Final_Project_Group5.a(SPIM_1.o)
 .debug_loc     0x00000ea1       0x74 .\CortexM3\ARM_GCC_541\Debug\Final_Project_Group5.a(SPIM_1_INT.o)
 .debug_loc     0x00000f15      0x258 .\CortexM3\ARM_GCC_541\Debug\Final_Project_Group5.a(UART_1.o)
 .debug_loc     0x0000116d       0x42 .\CortexM3\ARM_GCC_541\Debug\Final_Project_Group5.a(CS_1.o)
 .debug_loc     0x000011af       0x42 .\CortexM3\ARM_GCC_541\Debug\Final_Project_Group5.a(CS_2.o)
 .debug_loc     0x000011f1      0x20d .\CortexM3\ARM_GCC_541\Debug\Final_Project_Group5.a(SPIM_2.o)
 .debug_loc     0x000013fe       0x74 .\CortexM3\ARM_GCC_541\Debug\Final_Project_Group5.a(SPIM_2_INT.o)
 .debug_loc     0x00001472       0x56 .\CortexM3\ARM_GCC_541\Debug\Final_Project_Group5.a(isr_RX.o)
 .debug_loc     0x000014c8      0x128 .\CortexM3\ARM_GCC_541\Debug\Final_Project_Group5.a(SPIM_1_IntClock.o)
 .debug_loc     0x000015f0      0x128 .\CortexM3\ARM_GCC_541\Debug\Final_Project_Group5.a(UART_1_IntClock.o)
 .debug_loc     0x00001718      0x128 .\CortexM3\ARM_GCC_541\Debug\Final_Project_Group5.a(SPIM_2_IntClock.o)
 .debug_loc     0x00001840      0xa11 .\CortexM3\ARM_GCC_541\Debug\Final_Project_Group5.a(CyLib.o)
 .debug_loc     0x00002251      0x1e4 .\CortexM3\ARM_GCC_541\Debug\Final_Project_Group5.a(cyPm.o)
 .debug_loc     0x00002435       0x56 .\CortexM3\ARM_GCC_541\Debug\Final_Project_Group5.a(isr_FIFO.o)
 .debug_loc     0x0000248b      0x68c .\CortexM3\ARM_GCC_541\Debug\Final_Project_Group5.a(ADC_DelSig.o)
 .debug_loc     0x00002b17       0x56 .\CortexM3\ARM_GCC_541\Debug\Final_Project_Group5.a(isr_ADC.o)
 .debug_loc     0x00002b6d       0x6c .\CortexM3\ARM_GCC_541\Debug\Final_Project_Group5.a(ADC_DelSig_AMux.o)
 .debug_loc     0x00002bd9      0x12c .\CortexM3\ARM_GCC_541\Debug\Final_Project_Group5.a(ADC_DelSig_Ext_CP_Clk.o)
 .debug_loc     0x00002d05      0x14d .\CortexM3\ARM_GCC_541\Debug\Final_Project_Group5.a(ADC_DelSig_theACLK.o)
 .debug_loc     0x00002e52       0x42 .\CortexM3\ARM_GCC_541\Debug\Final_Project_Group5.a(Ext_LED.o)
 .debug_loc     0x00002e94       0x26 .\CortexM3\ARM_GCC_541\Debug\Final_Project_Group5.a(PWM_OnboardLED.o)
 .debug_loc     0x00002eba       0x56 .\CortexM3\ARM_GCC_541\Debug\Final_Project_Group5.a(ISR_Button.o)
 .debug_loc     0x00002f10       0x42 .\CortexM3\ARM_GCC_541\Debug\Final_Project_Group5.a(Onboard_Button.o)
 .debug_loc     0x00002f52      0x3b2 .\CortexM3\ARM_GCC_541\Debug\Final_Project_Group5.a(CyFlash.o)
 .debug_loc     0x00003304      0x705 .\CortexM3\ARM_GCC_541\Debug\Final_Project_Group5.a(CySpc.o)

.debug_macinfo
 *(.debug_macinfo)

.debug_ranges   0x00000000      0xed0
 *(.debug_ranges)
 .debug_ranges  0x00000000       0x10 .\CortexM3\ARM_GCC_541\Debug\main.o
 .debug_ranges  0x00000010       0x40 .\CortexM3\ARM_GCC_541\Debug\25LC256.o
 .debug_ranges  0x00000050       0x28 .\CortexM3\ARM_GCC_541\Debug\InterruptRoutines.o
 .debug_ranges  0x00000078       0x20 .\CortexM3\ARM_GCC_541\Debug\LIS3DH.o
 .debug_ranges  0x00000098       0x28 .\CortexM3\ARM_GCC_541\Debug\SPI_Interface_25LC256.o
 .debug_ranges  0x000000c0       0x28 .\CortexM3\ARM_GCC_541\Debug\SPI_Interface_LIS3DH.o
 .debug_ranges  0x000000e8       0x48 .\CortexM3\ARM_GCC_541\Debug\Functions.o
 .debug_ranges  0x00000130       0x58 .\CortexM3\ARM_GCC_541\Debug\cyfitter_cfg.o
 .debug_ranges  0x00000188       0x38 .\CortexM3\ARM_GCC_541\Debug\Cm3Start.o
 .debug_ranges  0x000001c0       0xc8 .\CortexM3\ARM_GCC_541\Debug\Final_Project_Group5.a(SPIM_1.o)
 .debug_ranges  0x00000288       0x18 .\CortexM3\ARM_GCC_541\Debug\Final_Project_Group5.a(SPIM_1_INT.o)
 .debug_ranges  0x000002a0       0xe0 .\CortexM3\ARM_GCC_541\Debug\Final_Project_Group5.a(UART_1.o)
 .debug_ranges  0x00000380       0x28 .\CortexM3\ARM_GCC_541\Debug\Final_Project_Group5.a(CS_1.o)
 .debug_ranges  0x000003a8       0x28 .\CortexM3\ARM_GCC_541\Debug\Final_Project_Group5.a(CS_2.o)
 .debug_ranges  0x000003d0       0xc8 .\CortexM3\ARM_GCC_541\Debug\Final_Project_Group5.a(SPIM_2.o)
 .debug_ranges  0x00000498       0x18 .\CortexM3\ARM_GCC_541\Debug\Final_Project_Group5.a(SPIM_2_INT.o)
 .debug_ranges  0x000004b0       0x70 .\CortexM3\ARM_GCC_541\Debug\Final_Project_Group5.a(isr_RX.o)
 .debug_ranges  0x00000520       0x60 .\CortexM3\ARM_GCC_541\Debug\Final_Project_Group5.a(SPIM_1_IntClock.o)
 .debug_ranges  0x00000580       0x60 .\CortexM3\ARM_GCC_541\Debug\Final_Project_Group5.a(UART_1_IntClock.o)
 .debug_ranges  0x000005e0       0x60 .\CortexM3\ARM_GCC_541\Debug\Final_Project_Group5.a(SPIM_2_IntClock.o)
 .debug_ranges  0x00000640      0x290 .\CortexM3\ARM_GCC_541\Debug\Final_Project_Group5.a(CyLib.o)
 .debug_ranges  0x000008d0       0x88 .\CortexM3\ARM_GCC_541\Debug\Final_Project_Group5.a(cyPm.o)
 .debug_ranges  0x00000958       0x70 .\CortexM3\ARM_GCC_541\Debug\Final_Project_Group5.a(isr_FIFO.o)
 .debug_ranges  0x000009c8       0xd8 .\CortexM3\ARM_GCC_541\Debug\Final_Project_Group5.a(ADC_DelSig.o)
 .debug_ranges  0x00000aa0       0x28 .\CortexM3\ARM_GCC_541\Debug\Final_Project_Group5.a(ADC_DelSig_INT.o)
 .debug_ranges  0x00000ac8       0x78 .\CortexM3\ARM_GCC_541\Debug\Final_Project_Group5.a(Timer.o)
 .debug_ranges  0x00000b40       0x70 .\CortexM3\ARM_GCC_541\Debug\Final_Project_Group5.a(isr_ADC.o)
 .debug_ranges  0x00000bb0       0x20 .\CortexM3\ARM_GCC_541\Debug\Final_Project_Group5.a(ADC_DelSig_AMux.o)
 .debug_ranges  0x00000bd0       0x60 .\CortexM3\ARM_GCC_541\Debug\Final_Project_Group5.a(ADC_DelSig_Ext_CP_Clk.o)
 .debug_ranges  0x00000c30       0x70 .\CortexM3\ARM_GCC_541\Debug\Final_Project_Group5.a(ADC_DelSig_theACLK.o)
 .debug_ranges  0x00000ca0       0x28 .\CortexM3\ARM_GCC_541\Debug\Final_Project_Group5.a(Ext_LED.o)
 .debug_ranges  0x00000cc8       0x88 .\CortexM3\ARM_GCC_541\Debug\Final_Project_Group5.a(PWM_OnboardLED.o)
 .debug_ranges  0x00000d50       0x70 .\CortexM3\ARM_GCC_541\Debug\Final_Project_Group5.a(ISR_Button.o)
 .debug_ranges  0x00000dc0       0x28 .\CortexM3\ARM_GCC_541\Debug\Final_Project_Group5.a(Onboard_Button.o)
 .debug_ranges  0x00000de8       0x78 .\CortexM3\ARM_GCC_541\Debug\Final_Project_Group5.a(CyFlash.o)
 .debug_ranges  0x00000e60       0x70 .\CortexM3\ARM_GCC_541\Debug\Final_Project_Group5.a(CySpc.o)

.comment        0x00000000       0x6e
 .comment       0x00000000       0x6e .\CortexM3\ARM_GCC_541\Debug\main.o
                                 0x6f (size before relaxing)
 .comment       0x0000006e       0x6f .\CortexM3\ARM_GCC_541\Debug\25LC256.o
 .comment       0x0000006e       0x6f .\CortexM3\ARM_GCC_541\Debug\InterruptRoutines.o
 .comment       0x0000006e       0x6f .\CortexM3\ARM_GCC_541\Debug\LIS3DH.o
 .comment       0x0000006e       0x6f .\CortexM3\ARM_GCC_541\Debug\SPI_Interface_25LC256.o
 .comment       0x0000006e       0x6f .\CortexM3\ARM_GCC_541\Debug\SPI_Interface_LIS3DH.o
 .comment       0x0000006e       0x6f .\CortexM3\ARM_GCC_541\Debug\Functions.o
 .comment       0x0000006e       0x6f .\CortexM3\ARM_GCC_541\Debug\cyfitter_cfg.o
 .comment       0x0000006e       0x6f .\CortexM3\ARM_GCC_541\Debug\cymetadata.o
 .comment       0x0000006e       0x6f .\CortexM3\ARM_GCC_541\Debug\Cm3Start.o
 .comment       0x0000006e       0x6f .\CortexM3\ARM_GCC_541\Debug\Final_Project_Group5.a(SPIM_1.o)
 .comment       0x0000006e       0x6f .\CortexM3\ARM_GCC_541\Debug\Final_Project_Group5.a(SPIM_1_INT.o)
 .comment       0x0000006e       0x6f .\CortexM3\ARM_GCC_541\Debug\Final_Project_Group5.a(UART_1.o)
 .comment       0x0000006e       0x6f .\CortexM3\ARM_GCC_541\Debug\Final_Project_Group5.a(CS_1.o)
 .comment       0x0000006e       0x6f .\CortexM3\ARM_GCC_541\Debug\Final_Project_Group5.a(CS_2.o)
 .comment       0x0000006e       0x6f .\CortexM3\ARM_GCC_541\Debug\Final_Project_Group5.a(SPIM_2.o)
 .comment       0x0000006e       0x6f .\CortexM3\ARM_GCC_541\Debug\Final_Project_Group5.a(SPIM_2_INT.o)
 .comment       0x0000006e       0x6f .\CortexM3\ARM_GCC_541\Debug\Final_Project_Group5.a(isr_RX.o)
 .comment       0x0000006e       0x6f .\CortexM3\ARM_GCC_541\Debug\Final_Project_Group5.a(SPIM_1_IntClock.o)
 .comment       0x0000006e       0x6f .\CortexM3\ARM_GCC_541\Debug\Final_Project_Group5.a(UART_1_IntClock.o)
 .comment       0x0000006e       0x6f .\CortexM3\ARM_GCC_541\Debug\Final_Project_Group5.a(SPIM_2_IntClock.o)
 .comment       0x0000006e       0x6f .\CortexM3\ARM_GCC_541\Debug\Final_Project_Group5.a(CyLib.o)
 .comment       0x0000006e       0x6f .\CortexM3\ARM_GCC_541\Debug\Final_Project_Group5.a(cyPm.o)
 .comment       0x0000006e       0x6f .\CortexM3\ARM_GCC_541\Debug\Final_Project_Group5.a(isr_FIFO.o)
 .comment       0x0000006e       0x6f .\CortexM3\ARM_GCC_541\Debug\Final_Project_Group5.a(ADC_DelSig.o)
 .comment       0x0000006e       0x6f .\CortexM3\ARM_GCC_541\Debug\Final_Project_Group5.a(ADC_DelSig_INT.o)
 .comment       0x0000006e       0x6f .\CortexM3\ARM_GCC_541\Debug\Final_Project_Group5.a(Timer.o)
 .comment       0x0000006e       0x6f .\CortexM3\ARM_GCC_541\Debug\Final_Project_Group5.a(isr_ADC.o)
 .comment       0x0000006e       0x6f .\CortexM3\ARM_GCC_541\Debug\Final_Project_Group5.a(ADC_DelSig_AMux.o)
 .comment       0x0000006e       0x6f .\CortexM3\ARM_GCC_541\Debug\Final_Project_Group5.a(ADC_DelSig_Ext_CP_Clk.o)
 .comment       0x0000006e       0x6f .\CortexM3\ARM_GCC_541\Debug\Final_Project_Group5.a(ADC_DelSig_theACLK.o)
 .comment       0x0000006e       0x6f .\CortexM3\ARM_GCC_541\Debug\Final_Project_Group5.a(Ext_LED.o)
 .comment       0x0000006e       0x6f .\CortexM3\ARM_GCC_541\Debug\Final_Project_Group5.a(PWM_OnboardLED.o)
 .comment       0x0000006e       0x6f .\CortexM3\ARM_GCC_541\Debug\Final_Project_Group5.a(ISR_Button.o)
 .comment       0x0000006e       0x6f .\CortexM3\ARM_GCC_541\Debug\Final_Project_Group5.a(Onboard_Button.o)