Archive member included to satisfy reference by file (symbol)

.\CortexM3\ARM_GCC_541\Debug\Final_Project_Group5.a(SPIM_1.o)
                              .\CortexM3\ARM_GCC_541\Debug\SPI_Interface_25LC256.o (SPIM_1_ReadTxStatus)
.\CortexM3\ARM_GCC_541\Debug\Final_Project_Group5.a(SPIM_1_INT.o)
                              .\CortexM3\ARM_GCC_541\Debug\Final_Project_Group5.a(SPIM_1.o) (SPIM_1_TX_ISR)
.\CortexM3\ARM_GCC_541\Debug\Final_Project_Group5.a(UART_1.o)
                              .\CortexM3\ARM_GCC_541\Debug\main.o (UART_1_Start)
.\CortexM3\ARM_GCC_541\Debug\Final_Project_Group5.a(CS_1.o)
                              .\CortexM3\ARM_GCC_541\Debug\SPI_Interface_25LC256.o (CS_1_Write)
.\CortexM3\ARM_GCC_541\Debug\Final_Project_Group5.a(CS_2.o)
                              .\CortexM3\ARM_GCC_541\Debug\LIS3DH.o (CS_2_Write)
.\CortexM3\ARM_GCC_541\Debug\Final_Project_Group5.a(SPIM_2.o)
                              .\CortexM3\ARM_GCC_541\Debug\SPI_Interface_LIS3DH.o (SPIM_2_ReadTxStatus)
.\CortexM3\ARM_GCC_541\Debug\Final_Project_Group5.a(SPIM_2_INT.o)
                              .\CortexM3\ARM_GCC_541\Debug\Final_Project_Group5.a(SPIM_2.o) (SPIM_2_TX_ISR)
.\CortexM3\ARM_GCC_541\Debug\Final_Project_Group5.a(isr_RX.o)
                              .\CortexM3\ARM_GCC_541\Debug\main.o (isr_RX_StartEx)
.\CortexM3\ARM_GCC_541\Debug\Final_Project_Group5.a(SPIM_1_IntClock.o)
                              .\CortexM3\ARM_GCC_541\Debug\Final_Project_Group5.a(SPIM_1.o) (SPIM_1_IntClock_Start)
.\CortexM3\ARM_GCC_541\Debug\Final_Project_Group5.a(UART_1_IntClock.o)
                              .\CortexM3\ARM_GCC_541\Debug\Final_Project_Group5.a(UART_1.o) (UART_1_IntClock_Start)
.\CortexM3\ARM_GCC_541\Debug\Final_Project_Group5.a(SPIM_2_IntClock.o)
                              .\CortexM3\ARM_GCC_541\Debug\Final_Project_Group5.a(SPIM_2.o) (SPIM_2_IntClock_Start)
.\CortexM3\ARM_GCC_541\Debug\Final_Project_Group5.a(CyLib.o)
                              .\CortexM3\ARM_GCC_541\Debug\Cm3Start.o (CyHalt)
.\CortexM3\ARM_GCC_541\Debug\Final_Project_Group5.a(cyPm.o)
                              .\CortexM3\ARM_GCC_541\Debug\Final_Project_Group5.a(CyLib.o) (CyPmReadStatus)
.\CortexM3\ARM_GCC_541\Debug\Final_Project_Group5.a(ADC_DelSig.o)
                              .\CortexM3\ARM_GCC_541\Debug\main.o (ADC_DelSig_Start)
.\CortexM3\ARM_GCC_541\Debug\Final_Project_Group5.a(ADC_DelSig_INT.o)
                              .\CortexM3\ARM_GCC_541\Debug\Final_Project_Group5.a(ADC_DelSig.o) (ADC_DelSig_ISR1)
.\CortexM3\ARM_GCC_541\Debug\Final_Project_Group5.a(Timer.o)
                              .\CortexM3\ARM_GCC_541\Debug\InterruptRoutines.o (Timer_Stop)
.\CortexM3\ARM_GCC_541\Debug\Final_Project_Group5.a(isr_ADC.o)
                              .\CortexM3\ARM_GCC_541\Debug\main.o (isr_ADC_StartEx)
.\CortexM3\ARM_GCC_541\Debug\Final_Project_Group5.a(ADC_DelSig_AMux.o)
                              .\CortexM3\ARM_GCC_541\Debug\Final_Project_Group5.a(ADC_DelSig.o) (ADC_DelSig_AMux_Select)
.\CortexM3\ARM_GCC_541\Debug\Final_Project_Group5.a(ADC_DelSig_Ext_CP_Clk.o)
                              .\CortexM3\ARM_GCC_541\Debug\Final_Project_Group5.a(ADC_DelSig.o) (ADC_DelSig_Ext_CP_Clk_SetModeRegister)
.\CortexM3\ARM_GCC_541\Debug\Final_Project_Group5.a(ADC_DelSig_theACLK.o)
                              .\CortexM3\ARM_GCC_541\Debug\Final_Project_Group5.a(ADC_DelSig.o) (ADC_DelSig_theACLK_SetModeRegister)
.\CortexM3\ARM_GCC_541\Debug\Final_Project_Group5.a(Ext_LED.o)
                              .\CortexM3\ARM_GCC_541\Debug\InterruptRoutines.o (Ext_LED_Write)
.\CortexM3\ARM_GCC_541\Debug\Final_Project_Group5.a(PWM_OnboardLED.o)
                              .\CortexM3\ARM_GCC_541\Debug\InterruptRoutines.o (PWM_OnboardLED_WritePeriod)
.\CortexM3\ARM_GCC_541\Debug\Final_Project_Group5.a(CyBootAsmGnu.o)
                              .\CortexM3\ARM_GCC_541\Debug\cyfitter_cfg.o (CyDelayCycles)
.\CortexM3\ARM_GCC_541\Debug\Final_Project_Group5.a(CyFlash.o)
                              .\CortexM3\ARM_GCC_541\Debug\Final_Project_Group5.a(cyPm.o) (CyFlash_SetWaitCycles)
.\CortexM3\ARM_GCC_541\Debug\Final_Project_Group5.a(CySpc.o)
                              .\CortexM3\ARM_GCC_541\Debug\Final_Project_Group5.a(CyFlash.o) (CySpcStart)
c:/program files (x86)/cypress/psoc creator/4.3/psoc creator/import/gnu/arm/5.4.1/bin/../lib/gcc/arm-none-eabi/5.4.1/armv7-m\libgcc.a(_arm_addsubdf3.o)
                              .\CortexM3\ARM_GCC_541\Debug\Final_Project_Group5.a(ADC_DelSig.o) (__aeabi_f2d)
c:/program files (x86)/cypress/psoc creator/4.3/psoc creator/import/gnu/arm/5.4.1/bin/../lib/gcc/arm-none-eabi/5.4.1/armv7-m\libgcc.a(_arm_cmpdf2.o)
                              .\CortexM3\ARM_GCC_541\Debug\Final_Project_Group5.a(ADC_DelSig.o) (__aeabi_dcmpgt)
c:/program files (x86)/cypress/psoc creator/4.3/psoc creator/import/gnu/arm/5.4.1/bin/../lib/gcc/arm-none-eabi/5.4.1/armv7-m\libgcc.a(_arm_addsubsf3.o)
[...]
Memory Configuration

Name             Origin             Length             Attributes
rom              0x00000000         0x00040000         xr
ram              0x1fff8000         0x00010000         xrw
*default*        0x00000000         0xffffffff

Linker script and memory map

LOAD c:/program files (x86)/cypress/psoc creator/4.3/psoc creator/import/gnu/arm/5.4.1/bin/../lib/gcc/arm-none-eabi/5.4.1/armv7-m/crti.o
LOAD c:/program files (x86)/cypress/psoc creator/4.3/psoc creator/import/gnu/arm/5.4.1/bin/../lib/gcc/arm-none-eabi/5.4.1/armv7-m/crtbegin.o
LOAD c:/program files (x86)/cypress/psoc creator/4.3/psoc creator/import/gnu/arm/5.4.1/bin/../lib/gcc/arm-none-eabi/5.4.1/../../../../arm-none-eabi/lib/armv7-m/crt0.o
START GROUP
LOAD .\CortexM3\ARM_GCC_541\Debug\main.o
LOAD .\CortexM3\ARM_GCC_541\Debug\25LC256.o
LOAD .\CortexM3\ARM_GCC_541\Debug\InterruptRoutines.o
LOAD .\CortexM3\ARM_GCC_541\Debug\LIS3DH.o
LOAD .\CortexM3\ARM_GCC_541\Debug\SPI_Interface_25LC256.o
LOAD .\CortexM3\ARM_GCC_541\Debug\SPI_Interface_LIS3DH.o
LOAD .\CortexM3\ARM_GCC_541\Debug\Functions.o
LOAD .\CortexM3\ARM_GCC_541\Debug\cyfitter_cfg.o
LOAD .\CortexM3\ARM_GCC_541\Debug\cymetadata.o
LOAD .\CortexM3\ARM_GCC_541\Debug\Cm3Start.o
LOAD .\CortexM3\ARM_GCC_541\Debug\Final_Project_Group5.a
LOAD C:\Program Files (x86)\Cypress\PSoC Creator\4.3\PSoC Creator\psoc\content\cycomponentlibrary\CyComponentLibrary.cylib\CortexM3\ARM_GCC_541\Debug\CyComponentLibrary.a
END GROUP
START GROUP
LOAD c:/program files (x86)/cypress/psoc creator/4.3/psoc creator/import/gnu/arm/5.4.1/bin/../lib/gcc/arm-none-eabi/5.4.1/armv7-m\libgcc.a
LOAD c:/program files (x86)/cypress/psoc creator/4.3/psoc creator/import/gnu/arm/5.4.1/bin/../lib/gcc/arm-none-eabi/5.4.1/../../../../arm-none-eabi/lib/armv7-m\libg_nano.a
LOAD c:/program files (x86)/cypress/psoc creator/4.3/psoc creator/import/gnu/arm/5.4.1/bin/../lib/gcc/arm-none-eabi/5.4.1/../../../../arm-none-eabi/lib/armv7-m\libc_nano.a
END GROUP
START GROUP
LOAD c:/program files (x86)/cypress/psoc creator/4.3/psoc creator/import/gnu/arm/5.4.1/bin/../lib/gcc/arm-none-eabi/5.4.1/armv7-m\libgcc.a
LOAD c:/program files (x86)/cypress/psoc creator/4.3/psoc creator/import/gnu/arm/5.4.1/bin/../lib/gcc/arm-none-eabi/5.4.1/../../../../arm-none-eabi/lib/armv7-m\libc_nano.a
END GROUP
LOAD c:/program files (x86)/cypress/psoc creator/4.3/psoc creator/import/gnu/arm/5.4.1/bin/../lib/gcc/arm-none-eabi/5.4.1/armv7-m/crtend.o
LOAD c:/program files (x86)/cypress/psoc creator/4.3/psoc creator/import/gnu/arm/5.4.1/bin/../lib/gcc/arm-none-eabi/5.4.1/armv7-m/crtn.o
START GROUP
LOAD c:/program files (x86)/cypress/psoc creator/4.3/psoc creator/import/gnu/arm/5.4.1/bin/../lib/gcc/arm-none-eabi/5.4.1/armv7-m\libgcc.a
LOAD c:/program files (x86)/cypress/psoc creator/4.3/psoc creator/import/gnu/arm/5.4.1/bin/../lib/gcc/arm-none-eabi/5.4.1/../../../../arm-none-eabi/lib/armv7-m\libc.a
LOAD c:/program files (x86)/cypress/psoc creator/4.3/psoc creator/import/gnu/arm/5.4.1/bin/../lib/gcc/arm-none-eabi/5.4.1/../../../../arm-none-eabi/lib/armv7-m\libnosys.a
END GROUP
                0x00000000                CY_APPL_ORIGIN = 0x0
                0x00000100                CY_FLASH_ROW_SIZE = 0x100
                0x00000020                CY_ECC_ROW_SIZE = 0x20
                0x00000000                CY_EE_IN_BTLDR = 0x0
                0x00000000                CY_APPL_LOADABLE = 0x0
                0x00000800                CY_EE_SIZE = 0x800
                0x00000001                CY_APPL_NUM = 0x1
                0x00000001                CY_APPL_MAX = 0x1
                0x00000040                CY_METADATA_SIZE = 0x40
                0x00000000                CY_APPL_LOADABLE = 0x0
                0x00000000                CY_CHECKSUM_EXCLUDE_SIZE = ALIGN (0x0, CY_FLASH_ROW_SIZE)
                [!provide]                PROVIDE (__cy_heap_start, _end)
                0x00000001                PROVIDE (__cy_region_num, ((__cy_regions_end - __cy_regions) / 0x10))
                0x20008000                PROVIDE (__cy_stack, (ORIGIN (ram) + LENGTH (ram)))
                [!provide]                PROVIDE (__cy_heap_end, (__cy_stack - 0x800))

.cybootloader   0x00000000        0x0
 *(.cybootloader)
                0x00000000                appl1_start = CY_APPL_ORIGIN?CY_APPL_ORIGIN:ALIGN (CY_FLASH_ROW_SIZE)
                0x0001ff00                appl2_start = (appl1_start + ALIGN ((((LENGTH (rom) - appl1_start) - (0x2 * CY_FLASH_ROW_SIZE)) / 0x2), CY_FLASH_ROW_SIZE))
                0x00000000                appl_start = (CY_APPL_NUM == 0x1)?appl1_start:appl2_start
                0x00000000                ecc_offset = ((appl_start / CY_FLASH_ROW_SIZE) * CY_ECC_ROW_SIZE)
                0x00000000                ee_offset = (CY_APPL_LOADABLE && ! (CY_EE_IN_BTLDR))?((CY_EE_SIZE / CY_APPL_MAX) * (CY_APPL_NUM - 0x1)):0x0
                0x00000800                ee_size = (CY_APPL_LOADABLE && ! (CY_EE_IN_BTLDR))?(CY_EE_SIZE / CY_APPL_MAX):CY_EE_SIZE
                [!provide]                PROVIDE (CY_ECC_OFFSET, ecc_offset)

.text           0x00000000     0x3130
 CREATE_OBJECT_SYMBOLS
                0x00000000                PROVIDE (__cy_interrupt_vector, RomVectors)
 *(.romvectors)
 .romvectors    0x00000000       0x10 .\CortexM3\ARM_GCC_541\Debug\Cm3Start.o
                0x00000000                RomVectors
                0x00000001                ASSERT ((. != __cy_interrupt_vector), No interrupt vector)
                0x00000001                ASSERT (CY_APPL_ORIGIN?(SIZEOF (.cybootloader) <= CY_APPL_ORIGIN):0x1, Wrong image location)
                0x00000010                PROVIDE (__cy_reset, Reset)
 *(.text.Reset)
 .text.Reset    0x00000010       0x18 .\CortexM3\ARM_GCC_541\Debug\Cm3Start.o
                0x00000010                Reset
                0x00000001                ASSERT ((. != __cy_reset), No reset code)
 *(.dma_init)
                0x00000001                ASSERT ((((appl_start + .) <= 0x10000) || 0x1), DMA Init must be within the first 64k of flash)
 *(.text .text.* .gnu.linkonce.t.*)
 .text          0x00000028       0x5c c:/program files (x86)/cypress/psoc creator/4.3/psoc creator/import/gnu/arm/5.4.1/bin/../lib/gcc/arm-none-eabi/5.4.1/armv7-m/crtbegin.o
 .text.main     0x00000084      0x518 .\CortexM3\ARM_GCC_541\Debug\main.o
                0x00000084                main
 .text.EEPROM_readStatus
                0x0000059c        0xc .\CortexM3\ARM_GCC_541\Debug\25LC256.o
                0x0000059c                EEPROM_readStatus
 .text.EEPROM_writeEnable
                0x000005a8        0xc .\CortexM3\ARM_GCC_541\Debug\25LC256.o
                0x000005a8                EEPROM_writeEnable
 .text.EEPROM_readByte
                0x000005b4       0x30 .\CortexM3\ARM_GCC_541\Debug\25LC256.o
                0x000005b4                EEPROM_readByte
 .text.EEPROM_writeByte
                0x000005e4       0x38 .\CortexM3\ARM_GCC_541\Debug\25LC256.o
                0x000005e4                EEPROM_writeByte
 .text.EEPROM_writePage
                0x0000061c       0x5c .\CortexM3\ARM_GCC_541\Debug\25LC256.o
                0x0000061c                EEPROM_writePage
 .text.EEPROM_waitForWriteComplete
                0x00000678       0x10 .\CortexM3\ARM_GCC_541\Debug\25LC256.o
                0x00000678                EEPROM_waitForWriteComplete
 .text.Custom_ISR_ADC
                0x00000688       0x9c .\CortexM3\ARM_GCC_541\Debug\InterruptRoutines.o
                0x00000688                Custom_ISR_ADC
 .text.Custom_ISR_RX
                0x00000724      0x41c .\CortexM3\ARM_GCC_541\Debug\InterruptRoutines.o
                0x00000724                Custom_ISR_RX
 .text.ACC_writeRegister
                0x00000b40       0x30 .\CortexM3\ARM_GCC_541\Debug\LIS3DH.o
                0x00000b40                ACC_writeRegister
 .text.ACC_readRegister
                0x00000b70       0x28 .\CortexM3\ARM_GCC_541\Debug\LIS3DH.o
                0x00000b70                ACC_readRegister
 .text.ACC_Multi_Read
                0x00000b98       0x20 .\CortexM3\ARM_GCC_541\Debug\LIS3DH.o
                0x00000b98                ACC_Multi_Read
 .text.SPI_Interface_25LC256_tradeByte
                0x00000bb8       0x2c .\CortexM3\ARM_GCC_541\Debug\SPI_Interface_25LC256.o
                0x00000bb8                SPI_Interface_25LC256_tradeByte
 .text.SPI_Interface_25LC256_ReadByte
                0x00000be4       0x34 .\CortexM3\ARM_GCC_541\Debug\SPI_Interface_25LC256.o
                0x00000be4                SPI_Interface_25LC256_ReadByte
 .text.SPI_Interface_25LC256_Multi_RW
                0x00000c18       0xb8 .\CortexM3\ARM_GCC_541\Debug\SPI_Interface_25LC256.o
                0x00000c18                SPI_Interface_25LC256_Multi_RW
 .text.SPI_Interface_LIS3DH_Multi_RW
                0x00000cd0       0xb8 .\CortexM3\ARM_GCC_541\Debug\SPI_Interface_LIS3DH.o
                0x00000cd0                SPI_Interface_LIS3DH_Multi_RW
 .text.show_menu
                0x00000d88       0xb8 .\CortexM3\ARM_GCC_541\Debug\Functions.o
                0x00000d88                show_menu
 .text.Store_EEPROM
                0x00000e40       0x40 .\CortexM3\ARM_GCC_541\Debug\Functions.o
                0x00000e40                Store_EEPROM
 .text.Send_BCP
                0x00000e80       0x48 .\CortexM3\ARM_GCC_541\Debug\Functions.o
                0x00000e80                Send_BCP
 .text.CyClockStartupError
                0x00000ec8        0x4 .\CortexM3\ARM_GCC_541\Debug\cyfitter_cfg.o
 .text.cfg_write_bytes32
                0x00000ecc       0x34 .\CortexM3\ARM_GCC_541\Debug\cyfitter_cfg.o
 .text.AnalogSetDefault
                0x00000f00       0x3c .\CortexM3\ARM_GCC_541\Debug\cyfitter_cfg.o
 .text.CYMEMZERO
                0x00000f3c        0xc .\CortexM3\ARM_GCC_541\Debug\cyfitter_cfg.o
 .text.CYCONFIGCPY
                0x00000f48        0x8 .\CortexM3\ARM_GCC_541\Debug\cyfitter_cfg.o
 .text.ClockSetup
                0x00000f50      0x130 .\CortexM3\ARM_GCC_541\Debug\cyfitter_cfg.o
 .text.ADC_DelSig_AMux_Set
                0x00001080       0x1c .\CortexM3\ARM_GCC_541\Debug\cyfitter_cfg.o
                0x00001080                ADC_DelSig_AMux_Set
 .text.ADC_DelSig_AMux_Unset
                0x0000109c       0x1c .\CortexM3\ARM_GCC_541\Debug\cyfitter_cfg.o
                0x0000109c                ADC_DelSig_AMux_Unset
 .text.cyfitter_cfg
                0x000010b8      0x13c .\CortexM3\ARM_GCC_541\Debug\cyfitter_cfg.o
                0x000010b8                cyfitter_cfg
 .text.IntDefaultHandler
                0x000011f4       0x10 .\CortexM3\ARM_GCC_541\Debug\Cm3Start.o
                0x000011f4                IntDefaultHandler
 .text._sbrk    0x00001204       0x30 .\CortexM3\ARM_GCC_541\Debug\Cm3Start.o
                0x00001204                _sbrk
 .text.Start_c  0x00001234       0x4c .\CortexM3\ARM_GCC_541\Debug\Cm3Start.o
                0x00001234                Start_c
 .text.initialize_psoc
                0x00001280       0x68 .\CortexM3\ARM_GCC_541\Debug\Cm3Start.o
                0x00001280                initialize_psoc
 .text.SPIM_1_EnableTxInt
                0x000012e8        0xc .\CortexM3\ARM_GCC_541\Debug\Final_Project_Group5.a(SPIM_1.o)
                0x000012e8                SPIM_1_EnableTxInt
 .text.SPIM_1_EnableRxInt
                0x000012f4        0xc .\CortexM3\ARM_GCC_541\Debug\Final_Project_Group5.a(SPIM_1.o)
                0x000012f4                SPIM_1_EnableRxInt
 .text.SPIM_1_Enable
                0x00001300       0x3c .\CortexM3\ARM_GCC_541\Debug\Final_Project_Group5.a(SPIM_1.o)
                0x00001300                SPIM_1_Enable
 .text.SPIM_1_DisableTxInt
                0x0000133c        0xc .\CortexM3\ARM_GCC_541\Debug\Final_Project_Group5.a(SPIM_1.o)
                0x0000133c                SPIM_1_DisableTxInt
 .text.SPIM_1_DisableRxInt
                0x00001348        0xc .\CortexM3\ARM_GCC_541\Debug\Final_Project_Group5.a(SPIM_1.o)
                0x00001348                SPIM_1_DisableRxInt
 .text.SPIM_1_ReadTxStatus
                0x00001354       0x28 .\CortexM3\ARM_GCC_541\Debug\Final_Project_Group5.a(SPIM_1.o)
                0x00001354                SPIM_1_ReadTxStatus
 .text.SPIM_1_ReadRxStatus
                0x0000137c       0x28 .\CortexM3\ARM_GCC_541\Debug\Final_Project_Group5.a(SPIM_1.o)
                0x0000137c                SPIM_1_ReadRxStatus
 .text.SPIM_1_WriteTxData
                0x000013a4       0xd4 .\CortexM3\ARM_GCC_541\Debug\Final_Project_Group5.a(SPIM_1.o)
                0x000013a4                SPIM_1_WriteTxData
 .text.SPIM_1_ReadRxData
                0x00001478       0x64 .\CortexM3\ARM_GCC_541\Debug\Final_Project_Group5.a(SPIM_1.o)
                0x00001478                SPIM_1_ReadRxData
 .text.SPIM_1_ClearRxBuffer
                0x000014dc       0x40 .\CortexM3\ARM_GCC_541\Debug\Final_Project_Group5.a(SPIM_1.o)
                0x000014dc                SPIM_1_ClearRxBuffer
 .text.SPIM_1_ClearTxBuffer
                0x0000151c       0x54 .\CortexM3\ARM_GCC_541\Debug\Final_Project_Group5.a(SPIM_1.o)
                0x0000151c                SPIM_1_ClearTxBuffer
 .text.SPIM_1_PutArray
                0x00001570       0x20 .\CortexM3\ARM_GCC_541\Debug\Final_Project_Group5.a(SPIM_1.o)
                0x00001570                SPIM_1_PutArray
 .text.SPIM_1_ClearFIFO
                0x00001590       0x3c .\CortexM3\ARM_GCC_541\Debug\Final_Project_Group5.a(SPIM_1.o)
                0x00001590                SPIM_1_ClearFIFO
 .text.SPIM_1_Init
                0x000015cc       0x90 .\CortexM3\ARM_GCC_541\Debug\Final_Project_Group5.a(SPIM_1.o)
                0x000015cc                SPIM_1_Init
 .text.SPIM_1_Start
                0x0000165c       0x1c .\CortexM3\ARM_GCC_541\Debug\Final_Project_Group5.a(SPIM_1.o)
                0x0000165c                SPIM_1_Start
 .text.SPIM_1_TX_ISR
                0x00001678       0xa0 .\CortexM3\ARM_GCC_541\Debug\Final_Project_Group5.a(SPIM_1_INT.o)
                0x00001678                SPIM_1_TX_ISR
 .text.SPIM_1_RX_ISR
                0x00001718       0xa0 .\CortexM3\ARM_GCC_541\Debug\Final_Project_Group5.a(SPIM_1_INT.o)
                0x00001718                SPIM_1_RX_ISR
 .text.UART_1_Init
                0x000017b8       0x24 .\CortexM3\ARM_GCC_541\Debug\Final_Project_Group5.a(UART_1.o)
                0x000017b8                UART_1_Init
 .text.UART_1_Enable
                0x000017dc       0x38 .\CortexM3\ARM_GCC_541\Debug\Final_Project_Group5.a(UART_1.o)
                0x000017dc                UART_1_Enable
 .text.UART_1_Start
                0x00001814       0x1c .\CortexM3\ARM_GCC_541\Debug\Final_Project_Group5.a(UART_1.o)
                0x00001814                UART_1_Start
 .text.UART_1_GetChar
                0x00001830       0x2c .\CortexM3\ARM_GCC_541\Debug\Final_Project_Group5.a(UART_1.o)
                0x00001830                UART_1_GetChar
 .text.UART_1_PutChar
                0x0000185c       0x18 .\CortexM3\ARM_GCC_541\Debug\Final_Project_Group5.a(UART_1.o)
                0x0000185c                UART_1_PutChar
 .text.UART_1_PutString
                0x00001874       0x24 .\CortexM3\ARM_GCC_541\Debug\Final_Project_Group5.a(UART_1.o)
                0x00001874                UART_1_PutString
 .text.CS_1_Write
                0x00001898       0x18 .\CortexM3\ARM_GCC_541\Debug\Final_Project_Group5.a(CS_1.o)
                0x00001898                CS_1_Write
 .text.CS_2_Write
                0x000018b0       0x18 .\CortexM3\ARM_GCC_541\Debug\Final_Project_Group5.a(CS_2.o)
                0x000018b0                CS_2_Write
 .text.SPIM_2_EnableTxInt
                0x000018c8        0xc .\CortexM3\ARM_GCC_541\Debug\Final_Project_Group5.a(SPIM_2.o)
                0x000018c8                SPIM_2_EnableTxInt
 .text.SPIM_2_EnableRxInt
                0x000018d4        0xc .\CortexM3\ARM_GCC_541\Debug\Final_Project_Group5.a(SPIM_2.o)
                0x000018d4                SPIM_2_EnableRxInt
 .text.SPIM_2_Enable
                0x000018e0       0x3c .\CortexM3\ARM_GCC_541\Debug\Final_Project_Group5.a(SPIM_2.o)
                0x000018e0                SPIM_2_Enable
 .text.SPIM_2_DisableTxInt
                0x0000191c        0xc .\CortexM3\ARM_GCC_541\Debug\Final_Project_Group5.a(SPIM_2.o)
                0x0000191c                SPIM_2_DisableTxInt
 .text.SPIM_2_DisableRxInt
                0x00001928        0xc .\CortexM3\ARM_GCC_541\Debug\Final_Project_Group5.a(SPIM_2.o)
                0x00001928                SPIM_2_DisableRxInt
 .text.SPIM_2_ReadTxStatus
                0x00001934       0x28 .\CortexM3\ARM_GCC_541\Debug\Final_Project_Group5.a(SPIM_2.o)
                0x00001934                SPIM_2_ReadTxStatus
 .text.SPIM_2_ReadRxStatus
                0x0000195c       0x28 .\CortexM3\ARM_GCC_541\Debug\Final_Project_Group5.a(SPIM_2.o)
                0x0000195c                SPIM_2_ReadRxStatus
 .text.SPIM_2_WriteTxData
                0x00001984       0xd4 .\CortexM3\ARM_GCC_541\Debug\Final_Project_Group5.a(SPIM_2.o)
                0x00001984                SPIM_2_WriteTxData
 .text.SPIM_2_ReadRxData
                0x00001a58       0x64 .\CortexM3\ARM_GCC_541\Debug\Final_Project_Group5.a(SPIM_2.o)
                0x00001a58                SPIM_2_ReadRxData
 .text.SPIM_2_ClearRxBuffer
                0x00001abc       0x40 .\CortexM3\ARM_GCC_541\Debug\Final_Project_Group5.a(SPIM_2.o)
                0x00001abc                SPIM_2_ClearRxBuffer
 .text.SPIM_2_ClearTxBuffer
                0x00001afc       0x54 .\CortexM3\ARM_GCC_541\Debug\Final_Project_Group5.a(SPIM_2.o)
                0x00001afc                SPIM_2_ClearTxBuffer
 .text.SPIM_2_PutArray
                0x00001b50       0x20 .\CortexM3\ARM_GCC_541\Debug\Final_Project_Group5.a(SPIM_2.o)
                0x00001b50                SPIM_2_PutArray
 .text.SPIM_2_ClearFIFO
                0x00001b70       0x3c .\CortexM3\ARM_GCC_541\Debug\Final_Project_Group5.a(SPIM_2.o)
                0x00001b70                SPIM_2_ClearFIFO
 .text.SPIM_2_Init
                0x00001bac       0x90 .\CortexM3\ARM_GCC_541\Debug\Final_Project_Group5.a(SPIM_2.o)
                0x00001bac                SPIM_2_Init
 .text.SPIM_2_Start
                0x00001c3c       0x1c .\CortexM3\ARM_GCC_541\Debug\Final_Project_Group5.a(SPIM_2.o)
                0x00001c3c                SPIM_2_Start
 .text.SPIM_2_TX_ISR
                0x00001c58       0xa0 .\CortexM3\ARM_GCC_541\Debug\Final_Project_Group5.a(SPIM_2_INT.o)
                0x00001c58                SPIM_2_TX_ISR
 .text.SPIM_2_RX_ISR
                0x00001cf8       0xa0 .\CortexM3\ARM_GCC_541\Debug\Final_Project_Group5.a(SPIM_2_INT.o)
                0x00001cf8                SPIM_2_RX_ISR
 .text.isr_RX_SetVector
                0x00001d98        0xc .\CortexM3\ARM_GCC_541\Debug\Final_Project_Group5.a(isr_RX.o)
                0x00001d98                isr_RX_SetVector
 .text.isr_RX_SetPriority
                0x00001da4       0x10 .\CortexM3\ARM_GCC_541\Debug\Final_Project_Group5.a(isr_RX.o)
                0x00001da4                isr_RX_SetPriority
 .text.isr_RX_Enable
                0x00001db4        0xc .\CortexM3\ARM_GCC_541\Debug\Final_Project_Group5.a(isr_RX.o)
                0x00001db4                isr_RX_Enable
 .text.isr_RX_Disable
                0x00001dc0        0xc .\CortexM3\ARM_GCC_541\Debug\Final_Project_Group5.a(isr_RX.o)
                0x00001dc0                isr_RX_Disable
 .text.isr_RX_StartEx
                0x00001dcc       0x1c .\CortexM3\ARM_GCC_541\Debug\Final_Project_Group5.a(isr_RX.o)
                0x00001dcc                isr_RX_StartEx
 .text.SPIM_1_IntClock_Start
                0x00001de8       0x1c .\CortexM3\ARM_GCC_541\Debug\Final_Project_Group5.a(SPIM_1_IntClock.o)
                0x00001de8                SPIM_1_IntClock_Start
 .text.UART_1_IntClock_Start
                0x00001e04       0x1c .\CortexM3\ARM_GCC_541\Debug\Final_Project_Group5.a(UART_1_IntClock.o)
                0x00001e04                UART_1_IntClock_Start
 .text.SPIM_2_IntClock_Start
                0x00001e20       0x1c .\CortexM3\ARM_GCC_541\Debug\Final_Project_Group5.a(SPIM_2_IntClock.o)
                0x00001e20                SPIM_2_IntClock_Start
 .text.CyHalt   0x00001e3c        0x4 .\CortexM3\ARM_GCC_541\Debug\Final_Project_Group5.a(CyLib.o)
                0x00001e3c                CyHalt
 .text.CyDelay  0x00001e40       0x2c .\CortexM3\ARM_GCC_541\Debug\Final_Project_Group5.a(CyLib.o)
                0x00001e40                CyDelay
 .text.CyDelayUs
                0x00001e6c       0x14 .\CortexM3\ARM_GCC_541\Debug\Final_Project_Group5.a(CyLib.o)
                0x00001e6c                CyDelayUs
 .text.CyIntSetVector
                0x00001e80       0x28 .\CortexM3\ARM_GCC_541\Debug\Final_Project_Group5.a(CyLib.o)
                0x00001e80                CyIntSetVector
 .text.CyIntSetPriority
                0x00001ea8       0x30 .\CortexM3\ARM_GCC_541\Debug\Final_Project_Group5.a(CyLib.o)
                0x00001ea8                CyIntSetPriority
 .text.ADC_DelSig_GainCompensation
                0x00001ed8       0xdc .\CortexM3\ARM_GCC_541\Debug\Final_Project_Group5.a(ADC_DelSig.o)
 .text.ADC_DelSig_SetDSMRef0Reg
                0x00001fb4       0x4c .\CortexM3\ARM_GCC_541\Debug\Final_Project_Group5.a(ADC_DelSig.o)
 .text.ADC_DelSig_InitConfig
                0x00002000       0xe0 .\CortexM3\ARM_GCC_541\Debug\Final_Project_Group5.a(ADC_DelSig.o)
 .text.ADC_DelSig_Init
                0x000020e0       0xc4 .\CortexM3\ARM_GCC_541\Debug\Final_Project_Group5.a(ADC_DelSig.o)
                0x000020e0                ADC_DelSig_Init
 .text.ADC_DelSig_Enable
                0x000021a4       0xd8 .\CortexM3\ARM_GCC_541\Debug\Final_Project_Group5.a(ADC_DelSig.o)
                0x000021a4                ADC_DelSig_Enable
 .text.ADC_DelSig_Start
                0x0000227c       0x28 .\CortexM3\ARM_GCC_541\Debug\Final_Project_Group5.a(ADC_DelSig.o)
                0x0000227c                ADC_DelSig_Start
 .text.ADC_DelSig_StartConvert
                0x000022a4       0x10 .\CortexM3\ARM_GCC_541\Debug\Final_Project_Group5.a(ADC_DelSig.o)
                0x000022a4                ADC_DelSig_StartConvert
 .text.ADC_DelSig_StopConvert
                0x000022b4       0x10 .\CortexM3\ARM_GCC_541\Debug\Final_Project_Group5.a(ADC_DelSig.o)
                0x000022b4                ADC_DelSig_StopConvert
 .text.ADC_DelSig_IsEndConversion
                0x000022c4       0x30 .\CortexM3\ARM_GCC_541\Debug\Final_Project_Group5.a(ADC_DelSig.o)
                0x000022c4                ADC_DelSig_IsEndConversion
 .text.ADC_DelSig_GetResult32
                0x000022f4       0x6c .\CortexM3\ARM_GCC_541\Debug\Final_Project_Group5.a(ADC_DelSig.o)
                0x000022f4                ADC_DelSig_GetResult32
 .text.ADC_DelSig_CountsTo_mVolts
                0x00002360       0x24 .\CortexM3\ARM_GCC_541\Debug\Final_Project_Group5.a(ADC_DelSig.o)
                0x00002360                ADC_DelSig_CountsTo_mVolts
 .text.ADC_DelSig_Read32
                0x00002384       0x28 .\CortexM3\ARM_GCC_541\Debug\Final_Project_Group5.a(ADC_DelSig.o)
                0x00002384                ADC_DelSig_Read32
 .text.ADC_DelSig_ISR1
                0x000023ac        0x4 .\CortexM3\ARM_GCC_541\Debug\Final_Project_Group5.a(ADC_DelSig_INT.o)
                0x000023ac                ADC_DelSig_ISR1
 .text.Timer_Enable
                0x000023b0       0x28 .\CortexM3\ARM_GCC_541\Debug\Final_Project_Group5.a(Timer.o)
                0x000023b0                Timer_Enable
 .text.Timer_Stop
                0x000023d8       0x28 .\CortexM3\ARM_GCC_541\Debug\Final_Project_Group5.a(Timer.o)
                0x000023d8                Timer_Stop
 .text.Timer_SetInterruptMode
                0x00002400        0xc .\CortexM3\ARM_GCC_541\Debug\Final_Project_Group5.a(Timer.o)
                0x00002400                Timer_SetInterruptMode
 .text.Timer_ReadStatusRegister
                0x0000240c        0xc .\CortexM3\ARM_GCC_541\Debug\Final_Project_Group5.a(Timer.o)
                0x0000240c                Timer_ReadStatusRegister
 .text.Timer_WritePeriod
                0x00002418        0xc .\CortexM3\ARM_GCC_541\Debug\Final_Project_Group5.a(Timer.o)
                0x00002418                Timer_WritePeriod
 .text.Timer_WriteCounter
                0x00002424        0xc .\CortexM3\ARM_GCC_541\Debug\Final_Project_Group5.a(Timer.o)
                0x00002424                Timer_WriteCounter
 .text.Timer_Init
                0x00002430       0x64 .\CortexM3\ARM_GCC_541\Debug\Final_Project_Group5.a(Timer.o)
                0x00002430                Timer_Init
 .text.Timer_Start
                0x00002494       0x1c .\CortexM3\ARM_GCC_541\Debug\Final_Project_Group5.a(Timer.o)
                0x00002494                Timer_Start
 .text.isr_ADC_SetVector
                0x000024b0       0x10 .\CortexM3\ARM_GCC_541\Debug\Final_Project_Group5.a(isr_ADC.o)
                0x000024b0                isr_ADC_SetVector
 .text.isr_ADC_SetPriority
                0x000024c0       0x10 .\CortexM3\ARM_GCC_541\Debug\Final_Project_Group5.a(isr_ADC.o)
                0x000024c0                isr_ADC_SetPriority
 .text.isr_ADC_Enable
                0x000024d0       0x10 .\CortexM3\ARM_GCC_541\Debug\Final_Project_Group5.a(isr_ADC.o)
                0x000024d0                isr_ADC_Enable
 .text.isr_ADC_Disable
                0x000024e0       0x10 .\CortexM3\ARM_GCC_541\Debug\Final_Project_Group5.a(isr_ADC.o)
                0x000024e0                isr_ADC_Disable
 .text.isr_ADC_StartEx
                0x000024f0       0x1c .\CortexM3\ARM_GCC_541\Debug\Final_Project_Group5.a(isr_ADC.o)
                0x000024f0                isr_ADC_StartEx
 .text.ADC_DelSig_AMux_Start
                0x0000250c       0x20 .\CortexM3\ARM_GCC_541\Debug\Final_Project_Group5.a(ADC_DelSig_AMux.o)
                0x0000250c                ADC_DelSig_AMux_Start
 .text.ADC_DelSig_AMux_Select
                0x0000252c       0x18 .\CortexM3\ARM_GCC_541\Debug\Final_Project_Group5.a(ADC_DelSig_AMux.o)
                0x0000252c                ADC_DelSig_AMux_Select
 .text.ADC_DelSig_Ext_CP_Clk_GetDividerRegister
                0x00002544        0xc .\CortexM3\ARM_GCC_541\Debug\Final_Project_Group5.a(ADC_DelSig_Ext_CP_Clk.o)
                0x00002544                ADC_DelSig_Ext_CP_Clk_GetDividerRegister
 .text.ADC_DelSig_Ext_CP_Clk_SetModeRegister
                0x00002550       0x14 .\CortexM3\ARM_GCC_541\Debug\Final_Project_Group5.a(ADC_DelSig_Ext_CP_Clk.o)
                0x00002550                ADC_DelSig_Ext_CP_Clk_SetModeRegister
 .text.ADC_DelSig_Ext_CP_Clk_GetSourceRegister
                0x00002564       0x10 .\CortexM3\ARM_GCC_541\Debug\Final_Project_Group5.a(ADC_DelSig_Ext_CP_Clk.o)
                0x00002564                ADC_DelSig_Ext_CP_Clk_GetSourceRegister
 .text.ADC_DelSig_Ext_CP_Clk_SetDividerRegister
                0x00002574       0xd8 .\CortexM3\ARM_GCC_541\Debug\Final_Project_Group5.a(ADC_DelSig_Ext_CP_Clk.o)
                0x00002574                ADC_DelSig_Ext_CP_Clk_SetDividerRegister
 .text.ADC_DelSig_theACLK_GetDividerRegister
                0x0000264c        0xc .\CortexM3\ARM_GCC_541\Debug\Final_Project_Group5.a(ADC_DelSig_theACLK.o)
                0x0000264c                ADC_DelSig_theACLK_GetDividerRegister
 .text.ADC_DelSig_theACLK_SetModeRegister
                0x00002658       0x14 .\CortexM3\ARM_GCC_541\Debug\Final_Project_Group5.a(ADC_DelSig_theACLK.o)
                0x00002658                ADC_DelSig_theACLK_SetModeRegister
 .text.ADC_DelSig_theACLK_GetSourceRegister
                0x0000266c       0x10 .\CortexM3\ARM_GCC_541\Debug\Final_Project_Group5.a(ADC_DelSig_theACLK.o)
                0x0000266c                ADC_DelSig_theACLK_GetSourceRegister
 .text.ADC_DelSig_theACLK_SetDividerRegister
                0x0000267c       0xd8 .\CortexM3\ARM_GCC_541\Debug\Final_Project_Group5.a(ADC_DelSig_theACLK.o)
                0x0000267c                ADC_DelSig_theACLK_SetDividerRegister
 .text.Ext_LED_Write
                0x00002754       0x18 .\CortexM3\ARM_GCC_541\Debug\Final_Project_Group5.a(Ext_LED.o)
                0x00002754                Ext_LED_Write
 .text.PWM_OnboardLED_Enable
                0x0000276c       0x10 .\CortexM3\ARM_GCC_541\Debug\Final_Project_Group5.a(PWM_OnboardLED.o)
                0x0000276c                PWM_OnboardLED_Enable
 .text.PWM_OnboardLED_WriteCounter
                0x0000277c        0xc .\CortexM3\ARM_GCC_541\Debug\Final_Project_Group5.a(PWM_OnboardLED.o)
                0x0000277c                PWM_OnboardLED_WriteCounter
 .text.PWM_OnboardLED_WritePeriod
                0x00002788        0xc .\CortexM3\ARM_GCC_541\Debug\Final_Project_Group5.a(PWM_OnboardLED.o)
                0x00002788                PWM_OnboardLED_WritePeriod
 .text.PWM_OnboardLED_WriteCompare
                0x00002794        0xc .\CortexM3\ARM_GCC_541\Debug\Final_Project_Group5.a(PWM_OnboardLED.o)
                0x00002794                PWM_OnboardLED_WriteCompare
 .text.PWM_OnboardLED_SetInterruptMode
                0x000027a0        0xc .\CortexM3\ARM_GCC_541\Debug\Final_Project_Group5.a(PWM_OnboardLED.o)
                0x000027a0                PWM_OnboardLED_SetInterruptMode
 .text.PWM_OnboardLED_ReadStatusRegister
                0x000027ac        0xc .\CortexM3\ARM_GCC_541\Debug\Final_Project_Group5.a(PWM_OnboardLED.o)
                0x000027ac                PWM_OnboardLED_ReadStatusRegister
 .text.PWM_OnboardLED_ReadCapture
                0x000027b8        0xc .\CortexM3\ARM_GCC_541\Debug\Final_Project_Group5.a(PWM_OnboardLED.o)
                0x000027b8                PWM_OnboardLED_ReadCapture
 .text.PWM_OnboardLED_ClearFIFO
                0x000027c4       0x14 .\CortexM3\ARM_GCC_541\Debug\Final_Project_Group5.a(PWM_OnboardLED.o)
                0x000027c4                PWM_OnboardLED_ClearFIFO
 .text.PWM_OnboardLED_Init
                0x000027d8       0x50 .\CortexM3\ARM_GCC_541\Debug\Final_Project_Group5.a(PWM_OnboardLED.o)
                0x000027d8                PWM_OnboardLED_Init
 .text.PWM_OnboardLED_Start
                0x00002828       0x1c .\CortexM3\ARM_GCC_541\Debug\Final_Project_Group5.a(PWM_OnboardLED.o)
                0x00002828                PWM_OnboardLED_Start
 *fill*         0x00002844        0x4 
 .text          0x00002848       0x20 .\CortexM3\ARM_GCC_541\Debug\Final_Project_Group5.a(CyBootAsmGnu.o)
                0x00002848                CyDelayCycles
                0x00002858                CyEnterCriticalSection
                0x00002860                CyExitCriticalSection
 .text.__errno  0x00002868        0xc c:/program files (x86)/cypress/psoc creator/4.3/psoc creator/import/gnu/arm/5.4.1/bin/../lib/gcc/arm-none-eabi/5.4.1/../../../../arm-none-eabi/lib/armv7-m\libg_nano.a(lib_a-errno.o)
                0x00002868                __errno
 .text.__libc_init_array
                0x00002874       0x4c c:/program files (x86)/cypress/psoc creator/4.3/psoc creator/import/gnu/arm/5.4.1/bin/../lib/gcc/arm-none-eabi/5.4.1/../../../../arm-none-eabi/lib/armv7-m\libg_nano.a(lib_a-init.o)
                0x00002874                __libc_init_array
 .text.memcpy   0x000028c0       0x16 c:/program files (x86)/cypress/psoc creator/4.3/psoc creator/import/gnu/arm/5.4.1/bin/../lib/gcc/arm-none-eabi/5.4.1/../../../../arm-none-eabi/lib/armv7-m\libg_nano.a(lib_a-memcpy-stub.o)
                0x000028c0                memcpy
 .text.memset   0x000028d6       0x10 c:/program files (x86)/cypress/psoc creator/4.3/psoc creator/import/gnu/arm/5.4.1/bin/../lib/gcc/arm-none-eabi/5.4.1/../../../../arm-none-eabi/lib/armv7-m\libg_nano.a(lib_a-memset.o)
                0x000028d6                memset
 *fill*         0x000028e6        0x2 
 .text.sprintf  0x000028e8       0x48 c:/program files (x86)/cypress/psoc creator/4.3/psoc creator/import/gnu/arm/5.4.1/bin/../lib/gcc/arm-none-eabi/5.4.1/../../../../arm-none-eabi/lib/armv7-m\libg_nano.a(lib_a-sprintf.o)
                0x000028e8                siprintf
                0x000028e8                sprintf
 .text.__ssputs_r
                0x00002930       0xb2 c:/program files (x86)/cypress/psoc creator/4.3/psoc creator/import/gnu/arm/5.4.1/bin/../lib/gcc/arm-none-eabi/5.4.1/../../../../arm-none-eabi/lib/armv7-m\libg_nano.a(lib_a-nano-svfprintf.o)
                0x00002930                __ssputs_r
 *fill*         0x000029e2        0x2 
 .text._svfprintf_r
                0x000029e4      0x1e8 c:/program files (x86)/cypress/psoc creator/4.3/psoc creator/import/gnu/arm/5.4.1/bin/../lib/gcc/arm-none-eabi/5.4.1/../../../../arm-none-eabi/lib/armv7-m\libg_nano.a(lib_a-nano-svfprintf.o)
                0x000029e4                _svfiprintf_r
                0x000029e4                _svfprintf_r
 .text._printf_common
                0x00002bcc       0xec c:/program files (x86)/cypress/psoc creator/4.3/psoc creator/import/gnu/arm/5.4.1/bin/../lib/gcc/arm-none-eabi/5.4.1/../../../../arm-none-eabi/lib/armv7-m\libg_nano.a(lib_a-nano-vfprintf_i.o)
                0x00002bcc                _printf_common
 .text._printf_i
                0x00002cb8      0x24c c:/program files (x86)/cypress/psoc creator/4.3/psoc creator/import/gnu/arm/5.4.1/bin/../lib/gcc/arm-none-eabi/5.4.1/../../../../arm-none-eabi/lib/armv7-m\libg_nano.a(lib_a-nano-vfprintf_i.o)
                0x00002cb8                _printf_i
 .text.memchr   0x00002f04       0x1c c:/program files (x86)/cypress/psoc creator/4.3/psoc creator/import/gnu/arm/5.4.1/bin/../lib/gcc/arm-none-eabi/5.4.1/../../../../arm-none-eabi/lib/armv7-m\libg_nano.a(lib_a-memchr-stub.o)
                0x00002f04                memchr
 .text.memmove  0x00002f20       0x36 c:/program files (x86)/cypress/psoc creator/4.3/psoc creator/import/gnu/arm/5.4.1/bin/../lib/gcc/arm-none-eabi/5.4.1/../../../../arm-none-eabi/lib/armv7-m\libg_nano.a(lib_a-memmove.o)
                0x00002f20                memmove
 *fill*         0x00002f56        0x2 
 .text._free_r  0x00002f58       0x98 c:/program files (x86)/cypress/psoc creator/4.3/psoc creator/import/gnu/arm/5.4.1/bin/../lib/gcc/arm-none-eabi/5.4.1/../../../../arm-none-eabi/lib/armv7-m\libg_nano.a(lib_a-nano-freer.o)
                0x00002f58                _free_r
 .text._malloc_r
                0x00002ff0       0xbc c:/program files (x86)/cypress/psoc creator/4.3/psoc creator/import/gnu/arm/5.4.1/bin/../lib/gcc/arm-none-eabi/5.4.1/../../../../arm-none-eabi/lib/armv7-m\libg_nano.a(lib_a-nano-mallocr.o)
                0x00002ff0                _malloc_r
 .text._realloc_r
                0x000030ac       0x4c c:/program files (x86)/cypress/psoc creator/4.3/psoc creator/import/gnu/arm/5.4.1/bin/../lib/gcc/arm-none-eabi/5.4.1/../../../../arm-none-eabi/lib/armv7-m\libg_nano.a(lib_a-nano-reallocr.o)
                0x000030ac                _realloc_r
 .text._sbrk_r  0x000030f8       0x20 c:/program files (x86)/cypress/psoc creator/4.3/psoc creator/import/gnu/arm/5.4.1/bin/../lib/gcc/arm-none-eabi/5.4.1/../../../../arm-none-eabi/lib/armv7-m\libg_nano.a(lib_a-sbrkr.o)
                0x000030f8                _sbrk_r
 .text.__malloc_lock
                0x00003118        0x2 c:/program files (x86)/cypress/psoc creator/4.3/psoc creator/import/gnu/arm/5.4.1/bin/../lib/gcc/arm-none-eabi/5.4.1/../../../../arm-none-eabi/lib/armv7-m\libg_nano.a(lib_a-mlock.o)
                0x00003118                __malloc_lock
 .text.__malloc_unlock
                0x0000311a        0x2 c:/program files (x86)/cypress/psoc creator/4.3/psoc creator/import/gnu/arm/5.4.1/bin/../lib/gcc/arm-none-eabi/5.4.1/../../../../arm-none-eabi/lib/armv7-m\libg_nano.a(lib_a-mlock.o)
                0x0000311a                __malloc_unlock
 .text._malloc_usable_size_r
                0x0000311c       0x14 c:/program files (x86)/cypress/psoc creator/4.3/psoc creator/import/gnu/arm/5.4.1/bin/../lib/gcc/arm-none-eabi/5.4.1/../../../../arm-none-eabi/lib/armv7-m\libg_nano.a(lib_a-nano-msizer.o)
                0x0000311c                _malloc_usable_size_r
 *(.plt)
 *(.gnu.warning)
 *(.glue_7t)
 .glue_7t       0x00003130        0x0 linker stubs
 *(.glue_7)
 .glue_7        0x00003130        0x0 linker stubs
 *(.vfp11_veneer)
 .vfp11_veneer  0x00003130        0x0 linker stubs
 *(.bootloader)
 *(.ARM.extab* .gnu.linkonce.armextab.*)
 *(.gcc_except_table)

.v4_bx          0x00003130        0x0
 .v4_bx         0x00003130        0x0 linker stubs

.iplt           0x00003130        0x0
 .iplt          0x00003130        0x0 c:/program files (x86)/cypress/psoc creator/4.3/psoc creator/import/gnu/arm/5.4.1/bin/../lib/gcc/arm-none-eabi/5.4.1/armv7-m/crtbegin.o

.eh_frame_hdr
 *(.eh_frame_hdr)

.eh_frame       0x00003130        0x4
 *(.eh_frame)
 .eh_frame      0x00003130        0x0 c:/program files (x86)/cypress/psoc creator/4.3/psoc creator/import/gnu/arm/5.4.1/bin/../lib/gcc/arm-none-eabi/5.4.1/armv7-m/crtbegin.o
 .eh_frame      0x00003130        0x4 c:/program files (x86)/cypress/psoc creator/4.3/psoc creator/import/gnu/arm/5.4.1/bin/../lib/gcc/arm-none-eabi/5.4.1/armv7-m/crtend.o
                [!provide]                PROVIDE (__exidx_start, .)

.ARM.exidx
 *(.ARM.exidx* .gnu.linkonce.armexidx.*)
                0x00003134                __exidx_end = .

.rodata         0x00003134      0xa2c
 *(.rodata .rodata.* .gnu.linkonce.r.*)
 .rodata        0x00003134        0x6 .\CortexM3\ARM_GCC_541\Debug\main.o
 *fill*         0x0000313a        0x2 
 .rodata.str1.4
                0x0000313c      0x344 .\CortexM3\ARM_GCC_541\Debug\main.o
 .rodata.str1.4
                0x00003480      0x2c9 .\CortexM3\ARM_GCC_541\Debug\InterruptRoutines.o
                                0x305 (size before relaxing)
 *fill*         0x00003749        0x3 
 .rodata.str1.4
                0x0000374c      0x340 .\CortexM3\ARM_GCC_541\Debug\Functions.o
                                0x342 (size before relaxing)
 .rodata        0x00003a8c       0x66 .\CortexM3\ARM_GCC_541\Debug\cyfitter_cfg.o
                0x00003a8c                ADC_DelSig_AMux__addrTable
                0x00003a94                ADC_DelSig_AMux__maskTable
 .rodata.str1.1
                0x00003af2        0x2 c:/program files (x86)/cypress/psoc creator/4.3/psoc creator/import/gnu/arm/5.4.1/bin/../lib/gcc/arm-none-eabi/5.4.1/../../../../arm-none-eabi/lib/armv7-m\libg_nano.a(lib_a-impure.o)
 .rodata.str1.1
                0x00003af4       0x11 c:/program files (x86)/cypress/psoc creator/4.3/psoc creator/import/gnu/arm/5.4.1/bin/../lib/gcc/arm-none-eabi/5.4.1/../../../../arm-none-eabi/lib/armv7-m\libg_nano.a(lib_a-nano-svfprintf.o)
 .rodata.str1.1
                0x00003b05       0x22 c:/program files (x86)/cypress/psoc creator/4.3/psoc creator/import/gnu/arm/5.4.1/bin/../lib/gcc/arm-none-eabi/5.4.1/../../../../arm-none-eabi/lib/armv7-m\libg_nano.a(lib_a-nano-vfprintf_i.o)
                0x00003b28                . = ALIGN (0x4)
 *fill*         0x00003b27        0x1 
 *(.init)
 .init          0x00003b28        0x4 c:/program files (x86)/cypress/psoc creator/4.3/psoc creator/import/gnu/arm/5.4.1/bin/../lib/gcc/arm-none-eabi/5.4.1/armv7-m/crti.o
                0x00003b28                _init
 .init          0x00003b2c        0x8 c:/program files (x86)/cypress/psoc creator/4.3/psoc creator/import/gnu/arm/5.4.1/bin/../lib/gcc/arm-none-eabi/5.4.1/armv7-m/crtn.o
                0x00003b34                . = ALIGN (0x4)
                0x00003b34                __preinit_array_start = .
 *(.preinit_array)
                0x00003b34                __preinit_array_end = .
                0x00003b34                . = ALIGN (0x4)
                0x00003b34                __init_array_start = .
 *(SORT(.init_array.*))
 *(.init_array)
 .init_array    0x00003b34        0x4 c:/program files (x86)/cypress/psoc creator/4.3/psoc creator/import/gnu/arm/5.4.1/bin/../lib/gcc/arm-none-eabi/5.4.1/armv7-m/crtbegin.o
 .init_array    0x00003b38        0x4 .\CortexM3\ARM_GCC_541\Debug\Cm3Start.o
                0x00003b3c                __init_array_end = .
                0x00003b3c                . = ALIGN (0x4)
 *(.fini)
 .fini          0x00003b3c        0x4 c:/program files (x86)/cypress/psoc creator/4.3/psoc creator/import/gnu/arm/5.4.1/bin/../lib/gcc/arm-none-eabi/5.4.1/armv7-m/crti.o
                0x00003b3c                _fini
 .fini          0x00003b40        0x8 c:/program files (x86)/cypress/psoc creator/4.3/psoc creator/import/gnu/arm/5.4.1/bin/../lib/gcc/arm-none-eabi/5.4.1/armv7-m/crtn.o
                0x00003b48                . = ALIGN (0x4)
                0x00003b48                __fini_array_start = .
 *(.fini_array)
 .fini_array    0x00003b48        0x4 c:/program files (x86)/cypress/psoc creator/4.3/psoc creator/import/gnu/arm/5.4.1/bin/../lib/gcc/arm-none-eabi/5.4.1/armv7-m/crtbegin.o
 *(SORT(.fini_array.*))
                0x00003b4c                __fini_array_end = .
                0x00003b4c                . = ALIGN (0x4)
 *crtbegin.o(.ctors)
 *(EXCLUDE_FILE(*crtend.o) .ctors)
 *(SORT(.ctors.*))
 *crtend.o(.ctors)
                0x00003b4c                . = ALIGN (0x4)
 *crtbegin.o(.dtors)
 *(EXCLUDE_FILE(*crtend.o) .dtors)
 *(SORT(.dtors.*))
 *crtend.o(.dtors)
                0x00003b4c                . = ALIGN (0x4)
                0x00003b4c                __cy_regions = .
                0x00003b4c        0x4 LONG 0x3b60 __cy_region_init_ram
                0x00003b50        0x4 LONG 0x1fff80c8 __cy_region_start_data
                0x00003b54        0x4 LONG 0x80 __cy_region_init_size_ram
                0x00003b58        0x4 LONG 0x108 __cy_region_zero_size_ram
                0x00003b5c                __cy_regions_end = .
                0x00003b60                . = ALIGN (0x8)
 *fill*         0x00003b5c        0x4 
                0x00003b60                _etext = .

.cy_checksum_exclude
                0x00003b60        0x0
 *(.cy_checksum_exclude)

.ramvectors     0x1fff8000       0xc0
                0x1fff8000                __cy_region_start_ram = .
 *(.ramvectors)
 .ramvectors    0x1fff8000       0xc0 .\CortexM3\ARM_GCC_541\Debug\Cm3Start.o
                0x1fff8000                CyRamVectors

.noinit         0x1fff80c0        0x1
 *(.noinit)
 .noinit        0x1fff80c0        0x1 .\CortexM3\ARM_GCC_541\Debug\Final_Project_Group5.a(CyLib.o)
                0x1fff80c0                CyResetStatus

.data           0x1fff80c8       0x80 load address 0x00003b60
                0x1fff80c8                __cy_region_start_data = .
 *(.jcr)
 .jcr           0x1fff80c8        0x0 c:/program files (x86)/cypress/psoc creator/4.3/psoc creator/import/gnu/arm/5.4.1/bin/../lib/gcc/arm-none-eabi/5.4.1/armv7-m/crtbegin.o
 .jcr           0x1fff80c8        0x4 c:/program files (x86)/cypress/psoc creator/4.3/psoc creator/import/gnu/arm/5.4.1/bin/../lib/gcc/arm-none-eabi/5.4.1/armv7-m/crtend.o
 *(.got.plt)
 *(.got)
 *(.shdata)
 *(.data .data.* .gnu.linkonce.d.*)
 .data          0x1fff80cc        0x4 .\CortexM3\ARM_GCC_541\Debug\Cm3Start.o
 .data          0x1fff80d0       0x10 .\CortexM3\ARM_GCC_541\Debug\Final_Project_Group5.a(CyLib.o)
                0x1fff80d0                cydelay_32k_ms
                0x1fff80d4                cydelay_freq_khz
                0x1fff80d8                cydelay_freq_mhz
                0x1fff80dc                cydelay_freq_hz
 .data          0x1fff80e0        0x1 .\CortexM3\ARM_GCC_541\Debug\Final_Project_Group5.a(ADC_DelSig.o)
                0x1fff80e0                ADC_DelSig_Config
 .data          0x1fff80e1        0x1 .\CortexM3\ARM_GCC_541\Debug\Final_Project_Group5.a(ADC_DelSig_AMux.o)
 *fill*         0x1fff80e2        0x2 
 .data.impure_data
                0x1fff80e4       0x60 c:/program files (x86)/cypress/psoc creator/4.3/psoc creator/import/gnu/arm/5.4.1/bin/../lib/gcc/arm-none-eabi/5.4.1/../../../../arm-none-eabi/lib/armv7-m\libg_nano.a(lib_a-impure.o)
 .data._impure_ptr
                0x1fff8144        0x4 c:/program files (x86)/cypress/psoc creator/4.3/psoc creator/import/gnu/arm/5.4.1/bin/../lib/gcc/arm-none-eabi/5.4.1/../../../../arm-none-eabi/lib/armv7-m\libg_nano.a(lib_a-impure.o)
                0x1fff8144                _impure_ptr
                0x1fff8148                . = ALIGN (0x8)
 *(.ram)
                0x1fff8148                _edata = .

.igot.plt       0x1fff8148        0x0 load address 0x00003be0
 .igot.plt      0x1fff8148        0x0 c:/program files (x86)/cypress/psoc creator/4.3/psoc creator/import/gnu/arm/5.4.1/bin/../lib/gcc/arm-none-eabi/5.4.1/armv7-m/crtbegin.o

.bss            0x1fff8148      0x108 load address 0x00003be0
                0x1fff8148                PROVIDE (__bss_start__, .)
 *(.shbss)
 *(.bss .bss.* .gnu.linkonce.b.*)
 .bss           0x1fff8148       0x1c c:/program files (x86)/cypress/psoc creator/4.3/psoc creator/import/gnu/arm/5.4.1/bin/../lib/gcc/arm-none-eabi/5.4.1/armv7-m/crtbegin.o
 .bss           0x1fff8164        0x2 .\CortexM3\ARM_GCC_541\Debug\InterruptRoutines.o
                0x1fff8164                TemperatureMode
                0x1fff8165                FahrenheitFlag
 .bss           0x1fff8166        0x1 .\CortexM3\ARM_GCC_541\Debug\Final_Project_Group5.a(SPIM_1.o)
                0x1fff8166                SPIM_1_initVar
 .bss           0x1fff8167        0x2 .\CortexM3\ARM_GCC_541\Debug\Final_Project_Group5.a(UART_1.o)
                0x1fff8167                UART_1_initVar
 .bss           0x1fff8169        0x1 .\CortexM3\ARM_GCC_541\Debug\Final_Project_Group5.a(SPIM_2.o)
                0x1fff8169                SPIM_2_initVar
 *fill*         0x1fff816a        0x2 
 .bss           0x1fff816c        0xc .\CortexM3\ARM_GCC_541\Debug\Final_Project_Group5.a(ADC_DelSig.o)
                0x1fff8170                ADC_DelSig_stopConversion
                0x1fff8171                ADC_DelSig_convDone
                0x1fff8172                ADC_DelSig_initVar
                0x1fff8173                ADC_DelSig_started
                0x1fff8174                ADC_DelSig_Offset
 .bss           0x1fff8178        0x1 .\CortexM3\ARM_GCC_541\Debug\Final_Project_Group5.a(Timer.o)
                0x1fff8178                Timer_initVar
 .bss           0x1fff8179        0x1 .\CortexM3\ARM_GCC_541\Debug\Final_Project_Group5.a(PWM_OnboardLED.o)
                0x1fff8179                PWM_OnboardLED_initVar
 *fill*         0x1fff817a        0x2 
 .bss.__malloc_sbrk_start
                0x1fff817c        0x4 c:/program files (x86)/cypress/psoc creator/4.3/psoc creator/import/gnu/arm/5.4.1/bin/../lib/gcc/arm-none-eabi/5.4.1/../../../../arm-none-eabi/lib/armv7-m\libg_nano.a(lib_a-nano-mallocr.o)
                0x1fff817c                __malloc_sbrk_start
 .bss.__malloc_free_list
                0x1fff8180        0x4 c:/program files (x86)/cypress/psoc creator/4.3/psoc creator/import/gnu/arm/5.4.1/bin/../lib/gcc/arm-none-eabi/5.4.1/../../../../arm-none-eabi/lib/armv7-m\libg_nano.a(lib_a-nano-mallocr.o)
                0x1fff8180                __malloc_free_list
 *(COMMON)
 COMMON         0x1fff8184       0x75 .\CortexM3\ARM_GCC_541\Debug\main.o
                0x1fff8184                SamplingFreqFlag
                0x1fff8185                StartFlag
                0x1fff8186                FSRFlag
                0x1fff8188                DataBuffer
                0x1fff8194                bufferUART
                0x1fff81f8                PacketReadyFlag
 *fill*         0x1fff81f9        0x3 
 COMMON         0x1fff81fc       0x11 .\CortexM3\ARM_GCC_541\Debug\InterruptRoutines.o
                0x1fff81fc                value_digit
                0x1fff8200                value_temp
                0x1fff8204                data_start
                0x1fff8208                value_mv
                0x1fff820c                ch_received
 *fill*         0x1fff820d        0x3 
 COMMON         0x1fff8210       0x1c .\CortexM3\ARM_GCC_541\Debug\Final_Project_Group5.a(SPIM_1.o)
                0x1fff8210                SPIM_1_swStatusTx
                0x1fff8214                SPIM_1_txBuffer
                0x1fff821c                SPIM_1_txBufferFull
                0x1fff821d                SPIM_1_rxBufferWrite
                0x1fff821e                SPIM_1_rxBufferFull
                0x1fff821f                SPIM_1_rxBufferRead
                0x1fff8220                SPIM_1_txBufferWrite
                0x1fff8221                SPIM_1_swStatusRx
                0x1fff8222                SPIM_1_txBufferRead
                0x1fff8224                SPIM_1_rxBuffer
 COMMON         0x1fff822c       0x18 .\CortexM3\ARM_GCC_541\Debug\Final_Project_Group5.a(SPIM_2.o)
                0x1fff822c                SPIM_2_rxBuffer
                0x1fff8234                SPIM_2_swStatusRx
                0x1fff8235                SPIM_2_rxBufferWrite
                0x1fff8236                SPIM_2_rxBufferFull
                0x1fff8237                SPIM_2_txBufferFull
                0x1fff8238                SPIM_2_txBufferRead
                0x1fff8239                SPIM_2_txBufferWrite
                0x1fff823a                SPIM_2_rxBufferRead
                0x1fff823b                SPIM_2_swStatusTx
                0x1fff823c                SPIM_2_txBuffer
 COMMON         0x1fff8244        0x4 .\CortexM3\ARM_GCC_541\Debug\Final_Project_Group5.a(ADC_DelSig.o)
                0x1fff8244                ADC_DelSig_CountsPerVolt
 COMMON         0x1fff8248        0x4 c:/program files (x86)/cypress/psoc creator/4.3/psoc creator/import/gnu/arm/5.4.1/bin/../lib/gcc/arm-none-eabi/5.4.1/../../../../arm-none-eabi/lib/armv7-m\libg_nano.a(lib_a-reent.o)
                0x1fff8248                errno
                0x1fff8250                . = ALIGN (0x8)
 *fill*         0x1fff824c        0x4 
 *(.ram.b)
                0x1fff8250                _end = .
                0x1fff8250                __end = .
                0x1fff8250                PROVIDE (end, .)
                0x1fff8250                PROVIDE (__bss_end__, .)
                0x00003b60                __cy_region_init_ram = LOADADDR (.data)
                0x00000080                __cy_region_init_size_ram = (_edata - ADDR (.data))
                0x00000108                __cy_region_zero_size_ram = (_end - _edata)

.heap           0x1fff8250       0x80 load address 0x00003be0
                0x1fff8250                . = _end
                0x1fff82d0                . = (. + 0x80)
 *fill*         0x1fff8250       0x80 
                0x1fff82d0                __cy_heap_limit = .

.stack          0x20007800      0x800
                0x20007800                __cy_stack_limit = .
                0x20008000                . = (. + 0x800)
 *fill*         0x20007800      0x800 
                0x00000001                ASSERT ((__cy_stack_limit >= __cy_heap_limit), region RAM overflowed with stack)
                0x00000000                cy_checksum_exclude_size = (CY_APPL_LOADABLE == 0x1)?SIZEOF (.cy_checksum_exclude):0x0
                0x00000001                ASSERT ((cy_checksum_exclude_size <= CY_CHECKSUM_EXCLUDE_SIZE), CY_BOOT: Section .cy_checksum_exclude size exceedes specified limit.)

.cyloadermeta
 *(.cyloadermeta)

.cyloadablemeta
 *(.cyloadablemeta)

.cyconfigecc    0x80000000      0x908
 *(.cyconfigecc)
 .cyconfigecc   0x80000000      0x908 .\CortexM3\ARM_GCC_541\Debug\cymetadata.o
                0x80000000                cy_meta_configecc

.cycustnvl      0x90000000        0x4
 *(.cycustnvl)
 .cycustnvl     0x90000000        0x4 .\CortexM3\ARM_GCC_541\Debug\cymetadata.o
                0x90000000                cy_meta_custnvl

.cywolatch      0x90100000        0x4
 *(.cywolatch)
 .cywolatch     0x90100000        0x4 .\CortexM3\ARM_GCC_541\Debug\cymetadata.o
                0x90100000                cy_meta_wonvl

.cyeeprom       0x90200000        0x0
 *(.cyeeprom)
                0x00000001                ASSERT ((. <= ((0x90200000 + ee_offset) + ee_size)), .cyeeprom data will not fit in EEPROM)

.cyflashprotect
                0x90400000      0x100
 *(.cyflashprotect)
 .cyflashprotect
                0x90400000      0x100 .\CortexM3\ARM_GCC_541\Debug\cymetadata.o
                0x90400000                cy_meta_flashprotect

.cymeta         0x90500000        0xc
 *(.cymeta)
 .cymeta        0x90500000        0xc .\CortexM3\ARM_GCC_541\Debug\cymetadata.o
                0x90500000                cy_metadata

.rel.dyn        0x00003be0        0x0 load address 0x9050000c
 .rel.iplt      0x00003be0        0x0 c:/program files (x86)/cypress/psoc creator/4.3/psoc creator/import/gnu/arm/5.4.1/bin/../lib/gcc/arm-none-eabi/5.4.1/armv7-m/crtbegin.o

.stab
 *(.stab)

.stabstr
 *(.stabstr)

.debug
 *(.debug)

.line
 *(.line)

.debug_srcinfo
 *(.debug_srcinfo)

.debug_sfnames
 *(.debug_sfnames)

.debug_aranges  0x00000000      0xfe0
 *(.debug_aranges)
 .debug_aranges
                0x00000000       0x20 .\CortexM3\ARM_GCC_541\Debug\main.o
 .debug_aranges
                0x00000020       0x50 .\CortexM3\ARM_GCC_541\Debug\25LC256.o
 .debug_aranges
                0x00000070       0x30 .\CortexM3\ARM_GCC_541\Debug\InterruptRoutines.o
 .debug_aranges
                0x000000a0       0x30 .\CortexM3\ARM_GCC_541\Debug\LIS3DH.o
 .debug_aranges
                0x000000d0       0x38 .\CortexM3\ARM_GCC_541\Debug\SPI_Interface_25LC256.o
 .debug_aranges
                0x00000108       0x38 .\CortexM3\ARM_GCC_541\Debug\SPI_Interface_LIS3DH.o
 .debug_aranges
                0x00000140       0x30 .\CortexM3\ARM_GCC_541\Debug\Functions.o
 .debug_aranges
                0x00000170       0x68 .\CortexM3\ARM_GCC_541\Debug\cyfitter_cfg.o
 .debug_aranges
                0x000001d8       0x18 .\CortexM3\ARM_GCC_541\Debug\cymetadata.o
 .debug_aranges
                0x000001f0       0x48 .\CortexM3\ARM_GCC_541\Debug\Cm3Start.o
 .debug_aranges
                0x00000238       0xd8 .\CortexM3\ARM_GCC_541\Debug\Final_Project_Group5.a(SPIM_1.o)
 .debug_aranges
                0x00000310       0x28 .\CortexM3\ARM_GCC_541\Debug\Final_Project_Group5.a(SPIM_1_INT.o)
 .debug_aranges
                0x00000338       0xf0 .\CortexM3\ARM_GCC_541\Debug\Final_Project_Group5.a(UART_1.o)
 .debug_aranges
                0x00000428       0x38 .\CortexM3\ARM_GCC_541\Debug\Final_Project_Group5.a(CS_1.o)
 .debug_aranges
                0x00000460       0x38 .\CortexM3\ARM_GCC_541\Debug\Final_Project_Group5.a(CS_2.o)
 .debug_aranges
                0x00000498       0xd8 .\CortexM3\ARM_GCC_541\Debug\Final_Project_Group5.a(SPIM_2.o)
 .debug_aranges
                0x00000570       0x28 .\CortexM3\ARM_GCC_541\Debug\Final_Project_Group5.a(SPIM_2_INT.o)
 .debug_aranges
                0x00000598       0x80 .\CortexM3\ARM_GCC_541\Debug\Final_Project_Group5.a(isr_RX.o)
 .debug_aranges
                0x00000618       0x70 .\CortexM3\ARM_GCC_541\Debug\Final_Project_Group5.a(SPIM_1_IntClock.o)
 .debug_aranges
                0x00000688       0x70 .\CortexM3\ARM_GCC_541\Debug\Final_Project_Group5.a(UART_1_IntClock.o)
 .debug_aranges
                0x000006f8       0x70 .\CortexM3\ARM_GCC_541\Debug\Final_Project_Group5.a(SPIM_2_IntClock.o)
 .debug_aranges
                0x00000768      0x2a0 .\CortexM3\ARM_GCC_541\Debug\Final_Project_Group5.a(CyLib.o)
 .debug_aranges
                0x00000a08       0x98 .\CortexM3\ARM_GCC_541\Debug\Final_Project_Group5.a(cyPm.o)
 .debug_aranges
                0x00000aa0       0xe8 .\CortexM3\ARM_GCC_541\Debug\Final_Project_Group5.a(ADC_DelSig.o)
 .debug_aranges
                0x00000b88       0x38 .\CortexM3\ARM_GCC_541\Debug\Final_Project_Group5.a(ADC_DelSig_INT.o)
 .debug_aranges
                0x00000bc0       0x88 .\CortexM3\ARM_GCC_541\Debug\Final_Project_Group5.a(Timer.o)
 .debug_aranges
                0x00000c48       0x80 .\CortexM3\ARM_GCC_541\Debug\Final_Project_Group5.a(isr_ADC.o)
 .debug_aranges
                0x00000cc8       0x30 .\CortexM3\ARM_GCC_541\Debug\Final_Project_Group5.a(ADC_DelSig_AMux.o)
 .debug_aranges
                0x00000cf8       0x70 .\CortexM3\ARM_GCC_541\Debug\Final_Project_Group5.a(ADC_DelSig_Ext_CP_Clk.o)
 .debug_aranges
                0x00000d68       0x80 .\CortexM3\ARM_GCC_541\Debug\Final_Project_Group5.a(ADC_DelSig_theACLK.o)
 .debug_aranges
                0x00000de8       0x38 .\CortexM3\ARM_GCC_541\Debug\Final_Project_Group5.a(Ext_LED.o)
 .debug_aranges
                0x00000e20       0x98 .\CortexM3\ARM_GCC_541\Debug\Final_Project_Group5.a(PWM_OnboardLED.o)
 .debug_aranges
                0x00000eb8       0x20 .\CortexM3\ARM_GCC_541\Debug\Final_Project_Group5.a(CyBootAsmGnu.o)
 .debug_aranges
                0x00000ed8       0x88 .\CortexM3\ARM_GCC_541\Debug\Final_Project_Group5.a(CyFlash.o)
 .debug_aranges
                0x00000f60       0x80 .\CortexM3\ARM_GCC_541\Debug\Final_Project_Group5.a(CySpc.o)

.debug_pubnames
 *(.debug_pubnames)

.debug_info     0x00000000     0x9a9c
 *(.debug_info .gnu.linkonce.wi.*)
 .debug_info    0x00000000      0xbb4 .\CortexM3\ARM_GCC_541\Debug\main.o
 .debug_info    0x00000bb4      0x3b4 .\CortexM3\ARM_GCC_541\Debug\25LC256.o
 .debug_info    0x00000f68      0x908 .\CortexM3\ARM_GCC_541\Debug\InterruptRoutines.o
 .debug_info    0x00001870      0x24b .\CortexM3\ARM_GCC_541\Debug\LIS3DH.o
 .debug_info    0x00001abb      0x3d4 .\CortexM3\ARM_GCC_541\Debug\SPI_Interface_25LC256.o
 .debug_info    0x00001e8f      0x3d4 .\CortexM3\ARM_GCC_541\Debug\SPI_Interface_LIS3DH.o
 .debug_info    0x00002263      0x387 .\CortexM3\ARM_GCC_541\Debug\Functions.o
 .debug_info    0x000025ea      0x6c7 .\CortexM3\ARM_GCC_541\Debug\cyfitter_cfg.o
 .debug_info    0x00002cb1      0x139 .\CortexM3\ARM_GCC_541\Debug\cymetadata.o
 .debug_info    0x00002dea      0x3bb .\CortexM3\ARM_GCC_541\Debug\Cm3Start.o
 .debug_info    0x000031a5      0x709 .\CortexM3\ARM_GCC_541\Debug\Final_Project_Group5.a(SPIM_1.o)
 .debug_info    0x000038ae      0x18d .\CortexM3\ARM_GCC_541\Debug\Final_Project_Group5.a(SPIM_1_INT.o)
 .debug_info    0x00003a3b      0x60c .\CortexM3\ARM_GCC_541\Debug\Final_Project_Group5.a(UART_1.o)
 .debug_info    0x00004047      0x11f .\CortexM3\ARM_GCC_541\Debug\Final_Project_Group5.a(CS_1.o)
 .debug_info    0x00004166      0x11f .\CortexM3\ARM_GCC_541\Debug\Final_Project_Group5.a(CS_2.o)
 .debug_info    0x00004285      0x709 .\CortexM3\ARM_GCC_541\Debug\Final_Project_Group5.a(SPIM_2.o)
 .debug_info    0x0000498e      0x18d .\CortexM3\ARM_GCC_541\Debug\Final_Project_Group5.a(SPIM_2_INT.o)
 .debug_info    0x00004b1b      0x2d2 .\CortexM3\ARM_GCC_541\Debug\Final_Project_Group5.a(isr_RX.o)
 .debug_info    0x00004ded      0x283 .\CortexM3\ARM_GCC_541\Debug\Final_Project_Group5.a(SPIM_1_IntClock.o)
 .debug_info    0x00005070      0x283 .\CortexM3\ARM_GCC_541\Debug\Final_Project_Group5.a(UART_1_IntClock.o)
 .debug_info    0x000052f3      0x283 .\CortexM3\ARM_GCC_541\Debug\Final_Project_Group5.a(SPIM_2_IntClock.o)
 .debug_info    0x00005576     0x1374 .\CortexM3\ARM_GCC_541\Debug\Final_Project_Group5.a(CyLib.o)
 .debug_info    0x000068ea      0xa2a .\CortexM3\ARM_GCC_541\Debug\Final_Project_Group5.a(cyPm.o)
 .debug_info    0x00007314      0xa18 .\CortexM3\ARM_GCC_541\Debug\Final_Project_Group5.a(ADC_DelSig.o)
 .debug_info    0x00007d2c       0xd3 .\CortexM3\ARM_GCC_541\Debug\Final_Project_Group5.a(ADC_DelSig_INT.o)
 .debug_info    0x00007dff      0x293 .\CortexM3\ARM_GCC_541\Debug\Final_Project_Group5.a(Timer.o)
 .debug_info    0x00008092      0x2d2 .\CortexM3\ARM_GCC_541\Debug\Final_Project_Group5.a(isr_ADC.o)
 .debug_info    0x00008364      0x165 .\CortexM3\ARM_GCC_541\Debug\Final_Project_Group5.a(ADC_DelSig_AMux.o)
 .debug_info    0x000084c9      0x283 .\CortexM3\ARM_GCC_541\Debug\Final_Project_Group5.a(ADC_DelSig_Ext_CP_Clk.o)
 .debug_info    0x0000874c      0x2c4 .\CortexM3\ARM_GCC_541\Debug\Final_Project_Group5.a(ADC_DelSig_theACLK.o)
 .debug_info    0x00008a10      0x11f .\CortexM3\ARM_GCC_541\Debug\Final_Project_Group5.a(Ext_LED.o)
 .debug_info    0x00008b2f      0x333 .\CortexM3\ARM_GCC_541\Debug\Final_Project_Group5.a(PWM_OnboardLED.o)
 .debug_info    0x00008e62       0x9d .\CortexM3\ARM_GCC_541\Debug\Final_Project_Group5.a(CyBootAsmGnu.o)
 .debug_info    0x00008eff      0x64d .\CortexM3\ARM_GCC_541\Debug\Final_Project_Group5.a(CyFlash.o)
 .debug_info    0x0000954c      0x550 .\CortexM3\ARM_GCC_541\Debug\Final_Project_Group5.a(CySpc.o)

.debug_abbrev   0x00000000     0x2868
 *(.debug_abbrev)
 .debug_abbrev  0x00000000      0x13f .\CortexM3\ARM_GCC_541\Debug\main.o
 .debug_abbrev  0x0000013f      0x11c .\CortexM3\ARM_GCC_541\Debug\25LC256.o
 .debug_abbrev  0x0000025b       0xf1 .\CortexM3\ARM_GCC_541\Debug\InterruptRoutines.o
 .debug_abbrev  0x0000034c       0xdb .\CortexM3\ARM_GCC_541\Debug\LIS3DH.o
 .debug_abbrev  0x00000427      0x12b .\CortexM3\ARM_GCC_541\Debug\SPI_Interface_25LC256.o
 .debug_abbrev  0x00000552      0x12b .\CortexM3\ARM_GCC_541\Debug\SPI_Interface_LIS3DH.o
 .debug_abbrev  0x0000067d       0xfe .\CortexM3\ARM_GCC_541\Debug\Functions.o
 .debug_abbrev  0x0000077b      0x22d .\CortexM3\ARM_GCC_541\Debug\cyfitter_cfg.o
 .debug_abbrev  0x000009a8       0x77 .\CortexM3\ARM_GCC_541\Debug\cymetadata.o
 .debug_abbrev  0x00000a1f      0x1e8 .\CortexM3\ARM_GCC_541\Debug\Cm3Start.o
 .debug_abbrev  0x00000c07      0x162 .\CortexM3\ARM_GCC_541\Debug\Final_Project_Group5.a(SPIM_1.o)
 .debug_abbrev  0x00000d69       0x8a .\CortexM3\ARM_GCC_541\Debug\Final_Project_Group5.a(SPIM_1_INT.o)
 .debug_abbrev  0x00000df3      0x175 .\CortexM3\ARM_GCC_541\Debug\Final_Project_Group5.a(UART_1.o)
 .debug_abbrev  0x00000f68       0x90 .\CortexM3\ARM_GCC_541\Debug\Final_Project_Group5.a(CS_1.o)
 .debug_abbrev  0x00000ff8       0x90 .\CortexM3\ARM_GCC_541\Debug\Final_Project_Group5.a(CS_2.o)
 .debug_abbrev  0x00001088      0x162 .\CortexM3\ARM_GCC_541\Debug\Final_Project_Group5.a(SPIM_2.o)
 .debug_abbrev  0x000011ea       0x8a .\CortexM3\ARM_GCC_541\Debug\Final_Project_Group5.a(SPIM_2_INT.o)
 .debug_abbrev  0x00001274      0x173 .\CortexM3\ARM_GCC_541\Debug\Final_Project_Group5.a(isr_RX.o)
 .debug_abbrev  0x000013e7      0x139 .\CortexM3\ARM_GCC_541\Debug\Final_Project_Group5.a(SPIM_1_IntClock.o)
 .debug_abbrev  0x00001520      0x139 .\CortexM3\ARM_GCC_541\Debug\Final_Project_Group5.a(UART_1_IntClock.o)
 .debug_abbrev  0x00001659      0x139 .\CortexM3\ARM_GCC_541\Debug\Final_Project_Group5.a(SPIM_2_IntClock.o)
 .debug_abbrev  0x00001792      0x254 .\CortexM3\ARM_GCC_541\Debug\Final_Project_Group5.a(CyLib.o)
 .debug_abbrev  0x000019e6      0x1ab .\CortexM3\ARM_GCC_541\Debug\Final_Project_Group5.a(cyPm.o)
 .debug_abbrev  0x00001b91      0x1eb .\CortexM3\ARM_GCC_541\Debug\Final_Project_Group5.a(ADC_DelSig.o)
 .debug_abbrev  0x00001d7c       0x42 .\CortexM3\ARM_GCC_541\Debug\Final_Project_Group5.a(ADC_DelSig_INT.o)
 .debug_abbrev  0x00001dbe      0x11a .\CortexM3\ARM_GCC_541\Debug\Final_Project_Group5.a(Timer.o)
 .debug_abbrev  0x00001ed8      0x173 .\CortexM3\ARM_GCC_541\Debug\Final_Project_Group5.a(isr_ADC.o)
 .debug_abbrev  0x0000204b       0xb1 .\CortexM3\ARM_GCC_541\Debug\Final_Project_Group5.a(ADC_DelSig_AMux.o)
 .debug_abbrev  0x000020fc      0x139 .\CortexM3\ARM_GCC_541\Debug\Final_Project_Group5.a(ADC_DelSig_Ext_CP_Clk.o)
 .debug_abbrev  0x00002235      0x121 .\CortexM3\ARM_GCC_541\Debug\Final_Project_Group5.a(ADC_DelSig_theACLK.o)
 .debug_abbrev  0x00002356       0x90 .\CortexM3\ARM_GCC_541\Debug\Final_Project_Group5.a(Ext_LED.o)
 .debug_abbrev  0x000023e6      0x133 .\CortexM3\ARM_GCC_541\Debug\Final_Project_Group5.a(PWM_OnboardLED.o)
 .debug_abbrev  0x00002519       0x14 .\CortexM3\ARM_GCC_541\Debug\Final_Project_Group5.a(CyBootAsmGnu.o)
 .debug_abbrev  0x0000252d      0x1a7 .\CortexM3\ARM_GCC_541\Debug\Final_Project_Group5.a(CyFlash.o)
 .debug_abbrev  0x000026d4      0x194 .\CortexM3\ARM_GCC_541\Debug\Final_Project_Group5.a(CySpc.o)

.debug_line     0x00000000     0x41d3
 *(.debug_line)
 .debug_line    0x00000000      0x348 .\CortexM3\ARM_GCC_541\Debug\main.o
 .debug_line    0x00000348      0x1ee .\CortexM3\ARM_GCC_541\Debug\25LC256.o
 .debug_line    0x00000536      0x29d .\CortexM3\ARM_GCC_541\Debug\InterruptRoutines.o
 .debug_line    0x000007d3      0x19b .\CortexM3\ARM_GCC_541\Debug\LIS3DH.o
 .debug_line    0x0000096e      0x1fc .\CortexM3\ARM_GCC_541\Debug\SPI_Interface_25LC256.o
 .debug_line    0x00000b6a      0x1fc .\CortexM3\ARM_GCC_541\Debug\SPI_Interface_LIS3DH.o
 .debug_line    0x00000d66      0x1d1 .\CortexM3\ARM_GCC_541\Debug\Functions.o
 .debug_line    0x00000f37      0x22d .\CortexM3\ARM_GCC_541\Debug\cyfitter_cfg.o
 .debug_line    0x00001164      0x141 .\CortexM3\ARM_GCC_541\Debug\cymetadata.o
 .debug_line    0x000012a5      0x234 .\CortexM3\ARM_GCC_541\Debug\Cm3Start.o
 .debug_line    0x000014d9      0x29e .\CortexM3\ARM_GCC_541\Debug\Final_Project_Group5.a(SPIM_1.o)
 .debug_line    0x00001777       0xaa .\CortexM3\ARM_GCC_541\Debug\Final_Project_Group5.a(SPIM_1_INT.o)
 .debug_line    0x00001821      0x2c0 .\CortexM3\ARM_GCC_541\Debug\Final_Project_Group5.a(UART_1.o)
 .debug_line    0x00001ae1       0x91 .\CortexM3\ARM_GCC_541\Debug\Final_Project_Group5.a(CS_1.o)
 .debug_line    0x00001b72       0x91 .\CortexM3\ARM_GCC_541\Debug\Final_Project_Group5.a(CS_2.o)
 .debug_line    0x00001c03      0x29e .\CortexM3\ARM_GCC_541\Debug\Final_Project_Group5.a(SPIM_2.o)
 .debug_line    0x00001ea1       0xaa .\CortexM3\ARM_GCC_541\Debug\Final_Project_Group5.a(SPIM_2_INT.o)
 .debug_line    0x00001f4b      0x133 .\CortexM3\ARM_GCC_541\Debug\Final_Project_Group5.a(isr_RX.o)
 .debug_line    0x0000207e      0x17e .\CortexM3\ARM_GCC_541\Debug\Final_Project_Group5.a(SPIM_1_IntClock.o)
 .debug_line    0x000021fc      0x17e .\CortexM3\ARM_GCC_541\Debug\Final_Project_Group5.a(UART_1_IntClock.o)
 .debug_line    0x0000237a      0x17e .\CortexM3\ARM_GCC_541\Debug\Final_Project_Group5.a(SPIM_2_IntClock.o)
 .debug_line    0x000024f8      0x816 .\CortexM3\ARM_GCC_541\Debug\Final_Project_Group5.a(CyLib.o)
 .debug_line    0x00002d0e      0x367 .\CortexM3\ARM_GCC_541\Debug\Final_Project_Group5.a(cyPm.o)
 .debug_line    0x00003075      0x373 .\CortexM3\ARM_GCC_541\Debug\Final_Project_Group5.a(ADC_DelSig.o)
 .debug_line    0x000033e8       0x87 .\CortexM3\ARM_GCC_541\Debug\Final_Project_Group5.a(ADC_DelSig_INT.o)
 .debug_line    0x0000346f      0x153 .\CortexM3\ARM_GCC_541\Debug\Final_Project_Group5.a(Timer.o)
 .debug_line    0x000035c2      0x134 .\CortexM3\ARM_GCC_541\Debug\Final_Project_Group5.a(isr_ADC.o)
 .debug_line    0x000036f6       0xb3 .\CortexM3\ARM_GCC_541\Debug\Final_Project_Group5.a(ADC_DelSig_AMux.o)
 .debug_line    0x000037a9      0x184 .\CortexM3\ARM_GCC_541\Debug\Final_Project_Group5.a(ADC_DelSig_Ext_CP_Clk.o)
 .debug_line    0x0000392d      0x1a4 .\CortexM3\ARM_GCC_541\Debug\Final_Project_Group5.a(ADC_DelSig_theACLK.o)
 .debug_line    0x00003ad1       0x94 .\CortexM3\ARM_GCC_541\Debug\Final_Project_Group5.a(Ext_LED.o)
 .debug_line    0x00003b65      0x18e .\CortexM3\ARM_GCC_541\Debug\Final_Project_Group5.a(PWM_OnboardLED.o)
 .debug_line    0x00003cf3       0x66 .\CortexM3\ARM_GCC_541\Debug\Final_Project_Group5.a(CyBootAsmGnu.o)
 .debug_line    0x00003d59      0x21a .\CortexM3\ARM_GCC_541\Debug\Final_Project_Group5.a(CyFlash.o)
 .debug_line    0x00003f73      0x260 .\CortexM3\ARM_GCC_541\Debug\Final_Project_Group5.a(CySpc.o)

.debug_frame    0x00000000     0x29a0
 *(.debug_frame)
 .debug_frame   0x00000000       0x38 .\CortexM3\ARM_GCC_541\Debug\main.o
 .debug_frame   0x00000038       0xf8 .\CortexM3\ARM_GCC_541\Debug\25LC256.o
 .debug_frame   0x00000130       0x58 .\CortexM3\ARM_GCC_541\Debug\InterruptRoutines.o
 .debug_frame   0x00000188       0x6c .\CortexM3\ARM_GCC_541\Debug\LIS3DH.o
 .debug_frame   0x000001f4       0x88 .\CortexM3\ARM_GCC_541\Debug\SPI_Interface_25LC256.o
 .debug_frame   0x0000027c       0x88 .\CortexM3\ARM_GCC_541\Debug\SPI_Interface_LIS3DH.o
 .debug_frame   0x00000304       0x5c .\CortexM3\ARM_GCC_541\Debug\Functions.o
 .debug_frame   0x00000360      0x104 .\CortexM3\ARM_GCC_541\Debug\cyfitter_cfg.o
 .debug_frame   0x00000464       0xb8 .\CortexM3\ARM_GCC_541\Debug\Cm3Start.o
 .debug_frame   0x0000051c      0x260 .\CortexM3\ARM_GCC_541\Debug\Final_Project_Group5.a(SPIM_1.o)
 .debug_frame   0x0000077c       0x30 .\CortexM3\ARM_GCC_541\Debug\Final_Project_Group5.a(SPIM_1_INT.o)
 .debug_frame   0x000007ac      0x250 .\CortexM3\ARM_GCC_541\Debug\Final_Project_Group5.a(UART_1.o)
 .debug_frame   0x000009fc       0x50 .\CortexM3\ARM_GCC_541\Debug\Final_Project_Group5.a(CS_1.o)
 .debug_frame   0x00000a4c       0x50 .\CortexM3\ARM_GCC_541\Debug\Final_Project_Group5.a(CS_2.o)
 .debug_frame   0x00000a9c      0x260 .\CortexM3\ARM_GCC_541\Debug\Final_Project_Group5.a(SPIM_2.o)
 .debug_frame   0x00000cfc       0x30 .\CortexM3\ARM_GCC_541\Debug\Final_Project_Group5.a(SPIM_2_INT.o)
 .debug_frame   0x00000d2c      0x104 .\CortexM3\ARM_GCC_541\Debug\Final_Project_Group5.a(isr_RX.o)
 .debug_frame   0x00000e30       0xe0 .\CortexM3\ARM_GCC_541\Debug\Final_Project_Group5.a(SPIM_1_IntClock.o)
 .debug_frame   0x00000f10       0xe0 .\CortexM3\ARM_GCC_541\Debug\Final_Project_Group5.a(UART_1_IntClock.o)
 .debug_frame   0x00000ff0       0xe0 .\CortexM3\ARM_GCC_541\Debug\Final_Project_Group5.a(SPIM_2_IntClock.o)
 .debug_frame   0x000010d0      0x738 .\CortexM3\ARM_GCC_541\Debug\Final_Project_Group5.a(CyLib.o)
 .debug_frame   0x00001808      0x1f8 .\CortexM3\ARM_GCC_541\Debug\Final_Project_Group5.a(cyPm.o)
 .debug_frame   0x00001a00      0x284 .\CortexM3\ARM_GCC_541\Debug\Final_Project_Group5.a(ADC_DelSig.o)
 .debug_frame   0x00001c84       0x50 .\CortexM3\ARM_GCC_541\Debug\Final_Project_Group5.a(ADC_DelSig_INT.o)
 .debug_frame   0x00001cd4      0x108 .\CortexM3\ARM_GCC_541\Debug\Final_Project_Group5.a(Timer.o)
 .debug_frame   0x00001ddc      0x104 .\CortexM3\ARM_GCC_541\Debug\Final_Project_Group5.a(isr_ADC.o)
 .debug_frame   0x00001ee0       0x64 .\CortexM3\ARM_GCC_541\Debug\Final_Project_Group5.a(ADC_DelSig_AMux.o)
 .debug_frame   0x00001f44       0xe0 .\CortexM3\ARM_GCC_541\Debug\Final_Project_Group5.a(ADC_DelSig_Ext_CP_Clk.o)
 .debug_frame   0x00002024      0x100 .\CortexM3\ARM_GCC_541\Debug\Final_Project_Group5.a(ADC_DelSig_theACLK.o)
 .debug_frame   0x00002124       0x50 .\CortexM3\ARM_GCC_541\Debug\Final_Project_Group5.a(Ext_LED.o)
 .debug_frame   0x00002174      0x134 .\CortexM3\ARM_GCC_541\Debug\Final_Project_Group5.a(PWM_OnboardLED.o)
 .debug_frame   0x000022a8      0x194 .\CortexM3\ARM_GCC_541\Debug\Final_Project_Group5.a(CyFlash.o)
 .debug_frame   0x0000243c      0x180 .\CortexM3\ARM_GCC_541\Debug\Final_Project_Group5.a(CySpc.o)
 .debug_frame   0x000025bc       0x20 c:/program files (x86)/cypress/psoc creator/4.3/psoc creator/import/gnu/arm/5.4.1/bin/../lib/gcc/arm-none-eabi/5.4.1/../../../../arm-none-eabi/lib/armv7-m\libg_nano.a(lib_a-errno.o)
 .debug_frame   0x000025dc       0x28 c:/program files (x86)/cypress/psoc creator/4.3/psoc creator/import/gnu/arm/5.4.1/bin/../lib/gcc/arm-none-eabi/5.4.1/../../../../arm-none-eabi/lib/armv7-m\libg_nano.a(lib_a-exit.o)
 .debug_frame   0x00002604       0x2c c:/program files (x86)/cypress/psoc creator/4.3/psoc creator/import/gnu/arm/5.4.1/bin/../lib/gcc/arm-none-eabi/5.4.1/../../../../arm-none-eabi/lib/armv7-m\libg_nano.a(lib_a-init.o)
 .debug_frame   0x00002630       0x28 c:/program files (x86)/cypress/psoc creator/4.3/psoc creator/import/gnu/arm/5.4.1/bin/../lib/gcc/arm-none-eabi/5.4.1/../../../../arm-none-eabi/lib/armv7-m\libg_nano.a(lib_a-memcpy-stub.o)
 .debug_frame   0x00002658       0x20 c:/program files (x86)/cypress/psoc creator/4.3/psoc creator/import/gnu/arm/5.4.1/bin/../lib/gcc/arm-none-eabi/5.4.1/../../../../arm-none-eabi/lib/armv7-m\libg_nano.a(lib_a-memset.o)
 .debug_frame   0x00002678       0x70 c:/program files (x86)/cypress/psoc creator/4.3/psoc creator/import/gnu/arm/5.4.1/bin/../lib/gcc/arm-none-eabi/5.4.1/../../../../arm-none-eabi/lib/armv7-m\libg_nano.a(lib_a-sprintf.o)
 .debug_frame   0x000026e8       0x90 c:/program files (x86)/cypress/psoc creator/4.3/psoc creator/import/gnu/arm/5.4.1/bin/../lib/gcc/arm-none-eabi/5.4.1/../../../../arm-none-eabi/lib/armv7-m\libg_nano.a(lib_a-nano-svfprintf.o)
 .debug_frame   0x00002778       0x60 c:/program files (x86)/cypress/psoc creator/4.3/psoc creator/import/gnu/arm/5.4.1/bin/../lib/gcc/arm-none-eabi/5.4.1/../../../../arm-none-eabi/lib/armv7-m\libg_nano.a(lib_a-nano-vfprintf_i.o)
 .debug_frame   0x000027d8       0x28 c:/program files (x86)/cypress/psoc creator/4.3/psoc creator/import/gnu/arm/5.4.1/bin/../lib/gcc/arm-none-eabi/5.4.1/../../../../arm-none-eabi/lib/armv7-m\libg_nano.a(lib_a-memchr-stub.o)
 .debug_frame   0x00002800       0x28 c:/program files (x86)/cypress/psoc creator/4.3/psoc creator/import/gnu/arm/5.4.1/bin/../lib/gcc/arm-none-eabi/5.4.1/../../../../arm-none-eabi/lib/armv7-m\libg_nano.a(lib_a-memmove.o)
 .debug_frame   0x00002828       0x38 c:/program files (x86)/cypress/psoc creator/4.3/psoc creator/import/gnu/arm/5.4.1/bin/../lib/gcc/arm-none-eabi/5.4.1/../../../../arm-none-eabi/lib/armv7-m\libg_nano.a(lib_a-nano-freer.o)
 .debug_frame   0x00002860       0x2c c:/program files (x86)/cypress/psoc creator/4.3/psoc creator/import/gnu/arm/5.4.1/bin/../lib/gcc/arm-none-eabi/5.4.1/../../../../arm-none-eabi/lib/armv7-m\libg_nano.a(lib_a-nano-mallocr.o)
 .debug_frame   0x0000288c       0x3c c:/program files (x86)/cypress/psoc creator/4.3/psoc creator/import/gnu/arm/5.4.1/bin/../lib/gcc/arm-none-eabi/5.4.1/../../../../arm-none-eabi/lib/armv7-m\libg_nano.a(lib_a-nano-reallocr.o)
 .debug_frame   0x000028c8       0x2c c:/program files (x86)/cypress/psoc creator/4.3/psoc creator/import/gnu/arm/5.4.1/bin/../lib/gcc/arm-none-eabi/5.4.1/../../../../arm-none-eabi/lib/armv7-m\libg_nano.a(lib_a-sbrkr.o)
 .debug_frame   0x000028f4       0x30 c:/program files (x86)/cypress/psoc creator/4.3/psoc creator/import/gnu/arm/5.4.1/bin/../lib/gcc/arm-none-eabi/5.4.1/../../../../arm-none-eabi/lib/armv7-m\libg_nano.a(lib_a-mlock.o)
 .debug_frame   0x00002924       0x20 c:/program files (x86)/cypress/psoc creator/4.3/psoc creator/import/gnu/arm/5.4.1/bin/../lib/gcc/arm-none-eabi/5.4.1/../../../../arm-none-eabi/lib/armv7-m\libg_nano.a(lib_a-nano-msizer.o)
 .debug_frame   0x00002944       0x5c c:/program files (x86)/cypress/psoc creator/4.3/psoc creator/import/gnu/arm/5.4.1/bin/../lib/gcc/arm-none-eabi/5.4.1/../../../../arm-none-eabi/lib/armv7-m\libg_nano.a(lib_a-reent.o)

.debug_str      0x00000000     0x33f9
 *(.debug_str)
 .debug_str     0x00000000      0x3aa .\CortexM3\ARM_GCC_541\Debug\main.o
                                0x3ff (size before relaxing)
 .debug_str     0x000003aa       0xd1 .\CortexM3\ARM_GCC_541\Debug\25LC256.o
                                0x2e5 (size before relaxing)
 .debug_str     0x0000047b      0x148 .\CortexM3\ARM_GCC_541\Debug\InterruptRoutines.o
                                0x389 (size before relaxing)
 .debug_str     0x000005c3       0x32 .\CortexM3\ARM_GCC_541\Debug\LIS3DH.o
                                0x22f (size before relaxing)
 .debug_str     0x000005f5      0x109 .\CortexM3\ARM_GCC_541\Debug\SPI_Interface_25LC256.o
                                0x328 (size before relaxing)
 .debug_str     0x000006fe       0xf9 .\CortexM3\ARM_GCC_541\Debug\SPI_Interface_LIS3DH.o
                                0x323 (size before relaxing)
 .debug_str     0x000007f7       0x33 .\CortexM3\ARM_GCC_541\Debug\Functions.o
                                0x26a (size before relaxing)
 .debug_str     0x0000082a      0x20a .\CortexM3\ARM_GCC_541\Debug\cyfitter_cfg.o
                                0x3b9 (size before relaxing)
 .debug_str     0x00000a34       0x75 .\CortexM3\ARM_GCC_541\Debug\cymetadata.o
                                0x1f1 (size before relaxing)
 .debug_str     0x00000aa9      0x144 .\CortexM3\ARM_GCC_541\Debug\Cm3Start.o
                                0x317 (size before relaxing)
 .debug_str     0x00000bed      0x301 .\CortexM3\ARM_GCC_541\Debug\Final_Project_Group5.a(SPIM_1.o)
                                0x537 (size before relaxing)
 .debug_str     0x00000eee       0x40 .\CortexM3\ARM_GCC_541\Debug\Final_Project_Group5.a(SPIM_1_INT.o)
                                0x2a2 (size before relaxing)
 .debug_str     0x00000f2e      0x286 .\CortexM3\ARM_GCC_541\Debug\Final_Project_Group5.a(UART_1.o)
                                0x4c0 (size before relaxing)
 .debug_str     0x000011b4       0x5b .\CortexM3\ARM_GCC_541\Debug\Final_Project_Group5.a(CS_1.o)
                                0x1ea (size before relaxing)
 .debug_str     0x0000120f       0x4b .\CortexM3\ARM_GCC_541\Debug\Final_Project_Group5.a(CS_2.o)
                                0x1ea (size before relaxing)
 .debug_str     0x0000125a      0x24f .\CortexM3\ARM_GCC_541\Debug\Final_Project_Group5.a(SPIM_2.o)
                                0x537 (size before relaxing)
 .debug_str     0x000014a9       0x40 .\CortexM3\ARM_GCC_541\Debug\Final_Project_Group5.a(SPIM_2_INT.o)
                                0x2a2 (size before relaxing)
 .debug_str     0x000014e9       0xfd .\CortexM3\ARM_GCC_541\Debug\Final_Project_Group5.a(isr_RX.o)
                                0x2c1 (size before relaxing)
 .debug_str     0x000015e6      0x19d .\CortexM3\ARM_GCC_541\Debug\Final_Project_Group5.a(SPIM_1_IntClock.o)
                                0x35b (size before relaxing)
 .debug_str     0x00001783      0x14c .\CortexM3\ARM_GCC_541\Debug\Final_Project_Group5.a(UART_1_IntClock.o)
                                0x35b (size before relaxing)
 .debug_str     0x000018cf      0x14c .\CortexM3\ARM_GCC_541\Debug\Final_Project_Group5.a(SPIM_2_IntClock.o)
                                0x35b (size before relaxing)
 .debug_str     0x00001a1b      0x7b9 .\CortexM3\ARM_GCC_541\Debug\Final_Project_Group5.a(CyLib.o)
                                0xa54 (size before relaxing)
 .debug_str     0x000021d4      0x365 .\CortexM3\ARM_GCC_541\Debug\Final_Project_Group5.a(cyPm.o)
                                0x740 (size before relaxing)
 .debug_str     0x00002539      0x42e .\CortexM3\ARM_GCC_541\Debug\Final_Project_Group5.a(ADC_DelSig.o)
                                0x6f5 (size before relaxing)
 .debug_str     0x00002967       0x68 .\CortexM3\ARM_GCC_541\Debug\Final_Project_Group5.a(ADC_DelSig_INT.o)
                                0x1f0 (size before relaxing)
 .debug_str     0x000029cf      0x122 .\CortexM3\ARM_GCC_541\Debug\Final_Project_Group5.a(Timer.o)
                                0x302 (size before relaxing)
 .debug_str     0x00002af1       0xf2 .\CortexM3\ARM_GCC_541\Debug\Final_Project_Group5.a(isr_ADC.o)
                                0x2cf (size before relaxing)
 .debug_str     0x00002be3       0x7b .\CortexM3\ARM_GCC_541\Debug\Final_Project_Group5.a(ADC_DelSig_AMux.o)
                                0x23d (size before relaxing)
 .debug_str     0x00002c5e      0x170 .\CortexM3\ARM_GCC_541\Debug\Final_Project_Group5.a(ADC_DelSig_Ext_CP_Clk.o)
                                0x3a3 (size before relaxing)
 .debug_str     0x00002dce      0x1a3 .\CortexM3\ARM_GCC_541\Debug\Final_Project_Group5.a(ADC_DelSig_theACLK.o)
                                0x3d0 (size before relaxing)
 .debug_str     0x00002f71       0x57 .\CortexM3\ARM_GCC_541\Debug\Final_Project_Group5.a(Ext_LED.o)
                                0x1f9 (size before relaxing)
 .debug_str     0x00002fc8      0x1d1 .\CortexM3\ARM_GCC_541\Debug\Final_Project_Group5.a(PWM_OnboardLED.o)
                                0x409 (size before relaxing)
 .debug_str     0x00003199      0x1b4 .\CortexM3\ARM_GCC_541\Debug\Final_Project_Group5.a(CyFlash.o)
                                0x3cd (size before relaxing)
 .debug_str     0x0000334d       0xac .\CortexM3\ARM_GCC_541\Debug\Final_Project_Group5.a(CySpc.o)
                                0x345 (size before relaxing)

.debug_loc      0x00000000     0x36e0
 *(.debug_loc)
 .debug_loc     0x00000000      0x13b .\CortexM3\ARM_GCC_541\Debug\main.o
 .debug_loc     0x0000013b      0x15a .\CortexM3\ARM_GCC_541\Debug\25LC256.o
 .debug_loc     0x00000295       0xdd .\CortexM3\ARM_GCC_541\Debug\LIS3DH.o
 .debug_loc     0x00000372      0x16c .\CortexM3\ARM_GCC_541\Debug\SPI_Interface_25LC256.o
 .debug_loc     0x000004de      0x16c .\CortexM3\ARM_GCC_541\Debug\SPI_Interface_LIS3DH.o
 .debug_loc     0x0000064a      0x2cb .\CortexM3\ARM_GCC_541\Debug\cyfitter_cfg.o
 .debug_loc     0x00000915      0x144 .\CortexM3\ARM_GCC_541\Debug\Cm3Start.o
 .debug_loc     0x00000a59      0x20d .\CortexM3\ARM_GCC_541\Debug\Final_Project_Group5.a(SPIM_1.o)
 .debug_loc     0x00000c66       0x74 .\CortexM3\ARM_GCC_541\Debug\Final_Project_Group5.a(SPIM_1_INT.o)
 .debug_loc     0x00000cda      0x258 .\CortexM3\ARM_GCC_541\Debug\Final_Project_Group5.a(UART_1.o)
 .debug_loc     0x00000f32       0x42 .\CortexM3\ARM_GCC_541\Debug\Final_Project_Group5.a(CS_1.o)
 .debug_loc     0x00000f74       0x42 .\CortexM3\ARM_GCC_541\Debug\Final_Project_Group5.a(CS_2.o)
 .debug_loc     0x00000fb6      0x20d .\CortexM3\ARM_GCC_541\Debug\Final_Project_Group5.a(SPIM_2.o)
 .debug_loc     0x000011c3       0x74 .\CortexM3\ARM_GCC_541\Debug\Final_Project_Group5.a(SPIM_2_INT.o)
 .debug_loc     0x00001237       0x56 .\CortexM3\ARM_GCC_541\Debug\Final_Project_Group5.a(isr_RX.o)
 .debug_loc     0x0000128d      0x128 .\CortexM3\ARM_GCC_541\Debug\Final_Project_Group5.a(SPIM_1_IntClock.o)
 .debug_loc     0x000013b5      0x128 .\CortexM3\ARM_GCC_541\Debug\Final_Project_Group5.a(UART_1_IntClock.o)
 .debug_loc     0x000014dd      0x128 .\CortexM3\ARM_GCC_541\Debug\Final_Project_Group5.a(SPIM_2_IntClock.o)
 .debug_loc     0x00001605      0xa11 .\CortexM3\ARM_GCC_541\Debug\Final_Project_Group5.a(CyLib.o)
 .debug_loc     0x00002016      0x1e4 .\CortexM3\ARM_GCC_541\Debug\Final_Project_Group5.a(cyPm.o)
 .debug_loc     0x000021fa      0x68c .\CortexM3\ARM_GCC_541\Debug\Final_Project_Group5.a(ADC_DelSig.o)
 .debug_loc     0x00002886       0x56 .\CortexM3\ARM_GCC_541\Debug\Final_Project_Group5.a(isr_ADC.o)
 .debug_loc     0x000028dc       0x6c .\CortexM3\ARM_GCC_541\Debug\Final_Project_Group5.a(ADC_DelSig_AMux.o)
 .debug_loc     0x00002948      0x12c .\CortexM3\ARM_GCC_541\Debug\Final_Project_Group5.a(ADC_DelSig_Ext_CP_Clk.o)
 .debug_loc     0x00002a74      0x14d .\CortexM3\ARM_GCC_541\Debug\Final_Project_Group5.a(ADC_DelSig_theACLK.o)
 .debug_loc     0x00002bc1       0x42 .\CortexM3\ARM_GCC_541\Debug\Final_Project_Group5.a(Ext_LED.o)
 .debug_loc     0x00002c03       0x26 .\CortexM3\ARM_GCC_541\Debug\Final_Project_Group5.a(PWM_OnboardLED.o)
 .debug_loc     0x00002c29      0x3b2 .\CortexM3\ARM_GCC_541\Debug\Final_Project_Group5.a(CyFlash.o)
 .debug_loc     0x00002fdb      0x705 .\CortexM3\ARM_GCC_541\Debug\Final_Project_Group5.a(CySpc.o)

.debug_macinfo
 *(.debug_macinfo)

.debug_ranges   0x00000000      0xd98
 *(.debug_ranges)
 .debug_ranges  0x00000000       0x10 .\CortexM3\ARM_GCC_541\Debug\main.o
 .debug_ranges  0x00000010       0x40 .\CortexM3\ARM_GCC_541\Debug\25LC256.o
 .debug_ranges  0x00000050       0x20 .\CortexM3\ARM_GCC_541\Debug\InterruptRoutines.o
 .debug_ranges  0x00000070       0x20 .\CortexM3\ARM_GCC_541\Debug\LIS3DH.o
 .debug_ranges  0x00000090       0x28 .\CortexM3\ARM_GCC_541\Debug\SPI_Interface_25LC256.o
 .debug_ranges  0x000000b8       0x28 .\CortexM3\ARM_GCC_541\Debug\SPI_Interface_LIS3DH.o
 .debug_ranges  0x000000e0       0x20 .\CortexM3\ARM_GCC_541\Debug\Functions.o
 .debug_ranges  0x00000100       0x58 .\CortexM3\ARM_GCC_541\Debug\cyfitter_cfg.o
 .debug_ranges  0x00000158       0x38 .\CortexM3\ARM_GCC_541\Debug\Cm3Start.o
 .debug_ranges  0x00000190       0xc8 .\CortexM3\ARM_GCC_541\Debug\Final_Project_Group5.a(SPIM_1.o)
 .debug_ranges  0x00000258       0x18 .\CortexM3\ARM_GCC_541\Debug\Final_Project_Group5.a(SPIM_1_INT.o)
 .debug_ranges  0x00000270       0xe0 .\CortexM3\ARM_GCC_541\Debug\Final_Project_Group5.a(UART_1.o)
 .debug_ranges  0x00000350       0x28 .\CortexM3\ARM_GCC_541\Debug\Final_Project_Group5.a(CS_1.o)
 .debug_ranges  0x00000378       0x28 .\CortexM3\ARM_GCC_541\Debug\Final_Project_Group5.a(CS_2.o)
 .debug_ranges  0x000003a0       0xc8 .\CortexM3\ARM_GCC_541\Debug\Final_Project_Group5.a(SPIM_2.o)
 .debug_ranges  0x00000468       0x18 .\CortexM3\ARM_GCC_541\Debug\Final_Project_Group5.a(SPIM_2_INT.o)
 .debug_ranges  0x00000480       0x70 .\CortexM3\ARM_GCC_541\Debug\Final_Project_Group5.a(isr_RX.o)
 .debug_ranges  0x000004f0       0x60 .\CortexM3\ARM_GCC_541\Debug\Final_Project_Group5.a(SPIM_1_IntClock.o)
 .debug_ranges  0x00000550       0x60 .\CortexM3\ARM_GCC_541\Debug\Final_Project_Group5.a(UART_1_IntClock.o)
 .debug_ranges  0x000005b0       0x60 .\CortexM3\ARM_GCC_541\Debug\Final_Project_Group5.a(SPIM_2_IntClock.o)
 .debug_ranges  0x00000610      0x290 .\CortexM3\ARM_GCC_541\Debug\Final_Project_Group5.a(CyLib.o)
 .debug_ranges  0x000008a0       0x88 .\CortexM3\ARM_GCC_541\Debug\Final_Project_Group5.a(cyPm.o)
 .debug_ranges  0x00000928       0xd8 .\CortexM3\ARM_GCC_541\Debug\Final_Project_Group5.a(ADC_DelSig.o)
 .debug_ranges  0x00000a00       0x28 .\CortexM3\ARM_GCC_541\Debug\Final_Project_Group5.a(ADC_DelSig_INT.o)
 .debug_ranges  0x00000a28       0x78 .\CortexM3\ARM_GCC_541\Debug\Final_Project_Group5.a(Timer.o)
 .debug_ranges  0x00000aa0       0x70 .\CortexM3\ARM_GCC_541\Debug\Final_Project_Group5.a(isr_ADC.o)
 .debug_ranges  0x00000b10       0x20 .\CortexM3\ARM_GCC_541\Debug\Final_Project_Group5.a(ADC_DelSig_AMux.o)
 .debug_ranges  0x00000b30       0x60 .\CortexM3\ARM_GCC_541\Debug\Final_Project_Group5.a(ADC_DelSig_Ext_CP_Clk.o)
 .debug_ranges  0x00000b90       0x70 .\CortexM3\ARM_GCC_541\Debug\Final_Project_Group5.a(ADC_DelSig_theACLK.o)
 .debug_ranges  0x00000c00       0x28 .\CortexM3\ARM_GCC_541\Debug\Final_Project_Group5.a(Ext_LED.o)
 .debug_ranges  0x00000c28       0x88 .\CortexM3\ARM_GCC_541\Debug\Final_Project_Group5.a(PWM_OnboardLED.o)
 .debug_ranges  0x00000cb0       0x78 .\CortexM3\ARM_GCC_541\Debug\Final_Project_Group5.a(CyFlash.o)
 .debug_ranges  0x00000d28       0x70 .\CortexM3\ARM_GCC_541\Debug\Final_Project_Group5.a(CySpc.o)

.comment        0x00000000       0x6e
 .comment       0x00000000       0x6e .\CortexM3\ARM_GCC_541\Debug\main.o
                                 0x6f (size before relaxing)
 .comment       0x0000006e       0x6f .\CortexM3\ARM_GCC_541\Debug\25LC256.o
 .comment       0x0000006e       0x6f .\CortexM3\ARM_GCC_541\Debug\InterruptRoutines.o
 .comment       0x0000006e       0x6f .\CortexM3\ARM_GCC_541\Debug\LIS3DH.o
 .comment       0x0000006e       0x6f .\CortexM3\ARM_GCC_541\Debug\SPI_Interface_25LC256.o
 .comment       0x0000006e       0x6f .\CortexM3\ARM_GCC_541\Debug\SPI_Interface_LIS3DH.o
 .comment       0x0000006e       0x6f .\CortexM3\ARM_GCC_541\Debug\Functions.o
 .comment       0x0000006e       0x6f .\CortexM3\ARM_GCC_541\Debug\cyfitter_cfg.o
 .comment       0x0000006e       0x6f .\CortexM3\ARM_GCC_541\Debug\cymetadata.o
 .comment       0x0000006e       0x6f .\CortexM3\ARM_GCC_541\Debug\Cm3Start.o
 .comment       0x0000006e       0x6f .\CortexM3\ARM_GCC_541\Debug\Final_Project_Group5.a(SPIM_1.o)
 .comment       0x0000006e       0x6f .\CortexM3\ARM_GCC_541\Debug\Final_Project_Group5.a(SPIM_1_INT.o)
 .comment       0x0000006e       0x6f .\CortexM3\ARM_GCC_541\Debug\Final_Project_Group5.a(UART_1.o)
 .comment       0x0000006e       0x6f .\CortexM3\ARM_GCC_541\Debug\Final_Project_Group5.a(CS_1.o)
 .comment       0x0000006e       0x6f .\CortexM3\ARM_GCC_541\Debug\Final_Project_Group5.a(CS_2.o)
 .comment       0x0000006e       0x6f .\CortexM3\ARM_GCC_541\Debug\Final_Project_Group5.a(SPIM_2.o)
 .comment       0x0000006e       0x6f .\CortexM3\ARM_GCC_541\Debug\Final_Project_Group5.a(SPIM_2_INT.o)
 .comment       0x0000006e       0x6f .\CortexM3\ARM_GCC_541\Debug\Final_Project_Group5.a(isr_RX.o)
 .comment       0x0000006e       0x6f .\CortexM3\ARM_GCC_541\Debug\Final_Project_Group5.a(SPIM_1_IntClock.o)
 .comment       0x0000006e       0x6f .\CortexM3\ARM_GCC_541\Debug\Final_Project_Group5.a(UART_1_IntClock.o)
 .comment       0x0000006e       0x6f .\CortexM3\ARM_GCC_541\Debug\Final_Project_Group5.a(SPIM_2_IntClock.o)
 .comment       0x0000006e       0x6f .\CortexM3\ARM_GCC_541\Debug\Final_Project_Group5.a(CyLib.o)
 .comment       0x0000006e       0x6f .\CortexM3\ARM_GCC_541\Debug\Final_Project_Group5.a(cyPm.o)
 .comment       0x0000006e       0x6f .\CortexM3\ARM_GCC_541\Debug\Final_Project_Group5.a(ADC_DelSig.o)
 .comment       0x0000006e       0x6f .\CortexM3\ARM_GCC_541\Debug\Final_Project_Group5.a(ADC_DelSig_INT.o)
 .comment       0x0000006e       0x6f .\CortexM3\ARM_GCC_541\Debug\Final_Project_Group5.a(Timer.o)
 .comment       0x0000006e       0x6f .\CortexM3\ARM_GCC_541\Debug\Final_Project_Group5.a(isr_ADC.o)
 .comment       0x0000006e       0x6f .\CortexM3\ARM_GCC_541\Debug\Final_Project_Group5.a(ADC_DelSig_AMux.o)
 .comment       0x0000006e       0x6f .\CortexM3\ARM_GCC_541\Debug\Final_Project_Group5.a(ADC_DelSig_Ext_CP_Clk.o)
 .comment       0x0000006e       0x6f .\CortexM3\ARM_GCC_541\Debug\Final_Project_Group5.a(ADC_DelSig_theACLK.o)
 .comment       0x0000006e       0x6f .\CortexM3\ARM_GCC_541\Debug\Final_Project_Group5.a(Ext_LED.o)
 .comment       0x0000006e       0x6f .\CortexM3\ARM_GCC_541\Debug\Final_Project_Group5.a(PWM_OnboardLED.o)
 .comment       0x0000006e       0x6f .\CortexM3\ARM_GCC_541\Debug\Final_Project_Group5.a(CyFlash.o)
 .comment       0x0000006e       0x6f .\CortexM3\ARM_GCC_541\Debug\Final_Project_Group5.a(CySpc.o)

.debug_weaknames
 *(.debug_weaknames)

.debug_funcnames
 *(.debug_funcnames)

.debug_typenames
 *(.debug_typenames)

.debug_varnames
 *(.debug_varnames)

.note.gnu.arm.ident
 *(.note.gnu.arm.ident)

.ARM.attributes
                0x00000000       0x29
 *(.ARM.attributes)
 .ARM.attributes
                0x00000000       0x1d c:/program files (x86)/cypress/psoc creator/4.3/psoc creator/import/gnu/arm/5.4.1/bin/../lib/gcc/arm-none-eabi/5.4.1/armv7-m/crti.o
 .ARM.attributes
                0x0000001d       0x2d c:/program files (x86)/cypress/psoc creator/4.3/psoc creator/import/gnu/arm/5.4.1/bin/../lib/gcc/arm-none-eabi/5.4.1/armv7-m/crtbegin.o
 .ARM.attributes
                0x0000004a       0x1b c:/program files (x86)/cypress/psoc creator/4.3/psoc creator/import/gnu/arm/5.4.1/bin/../lib/gcc/arm-none-eabi/5.4.1/../../../../arm-none-eabi/lib/armv7-m/crt0.o
 .ARM.attributes
                0x00000065       0x33 .\CortexM3\ARM_GCC_541\Debug\main.o
 .ARM.attributes
                0x00000098       0x33 .\CortexM3\ARM_GCC_541\Debug\25LC256.o
 .ARM.attributes
                0x000000cb       0x33 .\CortexM3\ARM_GCC_541\Debug\InterruptRoutines.o
 .ARM.attributes
                0x000000fe       0x33 .\CortexM3\ARM_GCC_541\Debug\LIS3DH.o
 .ARM.attributes
                0x00000131       0x33 .\CortexM3\ARM_GCC_541\Debug\SPI_Interface_25LC256.o
 .ARM.attributes
                0x00000164       0x33 .\CortexM3\ARM_GCC_541\Debug\SPI_Interface_LIS3DH.o
 .ARM.attributes
                0x00000197       0x33 .\CortexM3\ARM_GCC_541\Debug\Functions.o
 .ARM.attributes
                0x000001ca       0x33 .\CortexM3\ARM_GCC_541\Debug\cyfitter_cfg.o
 .ARM.attributes
                0x000001fd       0x33 .\CortexM3\ARM_GCC_541\Debug\cymetadata.o
 .ARM.attributes
                0x00000230       0x33 .\CortexM3\ARM_GCC_541\Debug\Cm3Start.o
 .ARM.attributes
                0x00000263       0x33 .\CortexM3\ARM_GCC_541\Debug\Final_Project_Group5.a(SPIM_1.o)
 .ARM.attributes
                0x00000296       0x33 .\CortexM3\ARM_GCC_541\Debug\Final_Project_Group5.a(SPIM_1_INT.o)
 .ARM.attributes
                0x000002c9       0x33 .\CortexM3\ARM_GCC_541\Debug\Final_Project_Group5.a(UART_1.o)
 .ARM.attributes
                0x000002fc       0x33 .\CortexM3\ARM_GCC_541\Debug\Final_Project_Group5.a(CS_1.o)
 .ARM.attributes
                0x0000032f       0x33 .\CortexM3\ARM_GCC_541\Debug\Final_Project_Group5.a(CS_2.o)
 .ARM.attributes
                0x00000362       0x33 .\CortexM3\ARM_GCC_541\Debug\Final_Project_Group5.a(SPIM_2.o)
 .ARM.attributes
                0x00000395       0x33 .\CortexM3\ARM_GCC_541\Debug\Final_Project_Group5.a(SPIM_2_INT.o)
 .ARM.attributes
                0x000003c8       0x33 .\CortexM3\ARM_GCC_541\Debug\Final_Project_Group5.a(isr_RX.o)
 .ARM.attributes
                0x000003fb       0x33 .\CortexM3\ARM_GCC_541\Debug\Final_Project_Group5.a(SPIM_1_IntClock.o)
 .ARM.attributes
                0x0000042e       0x33 .\CortexM3\ARM_GCC_541\Debug\Final_Project_Group5.a(UART_1_IntClock.o)
 .ARM.attributes
                0x00000461       0x33 .\CortexM3\ARM_GCC_541\Debug\Final_Project_Group5.a(SPIM_2_IntClock.o)
 .ARM.attributes
                0x00000494       0x33 .\CortexM3\ARM_GCC_541\Debug\Final_Project_Group5.a(CyLib.o)
 .ARM.attributes
                0x000004c7       0x33 .\CortexM3\ARM_GCC_541\Debug\Final_Project_Group5.a(cyPm.o)
 .ARM.attributes
                0x000004fa       0x33 .\CortexM3\ARM_GCC_541\Debug\Final_Project_Group5.a(ADC_DelSig.o)
 .ARM.attributes
                0x0000052d       0x33 .\CortexM3\ARM_GCC_541\Debug\Final_Project_Group5.a(ADC_DelSig_INT.o)
 .ARM.attributes
                0x00000560       0x33 .\CortexM3\ARM_GCC_541\Debug\Final_Project_Group5.a(Timer.o)
 .ARM.attributes
                0x00000593       0x33 .\CortexM3\ARM_GCC_541\Debug\Final_Project_Group5.a(isr_ADC.o)
 .ARM.attributes
                0x000005c6       0x33 .\CortexM3\ARM_GCC_541\Debug\Final_Project_Group5.a(ADC_DelSig_AMux.o)
 .ARM.attributes
                0x000005f9       0x33 .\CortexM3\ARM_GCC_541\Debug\Final_Project_Group5.a(ADC_DelSig_Ext_CP_Clk.o)
 .ARM.attributes
                0x0000062c       0x33 .\CortexM3\ARM_GCC_541\Debug\Final_Project_Group5.a(ADC_DelSig_theACLK.o)
 .ARM.attributes
                0x0000065f       0x33 .\CortexM3\ARM_GCC_541\Debug\Final_Project_Group5.a(Ext_LED.o)
 .ARM.attributes
                0x00000692       0x33 .\CortexM3\ARM_GCC_541\Debug\Final_Project_Group5.a(PWM_OnboardLED.o)
 .ARM.attributes
                0x000006c5       0x21 .\CortexM3\ARM_GCC_541\Debug\Final_Project_Group5.a(CyBootAsmGnu.o)
 .ARM.attributes
                0x000006e6       0x33 .\CortexM3\ARM_GCC_541\Debug\Final_Project_Group5.a(CyFlash.o)
 .ARM.attributes
                0x00000719       0x33 .\CortexM3\ARM_GCC_541\Debug\Final_Project_Group5.a(CySpc.o)
 .ARM.attributes
                0x0000074c       0x1d c:/program files (x86)/cypress/psoc creator/4.3/psoc creator/import/gnu/arm/5.4.1/bin/../lib/gcc/arm-none-eabi/5.4.1/armv7-m\libgcc.a(_arm_addsubdf3.o)
 .ARM.attributes
                0x00000769       0x1d c:/program files (x86)/cypress/psoc creator/4.3/psoc creator/import/gnu/arm/5.4.1/bin/../lib/gcc/arm-none-eabi/5.4.1/armv7-m\libgcc.a(_arm_cmpdf2.o)
 .ARM.attributes