Archive member included to satisfy reference by file (symbol)

.\CortexM3\ARM_GCC_541\Debug\Final_Project_Group5.a(SPIM_1.o)
                              .\CortexM3\ARM_GCC_541\Debug\SPI_Interface_25LC256.o (SPIM_1_ReadTxStatus)
.\CortexM3\ARM_GCC_541\Debug\Final_Project_Group5.a(SPIM_1_INT.o)
                              .\CortexM3\ARM_GCC_541\Debug\Final_Project_Group5.a(SPIM_1.o) (SPIM_1_TX_ISR)
.\CortexM3\ARM_GCC_541\Debug\Final_Project_Group5.a(UART_1.o)
                              .\CortexM3\ARM_GCC_541\Debug\main.o (UART_1_Start)
.\CortexM3\ARM_GCC_541\Debug\Final_Project_Group5.a(CS_1.o)
                              .\CortexM3\ARM_GCC_541\Debug\SPI_Interface_25LC256.o (CS_1_Write)
.\CortexM3\ARM_GCC_541\Debug\Final_Project_Group5.a(CS_2.o)
                              .\CortexM3\ARM_GCC_541\Debug\LIS3DH.o (CS_2_Write)
.\CortexM3\ARM_GCC_541\Debug\Final_Project_Group5.a(SPIM_2.o)
                              .\CortexM3\ARM_GCC_541\Debug\SPI_Interface_LIS3DH.o (SPIM_2_ReadTxStatus)
.\CortexM3\ARM_GCC_541\Debug\Final_Project_Group5.a(SPIM_2_INT.o)
                              .\CortexM3\ARM_GCC_541\Debug\Final_Project_Group5.a(SPIM_2.o) (SPIM_2_TX_ISR)
.\CortexM3\ARM_GCC_541\Debug\Final_Project_Group5.a(isr_RX.o)
                              .\CortexM3\ARM_GCC_541\Debug\main.o (isr_RX_StartEx)
.\CortexM3\ARM_GCC_541\Debug\Final_Project_Group5.a(SPIM_1_IntClock.o)
                              .\CortexM3\ARM_GCC_541\Debug\Final_Project_Group5.a(SPIM_1.o) (SPIM_1_IntClock_Start)
.\CortexM3\ARM_GCC_541\Debug\Final_Project_Group5.a(UART_1_IntClock.o)
                              .\CortexM3\ARM_GCC_541\Debug\Final_Project_Group5.a(UART_1.o) (UART_1_IntClock_Start)
.\CortexM3\ARM_GCC_541\Debug\Final_Project_Group5.a(SPIM_2_IntClock.o)
                              .\CortexM3\ARM_GCC_541\Debug\Final_Project_Group5.a(SPIM_2.o) (SPIM_2_IntClock_Start)
.\CortexM3\ARM_GCC_541\Debug\Final_Project_Group5.a(CyLib.o)
                              .\CortexM3\ARM_GCC_541\Debug\Cm3Start.o (CyHalt)
.\CortexM3\ARM_GCC_541\Debug\Final_Project_Group5.a(cyPm.o)
                              .\CortexM3\ARM_GCC_541\Debug\Final_Project_Group5.a(CyLib.o) (CyPmReadStatus)
.\CortexM3\ARM_GCC_541\Debug\Final_Project_Group5.a(ADC_DelSig.o)
                              .\CortexM3\ARM_GCC_541\Debug\main.o (ADC_DelSig_Start)
.\CortexM3\ARM_GCC_541\Debug\Final_Project_Group5.a(ADC_DelSig_INT.o)
                              .\CortexM3\ARM_GCC_541\Debug\Final_Project_Group5.a(ADC_DelSig.o) (ADC_DelSig_ISR1)
.\CortexM3\ARM_GCC_541\Debug\Final_Project_Group5.a(Timer.o)
                              .\CortexM3\ARM_GCC_541\Debug\InterruptRoutines.o (Timer_Stop)
.\CortexM3\ARM_GCC_541\Debug\Final_Project_Group5.a(isr_ADC.o)
                              .\CortexM3\ARM_GCC_541\Debug\main.o (isr_ADC_StartEx)
.\CortexM3\ARM_GCC_541\Debug\Final_Project_Group5.a(ADC_DelSig_AMux.o)
                              .\CortexM3\ARM_GCC_541\Debug\Final_Project_Group5.a(ADC_DelSig.o) (ADC_DelSig_AMux_Select)
.\CortexM3\ARM_GCC_541\Debug\Final_Project_Group5.a(ADC_DelSig_Ext_CP_Clk.o)
                              .\CortexM3\ARM_GCC_541\Debug\Final_Project_Group5.a(ADC_DelSig.o) (ADC_DelSig_Ext_CP_Clk_SetModeRegister)
.\CortexM3\ARM_GCC_541\Debug\Final_Project_Group5.a(ADC_DelSig_theACLK.o)
                              .\CortexM3\ARM_GCC_541\Debug\Final_Project_Group5.a(ADC_DelSig.o) (ADC_DelSig_theACLK_SetModeRegister)
.\CortexM3\ARM_GCC_541\Debug\Final_Project_Group5.a(Ext_LED.o)
                              .\CortexM3\ARM_GCC_541\Debug\InterruptRoutines.o (Ext_LED_Write)
.\CortexM3\ARM_GCC_541\Debug\Final_Project_Group5.a(PWM_OnboardLED.o)
                              .\CortexM3\ARM_GCC_541\Debug\InterruptRoutines.o (PWM_OnboardLED_WritePeriod)
.\CortexM3\ARM_GCC_541\Debug\Final_Project_Group5.a(ISR_Button.o)
                              .\CortexM3\ARM_GCC_541\Debug\main.o (ISR_Button_StartEx)
.\CortexM3\ARM_GCC_541\Debug\Final_Project_Group5.a(Onboard_Button.o)
                              .\CortexM3\ARM_GCC_541\Debug\InterruptRoutines.o (Onboard_Button_Read)
.\CortexM3\ARM_GCC_541\Debug\Final_Project_Group5.a(CyBootAsmGnu.o)
                              .\CortexM3\ARM_GCC_541\Debug\cyfitter_cfg.o (CyDelayCycles)
.\CortexM3\ARM_GCC_541\Debug\Final_Project_Group5.a(CyFlash.o)
                              .\CortexM3\ARM_GCC_541\Debug\Final_Project_Group5.a(cyPm.o) (CyFlash_SetWaitCycles)
.\CortexM3\ARM_GCC_541\Debug\Final_Project_Group5.a(CySpc.o)
                              .\CortexM3\ARM_GCC_541\Debug\Final_Project_Group5.a(CyFlash.o) (CySpcStart)
c:/program files (x86)/cypress/psoc creator/4.3/psoc creator/import/gnu/arm/5.4.1/bin/../lib/gcc/arm-none-eabi/5.4.1/armv7-m\libgcc.a(_arm_addsubdf3.o)
                              .\CortexM3\ARM_GCC_541\Debug\Final_Project_Group5.a(ADC_DelSig.o) (__aeabi_f2d)
[...]
Memory Configuration

Name             Origin             Length             Attributes
rom              0x00000000         0x00040000         xr
ram              0x1fff8000         0x00010000         xrw
*default*        0x00000000         0xffffffff

Linker script and memory map

LOAD c:/program files (x86)/cypress/psoc creator/4.3/psoc creator/import/gnu/arm/5.4.1/bin/../lib/gcc/arm-none-eabi/5.4.1/armv7-m/crti.o
LOAD c:/program files (x86)/cypress/psoc creator/4.3/psoc creator/import/gnu/arm/5.4.1/bin/../lib/gcc/arm-none-eabi/5.4.1/armv7-m/crtbegin.o
LOAD c:/program files (x86)/cypress/psoc creator/4.3/psoc creator/import/gnu/arm/5.4.1/bin/../lib/gcc/arm-none-eabi/5.4.1/../../../../arm-none-eabi/lib/armv7-m/crt0.o
START GROUP
LOAD .\CortexM3\ARM_GCC_541\Debug\main.o
LOAD .\CortexM3\ARM_GCC_541\Debug\25LC256.o
LOAD .\CortexM3\ARM_GCC_541\Debug\InterruptRoutines.o
LOAD .\CortexM3\ARM_GCC_541\Debug\LIS3DH.o
LOAD .\CortexM3\ARM_GCC_541\Debug\SPI_Interface_25LC256.o
LOAD .\CortexM3\ARM_GCC_541\Debug\SPI_Interface_LIS3DH.o
LOAD .\CortexM3\ARM_GCC_541\Debug\Functions.o
LOAD .\CortexM3\ARM_GCC_541\Debug\cyfitter_cfg.o
LOAD .\CortexM3\ARM_GCC_541\Debug\cymetadata.o
LOAD .\CortexM3\ARM_GCC_541\Debug\Cm3Start.o
LOAD .\CortexM3\ARM_GCC_541\Debug\Final_Project_Group5.a
LOAD C:\Program Files (x86)\Cypress\PSoC Creator\4.3\PSoC Creator\psoc\content\cycomponentlibrary\CyComponentLibrary.cylib\CortexM3\ARM_GCC_541\Debug\CyComponentLibrary.a
END GROUP
START GROUP
LOAD c:/program files (x86)/cypress/psoc creator/4.3/psoc creator/import/gnu/arm/5.4.1/bin/../lib/gcc/arm-none-eabi/5.4.1/armv7-m\libgcc.a
LOAD c:/program files (x86)/cypress/psoc creator/4.3/psoc creator/import/gnu/arm/5.4.1/bin/../lib/gcc/arm-none-eabi/5.4.1/../../../../arm-none-eabi/lib/armv7-m\libg_nano.a
LOAD c:/program files (x86)/cypress/psoc creator/4.3/psoc creator/import/gnu/arm/5.4.1/bin/../lib/gcc/arm-none-eabi/5.4.1/../../../../arm-none-eabi/lib/armv7-m\libc_nano.a
END GROUP
START GROUP
LOAD c:/program files (x86)/cypress/psoc creator/4.3/psoc creator/import/gnu/arm/5.4.1/bin/../lib/gcc/arm-none-eabi/5.4.1/armv7-m\libgcc.a
LOAD c:/program files (x86)/cypress/psoc creator/4.3/psoc creator/import/gnu/arm/5.4.1/bin/../lib/gcc/arm-none-eabi/5.4.1/../../../../arm-none-eabi/lib/armv7-m\libc_nano.a
END GROUP
LOAD c:/program files (x86)/cypress/psoc creator/4.3/psoc creator/import/gnu/arm/5.4.1/bin/../lib/gcc/arm-none-eabi/5.4.1/armv7-m/crtend.o
LOAD c:/program files (x86)/cypress/psoc creator/4.3/psoc creator/import/gnu/arm/5.4.1/bin/../lib/gcc/arm-none-eabi/5.4.1/armv7-m/crtn.o
START GROUP
LOAD c:/program files (x86)/cypress/psoc creator/4.3/psoc creator/import/gnu/arm/5.4.1/bin/../lib/gcc/arm-none-eabi/5.4.1/armv7-m\libgcc.a
LOAD c:/program files (x86)/cypress/psoc creator/4.3/psoc creator/import/gnu/arm/5.4.1/bin/../lib/gcc/arm-none-eabi/5.4.1/../../../../arm-none-eabi/lib/armv7-m\libc.a
LOAD c:/program files (x86)/cypress/psoc creator/4.3/psoc creator/import/gnu/arm/5.4.1/bin/../lib/gcc/arm-none-eabi/5.4.1/../../../../arm-none-eabi/lib/armv7-m\libnosys.a
END GROUP
                0x00000000                CY_APPL_ORIGIN = 0x0
                0x00000100                CY_FLASH_ROW_SIZE = 0x100
                0x00000020                CY_ECC_ROW_SIZE = 0x20
                0x00000000                CY_EE_IN_BTLDR = 0x0
                0x00000000                CY_APPL_LOADABLE = 0x0
                0x00000800                CY_EE_SIZE = 0x800
                0x00000001                CY_APPL_NUM = 0x1
                0x00000001                CY_APPL_MAX = 0x1
                0x00000040                CY_METADATA_SIZE = 0x40
                0x00000000                CY_APPL_LOADABLE = 0x0
                0x00000000                CY_CHECKSUM_EXCLUDE_SIZE = ALIGN (0x0, CY_FLASH_ROW_SIZE)
                [!provide]                PROVIDE (__cy_heap_start, _end)
                0x00000001                PROVIDE (__cy_region_num, ((__cy_regions_end - __cy_regions) / 0x10))
                0x20008000                PROVIDE (__cy_stack, (ORIGIN (ram) + LENGTH (ram)))
                [!provide]                PROVIDE (__cy_heap_end, (__cy_stack - 0x800))

.cybootloader   0x00000000        0x0
 *(.cybootloader)
                0x00000000                appl1_start = CY_APPL_ORIGIN?CY_APPL_ORIGIN:ALIGN (CY_FLASH_ROW_SIZE)
                0x0001ff00                appl2_start = (appl1_start + ALIGN ((((LENGTH (rom) - appl1_start) - (0x2 * CY_FLASH_ROW_SIZE)) / 0x2), CY_FLASH_ROW_SIZE))
                0x00000000                appl_start = (CY_APPL_NUM == 0x1)?appl1_start:appl2_start
                0x00000000                ecc_offset = ((appl_start / CY_FLASH_ROW_SIZE) * CY_ECC_ROW_SIZE)
                0x00000000                ee_offset = (CY_APPL_LOADABLE && ! (CY_EE_IN_BTLDR))?((CY_EE_SIZE / CY_APPL_MAX) * (CY_APPL_NUM - 0x1)):0x0
                0x00000800                ee_size = (CY_APPL_LOADABLE && ! (CY_EE_IN_BTLDR))?(CY_EE_SIZE / CY_APPL_MAX):CY_EE_SIZE
                [!provide]                PROVIDE (CY_ECC_OFFSET, ecc_offset)

.text           0x00000000     0x3130
 CREATE_OBJECT_SYMBOLS
                0x00000000                PROVIDE (__cy_interrupt_vector, RomVectors)
 *(.romvectors)
 .romvectors    0x00000000       0x10 .\CortexM3\ARM_GCC_541\Debug\Cm3Start.o
                0x00000000                RomVectors
                0x00000001                ASSERT ((. != __cy_interrupt_vector), No interrupt vector)
                0x00000001                ASSERT (CY_APPL_ORIGIN?(SIZEOF (.cybootloader) <= CY_APPL_ORIGIN):0x1, Wrong image location)
                0x00000010                PROVIDE (__cy_reset, Reset)
 *(.text.Reset)
 .text.Reset    0x00000010       0x18 .\CortexM3\ARM_GCC_541\Debug\Cm3Start.o
                0x00000010                Reset
                0x00000001                ASSERT ((. != __cy_reset), No reset code)
 *(.dma_init)
                0x00000001                ASSERT ((((appl_start + .) <= 0x10000) || 0x1), DMA Init must be within the first 64k of flash)
 *(.text .text.* .gnu.linkonce.t.*)
 .text          0x00000028       0x5c c:/program files (x86)/cypress/psoc creator/4.3/psoc creator/import/gnu/arm/5.4.1/bin/../lib/gcc/arm-none-eabi/5.4.1/armv7-m/crtbegin.o
 .text.main     0x00000084      0x3fc .\CortexM3\ARM_GCC_541\Debug\main.o
                0x00000084                main
 .text.EEPROM_readStatus
                0x00000480        0xc .\CortexM3\ARM_GCC_541\Debug\25LC256.o
                0x00000480                EEPROM_readStatus
 .text.EEPROM_writeEnable
                0x0000048c        0xc .\CortexM3\ARM_GCC_541\Debug\25LC256.o
                0x0000048c                EEPROM_writeEnable
 .text.EEPROM_writeByte
                0x00000498       0x38 .\CortexM3\ARM_GCC_541\Debug\25LC256.o
                0x00000498                EEPROM_writeByte
 .text.EEPROM_readPage
                0x000004d0       0x24 .\CortexM3\ARM_GCC_541\Debug\25LC256.o
                0x000004d0                EEPROM_readPage
 .text.EEPROM_writePage
                0x000004f4       0x5c .\CortexM3\ARM_GCC_541\Debug\25LC256.o
                0x000004f4                EEPROM_writePage
 .text.EEPROM_waitForWriteComplete
                0x00000550       0x10 .\CortexM3\ARM_GCC_541\Debug\25LC256.o
                0x00000550                EEPROM_waitForWriteComplete
 .text.Custom_ISR_Button
                0x00000560       0x34 .\CortexM3\ARM_GCC_541\Debug\InterruptRoutines.o
                0x00000560                Custom_ISR_Button
 .text.Custom_ISR_ADC
                0x00000594       0x98 .\CortexM3\ARM_GCC_541\Debug\InterruptRoutines.o
                0x00000594                Custom_ISR_ADC
 .text.Custom_ISR_RX
                0x0000062c      0x484 .\CortexM3\ARM_GCC_541\Debug\InterruptRoutines.o
                0x0000062c                Custom_ISR_RX
 .text.ACC_writeRegister
                0x00000ab0       0x30 .\CortexM3\ARM_GCC_541\Debug\LIS3DH.o
                0x00000ab0                ACC_writeRegister
 .text.ACC_readRegister
                0x00000ae0       0x28 .\CortexM3\ARM_GCC_541\Debug\LIS3DH.o
                0x00000ae0                ACC_readRegister
 .text.ACC_Multi_Read
                0x00000b08       0x20 .\CortexM3\ARM_GCC_541\Debug\LIS3DH.o
                0x00000b08                ACC_Multi_Read
 .text.SPI_Interface_25LC256_tradeByte
                0x00000b28       0x2c .\CortexM3\ARM_GCC_541\Debug\SPI_Interface_25LC256.o
                0x00000b28                SPI_Interface_25LC256_tradeByte
 .text.SPI_Interface_25LC256_ReadByte
                0x00000b54       0x34 .\CortexM3\ARM_GCC_541\Debug\SPI_Interface_25LC256.o
                0x00000b54                SPI_Interface_25LC256_ReadByte
 .text.SPI_Interface_25LC256_Multi_RW
                0x00000b88       0xb8 .\CortexM3\ARM_GCC_541\Debug\SPI_Interface_25LC256.o
                0x00000b88                SPI_Interface_25LC256_Multi_RW
 .text.SPI_Interface_LIS3DH_Multi_RW
                0x00000c40       0xb8 .\CortexM3\ARM_GCC_541\Debug\SPI_Interface_LIS3DH.o
                0x00000c40                SPI_Interface_LIS3DH_Multi_RW
 .text.show_menu
                0x00000cf8       0xb8 .\CortexM3\ARM_GCC_541\Debug\Functions.o
                0x00000cf8                show_menu
 .text.Store_EEPROM
                0x00000db0       0x44 .\CortexM3\ARM_GCC_541\Debug\Functions.o
                0x00000db0                Store_EEPROM
 .text.Send_BCP
                0x00000df4       0x48 .\CortexM3\ARM_GCC_541\Debug\Functions.o
                0x00000df4                Send_BCP
 .text.Config_acc
                0x00000e3c       0x2c .\CortexM3\ARM_GCC_541\Debug\Functions.o
                0x00000e3c                Config_acc
 .text.CyClockStartupError
                0x00000e68        0x4 .\CortexM3\ARM_GCC_541\Debug\cyfitter_cfg.o
 .text.cfg_write_bytes32
                0x00000e6c       0x34 .\CortexM3\ARM_GCC_541\Debug\cyfitter_cfg.o
 .text.AnalogSetDefault
                0x00000ea0       0x3c .\CortexM3\ARM_GCC_541\Debug\cyfitter_cfg.o
 .text.CYMEMZERO
                0x00000edc        0xc .\CortexM3\ARM_GCC_541\Debug\cyfitter_cfg.o
 .text.CYCONFIGCPY
                0x00000ee8        0x8 .\CortexM3\ARM_GCC_541\Debug\cyfitter_cfg.o
 .text.ClockSetup
                0x00000ef0      0x130 .\CortexM3\ARM_GCC_541\Debug\cyfitter_cfg.o
 .text.ADC_DelSig_AMux_Set
                0x00001020       0x1c .\CortexM3\ARM_GCC_541\Debug\cyfitter_cfg.o
                0x00001020                ADC_DelSig_AMux_Set
 .text.ADC_DelSig_AMux_Unset
                0x0000103c       0x1c .\CortexM3\ARM_GCC_541\Debug\cyfitter_cfg.o
                0x0000103c                ADC_DelSig_AMux_Unset
 .text.cyfitter_cfg
                0x00001058      0x13c .\CortexM3\ARM_GCC_541\Debug\cyfitter_cfg.o
                0x00001058                cyfitter_cfg
 .text.IntDefaultHandler
                0x00001194       0x10 .\CortexM3\ARM_GCC_541\Debug\Cm3Start.o
                0x00001194                IntDefaultHandler
 .text._sbrk    0x000011a4       0x30 .\CortexM3\ARM_GCC_541\Debug\Cm3Start.o
                0x000011a4                _sbrk
 .text.Start_c  0x000011d4       0x4c .\CortexM3\ARM_GCC_541\Debug\Cm3Start.o
                0x000011d4                Start_c
 .text.initialize_psoc
                0x00001220       0x68 .\CortexM3\ARM_GCC_541\Debug\Cm3Start.o
                0x00001220                initialize_psoc
 .text.SPIM_1_EnableTxInt
                0x00001288        0xc .\CortexM3\ARM_GCC_541\Debug\Final_Project_Group5.a(SPIM_1.o)
                0x00001288                SPIM_1_EnableTxInt
 .text.SPIM_1_EnableRxInt
                0x00001294        0xc .\CortexM3\ARM_GCC_541\Debug\Final_Project_Group5.a(SPIM_1.o)
                0x00001294                SPIM_1_EnableRxInt
 .text.SPIM_1_Enable
                0x000012a0       0x3c .\CortexM3\ARM_GCC_541\Debug\Final_Project_Group5.a(SPIM_1.o)
                0x000012a0                SPIM_1_Enable
 .text.SPIM_1_DisableTxInt
                0x000012dc        0xc .\CortexM3\ARM_GCC_541\Debug\Final_Project_Group5.a(SPIM_1.o)
                0x000012dc                SPIM_1_DisableTxInt
 .text.SPIM_1_DisableRxInt
                0x000012e8        0xc .\CortexM3\ARM_GCC_541\Debug\Final_Project_Group5.a(SPIM_1.o)
                0x000012e8                SPIM_1_DisableRxInt
 .text.SPIM_1_ReadTxStatus
                0x000012f4       0x28 .\CortexM3\ARM_GCC_541\Debug\Final_Project_Group5.a(SPIM_1.o)
                0x000012f4                SPIM_1_ReadTxStatus
 .text.SPIM_1_ReadRxStatus
                0x0000131c       0x28 .\CortexM3\ARM_GCC_541\Debug\Final_Project_Group5.a(SPIM_1.o)
                0x0000131c                SPIM_1_ReadRxStatus
 .text.SPIM_1_WriteTxData
                0x00001344       0xd4 .\CortexM3\ARM_GCC_541\Debug\Final_Project_Group5.a(SPIM_1.o)
                0x00001344                SPIM_1_WriteTxData
 .text.SPIM_1_ReadRxData
                0x00001418       0x64 .\CortexM3\ARM_GCC_541\Debug\Final_Project_Group5.a(SPIM_1.o)
                0x00001418                SPIM_1_ReadRxData
 .text.SPIM_1_ClearRxBuffer
                0x0000147c       0x40 .\CortexM3\ARM_GCC_541\Debug\Final_Project_Group5.a(SPIM_1.o)
                0x0000147c                SPIM_1_ClearRxBuffer
 .text.SPIM_1_ClearTxBuffer
                0x000014bc       0x54 .\CortexM3\ARM_GCC_541\Debug\Final_Project_Group5.a(SPIM_1.o)
                0x000014bc                SPIM_1_ClearTxBuffer
 .text.SPIM_1_PutArray
                0x00001510       0x20 .\CortexM3\ARM_GCC_541\Debug\Final_Project_Group5.a(SPIM_1.o)
                0x00001510                SPIM_1_PutArray
 .text.SPIM_1_ClearFIFO
                0x00001530       0x3c .\CortexM3\ARM_GCC_541\Debug\Final_Project_Group5.a(SPIM_1.o)
                0x00001530                SPIM_1_ClearFIFO
 .text.SPIM_1_Init
                0x0000156c       0x90 .\CortexM3\ARM_GCC_541\Debug\Final_Project_Group5.a(SPIM_1.o)
                0x0000156c                SPIM_1_Init
 .text.SPIM_1_Start
                0x000015fc       0x1c .\CortexM3\ARM_GCC_541\Debug\Final_Project_Group5.a(SPIM_1.o)
                0x000015fc                SPIM_1_Start
 .text.SPIM_1_TX_ISR
                0x00001618       0xa0 .\CortexM3\ARM_GCC_541\Debug\Final_Project_Group5.a(SPIM_1_INT.o)
                0x00001618                SPIM_1_TX_ISR
 .text.SPIM_1_RX_ISR
                0x000016b8       0xa0 .\CortexM3\ARM_GCC_541\Debug\Final_Project_Group5.a(SPIM_1_INT.o)
                0x000016b8                SPIM_1_RX_ISR
 .text.UART_1_Init
                0x00001758       0x24 .\CortexM3\ARM_GCC_541\Debug\Final_Project_Group5.a(UART_1.o)
                0x00001758                UART_1_Init
 .text.UART_1_Enable
                0x0000177c       0x38 .\CortexM3\ARM_GCC_541\Debug\Final_Project_Group5.a(UART_1.o)
                0x0000177c                UART_1_Enable
 .text.UART_1_Start
                0x000017b4       0x1c .\CortexM3\ARM_GCC_541\Debug\Final_Project_Group5.a(UART_1.o)
                0x000017b4                UART_1_Start
 .text.UART_1_GetChar
                0x000017d0       0x2c .\CortexM3\ARM_GCC_541\Debug\Final_Project_Group5.a(UART_1.o)
                0x000017d0                UART_1_GetChar
 .text.UART_1_PutChar
                0x000017fc       0x18 .\CortexM3\ARM_GCC_541\Debug\Final_Project_Group5.a(UART_1.o)
                0x000017fc                UART_1_PutChar
 .text.UART_1_PutString
                0x00001814       0x24 .\CortexM3\ARM_GCC_541\Debug\Final_Project_Group5.a(UART_1.o)
                0x00001814                UART_1_PutString
 .text.CS_1_Write
                0x00001838       0x18 .\CortexM3\ARM_GCC_541\Debug\Final_Project_Group5.a(CS_1.o)
                0x00001838                CS_1_Write
 .text.CS_2_Write
                0x00001850       0x18 .\CortexM3\ARM_GCC_541\Debug\Final_Project_Group5.a(CS_2.o)
                0x00001850                CS_2_Write
 .text.SPIM_2_EnableTxInt
                0x00001868        0xc .\CortexM3\ARM_GCC_541\Debug\Final_Project_Group5.a(SPIM_2.o)
                0x00001868                SPIM_2_EnableTxInt
 .text.SPIM_2_EnableRxInt
                0x00001874        0xc .\CortexM3\ARM_GCC_541\Debug\Final_Project_Group5.a(SPIM_2.o)
                0x00001874                SPIM_2_EnableRxInt
 .text.SPIM_2_Enable
                0x00001880       0x3c .\CortexM3\ARM_GCC_541\Debug\Final_Project_Group5.a(SPIM_2.o)
                0x00001880                SPIM_2_Enable
 .text.SPIM_2_DisableTxInt
                0x000018bc        0xc .\CortexM3\ARM_GCC_541\Debug\Final_Project_Group5.a(SPIM_2.o)
                0x000018bc                SPIM_2_DisableTxInt
 .text.SPIM_2_DisableRxInt
                0x000018c8        0xc .\CortexM3\ARM_GCC_541\Debug\Final_Project_Group5.a(SPIM_2.o)
                0x000018c8                SPIM_2_DisableRxInt
 .text.SPIM_2_ReadTxStatus
                0x000018d4       0x28 .\CortexM3\ARM_GCC_541\Debug\Final_Project_Group5.a(SPIM_2.o)
                0x000018d4                SPIM_2_ReadTxStatus
 .text.SPIM_2_ReadRxStatus
                0x000018fc       0x28 .\CortexM3\ARM_GCC_541\Debug\Final_Project_Group5.a(SPIM_2.o)
                0x000018fc                SPIM_2_ReadRxStatus
 .text.SPIM_2_WriteTxData
                0x00001924       0xd4 .\CortexM3\ARM_GCC_541\Debug\Final_Project_Group5.a(SPIM_2.o)
                0x00001924                SPIM_2_WriteTxData
 .text.SPIM_2_ReadRxData
                0x000019f8       0x64 .\CortexM3\ARM_GCC_541\Debug\Final_Project_Group5.a(SPIM_2.o)
                0x000019f8                SPIM_2_ReadRxData
 .text.SPIM_2_ClearRxBuffer
                0x00001a5c       0x40 .\CortexM3\ARM_GCC_541\Debug\Final_Project_Group5.a(SPIM_2.o)
                0x00001a5c                SPIM_2_ClearRxBuffer
 .text.SPIM_2_ClearTxBuffer
                0x00001a9c       0x54 .\CortexM3\ARM_GCC_541\Debug\Final_Project_Group5.a(SPIM_2.o)
                0x00001a9c                SPIM_2_ClearTxBuffer
 .text.SPIM_2_PutArray
                0x00001af0       0x20 .\CortexM3\ARM_GCC_541\Debug\Final_Project_Group5.a(SPIM_2.o)
                0x00001af0                SPIM_2_PutArray
 .text.SPIM_2_ClearFIFO
                0x00001b10       0x3c .\CortexM3\ARM_GCC_541\Debug\Final_Project_Group5.a(SPIM_2.o)
                0x00001b10                SPIM_2_ClearFIFO
 .text.SPIM_2_Init
                0x00001b4c       0x90 .\CortexM3\ARM_GCC_541\Debug\Final_Project_Group5.a(SPIM_2.o)
                0x00001b4c                SPIM_2_Init
 .text.SPIM_2_Start
                0x00001bdc       0x1c .\CortexM3\ARM_GCC_541\Debug\Final_Project_Group5.a(SPIM_2.o)
                0x00001bdc                SPIM_2_Start
 .text.SPIM_2_TX_ISR
                0x00001bf8       0xa0 .\CortexM3\ARM_GCC_541\Debug\Final_Project_Group5.a(SPIM_2_INT.o)
                0x00001bf8                SPIM_2_TX_ISR
 .text.SPIM_2_RX_ISR
                0x00001c98       0xa0 .\CortexM3\ARM_GCC_541\Debug\Final_Project_Group5.a(SPIM_2_INT.o)
                0x00001c98                SPIM_2_RX_ISR
 .text.isr_RX_SetVector
                0x00001d38        0xc .\CortexM3\ARM_GCC_541\Debug\Final_Project_Group5.a(isr_RX.o)
                0x00001d38                isr_RX_SetVector
 .text.isr_RX_SetPriority
                0x00001d44       0x10 .\CortexM3\ARM_GCC_541\Debug\Final_Project_Group5.a(isr_RX.o)
                0x00001d44                isr_RX_SetPriority
 .text.isr_RX_Enable
                0x00001d54        0xc .\CortexM3\ARM_GCC_541\Debug\Final_Project_Group5.a(isr_RX.o)
                0x00001d54                isr_RX_Enable
 .text.isr_RX_Disable
                0x00001d60        0xc .\CortexM3\ARM_GCC_541\Debug\Final_Project_Group5.a(isr_RX.o)
                0x00001d60                isr_RX_Disable
 .text.isr_RX_StartEx
                0x00001d6c       0x1c .\CortexM3\ARM_GCC_541\Debug\Final_Project_Group5.a(isr_RX.o)
                0x00001d6c                isr_RX_StartEx
 .text.SPIM_1_IntClock_Start
                0x00001d88       0x1c .\CortexM3\ARM_GCC_541\Debug\Final_Project_Group5.a(SPIM_1_IntClock.o)
                0x00001d88                SPIM_1_IntClock_Start
 .text.UART_1_IntClock_Start
                0x00001da4       0x1c .\CortexM3\ARM_GCC_541\Debug\Final_Project_Group5.a(UART_1_IntClock.o)
                0x00001da4                UART_1_IntClock_Start
 .text.SPIM_2_IntClock_Start
                0x00001dc0       0x1c .\CortexM3\ARM_GCC_541\Debug\Final_Project_Group5.a(SPIM_2_IntClock.o)
                0x00001dc0                SPIM_2_IntClock_Start
 .text.CyHalt   0x00001ddc        0x4 .\CortexM3\ARM_GCC_541\Debug\Final_Project_Group5.a(CyLib.o)
                0x00001ddc                CyHalt
 .text.CyDelay  0x00001de0       0x2c .\CortexM3\ARM_GCC_541\Debug\Final_Project_Group5.a(CyLib.o)
                0x00001de0                CyDelay
 .text.CyDelayUs
                0x00001e0c       0x14 .\CortexM3\ARM_GCC_541\Debug\Final_Project_Group5.a(CyLib.o)
                0x00001e0c                CyDelayUs
 .text.CyIntSetVector
                0x00001e20       0x28 .\CortexM3\ARM_GCC_541\Debug\Final_Project_Group5.a(CyLib.o)
                0x00001e20                CyIntSetVector
 .text.CyIntSetPriority
                0x00001e48       0x30 .\CortexM3\ARM_GCC_541\Debug\Final_Project_Group5.a(CyLib.o)
                0x00001e48                CyIntSetPriority
 .text.ADC_DelSig_GainCompensation
                0x00001e78       0xdc .\CortexM3\ARM_GCC_541\Debug\Final_Project_Group5.a(ADC_DelSig.o)
 .text.ADC_DelSig_SetDSMRef0Reg
                0x00001f54       0x4c .\CortexM3\ARM_GCC_541\Debug\Final_Project_Group5.a(ADC_DelSig.o)
 .text.ADC_DelSig_InitConfig
                0x00001fa0       0xe0 .\CortexM3\ARM_GCC_541\Debug\Final_Project_Group5.a(ADC_DelSig.o)
 .text.ADC_DelSig_Init
                0x00002080       0xc4 .\CortexM3\ARM_GCC_541\Debug\Final_Project_Group5.a(ADC_DelSig.o)
                0x00002080                ADC_DelSig_Init
 .text.ADC_DelSig_Enable
                0x00002144       0xd8 .\CortexM3\ARM_GCC_541\Debug\Final_Project_Group5.a(ADC_DelSig.o)
                0x00002144                ADC_DelSig_Enable
 .text.ADC_DelSig_Start
                0x0000221c       0x28 .\CortexM3\ARM_GCC_541\Debug\Final_Project_Group5.a(ADC_DelSig.o)
                0x0000221c                ADC_DelSig_Start
 .text.ADC_DelSig_StartConvert
                0x00002244       0x10 .\CortexM3\ARM_GCC_541\Debug\Final_Project_Group5.a(ADC_DelSig.o)
                0x00002244                ADC_DelSig_StartConvert
 .text.ADC_DelSig_StopConvert
                0x00002254       0x10 .\CortexM3\ARM_GCC_541\Debug\Final_Project_Group5.a(ADC_DelSig.o)
                0x00002254                ADC_DelSig_StopConvert
 .text.ADC_DelSig_IsEndConversion
                0x00002264       0x30 .\CortexM3\ARM_GCC_541\Debug\Final_Project_Group5.a(ADC_DelSig.o)
                0x00002264                ADC_DelSig_IsEndConversion
 .text.ADC_DelSig_GetResult32
                0x00002294       0x6c .\CortexM3\ARM_GCC_541\Debug\Final_Project_Group5.a(ADC_DelSig.o)
                0x00002294                ADC_DelSig_GetResult32
 .text.ADC_DelSig_CountsTo_mVolts
                0x00002300       0x24 .\CortexM3\ARM_GCC_541\Debug\Final_Project_Group5.a(ADC_DelSig.o)
                0x00002300                ADC_DelSig_CountsTo_mVolts
 .text.ADC_DelSig_Read32
                0x00002324       0x28 .\CortexM3\ARM_GCC_541\Debug\Final_Project_Group5.a(ADC_DelSig.o)
                0x00002324                ADC_DelSig_Read32
 .text.ADC_DelSig_ISR1
                0x0000234c        0x4 .\CortexM3\ARM_GCC_541\Debug\Final_Project_Group5.a(ADC_DelSig_INT.o)
                0x0000234c                ADC_DelSig_ISR1
 .text.Timer_Enable
                0x00002350       0x28 .\CortexM3\ARM_GCC_541\Debug\Final_Project_Group5.a(Timer.o)
                0x00002350                Timer_Enable
 .text.Timer_Stop
                0x00002378       0x28 .\CortexM3\ARM_GCC_541\Debug\Final_Project_Group5.a(Timer.o)
                0x00002378                Timer_Stop
 .text.Timer_SetInterruptMode
                0x000023a0        0xc .\CortexM3\ARM_GCC_541\Debug\Final_Project_Group5.a(Timer.o)
                0x000023a0                Timer_SetInterruptMode
 .text.Timer_ReadStatusRegister
                0x000023ac        0xc .\CortexM3\ARM_GCC_541\Debug\Final_Project_Group5.a(Timer.o)
                0x000023ac                Timer_ReadStatusRegister
 .text.Timer_WritePeriod
                0x000023b8        0xc .\CortexM3\ARM_GCC_541\Debug\Final_Project_Group5.a(Timer.o)
                0x000023b8                Timer_WritePeriod
 .text.Timer_WriteCounter
                0x000023c4        0xc .\CortexM3\ARM_GCC_541\Debug\Final_Project_Group5.a(Timer.o)
                0x000023c4                Timer_WriteCounter
 .text.Timer_Init
                0x000023d0       0x64 .\CortexM3\ARM_GCC_541\Debug\Final_Project_Group5.a(Timer.o)
                0x000023d0                Timer_Init
 .text.Timer_Start
                0x00002434       0x1c .\CortexM3\ARM_GCC_541\Debug\Final_Project_Group5.a(Timer.o)
                0x00002434                Timer_Start
 .text.isr_ADC_SetVector
                0x00002450       0x10 .\CortexM3\ARM_GCC_541\Debug\Final_Project_Group5.a(isr_ADC.o)
                0x00002450                isr_ADC_SetVector
 .text.isr_ADC_SetPriority
                0x00002460       0x10 .\CortexM3\ARM_GCC_541\Debug\Final_Project_Group5.a(isr_ADC.o)
                0x00002460                isr_ADC_SetPriority
 .text.isr_ADC_Enable
                0x00002470       0x10 .\CortexM3\ARM_GCC_541\Debug\Final_Project_Group5.a(isr_ADC.o)
                0x00002470                isr_ADC_Enable
 .text.isr_ADC_Disable
                0x00002480       0x10 .\CortexM3\ARM_GCC_541\Debug\Final_Project_Group5.a(isr_ADC.o)
                0x00002480                isr_ADC_Disable
 .text.isr_ADC_StartEx
                0x00002490       0x1c .\CortexM3\ARM_GCC_541\Debug\Final_Project_Group5.a(isr_ADC.o)
                0x00002490                isr_ADC_StartEx
 .text.ADC_DelSig_AMux_Start
                0x000024ac       0x20 .\CortexM3\ARM_GCC_541\Debug\Final_Project_Group5.a(ADC_DelSig_AMux.o)
                0x000024ac                ADC_DelSig_AMux_Start
 .text.ADC_DelSig_AMux_Select
                0x000024cc       0x18 .\CortexM3\ARM_GCC_541\Debug\Final_Project_Group5.a(ADC_DelSig_AMux.o)
                0x000024cc                ADC_DelSig_AMux_Select
 .text.ADC_DelSig_Ext_CP_Clk_GetDividerRegister
                0x000024e4        0xc .\CortexM3\ARM_GCC_541\Debug\Final_Project_Group5.a(ADC_DelSig_Ext_CP_Clk.o)
                0x000024e4                ADC_DelSig_Ext_CP_Clk_GetDividerRegister
 .text.ADC_DelSig_Ext_CP_Clk_SetModeRegister
                0x000024f0       0x14 .\CortexM3\ARM_GCC_541\Debug\Final_Project_Group5.a(ADC_DelSig_Ext_CP_Clk.o)
                0x000024f0                ADC_DelSig_Ext_CP_Clk_SetModeRegister
 .text.ADC_DelSig_Ext_CP_Clk_GetSourceRegister
                0x00002504       0x10 .\CortexM3\ARM_GCC_541\Debug\Final_Project_Group5.a(ADC_DelSig_Ext_CP_Clk.o)
                0x00002504                ADC_DelSig_Ext_CP_Clk_GetSourceRegister
 .text.ADC_DelSig_Ext_CP_Clk_SetDividerRegister
                0x00002514       0xd8 .\CortexM3\ARM_GCC_541\Debug\Final_Project_Group5.a(ADC_DelSig_Ext_CP_Clk.o)
                0x00002514                ADC_DelSig_Ext_CP_Clk_SetDividerRegister
 .text.ADC_DelSig_theACLK_GetDividerRegister
                0x000025ec        0xc .\CortexM3\ARM_GCC_541\Debug\Final_Project_Group5.a(ADC_DelSig_theACLK.o)
                0x000025ec                ADC_DelSig_theACLK_GetDividerRegister
 .text.ADC_DelSig_theACLK_SetModeRegister
                0x000025f8       0x14 .\CortexM3\ARM_GCC_541\Debug\Final_Project_Group5.a(ADC_DelSig_theACLK.o)
                0x000025f8                ADC_DelSig_theACLK_SetModeRegister
 .text.ADC_DelSig_theACLK_GetSourceRegister
                0x0000260c       0x10 .\CortexM3\ARM_GCC_541\Debug\Final_Project_Group5.a(ADC_DelSig_theACLK.o)
                0x0000260c                ADC_DelSig_theACLK_GetSourceRegister
 .text.ADC_DelSig_theACLK_SetDividerRegister
                0x0000261c       0xd8 .\CortexM3\ARM_GCC_541\Debug\Final_Project_Group5.a(ADC_DelSig_theACLK.o)
                0x0000261c                ADC_DelSig_theACLK_SetDividerRegister
 .text.Ext_LED_Write
                0x000026f4       0x18 .\CortexM3\ARM_GCC_541\Debug\Final_Project_Group5.a(Ext_LED.o)
                0x000026f4                Ext_LED_Write
 .text.PWM_OnboardLED_Enable
                0x0000270c       0x10 .\CortexM3\ARM_GCC_541\Debug\Final_Project_Group5.a(PWM_OnboardLED.o)
                0x0000270c                PWM_OnboardLED_Enable
 .text.PWM_OnboardLED_WriteCounter
                0x0000271c        0xc .\CortexM3\ARM_GCC_541\Debug\Final_Project_Group5.a(PWM_OnboardLED.o)
                0x0000271c                PWM_OnboardLED_WriteCounter
 .text.PWM_OnboardLED_WritePeriod
                0x00002728        0xc .\CortexM3\ARM_GCC_541\Debug\Final_Project_Group5.a(PWM_OnboardLED.o)
                0x00002728                PWM_OnboardLED_WritePeriod
 .text.PWM_OnboardLED_WriteCompare
                0x00002734        0xc .\CortexM3\ARM_GCC_541\Debug\Final_Project_Group5.a(PWM_OnboardLED.o)
                0x00002734                PWM_OnboardLED_WriteCompare
 .text.PWM_OnboardLED_SetInterruptMode
                0x00002740        0xc .\CortexM3\ARM_GCC_541\Debug\Final_Project_Group5.a(PWM_OnboardLED.o)
                0x00002740                PWM_OnboardLED_SetInterruptMode
 .text.PWM_OnboardLED_ReadStatusRegister
                0x0000274c        0xc .\CortexM3\ARM_GCC_541\Debug\Final_Project_Group5.a(PWM_OnboardLED.o)
                0x0000274c                PWM_OnboardLED_ReadStatusRegister
 .text.PWM_OnboardLED_ReadCapture
                0x00002758        0xc .\CortexM3\ARM_GCC_541\Debug\Final_Project_Group5.a(PWM_OnboardLED.o)
                0x00002758                PWM_OnboardLED_ReadCapture
 .text.PWM_OnboardLED_ClearFIFO
                0x00002764       0x14 .\CortexM3\ARM_GCC_541\Debug\Final_Project_Group5.a(PWM_OnboardLED.o)
                0x00002764                PWM_OnboardLED_ClearFIFO
 .text.PWM_OnboardLED_Init
                0x00002778       0x50 .\CortexM3\ARM_GCC_541\Debug\Final_Project_Group5.a(PWM_OnboardLED.o)
                0x00002778                PWM_OnboardLED_Init
 .text.PWM_OnboardLED_Start
                0x000027c8       0x1c .\CortexM3\ARM_GCC_541\Debug\Final_Project_Group5.a(PWM_OnboardLED.o)
                0x000027c8                PWM_OnboardLED_Start
 .text.ISR_Button_SetVector
                0x000027e4        0xc .\CortexM3\ARM_GCC_541\Debug\Final_Project_Group5.a(ISR_Button.o)
                0x000027e4                ISR_Button_SetVector
 .text.ISR_Button_SetPriority
                0x000027f0       0x10 .\CortexM3\ARM_GCC_541\Debug\Final_Project_Group5.a(ISR_Button.o)
                0x000027f0                ISR_Button_SetPriority
 .text.ISR_Button_Enable
                0x00002800        0xc .\CortexM3\ARM_GCC_541\Debug\Final_Project_Group5.a(ISR_Button.o)
                0x00002800                ISR_Button_Enable
 .text.ISR_Button_Disable
                0x0000280c        0xc .\CortexM3\ARM_GCC_541\Debug\Final_Project_Group5.a(ISR_Button.o)
                0x0000280c                ISR_Button_Disable
 .text.ISR_Button_StartEx
                0x00002818       0x1c .\CortexM3\ARM_GCC_541\Debug\Final_Project_Group5.a(ISR_Button.o)
                0x00002818                ISR_Button_StartEx
 .text.Onboard_Button_Read
                0x00002834       0x10 .\CortexM3\ARM_GCC_541\Debug\Final_Project_Group5.a(Onboard_Button.o)
                0x00002834                Onboard_Button_Read
 *fill*         0x00002844        0x4 
 .text          0x00002848       0x20 .\CortexM3\ARM_GCC_541\Debug\Final_Project_Group5.a(CyBootAsmGnu.o)
                0x00002848                CyDelayCycles
                0x00002858                CyEnterCriticalSection
                0x00002860                CyExitCriticalSection
 .text.__errno  0x00002868        0xc c:/program files (x86)/cypress/psoc creator/4.3/psoc creator/import/gnu/arm/5.4.1/bin/../lib/gcc/arm-none-eabi/5.4.1/../../../../arm-none-eabi/lib/armv7-m\libg_nano.a(lib_a-errno.o)
                0x00002868                __errno
 .text.__libc_init_array
                0x00002874       0x4c c:/program files (x86)/cypress/psoc creator/4.3/psoc creator/import/gnu/arm/5.4.1/bin/../lib/gcc/arm-none-eabi/5.4.1/../../../../arm-none-eabi/lib/armv7-m\libg_nano.a(lib_a-init.o)
                0x00002874                __libc_init_array
 .text.memcpy   0x000028c0       0x16 c:/program files (x86)/cypress/psoc creator/4.3/psoc creator/import/gnu/arm/5.4.1/bin/../lib/gcc/arm-none-eabi/5.4.1/../../../../arm-none-eabi/lib/armv7-m\libg_nano.a(lib_a-memcpy-stub.o)
                0x000028c0                memcpy
 .text.memset   0x000028d6       0x10 c:/program files (x86)/cypress/psoc creator/4.3/psoc creator/import/gnu/arm/5.4.1/bin/../lib/gcc/arm-none-eabi/5.4.1/../../../../arm-none-eabi/lib/armv7-m\libg_nano.a(lib_a-memset.o)
                0x000028d6                memset
 *fill*         0x000028e6        0x2 
 .text.sprintf  0x000028e8       0x48 c:/program files (x86)/cypress/psoc creator/4.3/psoc creator/import/gnu/arm/5.4.1/bin/../lib/gcc/arm-none-eabi/5.4.1/../../../../arm-none-eabi/lib/armv7-m\libg_nano.a(lib_a-sprintf.o)
                0x000028e8                siprintf
                0x000028e8                sprintf
 .text.__ssputs_r
                0x00002930       0xb2 c:/program files (x86)/cypress/psoc creator/4.3/psoc creator/import/gnu/arm/5.4.1/bin/../lib/gcc/arm-none-eabi/5.4.1/../../../../arm-none-eabi/lib/armv7-m\libg_nano.a(lib_a-nano-svfprintf.o)
                0x00002930                __ssputs_r
 *fill*         0x000029e2        0x2 
 .text._svfprintf_r
                0x000029e4      0x1e8 c:/program files (x86)/cypress/psoc creator/4.3/psoc creator/import/gnu/arm/5.4.1/bin/../lib/gcc/arm-none-eabi/5.4.1/../../../../arm-none-eabi/lib/armv7-m\libg_nano.a(lib_a-nano-svfprintf.o)
                0x000029e4                _svfiprintf_r
                0x000029e4                _svfprintf_r
 .text._printf_common
                0x00002bcc       0xec c:/program files (x86)/cypress/psoc creator/4.3/psoc creator/import/gnu/arm/5.4.1/bin/../lib/gcc/arm-none-eabi/5.4.1/../../../../arm-none-eabi/lib/armv7-m\libg_nano.a(lib_a-nano-vfprintf_i.o)
                0x00002bcc                _printf_common
 .text._printf_i
                0x00002cb8      0x24c c:/program files (x86)/cypress/psoc creator/4.3/psoc creator/import/gnu/arm/5.4.1/bin/../lib/gcc/arm-none-eabi/5.4.1/../../../../arm-none-eabi/lib/armv7-m\libg_nano.a(lib_a-nano-vfprintf_i.o)
                0x00002cb8                _printf_i
 .text.memchr   0x00002f04       0x1c c:/program files (x86)/cypress/psoc creator/4.3/psoc creator/import/gnu/arm/5.4.1/bin/../lib/gcc/arm-none-eabi/5.4.1/../../../../arm-none-eabi/lib/armv7-m\libg_nano.a(lib_a-memchr-stub.o)
                0x00002f04                memchr
 .text.memmove  0x00002f20       0x36 c:/program files (x86)/cypress/psoc creator/4.3/psoc creator/import/gnu/arm/5.4.1/bin/../lib/gcc/arm-none-eabi/5.4.1/../../../../arm-none-eabi/lib/armv7-m\libg_nano.a(lib_a-memmove.o)
                0x00002f20                memmove
 *fill*         0x00002f56        0x2 
 .text._free_r  0x00002f58       0x98 c:/program files (x86)/cypress/psoc creator/4.3/psoc creator/import/gnu/arm/5.4.1/bin/../lib/gcc/arm-none-eabi/5.4.1/../../../../arm-none-eabi/lib/armv7-m\libg_nano.a(lib_a-nano-freer.o)
                0x00002f58                _free_r
 .text._malloc_r
                0x00002ff0       0xbc c:/program files (x86)/cypress/psoc creator/4.3/psoc creator/import/gnu/arm/5.4.1/bin/../lib/gcc/arm-none-eabi/5.4.1/../../../../arm-none-eabi/lib/armv7-m\libg_nano.a(lib_a-nano-mallocr.o)
                0x00002ff0                _malloc_r
 .text._realloc_r
                0x000030ac       0x4c c:/program files (x86)/cypress/psoc creator/4.3/psoc creator/import/gnu/arm/5.4.1/bin/../lib/gcc/arm-none-eabi/5.4.1/../../../../arm-none-eabi/lib/armv7-m\libg_nano.a(lib_a-nano-reallocr.o)
                0x000030ac                _realloc_r
 .text._sbrk_r  0x000030f8       0x20 c:/program files (x86)/cypress/psoc creator/4.3/psoc creator/import/gnu/arm/5.4.1/bin/../lib/gcc/arm-none-eabi/5.4.1/../../../../arm-none-eabi/lib/armv7-m\libg_nano.a(lib_a-sbrkr.o)
                0x000030f8                _sbrk_r
 .text.__malloc_lock
                0x00003118        0x2 c:/program files (x86)/cypress/psoc creator/4.3/psoc creator/import/gnu/arm/5.4.1/bin/../lib/gcc/arm-none-eabi/5.4.1/../../../../arm-none-eabi/lib/armv7-m\libg_nano.a(lib_a-mlock.o)
                0x00003118                __malloc_lock
 .text.__malloc_unlock
                0x0000311a        0x2 c:/program files (x86)/cypress/psoc creator/4.3/psoc creator/import/gnu/arm/5.4.1/bin/../lib/gcc/arm-none-eabi/5.4.1/../../../../arm-none-eabi/lib/armv7-m\libg_nano.a(lib_a-mlock.o)
                0x0000311a                __malloc_unlock
 .text._malloc_usable_size_r
                0x0000311c       0x14 c:/program files (x86)/cypress/psoc creator/4.3/psoc creator/import/gnu/arm/5.4.1/bin/../lib/gcc/arm-none-eabi/5.4.1/../../../../arm-none-eabi/lib/armv7-m\libg_nano.a(lib_a-nano-msizer.o)
                0x0000311c                _malloc_usable_size_r
 *(.plt)
 *(.gnu.warning)
 *(.glue_7t)
 .glue_7t       0x00003130        0x0 linker stubs
 *(.glue_7)
 .glue_7        0x00003130        0x0 linker stubs
 *(.vfp11_veneer)
 .vfp11_veneer  0x00003130        0x0 linker stubs
 *(.bootloader)
 *(.ARM.extab* .gnu.linkonce.armextab.*)
 *(.gcc_except_table)

.v4_bx          0x00003130        0x0
 .v4_bx         0x00003130        0x0 linker stubs

.iplt           0x00003130        0x0
 .iplt          0x00003130        0x0 c:/program files (x86)/cypress/psoc creator/4.3/psoc creator/import/gnu/arm/5.4.1/bin/../lib/gcc/arm-none-eabi/5.4.1/armv7-m/crtbegin.o

.eh_frame_hdr
 *(.eh_frame_hdr)

.eh_frame       0x00003130        0x4
 *(.eh_frame)
 .eh_frame      0x00003130        0x0 c:/program files (x86)/cypress/psoc creator/4.3/psoc creator/import/gnu/arm/5.4.1/bin/../lib/gcc/arm-none-eabi/5.4.1/armv7-m/crtbegin.o
 .eh_frame      0x00003130        0x4 c:/program files (x86)/cypress/psoc creator/4.3/psoc creator/import/gnu/arm/5.4.1/bin/../lib/gcc/arm-none-eabi/5.4.1/armv7-m/crtend.o
                [!provide]                PROVIDE (__exidx_start, .)

.ARM.exidx
 *(.ARM.exidx* .gnu.linkonce.armexidx.*)
                0x00003134                __exidx_end = .

.rodata         0x00003134      0xadc
 *(.rodata .rodata.* .gnu.linkonce.r.*)
 .rodata.str1.4
                0x00003134      0x2e7 .\CortexM3\ARM_GCC_541\Debug\main.o
 *fill*         0x0000341b        0x1 
 .rodata.str1.4
                0x0000341c      0x3bd .\CortexM3\ARM_GCC_541\Debug\InterruptRoutines.o
                                0x3f9 (size before relaxing)
 *fill*         0x000037d9        0x3 
 .rodata.str1.4
                0x000037dc      0x360 .\CortexM3\ARM_GCC_541\Debug\Functions.o
                                0x364 (size before relaxing)
 .rodata        0x00003b3c       0x66 .\CortexM3\ARM_GCC_541\Debug\cyfitter_cfg.o
                0x00003b3c                ADC_DelSig_AMux__addrTable
                0x00003b44                ADC_DelSig_AMux__maskTable
 .rodata.str1.1
                0x00003ba2        0x2 c:/program files (x86)/cypress/psoc creator/4.3/psoc creator/import/gnu/arm/5.4.1/bin/../lib/gcc/arm-none-eabi/5.4.1/../../../../arm-none-eabi/lib/armv7-m\libg_nano.a(lib_a-impure.o)
 .rodata.str1.1
                0x00003ba4       0x11 c:/program files (x86)/cypress/psoc creator/4.3/psoc creator/import/gnu/arm/5.4.1/bin/../lib/gcc/arm-none-eabi/5.4.1/../../../../arm-none-eabi/lib/armv7-m\libg_nano.a(lib_a-nano-svfprintf.o)
 .rodata.str1.1
                0x00003bb5       0x22 c:/program files (x86)/cypress/psoc creator/4.3/psoc creator/import/gnu/arm/5.4.1/bin/../lib/gcc/arm-none-eabi/5.4.1/../../../../arm-none-eabi/lib/armv7-m\libg_nano.a(lib_a-nano-vfprintf_i.o)
                0x00003bd8                . = ALIGN (0x4)
 *fill*         0x00003bd7        0x1 
 *(.init)
 .init          0x00003bd8        0x4 c:/program files (x86)/cypress/psoc creator/4.3/psoc creator/import/gnu/arm/5.4.1/bin/../lib/gcc/arm-none-eabi/5.4.1/armv7-m/crti.o
                0x00003bd8                _init
 .init          0x00003bdc        0x8 c:/program files (x86)/cypress/psoc creator/4.3/psoc creator/import/gnu/arm/5.4.1/bin/../lib/gcc/arm-none-eabi/5.4.1/armv7-m/crtn.o
                0x00003be4                . = ALIGN (0x4)
                0x00003be4                __preinit_array_start = .
 *(.preinit_array)
                0x00003be4                __preinit_array_end = .
                0x00003be4                . = ALIGN (0x4)
                0x00003be4                __init_array_start = .
 *(SORT(.init_array.*))
 *(.init_array)
 .init_array    0x00003be4        0x4 c:/program files (x86)/cypress/psoc creator/4.3/psoc creator/import/gnu/arm/5.4.1/bin/../lib/gcc/arm-none-eabi/5.4.1/armv7-m/crtbegin.o
 .init_array    0x00003be8        0x4 .\CortexM3\ARM_GCC_541\Debug\Cm3Start.o
                0x00003bec                __init_array_end = .
                0x00003bec                . = ALIGN (0x4)
 *(.fini)
 .fini          0x00003bec        0x4 c:/program files (x86)/cypress/psoc creator/4.3/psoc creator/import/gnu/arm/5.4.1/bin/../lib/gcc/arm-none-eabi/5.4.1/armv7-m/crti.o
                0x00003bec                _fini
 .fini          0x00003bf0        0x8 c:/program files (x86)/cypress/psoc creator/4.3/psoc creator/import/gnu/arm/5.4.1/bin/../lib/gcc/arm-none-eabi/5.4.1/armv7-m/crtn.o
                0x00003bf8                . = ALIGN (0x4)
                0x00003bf8                __fini_array_start = .
 *(.fini_array)
 .fini_array    0x00003bf8        0x4 c:/program files (x86)/cypress/psoc creator/4.3/psoc creator/import/gnu/arm/5.4.1/bin/../lib/gcc/arm-none-eabi/5.4.1/armv7-m/crtbegin.o
 *(SORT(.fini_array.*))
                0x00003bfc                __fini_array_end = .
                0x00003bfc                . = ALIGN (0x4)
 *crtbegin.o(.ctors)
 *(EXCLUDE_FILE(*crtend.o) .ctors)
 *(SORT(.ctors.*))
 *crtend.o(.ctors)
                0x00003bfc                . = ALIGN (0x4)
 *crtbegin.o(.dtors)
 *(EXCLUDE_FILE(*crtend.o) .dtors)
 *(SORT(.dtors.*))
 *crtend.o(.dtors)
                0x00003bfc                . = ALIGN (0x4)
                0x00003bfc                __cy_regions = .
                0x00003bfc        0x4 LONG 0x3c10 __cy_region_init_ram
                0x00003c00        0x4 LONG 0x1fff80c8 __cy_region_start_data
                0x00003c04        0x4 LONG 0x80 __cy_region_init_size_ram
                0x00003c08        0x4 LONG 0x108 __cy_region_zero_size_ram
                0x00003c0c                __cy_regions_end = .
                0x00003c10                . = ALIGN (0x8)
 *fill*         0x00003c0c        0x4 
                0x00003c10                _etext = .

.cy_checksum_exclude
                0x00003c10        0x0
 *(.cy_checksum_exclude)

.ramvectors     0x1fff8000       0xc0
                0x1fff8000                __cy_region_start_ram = .
 *(.ramvectors)
 .ramvectors    0x1fff8000       0xc0 .\CortexM3\ARM_GCC_541\Debug\Cm3Start.o
                0x1fff8000                CyRamVectors

.noinit         0x1fff80c0        0x1
 *(.noinit)
 .noinit        0x1fff80c0        0x1 .\CortexM3\ARM_GCC_541\Debug\Final_Project_Group5.a(CyLib.o)
                0x1fff80c0                CyResetStatus

.data           0x1fff80c8       0x80 load address 0x00003c10
                0x1fff80c8                __cy_region_start_data = .
 *(.jcr)
 .jcr           0x1fff80c8        0x0 c:/program files (x86)/cypress/psoc creator/4.3/psoc creator/import/gnu/arm/5.4.1/bin/../lib/gcc/arm-none-eabi/5.4.1/armv7-m/crtbegin.o
 .jcr           0x1fff80c8        0x4 c:/program files (x86)/cypress/psoc creator/4.3/psoc creator/import/gnu/arm/5.4.1/bin/../lib/gcc/arm-none-eabi/5.4.1/armv7-m/crtend.o
 *(.got.plt)
 *(.got)
 *(.shdata)
 *(.data .data.* .gnu.linkonce.d.*)
 .data          0x1fff80cc        0x4 .\CortexM3\ARM_GCC_541\Debug\Cm3Start.o
 .data          0x1fff80d0       0x10 .\CortexM3\ARM_GCC_541\Debug\Final_Project_Group5.a(CyLib.o)
                0x1fff80d0                cydelay_32k_ms
                0x1fff80d4                cydelay_freq_khz
                0x1fff80d8                cydelay_freq_mhz
                0x1fff80dc                cydelay_freq_hz
 .data          0x1fff80e0        0x1 .\CortexM3\ARM_GCC_541\Debug\Final_Project_Group5.a(ADC_DelSig.o)
                0x1fff80e0                ADC_DelSig_Config
 .data          0x1fff80e1        0x1 .\CortexM3\ARM_GCC_541\Debug\Final_Project_Group5.a(ADC_DelSig_AMux.o)
 *fill*         0x1fff80e2        0x2 
 .data.impure_data
                0x1fff80e4       0x60 c:/program files (x86)/cypress/psoc creator/4.3/psoc creator/import/gnu/arm/5.4.1/bin/../lib/gcc/arm-none-eabi/5.4.1/../../../../arm-none-eabi/lib/armv7-m\libg_nano.a(lib_a-impure.o)
 .data._impure_ptr
                0x1fff8144        0x4 c:/program files (x86)/cypress/psoc creator/4.3/psoc creator/import/gnu/arm/5.4.1/bin/../lib/gcc/arm-none-eabi/5.4.1/../../../../arm-none-eabi/lib/armv7-m\libg_nano.a(lib_a-impure.o)
                0x1fff8144                _impure_ptr
                0x1fff8148                . = ALIGN (0x8)
 *(.ram)
                0x1fff8148                _edata = .

.igot.plt       0x1fff8148        0x0 load address 0x00003c90
 .igot.plt      0x1fff8148        0x0 c:/program files (x86)/cypress/psoc creator/4.3/psoc creator/import/gnu/arm/5.4.1/bin/../lib/gcc/arm-none-eabi/5.4.1/armv7-m/crtbegin.o

.bss            0x1fff8148      0x108 load address 0x00003c90
                0x1fff8148                PROVIDE (__bss_start__, .)
 *(.shbss)
 *(.bss .bss.* .gnu.linkonce.b.*)
 .bss           0x1fff8148       0x1c c:/program files (x86)/cypress/psoc creator/4.3/psoc creator/import/gnu/arm/5.4.1/bin/../lib/gcc/arm-none-eabi/5.4.1/armv7-m/crtbegin.o
 .bss           0x1fff8164        0x2 .\CortexM3\ARM_GCC_541\Debug\InterruptRoutines.o
                0x1fff8164                FahrenheitFlag
                0x1fff8165                TemperatureMode
 .bss           0x1fff8166        0x1 .\CortexM3\ARM_GCC_541\Debug\Final_Project_Group5.a(SPIM_1.o)
                0x1fff8166                SPIM_1_initVar
 .bss           0x1fff8167        0x2 .\CortexM3\ARM_GCC_541\Debug\Final_Project_Group5.a(UART_1.o)
                0x1fff8167                UART_1_initVar
 .bss           0x1fff8169        0x1 .\CortexM3\ARM_GCC_541\Debug\Final_Project_Group5.a(SPIM_2.o)
                0x1fff8169                SPIM_2_initVar
 *fill*         0x1fff816a        0x2 
 .bss           0x1fff816c        0xc .\CortexM3\ARM_GCC_541\Debug\Final_Project_Group5.a(ADC_DelSig.o)
                0x1fff8170                ADC_DelSig_stopConversion
                0x1fff8171                ADC_DelSig_convDone
                0x1fff8172                ADC_DelSig_initVar
                0x1fff8173                ADC_DelSig_started
                0x1fff8174                ADC_DelSig_Offset
 .bss           0x1fff8178        0x1 .\CortexM3\ARM_GCC_541\Debug\Final_Project_Group5.a(Timer.o)
                0x1fff8178                Timer_initVar
 .bss           0x1fff8179        0x1 .\CortexM3\ARM_GCC_541\Debug\Final_Project_Group5.a(PWM_OnboardLED.o)
                0x1fff8179                PWM_OnboardLED_initVar
 *fill*         0x1fff817a        0x2 
 .bss.__malloc_sbrk_start
                0x1fff817c        0x4 c:/program files (x86)/cypress/psoc creator/4.3/psoc creator/import/gnu/arm/5.4.1/bin/../lib/gcc/arm-none-eabi/5.4.1/../../../../arm-none-eabi/lib/armv7-m\libg_nano.a(lib_a-nano-mallocr.o)
                0x1fff817c                __malloc_sbrk_start
 .bss.__malloc_free_list
                0x1fff8180        0x4 c:/program files (x86)/cypress/psoc creator/4.3/psoc creator/import/gnu/arm/5.4.1/bin/../lib/gcc/arm-none-eabi/5.4.1/../../../../arm-none-eabi/lib/armv7-m\libg_nano.a(lib_a-nano-mallocr.o)
                0x1fff8180                __malloc_free_list
 *(COMMON)
 COMMON         0x1fff8184       0x79 .\CortexM3\ARM_GCC_541\Debug\main.o
                0x1fff8184                value_temp
                0x1fff8188                SamplingFreqFlag
                0x1fff8189                StartFlag
                0x1fff818a                FSRFlag
                0x1fff818c                DataBuffer
                0x1fff8198                bufferUART
                0x1fff81fc                PacketReadyFlag
 *fill*         0x1fff81fd        0x3 
 COMMON         0x1fff8200        0xd .\CortexM3\ARM_GCC_541\Debug\InterruptRoutines.o
                0x1fff8200                value_digit
                0x1fff8204                data_start
                0x1fff8208                value_mv
                0x1fff820c                ch_received
 *fill*         0x1fff820d        0x3 
 COMMON         0x1fff8210       0x1c .\CortexM3\ARM_GCC_541\Debug\Final_Project_Group5.a(SPIM_1.o)
                0x1fff8210                SPIM_1_swStatusTx
                0x1fff8214                SPIM_1_txBuffer
                0x1fff821c                SPIM_1_txBufferFull
                0x1fff821d                SPIM_1_rxBufferWrite
                0x1fff821e                SPIM_1_rxBufferFull
                0x1fff821f                SPIM_1_rxBufferRead
                0x1fff8220                SPIM_1_txBufferWrite
                0x1fff8221                SPIM_1_swStatusRx
                0x1fff8222                SPIM_1_txBufferRead
                0x1fff8224                SPIM_1_rxBuffer
 COMMON         0x1fff822c       0x18 .\CortexM3\ARM_GCC_541\Debug\Final_Project_Group5.a(SPIM_2.o)
                0x1fff822c                SPIM_2_rxBuffer
                0x1fff8234                SPIM_2_swStatusRx
                0x1fff8235                SPIM_2_rxBufferWrite
                0x1fff8236                SPIM_2_rxBufferFull
                0x1fff8237                SPIM_2_txBufferFull
                0x1fff8238                SPIM_2_txBufferRead
                0x1fff8239                SPIM_2_txBufferWrite
                0x1fff823a                SPIM_2_rxBufferRead
                0x1fff823b                SPIM_2_swStatusTx
                0x1fff823c                SPIM_2_txBuffer
 COMMON         0x1fff8244        0x4 .\CortexM3\ARM_GCC_541\Debug\Final_Project_Group5.a(ADC_DelSig.o)
                0x1fff8244                ADC_DelSig_CountsPerVolt
 COMMON         0x1fff8248        0x4 c:/program files (x86)/cypress/psoc creator/4.3/psoc creator/import/gnu/arm/5.4.1/bin/../lib/gcc/arm-none-eabi/5.4.1/../../../../arm-none-eabi/lib/armv7-m\libg_nano.a(lib_a-reent.o)
                0x1fff8248                errno
                0x1fff8250                . = ALIGN (0x8)
 *fill*         0x1fff824c        0x4 
 *(.ram.b)
                0x1fff8250                _end = .
                0x1fff8250                __end = .
                0x1fff8250                PROVIDE (end, .)
                0x1fff8250                PROVIDE (__bss_end__, .)
                0x00003c10                __cy_region_init_ram = LOADADDR (.data)
                0x00000080                __cy_region_init_size_ram = (_edata - ADDR (.data))
                0x00000108                __cy_region_zero_size_ram = (_end - _edata)

.heap           0x1fff8250       0x80 load address 0x00003c90
                0x1fff8250                . = _end
                0x1fff82d0                . = (. + 0x80)
 *fill*         0x1fff8250       0x80 
                0x1fff82d0                __cy_heap_limit = .

.stack          0x20007800      0x800
                0x20007800                __cy_stack_limit = .
                0x20008000                . = (. + 0x800)
 *fill*         0x20007800      0x800 
                0x00000001                ASSERT ((__cy_stack_limit >= __cy_heap_limit), region RAM overflowed with stack)
                0x00000000                cy_checksum_exclude_size = (CY_APPL_LOADABLE == 0x1)?SIZEOF (.cy_checksum_exclude):0x0
                0x00000001                ASSERT ((cy_checksum_exclude_size <= CY_CHECKSUM_EXCLUDE_SIZE), CY_BOOT: Section .cy_checksum_exclude size exceedes specified limit.)

.cyloadermeta
 *(.cyloadermeta)

.cyloadablemeta
 *(.cyloadablemeta)

.cyconfigecc    0x80000000      0x93c
 *(.cyconfigecc)
 .cyconfigecc   0x80000000      0x93c .\CortexM3\ARM_GCC_541\Debug\cymetadata.o
                0x80000000                cy_meta_configecc

.cycustnvl      0x90000000        0x4
 *(.cycustnvl)
 .cycustnvl     0x90000000        0x4 .\CortexM3\ARM_GCC_541\Debug\cymetadata.o
                0x90000000                cy_meta_custnvl

.cywolatch      0x90100000        0x4
 *(.cywolatch)
 .cywolatch     0x90100000        0x4 .\CortexM3\ARM_GCC_541\Debug\cymetadata.o
                0x90100000                cy_meta_wonvl

.cyeeprom       0x90200000        0x0
 *(.cyeeprom)
                0x00000001                ASSERT ((. <= ((0x90200000 + ee_offset) + ee_size)), .cyeeprom data will not fit in EEPROM)

.cyflashprotect
                0x90400000      0x100
 *(.cyflashprotect)
 .cyflashprotect
                0x90400000      0x100 .\CortexM3\ARM_GCC_541\Debug\cymetadata.o
                0x90400000                cy_meta_flashprotect

.cymeta         0x90500000        0xc
 *(.cymeta)
 .cymeta        0x90500000        0xc .\CortexM3\ARM_GCC_541\Debug\cymetadata.o
                0x90500000                cy_metadata

.rel.dyn        0x00003c90        0x0 load address 0x9050000c
 .rel.iplt      0x00003c90        0x0 c:/program files (x86)/cypress/psoc creator/4.3/psoc creator/import/gnu/arm/5.4.1/bin/../lib/gcc/arm-none-eabi/5.4.1/armv7-m/crtbegin.o

.stab
 *(.stab)

.stabstr
 *(.stabstr)

.debug
 *(.debug)

.line
 *(.line)

.debug_srcinfo
 *(.debug_srcinfo)

.debug_sfnames
 *(.debug_sfnames)

.debug_aranges  0x00000000     0x10a8
 *(.debug_aranges)
 .debug_aranges
                0x00000000       0x20 .\CortexM3\ARM_GCC_541\Debug\main.o
 .debug_aranges
                0x00000020       0x50 .\CortexM3\ARM_GCC_541\Debug\25LC256.o
 .debug_aranges
                0x00000070       0x38 .\CortexM3\ARM_GCC_541\Debug\InterruptRoutines.o
 .debug_aranges
                0x000000a8       0x30 .\CortexM3\ARM_GCC_541\Debug\LIS3DH.o
 .debug_aranges
                0x000000d8       0x38 .\CortexM3\ARM_GCC_541\Debug\SPI_Interface_25LC256.o
 .debug_aranges
                0x00000110       0x38 .\CortexM3\ARM_GCC_541\Debug\SPI_Interface_LIS3DH.o
 .debug_aranges
                0x00000148       0x38 .\CortexM3\ARM_GCC_541\Debug\Functions.o
 .debug_aranges
                0x00000180       0x68 .\CortexM3\ARM_GCC_541\Debug\cyfitter_cfg.o
 .debug_aranges
                0x000001e8       0x18 .\CortexM3\ARM_GCC_541\Debug\cymetadata.o
 .debug_aranges
                0x00000200       0x48 .\CortexM3\ARM_GCC_541\Debug\Cm3Start.o
 .debug_aranges
                0x00000248       0xd8 .\CortexM3\ARM_GCC_541\Debug\Final_Project_Group5.a(SPIM_1.o)
 .debug_aranges
                0x00000320       0x28 .\CortexM3\ARM_GCC_541\Debug\Final_Project_Group5.a(SPIM_1_INT.o)
 .debug_aranges
                0x00000348       0xf0 .\CortexM3\ARM_GCC_541\Debug\Final_Project_Group5.a(UART_1.o)
 .debug_aranges
                0x00000438       0x38 .\CortexM3\ARM_GCC_541\Debug\Final_Project_Group5.a(CS_1.o)
 .debug_aranges
                0x00000470       0x38 .\CortexM3\ARM_GCC_541\Debug\Final_Project_Group5.a(CS_2.o)
 .debug_aranges
                0x000004a8       0xd8 .\CortexM3\ARM_GCC_541\Debug\Final_Project_Group5.a(SPIM_2.o)
 .debug_aranges
                0x00000580       0x28 .\CortexM3\ARM_GCC_541\Debug\Final_Project_Group5.a(SPIM_2_INT.o)
 .debug_aranges
                0x000005a8       0x80 .\CortexM3\ARM_GCC_541\Debug\Final_Project_Group5.a(isr_RX.o)
 .debug_aranges
                0x00000628       0x70 .\CortexM3\ARM_GCC_541\Debug\Final_Project_Group5.a(SPIM_1_IntClock.o)
 .debug_aranges
                0x00000698       0x70 .\CortexM3\ARM_GCC_541\Debug\Final_Project_Group5.a(UART_1_IntClock.o)
 .debug_aranges
                0x00000708       0x70 .\CortexM3\ARM_GCC_541\Debug\Final_Project_Group5.a(SPIM_2_IntClock.o)
 .debug_aranges
                0x00000778      0x2a0 .\CortexM3\ARM_GCC_541\Debug\Final_Project_Group5.a(CyLib.o)
 .debug_aranges
                0x00000a18       0x98 .\CortexM3\ARM_GCC_541\Debug\Final_Project_Group5.a(cyPm.o)
 .debug_aranges
                0x00000ab0       0xe8 .\CortexM3\ARM_GCC_541\Debug\Final_Project_Group5.a(ADC_DelSig.o)
 .debug_aranges
                0x00000b98       0x38 .\CortexM3\ARM_GCC_541\Debug\Final_Project_Group5.a(ADC_DelSig_INT.o)
 .debug_aranges
                0x00000bd0       0x88 .\CortexM3\ARM_GCC_541\Debug\Final_Project_Group5.a(Timer.o)
 .debug_aranges
                0x00000c58       0x80 .\CortexM3\ARM_GCC_541\Debug\Final_Project_Group5.a(isr_ADC.o)
 .debug_aranges
                0x00000cd8       0x30 .\CortexM3\ARM_GCC_541\Debug\Final_Project_Group5.a(ADC_DelSig_AMux.o)
 .debug_aranges
                0x00000d08       0x70 .\CortexM3\ARM_GCC_541\Debug\Final_Project_Group5.a(ADC_DelSig_Ext_CP_Clk.o)
 .debug_aranges
                0x00000d78       0x80 .\CortexM3\ARM_GCC_541\Debug\Final_Project_Group5.a(ADC_DelSig_theACLK.o)
 .debug_aranges
                0x00000df8       0x38 .\CortexM3\ARM_GCC_541\Debug\Final_Project_Group5.a(Ext_LED.o)
 .debug_aranges
                0x00000e30       0x98 .\CortexM3\ARM_GCC_541\Debug\Final_Project_Group5.a(PWM_OnboardLED.o)
 .debug_aranges
                0x00000ec8       0x80 .\CortexM3\ARM_GCC_541\Debug\Final_Project_Group5.a(ISR_Button.o)
 .debug_aranges
                0x00000f48       0x38 .\CortexM3\ARM_GCC_541\Debug\Final_Project_Group5.a(Onboard_Button.o)
 .debug_aranges
                0x00000f80       0x20 .\CortexM3\ARM_GCC_541\Debug\Final_Project_Group5.a(CyBootAsmGnu.o)
 .debug_aranges
                0x00000fa0       0x88 .\CortexM3\ARM_GCC_541\Debug\Final_Project_Group5.a(CyFlash.o)
 .debug_aranges
                0x00001028       0x80 .\CortexM3\ARM_GCC_541\Debug\Final_Project_Group5.a(CySpc.o)

.debug_pubnames
 *(.debug_pubnames)

.debug_info     0x00000000     0x9ffb
 *(.debug_info .gnu.linkonce.wi.*)
 .debug_info    0x00000000      0xa71 .\CortexM3\ARM_GCC_541\Debug\main.o
 .debug_info    0x00000a71      0x3b4 .\CortexM3\ARM_GCC_541\Debug\25LC256.o
 .debug_info    0x00000e25      0xa92 .\CortexM3\ARM_GCC_541\Debug\InterruptRoutines.o
 .debug_info    0x000018b7      0x24b .\CortexM3\ARM_GCC_541\Debug\LIS3DH.o
 .debug_info    0x00001b02      0x3d4 .\CortexM3\ARM_GCC_541\Debug\SPI_Interface_25LC256.o
 .debug_info    0x00001ed6      0x3d4 .\CortexM3\ARM_GCC_541\Debug\SPI_Interface_LIS3DH.o
 .debug_info    0x000022aa      0x4ae .\CortexM3\ARM_GCC_541\Debug\Functions.o
 .debug_info    0x00002758      0x6c7 .\CortexM3\ARM_GCC_541\Debug\cyfitter_cfg.o
 .debug_info    0x00002e1f      0x139 .\CortexM3\ARM_GCC_541\Debug\cymetadata.o
 .debug_info    0x00002f58      0x3bb .\CortexM3\ARM_GCC_541\Debug\Cm3Start.o
 .debug_info    0x00003313      0x709 .\CortexM3\ARM_GCC_541\Debug\Final_Project_Group5.a(SPIM_1.o)
 .debug_info    0x00003a1c      0x18d .\CortexM3\ARM_GCC_541\Debug\Final_Project_Group5.a(SPIM_1_INT.o)
 .debug_info    0x00003ba9      0x60c .\CortexM3\ARM_GCC_541\Debug\Final_Project_Group5.a(UART_1.o)
 .debug_info    0x000041b5      0x11f .\CortexM3\ARM_GCC_541\Debug\Final_Project_Group5.a(CS_1.o)
 .debug_info    0x000042d4      0x11f .\CortexM3\ARM_GCC_541\Debug\Final_Project_Group5.a(CS_2.o)
 .debug_info    0x000043f3      0x709 .\CortexM3\ARM_GCC_541\Debug\Final_Project_Group5.a(SPIM_2.o)
 .debug_info    0x00004afc      0x18d .\CortexM3\ARM_GCC_541\Debug\Final_Project_Group5.a(SPIM_2_INT.o)
 .debug_info    0x00004c89      0x2d2 .\CortexM3\ARM_GCC_541\Debug\Final_Project_Group5.a(isr_RX.o)
 .debug_info    0x00004f5b      0x283 .\CortexM3\ARM_GCC_541\Debug\Final_Project_Group5.a(SPIM_1_IntClock.o)
 .debug_info    0x000051de      0x283 .\CortexM3\ARM_GCC_541\Debug\Final_Project_Group5.a(UART_1_IntClock.o)
 .debug_info    0x00005461      0x283 .\CortexM3\ARM_GCC_541\Debug\Final_Project_Group5.a(SPIM_2_IntClock.o)
 .debug_info    0x000056e4     0x1374 .\CortexM3\ARM_GCC_541\Debug\Final_Project_Group5.a(CyLib.o)
 .debug_info    0x00006a58      0xa2a .\CortexM3\ARM_GCC_541\Debug\Final_Project_Group5.a(cyPm.o)
 .debug_info    0x00007482      0xa18 .\CortexM3\ARM_GCC_541\Debug\Final_Project_Group5.a(ADC_DelSig.o)
 .debug_info    0x00007e9a       0xd3 .\CortexM3\ARM_GCC_541\Debug\Final_Project_Group5.a(ADC_DelSig_INT.o)
 .debug_info    0x00007f6d      0x293 .\CortexM3\ARM_GCC_541\Debug\Final_Project_Group5.a(Timer.o)
 .debug_info    0x00008200      0x2d2 .\CortexM3\ARM_GCC_541\Debug\Final_Project_Group5.a(isr_ADC.o)
 .debug_info    0x000084d2      0x165 .\CortexM3\ARM_GCC_541\Debug\Final_Project_Group5.a(ADC_DelSig_AMux.o)
 .debug_info    0x00008637      0x283 .\CortexM3\ARM_GCC_541\Debug\Final_Project_Group5.a(ADC_DelSig_Ext_CP_Clk.o)
 .debug_info    0x000088ba      0x2c4 .\CortexM3\ARM_GCC_541\Debug\Final_Project_Group5.a(ADC_DelSig_theACLK.o)
 .debug_info    0x00008b7e      0x11f .\CortexM3\ARM_GCC_541\Debug\Final_Project_Group5.a(Ext_LED.o)
 .debug_info    0x00008c9d      0x333 .\CortexM3\ARM_GCC_541\Debug\Final_Project_Group5.a(PWM_OnboardLED.o)
 .debug_info    0x00008fd0      0x2d2 .\CortexM3\ARM_GCC_541\Debug\Final_Project_Group5.a(ISR_Button.o)
 .debug_info    0x000092a2      0x11f .\CortexM3\ARM_GCC_541\Debug\Final_Project_Group5.a(Onboard_Button.o)
 .debug_info    0x000093c1       0x9d .\CortexM3\ARM_GCC_541\Debug\Final_Project_Group5.a(CyBootAsmGnu.o)
 .debug_info    0x0000945e      0x64d .\CortexM3\ARM_GCC_541\Debug\Final_Project_Group5.a(CyFlash.o)
 .debug_info    0x00009aab      0x550 .\CortexM3\ARM_GCC_541\Debug\Final_Project_Group5.a(CySpc.o)

.debug_abbrev   0x00000000     0x2a94
 *(.debug_abbrev)
 .debug_abbrev  0x00000000      0x123 .\CortexM3\ARM_GCC_541\Debug\main.o
 .debug_abbrev  0x00000123      0x11c .\CortexM3\ARM_GCC_541\Debug\25LC256.o
 .debug_abbrev  0x0000023f      0x100 .\CortexM3\ARM_GCC_541\Debug\InterruptRoutines.o
 .debug_abbrev  0x0000033f       0xdb .\CortexM3\ARM_GCC_541\Debug\LIS3DH.o
 .debug_abbrev  0x0000041a      0x12b .\CortexM3\ARM_GCC_541\Debug\SPI_Interface_25LC256.o
 .debug_abbrev  0x00000545      0x12b .\CortexM3\ARM_GCC_541\Debug\SPI_Interface_LIS3DH.o
 .debug_abbrev  0x00000670      0x134 .\CortexM3\ARM_GCC_541\Debug\Functions.o
 .debug_abbrev  0x000007a4      0x22d .\CortexM3\ARM_GCC_541\Debug\cyfitter_cfg.o
 .debug_abbrev  0x000009d1       0x77 .\CortexM3\ARM_GCC_541\Debug\cymetadata.o
 .debug_abbrev  0x00000a48      0x1e8 .\CortexM3\ARM_GCC_541\Debug\Cm3Start.o
 .debug_abbrev  0x00000c30      0x162 .\CortexM3\ARM_GCC_541\Debug\Final_Project_Group5.a(SPIM_1.o)
 .debug_abbrev  0x00000d92       0x8a .\CortexM3\ARM_GCC_541\Debug\Final_Project_Group5.a(SPIM_1_INT.o)
 .debug_abbrev  0x00000e1c      0x175 .\CortexM3\ARM_GCC_541\Debug\Final_Project_Group5.a(UART_1.o)
 .debug_abbrev  0x00000f91       0x90 .\CortexM3\ARM_GCC_541\Debug\Final_Project_Group5.a(CS_1.o)
 .debug_abbrev  0x00001021       0x90 .\CortexM3\ARM_GCC_541\Debug\Final_Project_Group5.a(CS_2.o)
 .debug_abbrev  0x000010b1      0x162 .\CortexM3\ARM_GCC_541\Debug\Final_Project_Group5.a(SPIM_2.o)
 .debug_abbrev  0x00001213       0x8a .\CortexM3\ARM_GCC_541\Debug\Final_Project_Group5.a(SPIM_2_INT.o)
 .debug_abbrev  0x0000129d      0x173 .\CortexM3\ARM_GCC_541\Debug\Final_Project_Group5.a(isr_RX.o)
 .debug_abbrev  0x00001410      0x139 .\CortexM3\ARM_GCC_541\Debug\Final_Project_Group5.a(SPIM_1_IntClock.o)
 .debug_abbrev  0x00001549      0x139 .\CortexM3\ARM_GCC_541\Debug\Final_Project_Group5.a(UART_1_IntClock.o)
 .debug_abbrev  0x00001682      0x139 .\CortexM3\ARM_GCC_541\Debug\Final_Project_Group5.a(SPIM_2_IntClock.o)
 .debug_abbrev  0x000017bb      0x254 .\CortexM3\ARM_GCC_541\Debug\Final_Project_Group5.a(CyLib.o)
 .debug_abbrev  0x00001a0f      0x1ab .\CortexM3\ARM_GCC_541\Debug\Final_Project_Group5.a(cyPm.o)
 .debug_abbrev  0x00001bba      0x1eb .\CortexM3\ARM_GCC_541\Debug\Final_Project_Group5.a(ADC_DelSig.o)
 .debug_abbrev  0x00001da5       0x42 .\CortexM3\ARM_GCC_541\Debug\Final_Project_Group5.a(ADC_DelSig_INT.o)
 .debug_abbrev  0x00001de7      0x11a .\CortexM3\ARM_GCC_541\Debug\Final_Project_Group5.a(Timer.o)
 .debug_abbrev  0x00001f01      0x173 .\CortexM3\ARM_GCC_541\Debug\Final_Project_Group5.a(isr_ADC.o)
 .debug_abbrev  0x00002074       0xb1 .\CortexM3\ARM_GCC_541\Debug\Final_Project_Group5.a(ADC_DelSig_AMux.o)
 .debug_abbrev  0x00002125      0x139 .\CortexM3\ARM_GCC_541\Debug\Final_Project_Group5.a(ADC_DelSig_Ext_CP_Clk.o)
 .debug_abbrev  0x0000225e      0x121 .\CortexM3\ARM_GCC_541\Debug\Final_Project_Group5.a(ADC_DelSig_theACLK.o)
 .debug_abbrev  0x0000237f       0x90 .\CortexM3\ARM_GCC_541\Debug\Final_Project_Group5.a(Ext_LED.o)
 .debug_abbrev  0x0000240f      0x133 .\CortexM3\ARM_GCC_541\Debug\Final_Project_Group5.a(PWM_OnboardLED.o)
 .debug_abbrev  0x00002542      0x173 .\CortexM3\ARM_GCC_541\Debug\Final_Project_Group5.a(ISR_Button.o)
 .debug_abbrev  0x000026b5       0x90 .\CortexM3\ARM_GCC_541\Debug\Final_Project_Group5.a(Onboard_Button.o)
 .debug_abbrev  0x00002745       0x14 .\CortexM3\ARM_GCC_541\Debug\Final_Project_Group5.a(CyBootAsmGnu.o)
 .debug_abbrev  0x00002759      0x1a7 .\CortexM3\ARM_GCC_541\Debug\Final_Project_Group5.a(CyFlash.o)
 .debug_abbrev  0x00002900      0x194 .\CortexM3\ARM_GCC_541\Debug\Final_Project_Group5.a(CySpc.o)

.debug_line     0x00000000     0x441a
 *(.debug_line)
 .debug_line    0x00000000      0x342 .\CortexM3\ARM_GCC_541\Debug\main.o
 .debug_line    0x00000342      0x1ee .\CortexM3\ARM_GCC_541\Debug\25LC256.o
 .debug_line    0x00000530      0x2e7 .\CortexM3\ARM_GCC_541\Debug\InterruptRoutines.o
 .debug_line    0x00000817      0x19b .\CortexM3\ARM_GCC_541\Debug\LIS3DH.o
 .debug_line    0x000009b2      0x1fc .\CortexM3\ARM_GCC_541\Debug\SPI_Interface_25LC256.o
 .debug_line    0x00000bae      0x1fc .\CortexM3\ARM_GCC_541\Debug\SPI_Interface_LIS3DH.o
 .debug_line    0x00000daa      0x202 .\CortexM3\ARM_GCC_541\Debug\Functions.o
 .debug_line    0x00000fac      0x22d .\CortexM3\ARM_GCC_541\Debug\cyfitter_cfg.o
 .debug_line    0x000011d9      0x141 .\CortexM3\ARM_GCC_541\Debug\cymetadata.o
 .debug_line    0x0000131a      0x234 .\CortexM3\ARM_GCC_541\Debug\Cm3Start.o
 .debug_line    0x0000154e      0x29e .\CortexM3\ARM_GCC_541\Debug\Final_Project_Group5.a(SPIM_1.o)
 .debug_line    0x000017ec       0xaa .\CortexM3\ARM_GCC_541\Debug\Final_Project_Group5.a(SPIM_1_INT.o)
 .debug_line    0x00001896      0x2c0 .\CortexM3\ARM_GCC_541\Debug\Final_Project_Group5.a(UART_1.o)
 .debug_line    0x00001b56       0x91 .\CortexM3\ARM_GCC_541\Debug\Final_Project_Group5.a(CS_1.o)
 .debug_line    0x00001be7       0x91 .\CortexM3\ARM_GCC_541\Debug\Final_Project_Group5.a(CS_2.o)
 .debug_line    0x00001c78      0x29e .\CortexM3\ARM_GCC_541\Debug\Final_Project_Group5.a(SPIM_2.o)
 .debug_line    0x00001f16       0xaa .\CortexM3\ARM_GCC_541\Debug\Final_Project_Group5.a(SPIM_2_INT.o)
 .debug_line    0x00001fc0      0x133 .\CortexM3\ARM_GCC_541\Debug\Final_Project_Group5.a(isr_RX.o)
 .debug_line    0x000020f3      0x17e .\CortexM3\ARM_GCC_541\Debug\Final_Project_Group5.a(SPIM_1_IntClock.o)
 .debug_line    0x00002271      0x17e .\CortexM3\ARM_GCC_541\Debug\Final_Project_Group5.a(UART_1_IntClock.o)
 .debug_line    0x000023ef      0x17e .\CortexM3\ARM_GCC_541\Debug\Final_Project_Group5.a(SPIM_2_IntClock.o)
 .debug_line    0x0000256d      0x816 .\CortexM3\ARM_GCC_541\Debug\Final_Project_Group5.a(CyLib.o)
 .debug_line    0x00002d83      0x367 .\CortexM3\ARM_GCC_541\Debug\Final_Project_Group5.a(cyPm.o)
 .debug_line    0x000030ea      0x373 .\CortexM3\ARM_GCC_541\Debug\Final_Project_Group5.a(ADC_DelSig.o)
 .debug_line    0x0000345d       0x87 .\CortexM3\ARM_GCC_541\Debug\Final_Project_Group5.a(ADC_DelSig_INT.o)
 .debug_line    0x000034e4      0x153 .\CortexM3\ARM_GCC_541\Debug\Final_Project_Group5.a(Timer.o)
 .debug_line    0x00003637      0x134 .\CortexM3\ARM_GCC_541\Debug\Final_Project_Group5.a(isr_ADC.o)
 .debug_line    0x0000376b       0xb3 .\CortexM3\ARM_GCC_541\Debug\Final_Project_Group5.a(ADC_DelSig_AMux.o)
 .debug_line    0x0000381e      0x184 .\CortexM3\ARM_GCC_541\Debug\Final_Project_Group5.a(ADC_DelSig_Ext_CP_Clk.o)
 .debug_line    0x000039a2      0x1a4 .\CortexM3\ARM_GCC_541\Debug\Final_Project_Group5.a(ADC_DelSig_theACLK.o)
 .debug_line    0x00003b46       0x94 .\CortexM3\ARM_GCC_541\Debug\Final_Project_Group5.a(Ext_LED.o)
 .debug_line    0x00003bda      0x18e .\CortexM3\ARM_GCC_541\Debug\Final_Project_Group5.a(PWM_OnboardLED.o)
 .debug_line    0x00003d68      0x137 .\CortexM3\ARM_GCC_541\Debug\Final_Project_Group5.a(ISR_Button.o)
 .debug_line    0x00003e9f       0x9b .\CortexM3\ARM_GCC_541\Debug\Final_Project_Group5.a(Onboard_Button.o)
 .debug_line    0x00003f3a       0x66 .\CortexM3\ARM_GCC_541\Debug\Final_Project_Group5.a(CyBootAsmGnu.o)
 .debug_line    0x00003fa0      0x21a .\CortexM3\ARM_GCC_541\Debug\Final_Project_Group5.a(CyFlash.o)
 .debug_line    0x000041ba      0x260 .\CortexM3\ARM_GCC_541\Debug\Final_Project_Group5.a(CySpc.o)

.debug_frame    0x00000000     0x2b34
 *(.debug_frame)
 .debug_frame   0x00000000       0x38 .\CortexM3\ARM_GCC_541\Debug\main.o
 .debug_frame   0x00000038       0xf8 .\CortexM3\ARM_GCC_541\Debug\25LC256.o
 .debug_frame   0x00000130       0x78 .\CortexM3\ARM_GCC_541\Debug\InterruptRoutines.o
 .debug_frame   0x000001a8       0x6c .\CortexM3\ARM_GCC_541\Debug\LIS3DH.o
 .debug_frame   0x00000214       0x88 .\CortexM3\ARM_GCC_541\Debug\SPI_Interface_25LC256.o
 .debug_frame   0x0000029c       0x88 .\CortexM3\ARM_GCC_541\Debug\SPI_Interface_LIS3DH.o
 .debug_frame   0x00000324       0x7c .\CortexM3\ARM_GCC_541\Debug\Functions.o
 .debug_frame   0x000003a0      0x104 .\CortexM3\ARM_GCC_541\Debug\cyfitter_cfg.o
 .debug_frame   0x000004a4       0xb8 .\CortexM3\ARM_GCC_541\Debug\Cm3Start.o
 .debug_frame   0x0000055c      0x260 .\CortexM3\ARM_GCC_541\Debug\Final_Project_Group5.a(SPIM_1.o)
 .debug_frame   0x000007bc       0x30 .\CortexM3\ARM_GCC_541\Debug\Final_Project_Group5.a(SPIM_1_INT.o)
 .debug_frame   0x000007ec      0x250 .\CortexM3\ARM_GCC_541\Debug\Final_Project_Group5.a(UART_1.o)
 .debug_frame   0x00000a3c       0x50 .\CortexM3\ARM_GCC_541\Debug\Final_Project_Group5.a(CS_1.o)
 .debug_frame   0x00000a8c       0x50 .\CortexM3\ARM_GCC_541\Debug\Final_Project_Group5.a(CS_2.o)
 .debug_frame   0x00000adc      0x260 .\CortexM3\ARM_GCC_541\Debug\Final_Project_Group5.a(SPIM_2.o)
 .debug_frame   0x00000d3c       0x30 .\CortexM3\ARM_GCC_541\Debug\Final_Project_Group5.a(SPIM_2_INT.o)
 .debug_frame   0x00000d6c      0x104 .\CortexM3\ARM_GCC_541\Debug\Final_Project_Group5.a(isr_RX.o)
 .debug_frame   0x00000e70       0xe0 .\CortexM3\ARM_GCC_541\Debug\Final_Project_Group5.a(SPIM_1_IntClock.o)
 .debug_frame   0x00000f50       0xe0 .\CortexM3\ARM_GCC_541\Debug\Final_Project_Group5.a(UART_1_IntClock.o)
 .debug_frame   0x00001030       0xe0 .\CortexM3\ARM_GCC_541\Debug\Final_Project_Group5.a(SPIM_2_IntClock.o)
 .debug_frame   0x00001110      0x738 .\CortexM3\ARM_GCC_541\Debug\Final_Project_Group5.a(CyLib.o)
 .debug_frame   0x00001848      0x1f8 .\CortexM3\ARM_GCC_541\Debug\Final_Project_Group5.a(cyPm.o)
 .debug_frame   0x00001a40      0x284 .\CortexM3\ARM_GCC_541\Debug\Final_Project_Group5.a(ADC_DelSig.o)
 .debug_frame   0x00001cc4       0x50 .\CortexM3\ARM_GCC_541\Debug\Final_Project_Group5.a(ADC_DelSig_INT.o)
 .debug_frame   0x00001d14      0x108 .\CortexM3\ARM_GCC_541\Debug\Final_Project_Group5.a(Timer.o)
 .debug_frame   0x00001e1c      0x104 .\CortexM3\ARM_GCC_541\Debug\Final_Project_Group5.a(isr_ADC.o)
 .debug_frame   0x00001f20       0x64 .\CortexM3\ARM_GCC_541\Debug\Final_Project_Group5.a(ADC_DelSig_AMux.o)
 .debug_frame   0x00001f84       0xe0 .\CortexM3\ARM_GCC_541\Debug\Final_Project_Group5.a(ADC_DelSig_Ext_CP_Clk.o)
 .debug_frame   0x00002064      0x100 .\CortexM3\ARM_GCC_541\Debug\Final_Project_Group5.a(ADC_DelSig_theACLK.o)
 .debug_frame   0x00002164       0x50 .\CortexM3\ARM_GCC_541\Debug\Final_Project_Group5.a(Ext_LED.o)
 .debug_frame   0x000021b4      0x134 .\CortexM3\ARM_GCC_541\Debug\Final_Project_Group5.a(PWM_OnboardLED.o)
 .debug_frame   0x000022e8      0x104 .\CortexM3\ARM_GCC_541\Debug\Final_Project_Group5.a(ISR_Button.o)
 .debug_frame   0x000023ec       0x50 .\CortexM3\ARM_GCC_541\Debug\Final_Project_Group5.a(Onboard_Button.o)
 .debug_frame   0x0000243c      0x194 .\CortexM3\ARM_GCC_541\Debug\Final_Project_Group5.a(CyFlash.o)
 .debug_frame   0x000025d0      0x180 .\CortexM3\ARM_GCC_541\Debug\Final_Project_Group5.a(CySpc.o)
 .debug_frame   0x00002750       0x20 c:/program files (x86)/cypress/psoc creator/4.3/psoc creator/import/gnu/arm/5.4.1/bin/../lib/gcc/arm-none-eabi/5.4.1/../../../../arm-none-eabi/lib/armv7-m\libg_nano.a(lib_a-errno.o)
 .debug_frame   0x00002770       0x28 c:/program files (x86)/cypress/psoc creator/4.3/psoc creator/import/gnu/arm/5.4.1/bin/../lib/gcc/arm-none-eabi/5.4.1/../../../../arm-none-eabi/lib/armv7-m\libg_nano.a(lib_a-exit.o)
 .debug_frame   0x00002798       0x2c c:/program files (x86)/cypress/psoc creator/4.3/psoc creator/import/gnu/arm/5.4.1/bin/../lib/gcc/arm-none-eabi/5.4.1/../../../../arm-none-eabi/lib/armv7-m\libg_nano.a(lib_a-init.o)
 .debug_frame   0x000027c4       0x28 c:/program files (x86)/cypress/psoc creator/4.3/psoc creator/import/gnu/arm/5.4.1/bin/../lib/gcc/arm-none-eabi/5.4.1/../../../../arm-none-eabi/lib/armv7-m\libg_nano.a(lib_a-memcpy-stub.o)
 .debug_frame   0x000027ec       0x20 c:/program files (x86)/cypress/psoc creator/4.3/psoc creator/import/gnu/arm/5.4.1/bin/../lib/gcc/arm-none-eabi/5.4.1/../../../../arm-none-eabi/lib/armv7-m\libg_nano.a(lib_a-memset.o)
 .debug_frame   0x0000280c       0x70 c:/program files (x86)/cypress/psoc creator/4.3/psoc creator/import/gnu/arm/5.4.1/bin/../lib/gcc/arm-none-eabi/5.4.1/../../../../arm-none-eabi/lib/armv7-m\libg_nano.a(lib_a-sprintf.o)
 .debug_frame   0x0000287c       0x90 c:/program files (x86)/cypress/psoc creator/4.3/psoc creator/import/gnu/arm/5.4.1/bin/../lib/gcc/arm-none-eabi/5.4.1/../../../../arm-none-eabi/lib/armv7-m\libg_nano.a(lib_a-nano-svfprintf.o)
 .debug_frame   0x0000290c       0x60 c:/program files (x86)/cypress/psoc creator/4.3/psoc creator/import/gnu/arm/5.4.1/bin/../lib/gcc/arm-none-eabi/5.4.1/../../../../arm-none-eabi/lib/armv7-m\libg_nano.a(lib_a-nano-vfprintf_i.o)
 .debug_frame   0x0000296c       0x28 c:/program files (x86)/cypress/psoc creator/4.3/psoc creator/import/gnu/arm/5.4.1/bin/../lib/gcc/arm-none-eabi/5.4.1/../../../../arm-none-eabi/lib/armv7-m\libg_nano.a(lib_a-memchr-stub.o)
 .debug_frame   0x00002994       0x28 c:/program files (x86)/cypress/psoc creator/4.3/psoc creator/import/gnu/arm/5.4.1/bin/../lib/gcc/arm-none-eabi/5.4.1/../../../../arm-none-eabi/lib/armv7-m\libg_nano.a(lib_a-memmove.o)
 .debug_frame   0x000029bc       0x38 c:/program files (x86)/cypress/psoc creator/4.3/psoc creator/import/gnu/arm/5.4.1/bin/../lib/gcc/arm-none-eabi/5.4.1/../../../../arm-none-eabi/lib/armv7-m\libg_nano.a(lib_a-nano-freer.o)
 .debug_frame   0x000029f4       0x2c c:/program files (x86)/cypress/psoc creator/4.3/psoc creator/import/gnu/arm/5.4.1/bin/../lib/gcc/arm-none-eabi/5.4.1/../../../../arm-none-eabi/lib/armv7-m\libg_nano.a(lib_a-nano-mallocr.o)
 .debug_frame   0x00002a20       0x3c c:/program files (x86)/cypress/psoc creator/4.3/psoc creator/import/gnu/arm/5.4.1/bin/../lib/gcc/arm-none-eabi/5.4.1/../../../../arm-none-eabi/lib/armv7-m\libg_nano.a(lib_a-nano-reallocr.o)
 .debug_frame   0x00002a5c       0x2c c:/program files (x86)/cypress/psoc creator/4.3/psoc creator/import/gnu/arm/5.4.1/bin/../lib/gcc/arm-none-eabi/5.4.1/../../../../arm-none-eabi/lib/armv7-m\libg_nano.a(lib_a-sbrkr.o)
 .debug_frame   0x00002a88       0x30 c:/program files (x86)/cypress/psoc creator/4.3/psoc creator/import/gnu/arm/5.4.1/bin/../lib/gcc/arm-none-eabi/5.4.1/../../../../arm-none-eabi/lib/armv7-m\libg_nano.a(lib_a-mlock.o)
 .debug_frame   0x00002ab8       0x20 c:/program files (x86)/cypress/psoc creator/4.3/psoc creator/import/gnu/arm/5.4.1/bin/../lib/gcc/arm-none-eabi/5.4.1/../../../../arm-none-eabi/lib/armv7-m\libg_nano.a(lib_a-nano-msizer.o)
 .debug_frame   0x00002ad8       0x5c c:/program files (x86)/cypress/psoc creator/4.3/psoc creator/import/gnu/arm/5.4.1/bin/../lib/gcc/arm-none-eabi/5.4.1/../../../../arm-none-eabi/lib/armv7-m\libg_nano.a(lib_a-reent.o)

.debug_str      0x00000000     0x361d
 *(.debug_str)
 .debug_str     0x00000000      0x3e6 .\CortexM3\ARM_GCC_541\Debug\main.o
                                0x443 (size before relaxing)
 .debug_str     0x000003e6       0xd1 .\CortexM3\ARM_GCC_541\Debug\25LC256.o
                                0x2e5 (size before relaxing)
 .debug_str     0x000004b7      0x196 .\CortexM3\ARM_GCC_541\Debug\InterruptRoutines.o
                                0x3ed (size before relaxing)
 .debug_str     0x0000064d       0x32 .\CortexM3\ARM_GCC_541\Debug\LIS3DH.o
                                0x22f (size before relaxing)
 .debug_str     0x0000067f      0x109 .\CortexM3\ARM_GCC_541\Debug\SPI_Interface_25LC256.o
                                0x328 (size before relaxing)
 .debug_str     0x00000788       0xf9 .\CortexM3\ARM_GCC_541\Debug\SPI_Interface_LIS3DH.o
                                0x323 (size before relaxing)
 .debug_str     0x00000881       0x45 .\CortexM3\ARM_GCC_541\Debug\Functions.o
                                0x2ee (size before relaxing)
 .debug_str     0x000008c6      0x211 .\CortexM3\ARM_GCC_541\Debug\cyfitter_cfg.o
                                0x3b9 (size before relaxing)
 .debug_str     0x00000ad7       0x75 .\CortexM3\ARM_GCC_541\Debug\cymetadata.o
                                0x1f1 (size before relaxing)
 .debug_str     0x00000b4c      0x13f .\CortexM3\ARM_GCC_541\Debug\Cm3Start.o
                                0x317 (size before relaxing)
 .debug_str     0x00000c8b      0x301 .\CortexM3\ARM_GCC_541\Debug\Final_Project_Group5.a(SPIM_1.o)
                                0x537 (size before relaxing)
 .debug_str     0x00000f8c       0x40 .\CortexM3\ARM_GCC_541\Debug\Final_Project_Group5.a(SPIM_1_INT.o)
                                0x2a2 (size before relaxing)
 .debug_str     0x00000fcc      0x286 .\CortexM3\ARM_GCC_541\Debug\Final_Project_Group5.a(UART_1.o)
                                0x4c0 (size before relaxing)
 .debug_str     0x00001252       0x5b .\CortexM3\ARM_GCC_541\Debug\Final_Project_Group5.a(CS_1.o)
                                0x1ea (size before relaxing)
 .debug_str     0x000012ad       0x4b .\CortexM3\ARM_GCC_541\Debug\Final_Project_Group5.a(CS_2.o)
                                0x1ea (size before relaxing)
 .debug_str     0x000012f8      0x24f .\CortexM3\ARM_GCC_541\Debug\Final_Project_Group5.a(SPIM_2.o)
                                0x537 (size before relaxing)
 .debug_str     0x00001547       0x40 .\CortexM3\ARM_GCC_541\Debug\Final_Project_Group5.a(SPIM_2_INT.o)
                                0x2a2 (size before relaxing)
 .debug_str     0x00001587       0xfd .\CortexM3\ARM_GCC_541\Debug\Final_Project_Group5.a(isr_RX.o)
                                0x2c1 (size before relaxing)
 .debug_str     0x00001684      0x19d .\CortexM3\ARM_GCC_541\Debug\Final_Project_Group5.a(SPIM_1_IntClock.o)
                                0x35b (size before relaxing)
 .debug_str     0x00001821      0x14c .\CortexM3\ARM_GCC_541\Debug\Final_Project_Group5.a(UART_1_IntClock.o)
                                0x35b (size before relaxing)
 .debug_str     0x0000196d      0x14c .\CortexM3\ARM_GCC_541\Debug\Final_Project_Group5.a(SPIM_2_IntClock.o)
                                0x35b (size before relaxing)
 .debug_str     0x00001ab9      0x7b9 .\CortexM3\ARM_GCC_541\Debug\Final_Project_Group5.a(CyLib.o)
                                0xa54 (size before relaxing)
 .debug_str     0x00002272      0x365 .\CortexM3\ARM_GCC_541\Debug\Final_Project_Group5.a(cyPm.o)
                                0x740 (size before relaxing)
 .debug_str     0x000025d7      0x427 .\CortexM3\ARM_GCC_541\Debug\Final_Project_Group5.a(ADC_DelSig.o)
                                0x6f5 (size before relaxing)
 .debug_str     0x000029fe       0x68 .\CortexM3\ARM_GCC_541\Debug\Final_Project_Group5.a(ADC_DelSig_INT.o)
                                0x1f0 (size before relaxing)
 .debug_str     0x00002a66      0x122 .\CortexM3\ARM_GCC_541\Debug\Final_Project_Group5.a(Timer.o)
                                0x302 (size before relaxing)
 .debug_str     0x00002b88       0xf2 .\CortexM3\ARM_GCC_541\Debug\Final_Project_Group5.a(isr_ADC.o)
                                0x2cf (size before relaxing)
 .debug_str     0x00002c7a       0x7b .\CortexM3\ARM_GCC_541\Debug\Final_Project_Group5.a(ADC_DelSig_AMux.o)
                                0x23d (size before relaxing)
 .debug_str     0x00002cf5      0x170 .\CortexM3\ARM_GCC_541\Debug\Final_Project_Group5.a(ADC_DelSig_Ext_CP_Clk.o)
                                0x3a3 (size before relaxing)
 .debug_str     0x00002e65      0x1a3 .\CortexM3\ARM_GCC_541\Debug\Final_Project_Group5.a(ADC_DelSig_theACLK.o)
                                0x3d0 (size before relaxing)
 .debug_str     0x00003008       0x57 .\CortexM3\ARM_GCC_541\Debug\Final_Project_Group5.a(Ext_LED.o)
                                0x1f9 (size before relaxing)
 .debug_str     0x0000305f      0x1d1 .\CortexM3\ARM_GCC_541\Debug\Final_Project_Group5.a(PWM_OnboardLED.o)
                                0x409 (size before relaxing)
 .debug_str     0x00003230      0x119 .\CortexM3\ARM_GCC_541\Debug\Final_Project_Group5.a(ISR_Button.o)
                                0x2f9 (size before relaxing)
 .debug_str     0x00003349       0x74 .\CortexM3\ARM_GCC_541\Debug\Final_Project_Group5.a(Onboard_Button.o)
                                0x21c (size before relaxing)
 .debug_str     0x000033bd      0x1b4 .\CortexM3\ARM_GCC_541\Debug\Final_Project_Group5.a(CyFlash.o)
                                0x3cd (size before relaxing)
 .debug_str     0x00003571       0xac .\CortexM3\ARM_GCC_541\Debug\Final_Project_Group5.a(CySpc.o)
                                0x345 (size before relaxing)

.debug_loc      0x00000000     0x37c3
 *(.debug_loc)
 .debug_loc     0x00000000       0xa7 .\CortexM3\ARM_GCC_541\Debug\main.o
 .debug_loc     0x000000a7      0x15a .\CortexM3\ARM_GCC_541\Debug\25LC256.o
 .debug_loc     0x00000201       0x7e .\CortexM3\ARM_GCC_541\Debug\InterruptRoutines.o
 .debug_loc     0x0000027f       0xdd .\CortexM3\ARM_GCC_541\Debug\LIS3DH.o
 .debug_loc     0x0000035c      0x16c .\CortexM3\ARM_GCC_541\Debug\SPI_Interface_25LC256.o
 .debug_loc     0x000004c8      0x16c .\CortexM3\ARM_GCC_541\Debug\SPI_Interface_LIS3DH.o
 .debug_loc     0x00000634       0x61 .\CortexM3\ARM_GCC_541\Debug\Functions.o
 .debug_loc     0x00000695      0x2cb .\CortexM3\ARM_GCC_541\Debug\cyfitter_cfg.o
 .debug_loc     0x00000960      0x144 .\CortexM3\ARM_GCC_541\Debug\Cm3Start.o
 .debug_loc     0x00000aa4      0x20d .\CortexM3\ARM_GCC_541\Debug\Final_Project_Group5.a(SPIM_1.o)
 .debug_loc     0x00000cb1       0x74 .\CortexM3\ARM_GCC_541\Debug\Final_Project_Group5.a(SPIM_1_INT.o)
 .debug_loc     0x00000d25      0x258 .\CortexM3\ARM_GCC_541\Debug\Final_Project_Group5.a(UART_1.o)
 .debug_loc     0x00000f7d       0x42 .\CortexM3\ARM_GCC_541\Debug\Final_Project_Group5.a(CS_1.o)
 .debug_loc     0x00000fbf       0x42 .\CortexM3\ARM_GCC_541\Debug\Final_Project_Group5.a(CS_2.o)
 .debug_loc     0x00001001      0x20d .\CortexM3\ARM_GCC_541\Debug\Final_Project_Group5.a(SPIM_2.o)
 .debug_loc     0x0000120e       0x74 .\CortexM3\ARM_GCC_541\Debug\Final_Project_Group5.a(SPIM_2_INT.o)
 .debug_loc     0x00001282       0x56 .\CortexM3\ARM_GCC_541\Debug\Final_Project_Group5.a(isr_RX.o)
 .debug_loc     0x000012d8      0x128 .\CortexM3\ARM_GCC_541\Debug\Final_Project_Group5.a(SPIM_1_IntClock.o)
 .debug_loc     0x00001400      0x128 .\CortexM3\ARM_GCC_541\Debug\Final_Project_Group5.a(UART_1_IntClock.o)
 .debug_loc     0x00001528      0x128 .\CortexM3\ARM_GCC_541\Debug\Final_Project_Group5.a(SPIM_2_IntClock.o)
 .debug_loc     0x00001650      0xa11 .\CortexM3\ARM_GCC_541\Debug\Final_Project_Group5.a(CyLib.o)
 .debug_loc     0x00002061      0x1e4 .\CortexM3\ARM_GCC_541\Debug\Final_Project_Group5.a(cyPm.o)
 .debug_loc     0x00002245      0x68c .\CortexM3\ARM_GCC_541\Debug\Final_Project_Group5.a(ADC_DelSig.o)
 .debug_loc     0x000028d1       0x56 .\CortexM3\ARM_GCC_541\Debug\Final_Project_Group5.a(isr_ADC.o)
 .debug_loc     0x00002927       0x6c .\CortexM3\ARM_GCC_541\Debug\Final_Project_Group5.a(ADC_DelSig_AMux.o)
 .debug_loc     0x00002993      0x12c .\CortexM3\ARM_GCC_541\Debug\Final_Project_Group5.a(ADC_DelSig_Ext_CP_Clk.o)
 .debug_loc     0x00002abf      0x14d .\CortexM3\ARM_GCC_541\Debug\Final_Project_Group5.a(ADC_DelSig_theACLK.o)
 .debug_loc     0x00002c0c       0x42 .\CortexM3\ARM_GCC_541\Debug\Final_Project_Group5.a(Ext_LED.o)
 .debug_loc     0x00002c4e       0x26 .\CortexM3\ARM_GCC_541\Debug\Final_Project_Group5.a(PWM_OnboardLED.o)
 .debug_loc     0x00002c74       0x56 .\CortexM3\ARM_GCC_541\Debug\Final_Project_Group5.a(ISR_Button.o)
 .debug_loc     0x00002cca       0x42 .\CortexM3\ARM_GCC_541\Debug\Final_Project_Group5.a(Onboard_Button.o)
 .debug_loc     0x00002d0c      0x3b2 .\CortexM3\ARM_GCC_541\Debug\Final_Project_Group5.a(CyFlash.o)
 .debug_loc     0x000030be      0x705 .\CortexM3\ARM_GCC_541\Debug\Final_Project_Group5.a(CySpc.o)

.debug_macinfo
 *(.debug_macinfo)

.debug_ranges   0x00000000      0xe40
 *(.debug_ranges)
 .debug_ranges  0x00000000       0x10 .\CortexM3\ARM_GCC_541\Debug\main.o
 .debug_ranges  0x00000010       0x40 .\CortexM3\ARM_GCC_541\Debug\25LC256.o
 .debug_ranges  0x00000050       0x28 .\CortexM3\ARM_GCC_541\Debug\InterruptRoutines.o
 .debug_ranges  0x00000078       0x20 .\CortexM3\ARM_GCC_541\Debug\LIS3DH.o
 .debug_ranges  0x00000098       0x28 .\CortexM3\ARM_GCC_541\Debug\SPI_Interface_25LC256.o
 .debug_ranges  0x000000c0       0x28 .\CortexM3\ARM_GCC_541\Debug\SPI_Interface_LIS3DH.o
 .debug_ranges  0x000000e8       0x28 .\CortexM3\ARM_GCC_541\Debug\Functions.o
 .debug_ranges  0x00000110       0x58 .\CortexM3\ARM_GCC_541\Debug\cyfitter_cfg.o
 .debug_ranges  0x00000168       0x38 .\CortexM3\ARM_GCC_541\Debug\Cm3Start.o
 .debug_ranges  0x000001a0       0xc8 .\CortexM3\ARM_GCC_541\Debug\Final_Project_Group5.a(SPIM_1.o)
 .debug_ranges  0x00000268       0x18 .\CortexM3\ARM_GCC_541\Debug\Final_Project_Group5.a(SPIM_1_INT.o)
 .debug_ranges  0x00000280       0xe0 .\CortexM3\ARM_GCC_541\Debug\Final_Project_Group5.a(UART_1.o)
 .debug_ranges  0x00000360       0x28 .\CortexM3\ARM_GCC_541\Debug\Final_Project_Group5.a(CS_1.o)
 .debug_ranges  0x00000388       0x28 .\CortexM3\ARM_GCC_541\Debug\Final_Project_Group5.a(CS_2.o)
 .debug_ranges  0x000003b0       0xc8 .\CortexM3\ARM_GCC_541\Debug\Final_Project_Group5.a(SPIM_2.o)
 .debug_ranges  0x00000478       0x18 .\CortexM3\ARM_GCC_541\Debug\Final_Project_Group5.a(SPIM_2_INT.o)
 .debug_ranges  0x00000490       0x70 .\CortexM3\ARM_GCC_541\Debug\Final_Project_Group5.a(isr_RX.o)
 .debug_ranges  0x00000500       0x60 .\CortexM3\ARM_GCC_541\Debug\Final_Project_Group5.a(SPIM_1_IntClock.o)
 .debug_ranges  0x00000560       0x60 .\CortexM3\ARM_GCC_541\Debug\Final_Project_Group5.a(UART_1_IntClock.o)
 .debug_ranges  0x000005c0       0x60 .\CortexM3\ARM_GCC_541\Debug\Final_Project_Group5.a(SPIM_2_IntClock.o)
 .debug_ranges  0x00000620      0x290 .\CortexM3\ARM_GCC_541\Debug\Final_Project_Group5.a(CyLib.o)
 .debug_ranges  0x000008b0       0x88 .\CortexM3\ARM_GCC_541\Debug\Final_Project_Group5.a(cyPm.o)
 .debug_ranges  0x00000938       0xd8 .\CortexM3\ARM_GCC_541\Debug\Final_Project_Group5.a(ADC_DelSig.o)
 .debug_ranges  0x00000a10       0x28 .\CortexM3\ARM_GCC_541\Debug\Final_Project_Group5.a(ADC_DelSig_INT.o)
 .debug_ranges  0x00000a38       0x78 .\CortexM3\ARM_GCC_541\Debug\Final_Project_Group5.a(Timer.o)
 .debug_ranges  0x00000ab0       0x70 .\CortexM3\ARM_GCC_541\Debug\Final_Project_Group5.a(isr_ADC.o)
 .debug_ranges  0x00000b20       0x20 .\CortexM3\ARM_GCC_541\Debug\Final_Project_Group5.a(ADC_DelSig_AMux.o)
 .debug_ranges  0x00000b40       0x60 .\CortexM3\ARM_GCC_541\Debug\Final_Project_Group5.a(ADC_DelSig_Ext_CP_Clk.o)
 .debug_ranges  0x00000ba0       0x70 .\CortexM3\ARM_GCC_541\Debug\Final_Project_Group5.a(ADC_DelSig_theACLK.o)
 .debug_ranges  0x00000c10       0x28 .\CortexM3\ARM_GCC_541\Debug\Final_Project_Group5.a(Ext_LED.o)
 .debug_ranges  0x00000c38       0x88 .\CortexM3\ARM_GCC_541\Debug\Final_Project_Group5.a(PWM_OnboardLED.o)
 .debug_ranges  0x00000cc0       0x70 .\CortexM3\ARM_GCC_541\Debug\Final_Project_Group5.a(ISR_Button.o)
 .debug_ranges  0x00000d30       0x28 .\CortexM3\ARM_GCC_541\Debug\Final_Project_Group5.a(Onboard_Button.o)
 .debug_ranges  0x00000d58       0x78 .\CortexM3\ARM_GCC_541\Debug\Final_Project_Group5.a(CyFlash.o)
 .debug_ranges  0x00000dd0       0x70 .\CortexM3\ARM_GCC_541\Debug\Final_Project_Group5.a(CySpc.o)

.comment        0x00000000       0x6e
 .comment       0x00000000       0x6e .\CortexM3\ARM_GCC_541\Debug\main.o
                                 0x6f (size before relaxing)
 .comment       0x0000006e       0x6f .\CortexM3\ARM_GCC_541\Debug\25LC256.o
 .comment       0x0000006e       0x6f .\CortexM3\ARM_GCC_541\Debug\InterruptRoutines.o
 .comment       0x0000006e       0x6f .\CortexM3\ARM_GCC_541\Debug\LIS3DH.o
 .comment       0x0000006e       0x6f .\CortexM3\ARM_GCC_541\Debug\SPI_Interface_25LC256.o
 .comment       0x0000006e       0x6f .\CortexM3\ARM_GCC_541\Debug\SPI_Interface_LIS3DH.o
 .comment       0x0000006e       0x6f .\CortexM3\ARM_GCC_541\Debug\Functions.o
 .comment       0x0000006e       0x6f .\CortexM3\ARM_GCC_541\Debug\cyfitter_cfg.o
 .comment       0x0000006e       0x6f .\CortexM3\ARM_GCC_541\Debug\cymetadata.o
 .comment       0x0000006e       0x6f .\CortexM3\ARM_GCC_541\Debug\Cm3Start.o
 .comment       0x0000006e       0x6f .\CortexM3\ARM_GCC_541\Debug\Final_Project_Group5.a(SPIM_1.o)
 .comment       0x0000006e       0x6f .\CortexM3\ARM_GCC_541\Debug\Final_Project_Group5.a(SPIM_1_INT.o)
 .comment       0x0000006e       0x6f .\CortexM3\ARM_GCC_541\Debug\Final_Project_Group5.a(UART_1.o)
 .comment       0x0000006e       0x6f .\CortexM3\ARM_GCC_541\Debug\Final_Project_Group5.a(CS_1.o)
 .comment       0x0000006e       0x6f .\CortexM3\ARM_GCC_541\Debug\Final_Project_Group5.a(CS_2.o)
 .comment       0x0000006e       0x6f .\CortexM3\ARM_GCC_541\Debug\Final_Project_Group5.a(SPIM_2.o)
 .comment       0x0000006e       0x6f .\CortexM3\ARM_GCC_541\Debug\Final_Project_Group5.a(SPIM_2_INT.o)
 .comment       0x0000006e       0x6f .\CortexM3\ARM_GCC_541\Debug\Final_Project_Group5.a(isr_RX.o)
 .comment       0x0000006e       0x6f .\CortexM3\ARM_GCC_541\Debug\Final_Project_Group5.a(SPIM_1_IntClock.o)
 .comment       0x0000006e       0x6f .\CortexM3\ARM_GCC_541\Debug\Final_Project_Group5.a(UART_1_IntClock.o)
 .comment       0x0000006e       0x6f .\CortexM3\ARM_GCC_541\Debug\Final_Project_Group5.a(SPIM_2_IntClock.o)
 .comment       0x0000006e       0x6f .\CortexM3\ARM_GCC_541\Debug\Final_Project_Group5.a(CyLib.o)
 .comment       0x0000006e       0x6f .\CortexM3\ARM_GCC_541\Debug\Final_Project_Group5.a(cyPm.o)
 .comment       0x0000006e       0x6f .\CortexM3\ARM_GCC_541\Debug\Final_Project_Group5.a(ADC_DelSig.o)
 .comment       0x0000006e       0x6f .\CortexM3\ARM_GCC_541\Debug\Final_Project_Group5.a(ADC_DelSig_INT.o)
 .comment       0x0000006e       0x6f .\CortexM3\ARM_GCC_541\Debug\Final_Project_Group5.a(Timer.o)
 .comment       0x0000006e       0x6f .\CortexM3\ARM_GCC_541\Debug\Final_Project_Group5.a(isr_ADC.o)
 .comment       0x0000006e       0x6f .\CortexM3\ARM_GCC_541\Debug\Final_Project_Group5.a(ADC_DelSig_AMux.o)
 .comment       0x0000006e       0x6f .\CortexM3\ARM_GCC_541\Debug\Final_Project_Group5.a(ADC_DelSig_Ext_CP_Clk.o)
 .comment       0x0000006e       0x6f .\CortexM3\ARM_GCC_541\Debug\Final_Project_Group5.a(ADC_DelSig_theACLK.o)
 .comment       0x0000006e       0x6f .\CortexM3\ARM_GCC_541\Debug\Final_Project_Group5.a(Ext_LED.o)
 .comment       0x0000006e       0x6f .\CortexM3\ARM_GCC_541\Debug\Final_Project_Group5.a(PWM_OnboardLED.o)
 .comment       0x0000006e       0x6f .\CortexM3\ARM_GCC_541\Debug\Final_Project_Group5.a(ISR_Button.o)
 .comment       0x0000006e       0x6f .\CortexM3\ARM_GCC_541\Debug\Final_Project_Group5.a(Onboard_Button.o)
 .comment       0x0000006e       0x6f .\CortexM3\ARM_GCC_541\Debug\Final_Project_Group5.a(CyFlash.o)
 .comment       0x0000006e       0x6f .\CortexM3\ARM_GCC_541\Debug\Final_Project_Group5.a(CySpc.o)

.debug_weaknames
 *(.debug_weaknames)

.debug_funcnames
 *(.debug_funcnames)

.debug_typenames
 *(.debug_typenames)

.debug_varnames
 *(.debug_varnames)

.note.gnu.arm.ident
 *(.note.gnu.arm.ident)

.ARM.attributes
                0x00000000       0x29
 *(.ARM.attributes)
 .ARM.attributes
                0x00000000       0x1d c:/program files (x86)/cypress/psoc creator/4.3/psoc creator/import/gnu/arm/5.4.1/bin/../lib/gcc/arm-none-eabi/5.4.1/armv7-m/crti.o
 .ARM.attributes
                0x0000001d       0x2d c:/program files (x86)/cypress/psoc creator/4.3/psoc creator/import/gnu/arm/5.4.1/bin/../lib/gcc/arm-none-eabi/5.4.1/armv7-m/crtbegin.o
 .ARM.attributes
                0x0000004a       0x1b c:/program files (x86)/cypress/psoc creator/4.3/psoc creator/import/gnu/arm/5.4.1/bin/../lib/gcc/arm-none-eabi/5.4.1/../../../../arm-none-eabi/lib/armv7-m/crt0.o
 .ARM.attributes
                0x00000065       0x33 .\CortexM3\ARM_GCC_541\Debug\main.o
 .ARM.attributes
                0x00000098       0x33 .\CortexM3\ARM_GCC_541\Debug\25LC256.o
 .ARM.attributes
                0x000000cb       0x33 .\CortexM3\ARM_GCC_541\Debug\InterruptRoutines.o
 .ARM.attributes
                0x000000fe       0x33 .\CortexM3\ARM_GCC_541\Debug\LIS3DH.o
 .ARM.attributes
                0x00000131       0x33 .\CortexM3\ARM_GCC_541\Debug\SPI_Interface_25LC256.o
 .ARM.attributes
                0x00000164       0x33 .\CortexM3\ARM_GCC_541\Debug\SPI_Interface_LIS3DH.o
 .ARM.attributes
                0x00000197       0x33 .\CortexM3\ARM_GCC_541\Debug\Functions.o
 .ARM.attributes
                0x000001ca       0x33 .\CortexM3\ARM_GCC_541\Debug\cyfitter_cfg.o
 .ARM.attributes