Archive member included to satisfy reference by file (symbol)

.\CortexM3\ARM_GCC_541\Debug\Final_Project_Group5.a(SPIM_1.o)
                              .\CortexM3\ARM_GCC_541\Debug\SPI_Interface_25LC256.o (SPIM_1_ReadTxStatus)
.\CortexM3\ARM_GCC_541\Debug\Final_Project_Group5.a(SPIM_1_INT.o)
                              .\CortexM3\ARM_GCC_541\Debug\Final_Project_Group5.a(SPIM_1.o) (SPIM_1_TX_ISR)
.\CortexM3\ARM_GCC_541\Debug\Final_Project_Group5.a(UART_1.o)
                              .\CortexM3\ARM_GCC_541\Debug\main.o (UART_1_Start)
.\CortexM3\ARM_GCC_541\Debug\Final_Project_Group5.a(CS_1.o)
                              .\CortexM3\ARM_GCC_541\Debug\SPI_Interface_25LC256.o (CS_1_Write)
.\CortexM3\ARM_GCC_541\Debug\Final_Project_Group5.a(CS_2.o)
                              .\CortexM3\ARM_GCC_541\Debug\LIS3DH.o (CS_2_Write)
.\CortexM3\ARM_GCC_541\Debug\Final_Project_Group5.a(SPIM_2.o)
                              .\CortexM3\ARM_GCC_541\Debug\SPI_Interface_LIS3DH.o (SPIM_2_ReadTxStatus)
.\CortexM3\ARM_GCC_541\Debug\Final_Project_Group5.a(isr_RX.o)
                              .\CortexM3\ARM_GCC_541\Debug\main.o (isr_RX_StartEx)
.\CortexM3\ARM_GCC_541\Debug\Final_Project_Group5.a(SPIM_1_IntClock.o)
                              .\CortexM3\ARM_GCC_541\Debug\Final_Project_Group5.a(SPIM_1.o) (SPIM_1_IntClock_Start)
.\CortexM3\ARM_GCC_541\Debug\Final_Project_Group5.a(UART_1_IntClock.o)
                              .\CortexM3\ARM_GCC_541\Debug\Final_Project_Group5.a(UART_1.o) (UART_1_IntClock_Start)
.\CortexM3\ARM_GCC_541\Debug\Final_Project_Group5.a(SPIM_2_IntClock.o)
                              .\CortexM3\ARM_GCC_541\Debug\Final_Project_Group5.a(SPIM_2.o) (SPIM_2_IntClock_Start)
.\CortexM3\ARM_GCC_541\Debug\Final_Project_Group5.a(CyLib.o)
                              .\CortexM3\ARM_GCC_541\Debug\Cm3Start.o (CyHalt)
.\CortexM3\ARM_GCC_541\Debug\Final_Project_Group5.a(cyPm.o)
                              .\CortexM3\ARM_GCC_541\Debug\Final_Project_Group5.a(CyLib.o) (CyPmReadStatus)
.\CortexM3\ARM_GCC_541\Debug\Final_Project_Group5.a(CyBootAsmGnu.o)
                              .\CortexM3\ARM_GCC_541\Debug\cyfitter_cfg.o (CyDelayCycles)
.\CortexM3\ARM_GCC_541\Debug\Final_Project_Group5.a(CyFlash.o)
                              .\CortexM3\ARM_GCC_541\Debug\Final_Project_Group5.a(cyPm.o) (CyFlash_SetWaitCycles)
.\CortexM3\ARM_GCC_541\Debug\Final_Project_Group5.a(CySpc.o)
                              .\CortexM3\ARM_GCC_541\Debug\Final_Project_Group5.a(CyFlash.o) (CySpcStart)
c:/program files (x86)/cypress/psoc creator/4.3/psoc creator/import/gnu/arm/5.4.1/bin/../lib/gcc/arm-none-eabi/5.4.1/../../../../arm-none-eabi/lib/armv7-m\libg_nano.a(lib_a-errno.o)
                              .\CortexM3\ARM_GCC_541\Debug\Cm3Start.o (__errno)
c:/program files (x86)/cypress/psoc creator/4.3/psoc creator/import/gnu/arm/5.4.1/bin/../lib/gcc/arm-none-eabi/5.4.1/../../../../arm-none-eabi/lib/armv7-m\libg_nano.a(lib_a-exit.o)
                              c:/program files (x86)/cypress/psoc creator/4.3/psoc creator/import/gnu/arm/5.4.1/bin/../lib/gcc/arm-none-eabi/5.4.1/../../../../arm-none-eabi/lib/armv7-m/crt0.o (exit)
c:/program files (x86)/cypress/psoc creator/4.3/psoc creator/import/gnu/arm/5.4.1/bin/../lib/gcc/arm-none-eabi/5.4.1/../../../../arm-none-eabi/lib/armv7-m\libg_nano.a(lib_a-impure.o)
                              c:/program files (x86)/cypress/psoc creator/4.3/psoc creator/import/gnu/arm/5.4.1/bin/../lib/gcc/arm-none-eabi/5.4.1/../../../../arm-none-eabi/lib/armv7-m\libg_nano.a(lib_a-exit.o) (_global_impure_ptr)
c:/program files (x86)/cypress/psoc creator/4.3/psoc creator/import/gnu/arm/5.4.1/bin/../lib/gcc/arm-none-eabi/5.4.1/../../../../arm-none-eabi/lib/armv7-m\libg_nano.a(lib_a-init.o)
                              c:/program files (x86)/cypress/psoc creator/4.3/psoc creator/import/gnu/arm/5.4.1/bin/../lib/gcc/arm-none-eabi/5.4.1/../../../../arm-none-eabi/lib/armv7-m/crt0.o (__libc_init_array)
c:/program files (x86)/cypress/psoc creator/4.3/psoc creator/import/gnu/arm/5.4.1/bin/../lib/gcc/arm-none-eabi/5.4.1/../../../../arm-none-eabi/lib/armv7-m\libg_nano.a(lib_a-memcpy-stub.o)
                              .\CortexM3\ARM_GCC_541\Debug\25LC256.o (memcpy)
c:/program files (x86)/cypress/psoc creator/4.3/psoc creator/import/gnu/arm/5.4.1/bin/../lib/gcc/arm-none-eabi/5.4.1/../../../../arm-none-eabi/lib/armv7-m\libg_nano.a(lib_a-memset.o)
                              c:/program files (x86)/cypress/psoc creator/4.3/psoc creator/import/gnu/arm/5.4.1/bin/../lib/gcc/arm-none-eabi/5.4.1/../../../../arm-none-eabi/lib/armv7-m/crt0.o (memset)
c:/program files (x86)/cypress/psoc creator/4.3/psoc creator/import/gnu/arm/5.4.1/bin/../lib/gcc/arm-none-eabi/5.4.1/../../../../arm-none-eabi/lib/armv7-m\libg_nano.a(lib_a-sprintf.o)
                              .\CortexM3\ARM_GCC_541\Debug\main.o (sprintf)
[...]
Memory Configuration

Name             Origin             Length             Attributes
rom              0x00000000         0x00040000         xr
ram              0x1fff8000         0x00010000         xrw
*default*        0x00000000         0xffffffff

Linker script and memory map

LOAD c:/program files (x86)/cypress/psoc creator/4.3/psoc creator/import/gnu/arm/5.4.1/bin/../lib/gcc/arm-none-eabi/5.4.1/armv7-m/crti.o
LOAD c:/program files (x86)/cypress/psoc creator/4.3/psoc creator/import/gnu/arm/5.4.1/bin/../lib/gcc/arm-none-eabi/5.4.1/armv7-m/crtbegin.o
LOAD c:/program files (x86)/cypress/psoc creator/4.3/psoc creator/import/gnu/arm/5.4.1/bin/../lib/gcc/arm-none-eabi/5.4.1/../../../../arm-none-eabi/lib/armv7-m/crt0.o
START GROUP
LOAD .\CortexM3\ARM_GCC_541\Debug\main.o
LOAD .\CortexM3\ARM_GCC_541\Debug\25LC256.o
LOAD .\CortexM3\ARM_GCC_541\Debug\InterruptRoutines.o
LOAD .\CortexM3\ARM_GCC_541\Debug\LIS3DH.o
LOAD .\CortexM3\ARM_GCC_541\Debug\SPI_Interface_25LC256.o
LOAD .\CortexM3\ARM_GCC_541\Debug\SPI_Interface_LIS3DH.o
LOAD .\CortexM3\ARM_GCC_541\Debug\Functions.o
LOAD .\CortexM3\ARM_GCC_541\Debug\cyfitter_cfg.o
LOAD .\CortexM3\ARM_GCC_541\Debug\cymetadata.o
LOAD .\CortexM3\ARM_GCC_541\Debug\Cm3Start.o
LOAD .\CortexM3\ARM_GCC_541\Debug\Final_Project_Group5.a
LOAD C:\Program Files (x86)\Cypress\PSoC Creator\4.3\PSoC Creator\psoc\content\cycomponentlibrary\CyComponentLibrary.cylib\CortexM3\ARM_GCC_541\Debug\CyComponentLibrary.a
END GROUP
START GROUP
LOAD c:/program files (x86)/cypress/psoc creator/4.3/psoc creator/import/gnu/arm/5.4.1/bin/../lib/gcc/arm-none-eabi/5.4.1/armv7-m\libgcc.a
LOAD c:/program files (x86)/cypress/psoc creator/4.3/psoc creator/import/gnu/arm/5.4.1/bin/../lib/gcc/arm-none-eabi/5.4.1/../../../../arm-none-eabi/lib/armv7-m\libg_nano.a
LOAD c:/program files (x86)/cypress/psoc creator/4.3/psoc creator/import/gnu/arm/5.4.1/bin/../lib/gcc/arm-none-eabi/5.4.1/../../../../arm-none-eabi/lib/armv7-m\libc_nano.a
END GROUP
START GROUP
LOAD c:/program files (x86)/cypress/psoc creator/4.3/psoc creator/import/gnu/arm/5.4.1/bin/../lib/gcc/arm-none-eabi/5.4.1/armv7-m\libgcc.a
LOAD c:/program files (x86)/cypress/psoc creator/4.3/psoc creator/import/gnu/arm/5.4.1/bin/../lib/gcc/arm-none-eabi/5.4.1/../../../../arm-none-eabi/lib/armv7-m\libc_nano.a
END GROUP
LOAD c:/program files (x86)/cypress/psoc creator/4.3/psoc creator/import/gnu/arm/5.4.1/bin/../lib/gcc/arm-none-eabi/5.4.1/armv7-m/crtend.o
LOAD c:/program files (x86)/cypress/psoc creator/4.3/psoc creator/import/gnu/arm/5.4.1/bin/../lib/gcc/arm-none-eabi/5.4.1/armv7-m/crtn.o
START GROUP
LOAD c:/program files (x86)/cypress/psoc creator/4.3/psoc creator/import/gnu/arm/5.4.1/bin/../lib/gcc/arm-none-eabi/5.4.1/armv7-m\libgcc.a
LOAD c:/program files (x86)/cypress/psoc creator/4.3/psoc creator/import/gnu/arm/5.4.1/bin/../lib/gcc/arm-none-eabi/5.4.1/../../../../arm-none-eabi/lib/armv7-m\libc.a
LOAD c:/program files (x86)/cypress/psoc creator/4.3/psoc creator/import/gnu/arm/5.4.1/bin/../lib/gcc/arm-none-eabi/5.4.1/../../../../arm-none-eabi/lib/armv7-m\libnosys.a
END GROUP
                0x00000000                CY_APPL_ORIGIN = 0x0
                0x00000100                CY_FLASH_ROW_SIZE = 0x100
                0x00000020                CY_ECC_ROW_SIZE = 0x20
                0x00000000                CY_EE_IN_BTLDR = 0x0
                0x00000000                CY_APPL_LOADABLE = 0x0
                0x00000800                CY_EE_SIZE = 0x800
                0x00000001                CY_APPL_NUM = 0x1
                0x00000001                CY_APPL_MAX = 0x1
                0x00000040                CY_METADATA_SIZE = 0x40
                0x00000000                CY_APPL_LOADABLE = 0x0
                0x00000000                CY_CHECKSUM_EXCLUDE_SIZE = ALIGN (0x0, CY_FLASH_ROW_SIZE)
                [!provide]                PROVIDE (__cy_heap_start, _end)
                0x00000001                PROVIDE (__cy_region_num, ((__cy_regions_end - __cy_regions) / 0x10))
                0x20008000                PROVIDE (__cy_stack, (ORIGIN (ram) + LENGTH (ram)))
                [!provide]                PROVIDE (__cy_heap_end, (__cy_stack - 0x800))

.cybootloader   0x00000000        0x0
 *(.cybootloader)
                0x00000000                appl1_start = CY_APPL_ORIGIN?CY_APPL_ORIGIN:ALIGN (CY_FLASH_ROW_SIZE)
                0x0001ff00                appl2_start = (appl1_start + ALIGN ((((LENGTH (rom) - appl1_start) - (0x2 * CY_FLASH_ROW_SIZE)) / 0x2), CY_FLASH_ROW_SIZE))
                0x00000000                appl_start = (CY_APPL_NUM == 0x1)?appl1_start:appl2_start
                0x00000000                ecc_offset = ((appl_start / CY_FLASH_ROW_SIZE) * CY_ECC_ROW_SIZE)
                0x00000000                ee_offset = (CY_APPL_LOADABLE && ! (CY_EE_IN_BTLDR))?((CY_EE_SIZE / CY_APPL_MAX) * (CY_APPL_NUM - 0x1)):0x0
                0x00000800                ee_size = (CY_APPL_LOADABLE && ! (CY_EE_IN_BTLDR))?(CY_EE_SIZE / CY_APPL_MAX):CY_EE_SIZE
                [!provide]                PROVIDE (CY_ECC_OFFSET, ecc_offset)

.text           0x00000000     0x1900
 CREATE_OBJECT_SYMBOLS
                0x00000000                PROVIDE (__cy_interrupt_vector, RomVectors)
 *(.romvectors)
 .romvectors    0x00000000       0x10 .\CortexM3\ARM_GCC_541\Debug\Cm3Start.o
                0x00000000                RomVectors
                0x00000001                ASSERT ((. != __cy_interrupt_vector), No interrupt vector)
                0x00000001                ASSERT (CY_APPL_ORIGIN?(SIZEOF (.cybootloader) <= CY_APPL_ORIGIN):0x1, Wrong image location)
                0x00000010                PROVIDE (__cy_reset, Reset)
 *(.text.Reset)
 .text.Reset    0x00000010       0x18 .\CortexM3\ARM_GCC_541\Debug\Cm3Start.o
                0x00000010                Reset
                0x00000001                ASSERT ((. != __cy_reset), No reset code)
 *(.dma_init)
                0x00000001                ASSERT ((((appl_start + .) <= 0x10000) || 0x1), DMA Init must be within the first 64k of flash)
 *(.text .text.* .gnu.linkonce.t.*)
 .text          0x00000028       0x5c c:/program files (x86)/cypress/psoc creator/4.3/psoc creator/import/gnu/arm/5.4.1/bin/../lib/gcc/arm-none-eabi/5.4.1/armv7-m/crtbegin.o
 .text.main     0x00000084      0x108 .\CortexM3\ARM_GCC_541\Debug\main.o
                0x00000084                main
 .text.Custom_ISR_RX
                0x0000018c      0x31c .\CortexM3\ARM_GCC_541\Debug\InterruptRoutines.o
                0x0000018c                Custom_ISR_RX
 .text.ACC_writeRegister
                0x000004a8       0x30 .\CortexM3\ARM_GCC_541\Debug\LIS3DH.o
                0x000004a8                ACC_writeRegister
 .text.ACC_readRegister
                0x000004d8       0x28 .\CortexM3\ARM_GCC_541\Debug\LIS3DH.o
                0x000004d8                ACC_readRegister
 .text.SPI_Interface_LIS3DH_Multi_RW
                0x00000500       0xb8 .\CortexM3\ARM_GCC_541\Debug\SPI_Interface_LIS3DH.o
                0x00000500                SPI_Interface_LIS3DH_Multi_RW
 .text.show_menu
                0x000005b8       0x84 .\CortexM3\ARM_GCC_541\Debug\Functions.o
                0x000005b8                show_menu
 .text.CyClockStartupError
                0x0000063c        0x4 .\CortexM3\ARM_GCC_541\Debug\cyfitter_cfg.o
 .text.cfg_write_bytes32
                0x00000640       0x34 .\CortexM3\ARM_GCC_541\Debug\cyfitter_cfg.o
 .text.AnalogSetDefault
                0x00000674       0x28 .\CortexM3\ARM_GCC_541\Debug\cyfitter_cfg.o
 .text.CYMEMZERO
                0x0000069c        0xc .\CortexM3\ARM_GCC_541\Debug\cyfitter_cfg.o
 .text.ClockSetup
                0x000006a8       0xe0 .\CortexM3\ARM_GCC_541\Debug\cyfitter_cfg.o
 .text.CYCONFIGCPY
                0x00000788        0x8 .\CortexM3\ARM_GCC_541\Debug\cyfitter_cfg.o
 .text.cyfitter_cfg
                0x00000790      0x134 .\CortexM3\ARM_GCC_541\Debug\cyfitter_cfg.o
                0x00000790                cyfitter_cfg
 .text.IntDefaultHandler
                0x000008c4       0x10 .\CortexM3\ARM_GCC_541\Debug\Cm3Start.o
                0x000008c4                IntDefaultHandler
 .text._sbrk    0x000008d4       0x30 .\CortexM3\ARM_GCC_541\Debug\Cm3Start.o
                0x000008d4                _sbrk
 .text.Start_c  0x00000904       0x4c .\CortexM3\ARM_GCC_541\Debug\Cm3Start.o
                0x00000904                Start_c
 .text.initialize_psoc
                0x00000950       0x68 .\CortexM3\ARM_GCC_541\Debug\Cm3Start.o
                0x00000950                initialize_psoc
 .text.SPIM_1_EnableTxInt
                0x000009b8        0xc .\CortexM3\ARM_GCC_541\Debug\Final_Project_Group5.a(SPIM_1.o)
                0x000009b8                SPIM_1_EnableTxInt
 .text.SPIM_1_EnableRxInt
                0x000009c4        0xc .\CortexM3\ARM_GCC_541\Debug\Final_Project_Group5.a(SPIM_1.o)
                0x000009c4                SPIM_1_EnableRxInt
 .text.SPIM_1_Enable
                0x000009d0       0x3c .\CortexM3\ARM_GCC_541\Debug\Final_Project_Group5.a(SPIM_1.o)
                0x000009d0                SPIM_1_Enable
 .text.SPIM_1_DisableTxInt
                0x00000a0c        0xc .\CortexM3\ARM_GCC_541\Debug\Final_Project_Group5.a(SPIM_1.o)
                0x00000a0c                SPIM_1_DisableTxInt
 .text.SPIM_1_DisableRxInt
                0x00000a18        0xc .\CortexM3\ARM_GCC_541\Debug\Final_Project_Group5.a(SPIM_1.o)
                0x00000a18                SPIM_1_DisableRxInt
 .text.SPIM_1_ReadTxStatus
                0x00000a24       0x28 .\CortexM3\ARM_GCC_541\Debug\Final_Project_Group5.a(SPIM_1.o)
                0x00000a24                SPIM_1_ReadTxStatus
 .text.SPIM_1_ReadRxStatus
                0x00000a4c       0x28 .\CortexM3\ARM_GCC_541\Debug\Final_Project_Group5.a(SPIM_1.o)
                0x00000a4c                SPIM_1_ReadRxStatus
 .text.SPIM_1_ClearFIFO
                0x00000a74       0x3c .\CortexM3\ARM_GCC_541\Debug\Final_Project_Group5.a(SPIM_1.o)
                0x00000a74                SPIM_1_ClearFIFO
 .text.SPIM_1_Init
                0x00000ab0       0x90 .\CortexM3\ARM_GCC_541\Debug\Final_Project_Group5.a(SPIM_1.o)
                0x00000ab0                SPIM_1_Init
 .text.SPIM_1_Start
                0x00000b40       0x1c .\CortexM3\ARM_GCC_541\Debug\Final_Project_Group5.a(SPIM_1.o)
                0x00000b40                SPIM_1_Start
 .text.SPIM_1_TX_ISR
                0x00000b5c       0xa0 .\CortexM3\ARM_GCC_541\Debug\Final_Project_Group5.a(SPIM_1_INT.o)
                0x00000b5c                SPIM_1_TX_ISR
 .text.SPIM_1_RX_ISR
                0x00000bfc       0xa0 .\CortexM3\ARM_GCC_541\Debug\Final_Project_Group5.a(SPIM_1_INT.o)
                0x00000bfc                SPIM_1_RX_ISR
 .text.UART_1_Init
                0x00000c9c       0x24 .\CortexM3\ARM_GCC_541\Debug\Final_Project_Group5.a(UART_1.o)
                0x00000c9c                UART_1_Init
 .text.UART_1_Enable
                0x00000cc0       0x38 .\CortexM3\ARM_GCC_541\Debug\Final_Project_Group5.a(UART_1.o)
                0x00000cc0                UART_1_Enable
 .text.UART_1_Start
                0x00000cf8       0x1c .\CortexM3\ARM_GCC_541\Debug\Final_Project_Group5.a(UART_1.o)
                0x00000cf8                UART_1_Start
 .text.UART_1_GetChar
                0x00000d14       0x2c .\CortexM3\ARM_GCC_541\Debug\Final_Project_Group5.a(UART_1.o)
                0x00000d14                UART_1_GetChar
 .text.UART_1_PutChar
                0x00000d40       0x18 .\CortexM3\ARM_GCC_541\Debug\Final_Project_Group5.a(UART_1.o)
                0x00000d40                UART_1_PutChar
 .text.UART_1_PutString
                0x00000d58       0x24 .\CortexM3\ARM_GCC_541\Debug\Final_Project_Group5.a(UART_1.o)
                0x00000d58                UART_1_PutString
 .text.CS_2_Write
                0x00000d7c       0x18 .\CortexM3\ARM_GCC_541\Debug\Final_Project_Group5.a(CS_2.o)
                0x00000d7c                CS_2_Write
 .text.SPIM_2_Enable
                0x00000d94       0x34 .\CortexM3\ARM_GCC_541\Debug\Final_Project_Group5.a(SPIM_2.o)
                0x00000d94                SPIM_2_Enable
 .text.SPIM_2_ReadTxStatus
                0x00000dc8        0xc .\CortexM3\ARM_GCC_541\Debug\Final_Project_Group5.a(SPIM_2.o)
                0x00000dc8                SPIM_2_ReadTxStatus
 .text.SPIM_2_ReadRxStatus
                0x00000dd4        0xc .\CortexM3\ARM_GCC_541\Debug\Final_Project_Group5.a(SPIM_2.o)
                0x00000dd4                SPIM_2_ReadRxStatus
 .text.SPIM_2_WriteTxData
                0x00000de0       0x18 .\CortexM3\ARM_GCC_541\Debug\Final_Project_Group5.a(SPIM_2.o)
                0x00000de0                SPIM_2_WriteTxData
 .text.SPIM_2_ReadRxData
                0x00000df8        0xc .\CortexM3\ARM_GCC_541\Debug\Final_Project_Group5.a(SPIM_2.o)
                0x00000df8                SPIM_2_ReadRxData
 .text.SPIM_2_ClearRxBuffer
                0x00000e04       0x1c .\CortexM3\ARM_GCC_541\Debug\Final_Project_Group5.a(SPIM_2.o)
                0x00000e04                SPIM_2_ClearRxBuffer
 .text.SPIM_2_ClearTxBuffer
                0x00000e20       0x24 .\CortexM3\ARM_GCC_541\Debug\Final_Project_Group5.a(SPIM_2.o)
                0x00000e20                SPIM_2_ClearTxBuffer
 .text.SPIM_2_PutArray
                0x00000e44       0x20 .\CortexM3\ARM_GCC_541\Debug\Final_Project_Group5.a(SPIM_2.o)
                0x00000e44                SPIM_2_PutArray
 .text.SPIM_2_ClearFIFO
                0x00000e64       0x3c .\CortexM3\ARM_GCC_541\Debug\Final_Project_Group5.a(SPIM_2.o)
                0x00000e64                SPIM_2_ClearFIFO
 .text.SPIM_2_Init
                0x00000ea0       0x2c .\CortexM3\ARM_GCC_541\Debug\Final_Project_Group5.a(SPIM_2.o)
                0x00000ea0                SPIM_2_Init
 .text.SPIM_2_Start
                0x00000ecc       0x1c .\CortexM3\ARM_GCC_541\Debug\Final_Project_Group5.a(SPIM_2.o)
                0x00000ecc                SPIM_2_Start
 .text.isr_RX_SetVector
                0x00000ee8        0xc .\CortexM3\ARM_GCC_541\Debug\Final_Project_Group5.a(isr_RX.o)
                0x00000ee8                isr_RX_SetVector
 .text.isr_RX_SetPriority
                0x00000ef4       0x10 .\CortexM3\ARM_GCC_541\Debug\Final_Project_Group5.a(isr_RX.o)
                0x00000ef4                isr_RX_SetPriority
 .text.isr_RX_Enable
                0x00000f04        0xc .\CortexM3\ARM_GCC_541\Debug\Final_Project_Group5.a(isr_RX.o)
                0x00000f04                isr_RX_Enable
 .text.isr_RX_Disable
                0x00000f10        0xc .\CortexM3\ARM_GCC_541\Debug\Final_Project_Group5.a(isr_RX.o)
                0x00000f10                isr_RX_Disable
 .text.isr_RX_StartEx
                0x00000f1c       0x1c .\CortexM3\ARM_GCC_541\Debug\Final_Project_Group5.a(isr_RX.o)
                0x00000f1c                isr_RX_StartEx
 .text.SPIM_1_IntClock_Start
                0x00000f38       0x1c .\CortexM3\ARM_GCC_541\Debug\Final_Project_Group5.a(SPIM_1_IntClock.o)
                0x00000f38                SPIM_1_IntClock_Start
 .text.UART_1_IntClock_Start
                0x00000f54       0x1c .\CortexM3\ARM_GCC_541\Debug\Final_Project_Group5.a(UART_1_IntClock.o)
                0x00000f54                UART_1_IntClock_Start
 .text.SPIM_2_IntClock_Start
                0x00000f70       0x1c .\CortexM3\ARM_GCC_541\Debug\Final_Project_Group5.a(SPIM_2_IntClock.o)
                0x00000f70                SPIM_2_IntClock_Start
 .text.CyHalt   0x00000f8c        0x4 .\CortexM3\ARM_GCC_541\Debug\Final_Project_Group5.a(CyLib.o)
                0x00000f8c                CyHalt
 .text.CyDelay  0x00000f90       0x2c .\CortexM3\ARM_GCC_541\Debug\Final_Project_Group5.a(CyLib.o)
                0x00000f90                CyDelay
 .text.CyIntSetVector
                0x00000fbc       0x28 .\CortexM3\ARM_GCC_541\Debug\Final_Project_Group5.a(CyLib.o)
                0x00000fbc                CyIntSetVector
 .text.CyIntSetPriority
                0x00000fe4       0x30 .\CortexM3\ARM_GCC_541\Debug\Final_Project_Group5.a(CyLib.o)
                0x00000fe4                CyIntSetPriority
 *fill*         0x00001014        0x4 
 .text          0x00001018       0x20 .\CortexM3\ARM_GCC_541\Debug\Final_Project_Group5.a(CyBootAsmGnu.o)
                0x00001018                CyDelayCycles
                0x00001028                CyEnterCriticalSection
                0x00001030                CyExitCriticalSection
 .text.__errno  0x00001038        0xc c:/program files (x86)/cypress/psoc creator/4.3/psoc creator/import/gnu/arm/5.4.1/bin/../lib/gcc/arm-none-eabi/5.4.1/../../../../arm-none-eabi/lib/armv7-m\libg_nano.a(lib_a-errno.o)
                0x00001038                __errno
 .text.__libc_init_array
                0x00001044       0x4c c:/program files (x86)/cypress/psoc creator/4.3/psoc creator/import/gnu/arm/5.4.1/bin/../lib/gcc/arm-none-eabi/5.4.1/../../../../arm-none-eabi/lib/armv7-m\libg_nano.a(lib_a-init.o)
                0x00001044                __libc_init_array
 .text.memcpy   0x00001090       0x16 c:/program files (x86)/cypress/psoc creator/4.3/psoc creator/import/gnu/arm/5.4.1/bin/../lib/gcc/arm-none-eabi/5.4.1/../../../../arm-none-eabi/lib/armv7-m\libg_nano.a(lib_a-memcpy-stub.o)
                0x00001090                memcpy
 .text.memset   0x000010a6       0x10 c:/program files (x86)/cypress/psoc creator/4.3/psoc creator/import/gnu/arm/5.4.1/bin/../lib/gcc/arm-none-eabi/5.4.1/../../../../arm-none-eabi/lib/armv7-m\libg_nano.a(lib_a-memset.o)
                0x000010a6                memset
 *fill*         0x000010b6        0x2 
 .text.sprintf  0x000010b8       0x48 c:/program files (x86)/cypress/psoc creator/4.3/psoc creator/import/gnu/arm/5.4.1/bin/../lib/gcc/arm-none-eabi/5.4.1/../../../../arm-none-eabi/lib/armv7-m\libg_nano.a(lib_a-sprintf.o)
                0x000010b8                siprintf
                0x000010b8                sprintf
 .text.__ssputs_r
                0x00001100       0xb2 c:/program files (x86)/cypress/psoc creator/4.3/psoc creator/import/gnu/arm/5.4.1/bin/../lib/gcc/arm-none-eabi/5.4.1/../../../../arm-none-eabi/lib/armv7-m\libg_nano.a(lib_a-nano-svfprintf.o)
                0x00001100                __ssputs_r
 *fill*         0x000011b2        0x2 
 .text._svfprintf_r
                0x000011b4      0x1e8 c:/program files (x86)/cypress/psoc creator/4.3/psoc creator/import/gnu/arm/5.4.1/bin/../lib/gcc/arm-none-eabi/5.4.1/../../../../arm-none-eabi/lib/armv7-m\libg_nano.a(lib_a-nano-svfprintf.o)
                0x000011b4                _svfiprintf_r
                0x000011b4                _svfprintf_r
 .text._printf_common
                0x0000139c       0xec c:/program files (x86)/cypress/psoc creator/4.3/psoc creator/import/gnu/arm/5.4.1/bin/../lib/gcc/arm-none-eabi/5.4.1/../../../../arm-none-eabi/lib/armv7-m\libg_nano.a(lib_a-nano-vfprintf_i.o)
                0x0000139c                _printf_common
 .text._printf_i
                0x00001488      0x24c c:/program files (x86)/cypress/psoc creator/4.3/psoc creator/import/gnu/arm/5.4.1/bin/../lib/gcc/arm-none-eabi/5.4.1/../../../../arm-none-eabi/lib/armv7-m\libg_nano.a(lib_a-nano-vfprintf_i.o)
                0x00001488                _printf_i
 .text.memchr   0x000016d4       0x1c c:/program files (x86)/cypress/psoc creator/4.3/psoc creator/import/gnu/arm/5.4.1/bin/../lib/gcc/arm-none-eabi/5.4.1/../../../../arm-none-eabi/lib/armv7-m\libg_nano.a(lib_a-memchr-stub.o)
                0x000016d4                memchr
 .text.memmove  0x000016f0       0x36 c:/program files (x86)/cypress/psoc creator/4.3/psoc creator/import/gnu/arm/5.4.1/bin/../lib/gcc/arm-none-eabi/5.4.1/../../../../arm-none-eabi/lib/armv7-m\libg_nano.a(lib_a-memmove.o)
                0x000016f0                memmove
 *fill*         0x00001726        0x2 
 .text._free_r  0x00001728       0x98 c:/program files (x86)/cypress/psoc creator/4.3/psoc creator/import/gnu/arm/5.4.1/bin/../lib/gcc/arm-none-eabi/5.4.1/../../../../arm-none-eabi/lib/armv7-m\libg_nano.a(lib_a-nano-freer.o)
                0x00001728                _free_r
 .text._malloc_r
                0x000017c0       0xbc c:/program files (x86)/cypress/psoc creator/4.3/psoc creator/import/gnu/arm/5.4.1/bin/../lib/gcc/arm-none-eabi/5.4.1/../../../../arm-none-eabi/lib/armv7-m\libg_nano.a(lib_a-nano-mallocr.o)
                0x000017c0                _malloc_r
 .text._realloc_r
                0x0000187c       0x4c c:/program files (x86)/cypress/psoc creator/4.3/psoc creator/import/gnu/arm/5.4.1/bin/../lib/gcc/arm-none-eabi/5.4.1/../../../../arm-none-eabi/lib/armv7-m\libg_nano.a(lib_a-nano-reallocr.o)
                0x0000187c                _realloc_r
 .text._sbrk_r  0x000018c8       0x20 c:/program files (x86)/cypress/psoc creator/4.3/psoc creator/import/gnu/arm/5.4.1/bin/../lib/gcc/arm-none-eabi/5.4.1/../../../../arm-none-eabi/lib/armv7-m\libg_nano.a(lib_a-sbrkr.o)
                0x000018c8                _sbrk_r
 .text.__malloc_lock
                0x000018e8        0x2 c:/program files (x86)/cypress/psoc creator/4.3/psoc creator/import/gnu/arm/5.4.1/bin/../lib/gcc/arm-none-eabi/5.4.1/../../../../arm-none-eabi/lib/armv7-m\libg_nano.a(lib_a-mlock.o)
                0x000018e8                __malloc_lock
 .text.__malloc_unlock
                0x000018ea        0x2 c:/program files (x86)/cypress/psoc creator/4.3/psoc creator/import/gnu/arm/5.4.1/bin/../lib/gcc/arm-none-eabi/5.4.1/../../../../arm-none-eabi/lib/armv7-m\libg_nano.a(lib_a-mlock.o)
                0x000018ea                __malloc_unlock
 .text._malloc_usable_size_r
                0x000018ec       0x14 c:/program files (x86)/cypress/psoc creator/4.3/psoc creator/import/gnu/arm/5.4.1/bin/../lib/gcc/arm-none-eabi/5.4.1/../../../../arm-none-eabi/lib/armv7-m\libg_nano.a(lib_a-nano-msizer.o)
                0x000018ec                _malloc_usable_size_r
 *(.plt)
 *(.gnu.warning)
 *(.glue_7t)
 .glue_7t       0x00001900        0x0 linker stubs
 *(.glue_7)
 .glue_7        0x00001900        0x0 linker stubs
 *(.vfp11_veneer)
 .vfp11_veneer  0x00001900        0x0 linker stubs
 *(.bootloader)
 *(.ARM.extab* .gnu.linkonce.armextab.*)
 *(.gcc_except_table)

.v4_bx          0x00001900        0x0
 .v4_bx         0x00001900        0x0 linker stubs

.iplt           0x00001900        0x0
 .iplt          0x00001900        0x0 c:/program files (x86)/cypress/psoc creator/4.3/psoc creator/import/gnu/arm/5.4.1/bin/../lib/gcc/arm-none-eabi/5.4.1/armv7-m/crtbegin.o

.eh_frame_hdr
 *(.eh_frame_hdr)

.eh_frame       0x00001900        0x4
 *(.eh_frame)
 .eh_frame      0x00001900        0x0 c:/program files (x86)/cypress/psoc creator/4.3/psoc creator/import/gnu/arm/5.4.1/bin/../lib/gcc/arm-none-eabi/5.4.1/armv7-m/crtbegin.o
 .eh_frame      0x00001900        0x4 c:/program files (x86)/cypress/psoc creator/4.3/psoc creator/import/gnu/arm/5.4.1/bin/../lib/gcc/arm-none-eabi/5.4.1/armv7-m/crtend.o
                [!provide]                PROVIDE (__exidx_start, .)

.ARM.exidx
 *(.ARM.exidx* .gnu.linkonce.armexidx.*)
                0x00001904                __exidx_end = .

.rodata         0x00001904      0x784
 *(.rodata .rodata.* .gnu.linkonce.r.*)
 .rodata.str1.4
                0x00001904      0x172 .\CortexM3\ARM_GCC_541\Debug\main.o
 *fill*         0x00001a76        0x2 
 .rodata.str1.4
                0x00001a78      0x2d5 .\CortexM3\ARM_GCC_541\Debug\InterruptRoutines.o
 *fill*         0x00001d4d        0x3 
 .rodata.str1.4
                0x00001d50      0x27c .\CortexM3\ARM_GCC_541\Debug\Functions.o
                                0x27f (size before relaxing)
 .rodata        0x00001fcc       0x4e .\CortexM3\ARM_GCC_541\Debug\cyfitter_cfg.o
 .rodata.str1.1
                0x0000201a        0x2 c:/program files (x86)/cypress/psoc creator/4.3/psoc creator/import/gnu/arm/5.4.1/bin/../lib/gcc/arm-none-eabi/5.4.1/../../../../arm-none-eabi/lib/armv7-m\libg_nano.a(lib_a-impure.o)
 .rodata.str1.1
                0x0000201c       0x11 c:/program files (x86)/cypress/psoc creator/4.3/psoc creator/import/gnu/arm/5.4.1/bin/../lib/gcc/arm-none-eabi/5.4.1/../../../../arm-none-eabi/lib/armv7-m\libg_nano.a(lib_a-nano-svfprintf.o)
 .rodata.str1.1
                0x0000202d       0x22 c:/program files (x86)/cypress/psoc creator/4.3/psoc creator/import/gnu/arm/5.4.1/bin/../lib/gcc/arm-none-eabi/5.4.1/../../../../arm-none-eabi/lib/armv7-m\libg_nano.a(lib_a-nano-vfprintf_i.o)
                0x00002050                . = ALIGN (0x4)
 *fill*         0x0000204f        0x1 
 *(.init)
 .init          0x00002050        0x4 c:/program files (x86)/cypress/psoc creator/4.3/psoc creator/import/gnu/arm/5.4.1/bin/../lib/gcc/arm-none-eabi/5.4.1/armv7-m/crti.o
                0x00002050                _init
 .init          0x00002054        0x8 c:/program files (x86)/cypress/psoc creator/4.3/psoc creator/import/gnu/arm/5.4.1/bin/../lib/gcc/arm-none-eabi/5.4.1/armv7-m/crtn.o
                0x0000205c                . = ALIGN (0x4)
                0x0000205c                __preinit_array_start = .
 *(.preinit_array)
                0x0000205c                __preinit_array_end = .
                0x0000205c                . = ALIGN (0x4)
                0x0000205c                __init_array_start = .
 *(SORT(.init_array.*))
 *(.init_array)
 .init_array    0x0000205c        0x4 c:/program files (x86)/cypress/psoc creator/4.3/psoc creator/import/gnu/arm/5.4.1/bin/../lib/gcc/arm-none-eabi/5.4.1/armv7-m/crtbegin.o
 .init_array    0x00002060        0x4 .\CortexM3\ARM_GCC_541\Debug\Cm3Start.o
                0x00002064                __init_array_end = .
                0x00002064                . = ALIGN (0x4)
 *(.fini)
 .fini          0x00002064        0x4 c:/program files (x86)/cypress/psoc creator/4.3/psoc creator/import/gnu/arm/5.4.1/bin/../lib/gcc/arm-none-eabi/5.4.1/armv7-m/crti.o
                0x00002064                _fini
 .fini          0x00002068        0x8 c:/program files (x86)/cypress/psoc creator/4.3/psoc creator/import/gnu/arm/5.4.1/bin/../lib/gcc/arm-none-eabi/5.4.1/armv7-m/crtn.o
                0x00002070                . = ALIGN (0x4)
                0x00002070                __fini_array_start = .
 *(.fini_array)
 .fini_array    0x00002070        0x4 c:/program files (x86)/cypress/psoc creator/4.3/psoc creator/import/gnu/arm/5.4.1/bin/../lib/gcc/arm-none-eabi/5.4.1/armv7-m/crtbegin.o
 *(SORT(.fini_array.*))
                0x00002074                __fini_array_end = .
                0x00002074                . = ALIGN (0x4)
 *crtbegin.o(.ctors)
 *(EXCLUDE_FILE(*crtend.o) .ctors)
 *(SORT(.ctors.*))
 *crtend.o(.ctors)
                0x00002074                . = ALIGN (0x4)
 *crtbegin.o(.dtors)
 *(EXCLUDE_FILE(*crtend.o) .dtors)
 *(SORT(.dtors.*))
 *crtend.o(.dtors)
                0x00002074                . = ALIGN (0x4)
                0x00002074                __cy_regions = .
                0x00002074        0x4 LONG 0x2088 __cy_region_init_ram
                0x00002078        0x4 LONG 0x1fff80c8 __cy_region_start_data
                0x0000207c        0x4 LONG 0x80 __cy_region_init_size_ram
                0x00002080        0x4 LONG 0xb8 __cy_region_zero_size_ram
                0x00002084                __cy_regions_end = .
                0x00002088                . = ALIGN (0x8)
 *fill*         0x00002084        0x4 
                0x00002088                _etext = .

.cy_checksum_exclude
                0x00002088        0x0
 *(.cy_checksum_exclude)

.ramvectors     0x1fff8000       0xc0
                0x1fff8000                __cy_region_start_ram = .
 *(.ramvectors)
 .ramvectors    0x1fff8000       0xc0 .\CortexM3\ARM_GCC_541\Debug\Cm3Start.o
                0x1fff8000                CyRamVectors

.noinit         0x1fff80c0        0x1
 *(.noinit)
 .noinit        0x1fff80c0        0x1 .\CortexM3\ARM_GCC_541\Debug\Final_Project_Group5.a(CyLib.o)
                0x1fff80c0                CyResetStatus

.data           0x1fff80c8       0x80 load address 0x00002088
                0x1fff80c8                __cy_region_start_data = .
 *(.jcr)
 .jcr           0x1fff80c8        0x0 c:/program files (x86)/cypress/psoc creator/4.3/psoc creator/import/gnu/arm/5.4.1/bin/../lib/gcc/arm-none-eabi/5.4.1/armv7-m/crtbegin.o
 .jcr           0x1fff80c8        0x4 c:/program files (x86)/cypress/psoc creator/4.3/psoc creator/import/gnu/arm/5.4.1/bin/../lib/gcc/arm-none-eabi/5.4.1/armv7-m/crtend.o
 *(.got.plt)
 *(.got)
 *(.shdata)
 *(.data .data.* .gnu.linkonce.d.*)
 .data          0x1fff80cc        0x4 .\CortexM3\ARM_GCC_541\Debug\Cm3Start.o
 .data          0x1fff80d0       0x10 .\CortexM3\ARM_GCC_541\Debug\Final_Project_Group5.a(CyLib.o)
                0x1fff80d0                cydelay_32k_ms
                0x1fff80d4                cydelay_freq_khz
                0x1fff80d8                cydelay_freq_mhz
                0x1fff80dc                cydelay_freq_hz
 .data.impure_data
                0x1fff80e0       0x60 c:/program files (x86)/cypress/psoc creator/4.3/psoc creator/import/gnu/arm/5.4.1/bin/../lib/gcc/arm-none-eabi/5.4.1/../../../../arm-none-eabi/lib/armv7-m\libg_nano.a(lib_a-impure.o)
 .data._impure_ptr
                0x1fff8140        0x4 c:/program files (x86)/cypress/psoc creator/4.3/psoc creator/import/gnu/arm/5.4.1/bin/../lib/gcc/arm-none-eabi/5.4.1/../../../../arm-none-eabi/lib/armv7-m\libg_nano.a(lib_a-impure.o)
                0x1fff8140                _impure_ptr
                0x1fff8148                . = ALIGN (0x8)
 *fill*         0x1fff8144        0x4 
 *(.ram)
                0x1fff8148                _edata = .

.igot.plt       0x1fff8148        0x0 load address 0x00002108
 .igot.plt      0x1fff8148        0x0 c:/program files (x86)/cypress/psoc creator/4.3/psoc creator/import/gnu/arm/5.4.1/bin/../lib/gcc/arm-none-eabi/5.4.1/armv7-m/crtbegin.o

.bss            0x1fff8148       0xb8 load address 0x00002108
                0x1fff8148                PROVIDE (__bss_start__, .)
 *(.shbss)
 *(.bss .bss.* .gnu.linkonce.b.*)
 .bss           0x1fff8148       0x1c c:/program files (x86)/cypress/psoc creator/4.3/psoc creator/import/gnu/arm/5.4.1/bin/../lib/gcc/arm-none-eabi/5.4.1/armv7-m/crtbegin.o
 .bss           0x1fff8164        0x3 .\CortexM3\ARM_GCC_541\Debug\InterruptRoutines.o
                0x1fff8164                FSRFlag
                0x1fff8165                TemperatureFlag
                0x1fff8166                SamplingFreqFlag
 .bss           0x1fff8167        0x1 .\CortexM3\ARM_GCC_541\Debug\Final_Project_Group5.a(SPIM_1.o)
                0x1fff8167                SPIM_1_initVar
 .bss           0x1fff8168        0x2 .\CortexM3\ARM_GCC_541\Debug\Final_Project_Group5.a(UART_1.o)
                0x1fff8168                UART_1_initVar
 .bss           0x1fff816a        0x1 .\CortexM3\ARM_GCC_541\Debug\Final_Project_Group5.a(SPIM_2.o)
                0x1fff816a                SPIM_2_initVar
 *fill*         0x1fff816b        0x1 
 .bss.__malloc_sbrk_start
                0x1fff816c        0x4 c:/program files (x86)/cypress/psoc creator/4.3/psoc creator/import/gnu/arm/5.4.1/bin/../lib/gcc/arm-none-eabi/5.4.1/../../../../arm-none-eabi/lib/armv7-m\libg_nano.a(lib_a-nano-mallocr.o)
                0x1fff816c                __malloc_sbrk_start
 .bss.__malloc_free_list
                0x1fff8170        0x4 c:/program files (x86)/cypress/psoc creator/4.3/psoc creator/import/gnu/arm/5.4.1/bin/../lib/gcc/arm-none-eabi/5.4.1/../../../../arm-none-eabi/lib/armv7-m\libg_nano.a(lib_a-nano-mallocr.o)
                0x1fff8170                __malloc_free_list
 *(COMMON)
 COMMON         0x1fff8174       0x64 .\CortexM3\ARM_GCC_541\Debug\main.o
                0x1fff8174                bufferUART
 COMMON         0x1fff81d8        0x1 .\CortexM3\ARM_GCC_541\Debug\InterruptRoutines.o
                0x1fff81d8                ch_received
 *fill*         0x1fff81d9        0x3 
 COMMON         0x1fff81dc       0x1c .\CortexM3\ARM_GCC_541\Debug\Final_Project_Group5.a(SPIM_1.o)
                0x1fff81dc                SPIM_1_swStatusTx
                0x1fff81e0                SPIM_1_txBuffer
                0x1fff81e8                SPIM_1_txBufferFull
                0x1fff81e9                SPIM_1_rxBufferWrite
                0x1fff81ea                SPIM_1_rxBufferFull
                0x1fff81eb                SPIM_1_rxBufferRead
                0x1fff81ec                SPIM_1_txBufferWrite
                0x1fff81ed                SPIM_1_swStatusRx
                0x1fff81ee                SPIM_1_txBufferRead
                0x1fff81f0                SPIM_1_rxBuffer
 COMMON         0x1fff81f8        0x4 c:/program files (x86)/cypress/psoc creator/4.3/psoc creator/import/gnu/arm/5.4.1/bin/../lib/gcc/arm-none-eabi/5.4.1/../../../../arm-none-eabi/lib/armv7-m\libg_nano.a(lib_a-reent.o)
                0x1fff81f8                errno
                0x1fff8200                . = ALIGN (0x8)
 *fill*         0x1fff81fc        0x4 
 *(.ram.b)
                0x1fff8200                _end = .
                0x1fff8200                __end = .
                0x1fff8200                PROVIDE (end, .)
                0x1fff8200                PROVIDE (__bss_end__, .)
                0x00002088                __cy_region_init_ram = LOADADDR (.data)
                0x00000080                __cy_region_init_size_ram = (_edata - ADDR (.data))
                0x000000b8                __cy_region_zero_size_ram = (_end - _edata)

.heap           0x1fff8200       0x80 load address 0x00002108
                0x1fff8200                . = _end
                0x1fff8280                . = (. + 0x80)
 *fill*         0x1fff8200       0x80 
                0x1fff8280                __cy_heap_limit = .

.stack          0x20007800      0x800
                0x20007800                __cy_stack_limit = .
                0x20008000                . = (. + 0x800)
 *fill*         0x20007800      0x800 
                0x00000001                ASSERT ((__cy_stack_limit >= __cy_heap_limit), region RAM overflowed with stack)
                0x00000000                cy_checksum_exclude_size = (CY_APPL_LOADABLE == 0x1)?SIZEOF (.cy_checksum_exclude):0x0
                0x00000001                ASSERT ((cy_checksum_exclude_size <= CY_CHECKSUM_EXCLUDE_SIZE), CY_BOOT: Section .cy_checksum_exclude size exceedes specified limit.)

.cyloadermeta
 *(.cyloadermeta)

.cyloadablemeta
 *(.cyloadablemeta)

.cyconfigecc    0x80000000      0x914
 *(.cyconfigecc)
 .cyconfigecc   0x80000000      0x914 .\CortexM3\ARM_GCC_541\Debug\cymetadata.o
                0x80000000                cy_meta_configecc

.cycustnvl      0x90000000        0x4
 *(.cycustnvl)
 .cycustnvl     0x90000000        0x4 .\CortexM3\ARM_GCC_541\Debug\cymetadata.o
                0x90000000                cy_meta_custnvl

.cywolatch      0x90100000        0x4
 *(.cywolatch)
 .cywolatch     0x90100000        0x4 .\CortexM3\ARM_GCC_541\Debug\cymetadata.o
                0x90100000                cy_meta_wonvl

.cyeeprom       0x90200000        0x0
 *(.cyeeprom)
                0x00000001                ASSERT ((. <= ((0x90200000 + ee_offset) + ee_size)), .cyeeprom data will not fit in EEPROM)

.cyflashprotect
                0x90400000      0x100
 *(.cyflashprotect)
 .cyflashprotect
                0x90400000      0x100 .\CortexM3\ARM_GCC_541\Debug\cymetadata.o
                0x90400000                cy_meta_flashprotect

.cymeta         0x90500000        0xc
 *(.cymeta)
 .cymeta        0x90500000        0xc .\CortexM3\ARM_GCC_541\Debug\cymetadata.o
                0x90500000                cy_metadata

.rel.dyn        0x00002108        0x0 load address 0x9050000c
 .rel.iplt      0x00002108        0x0 c:/program files (x86)/cypress/psoc creator/4.3/psoc creator/import/gnu/arm/5.4.1/bin/../lib/gcc/arm-none-eabi/5.4.1/armv7-m/crtbegin.o

.stab
 *(.stab)

.stabstr
 *(.stabstr)

.debug
 *(.debug)

.line
 *(.line)

.debug_srcinfo
 *(.debug_srcinfo)

.debug_sfnames
 *(.debug_sfnames)

.debug_aranges  0x00000000      0xb78
 *(.debug_aranges)
 .debug_aranges
                0x00000000       0x20 .\CortexM3\ARM_GCC_541\Debug\main.o
 .debug_aranges
                0x00000020       0x50 .\CortexM3\ARM_GCC_541\Debug\25LC256.o
 .debug_aranges
                0x00000070       0x28 .\CortexM3\ARM_GCC_541\Debug\InterruptRoutines.o
 .debug_aranges
                0x00000098       0x30 .\CortexM3\ARM_GCC_541\Debug\LIS3DH.o
 .debug_aranges
                0x000000c8       0x38 .\CortexM3\ARM_GCC_541\Debug\SPI_Interface_25LC256.o
 .debug_aranges
                0x00000100       0x38 .\CortexM3\ARM_GCC_541\Debug\SPI_Interface_LIS3DH.o
 .debug_aranges
                0x00000138       0x20 .\CortexM3\ARM_GCC_541\Debug\Functions.o
 .debug_aranges
                0x00000158       0x58 .\CortexM3\ARM_GCC_541\Debug\cyfitter_cfg.o
 .debug_aranges
                0x000001b0       0x18 .\CortexM3\ARM_GCC_541\Debug\cymetadata.o
 .debug_aranges
                0x000001c8       0x48 .\CortexM3\ARM_GCC_541\Debug\Cm3Start.o
 .debug_aranges
                0x00000210       0xd8 .\CortexM3\ARM_GCC_541\Debug\Final_Project_Group5.a(SPIM_1.o)
 .debug_aranges
                0x000002e8       0x28 .\CortexM3\ARM_GCC_541\Debug\Final_Project_Group5.a(SPIM_1_INT.o)
 .debug_aranges
                0x00000310       0xf0 .\CortexM3\ARM_GCC_541\Debug\Final_Project_Group5.a(UART_1.o)
 .debug_aranges
                0x00000400       0x38 .\CortexM3\ARM_GCC_541\Debug\Final_Project_Group5.a(CS_1.o)
 .debug_aranges
                0x00000438       0x38 .\CortexM3\ARM_GCC_541\Debug\Final_Project_Group5.a(CS_2.o)
 .debug_aranges
                0x00000470       0xd8 .\CortexM3\ARM_GCC_541\Debug\Final_Project_Group5.a(SPIM_2.o)
 .debug_aranges
                0x00000548       0x80 .\CortexM3\ARM_GCC_541\Debug\Final_Project_Group5.a(isr_RX.o)
 .debug_aranges
                0x000005c8       0x70 .\CortexM3\ARM_GCC_541\Debug\Final_Project_Group5.a(SPIM_1_IntClock.o)
 .debug_aranges
                0x00000638       0x70 .\CortexM3\ARM_GCC_541\Debug\Final_Project_Group5.a(UART_1_IntClock.o)
 .debug_aranges
                0x000006a8       0x70 .\CortexM3\ARM_GCC_541\Debug\Final_Project_Group5.a(SPIM_2_IntClock.o)
 .debug_aranges
                0x00000718      0x2a0 .\CortexM3\ARM_GCC_541\Debug\Final_Project_Group5.a(CyLib.o)
 .debug_aranges
                0x000009b8       0x98 .\CortexM3\ARM_GCC_541\Debug\Final_Project_Group5.a(cyPm.o)
 .debug_aranges
                0x00000a50       0x20 .\CortexM3\ARM_GCC_541\Debug\Final_Project_Group5.a(CyBootAsmGnu.o)
 .debug_aranges
                0x00000a70       0x88 .\CortexM3\ARM_GCC_541\Debug\Final_Project_Group5.a(CyFlash.o)
 .debug_aranges
                0x00000af8       0x80 .\CortexM3\ARM_GCC_541\Debug\Final_Project_Group5.a(CySpc.o)

.debug_pubnames
 *(.debug_pubnames)

.debug_info     0x00000000     0x6e67
 *(.debug_info .gnu.linkonce.wi.*)
 .debug_info    0x00000000      0x456 .\CortexM3\ARM_GCC_541\Debug\main.o
 .debug_info    0x00000456      0x3b4 .\CortexM3\ARM_GCC_541\Debug\25LC256.o
 .debug_info    0x0000080a      0x5c2 .\CortexM3\ARM_GCC_541\Debug\InterruptRoutines.o
 .debug_info    0x00000dcc      0x24b .\CortexM3\ARM_GCC_541\Debug\LIS3DH.o
 .debug_info    0x00001017      0x3d4 .\CortexM3\ARM_GCC_541\Debug\SPI_Interface_25LC256.o
 .debug_info    0x000013eb      0x3d4 .\CortexM3\ARM_GCC_541\Debug\SPI_Interface_LIS3DH.o
 .debug_info    0x000017bf      0x1f2 .\CortexM3\ARM_GCC_541\Debug\Functions.o
 .debug_info    0x000019b1      0x5f2 .\CortexM3\ARM_GCC_541\Debug\cyfitter_cfg.o
 .debug_info    0x00001fa3      0x139 .\CortexM3\ARM_GCC_541\Debug\cymetadata.o
 .debug_info    0x000020dc      0x3bb .\CortexM3\ARM_GCC_541\Debug\Cm3Start.o
 .debug_info    0x00002497      0x709 .\CortexM3\ARM_GCC_541\Debug\Final_Project_Group5.a(SPIM_1.o)
 .debug_info    0x00002ba0      0x18d .\CortexM3\ARM_GCC_541\Debug\Final_Project_Group5.a(SPIM_1_INT.o)
 .debug_info    0x00002d2d      0x60c .\CortexM3\ARM_GCC_541\Debug\Final_Project_Group5.a(UART_1.o)
 .debug_info    0x00003339      0x11f .\CortexM3\ARM_GCC_541\Debug\Final_Project_Group5.a(CS_1.o)
 .debug_info    0x00003458      0x11f .\CortexM3\ARM_GCC_541\Debug\Final_Project_Group5.a(CS_2.o)
 .debug_info    0x00003577      0x4bb .\CortexM3\ARM_GCC_541\Debug\Final_Project_Group5.a(SPIM_2.o)
 .debug_info    0x00003a32      0x2d2 .\CortexM3\ARM_GCC_541\Debug\Final_Project_Group5.a(isr_RX.o)
 .debug_info    0x00003d04      0x283 .\CortexM3\ARM_GCC_541\Debug\Final_Project_Group5.a(SPIM_1_IntClock.o)
 .debug_info    0x00003f87      0x283 .\CortexM3\ARM_GCC_541\Debug\Final_Project_Group5.a(UART_1_IntClock.o)
 .debug_info    0x0000420a      0x283 .\CortexM3\ARM_GCC_541\Debug\Final_Project_Group5.a(SPIM_2_IntClock.o)
 .debug_info    0x0000448d     0x1374 .\CortexM3\ARM_GCC_541\Debug\Final_Project_Group5.a(CyLib.o)
 .debug_info    0x00005801      0xa2a .\CortexM3\ARM_GCC_541\Debug\Final_Project_Group5.a(cyPm.o)
 .debug_info    0x0000622b       0x9f .\CortexM3\ARM_GCC_541\Debug\Final_Project_Group5.a(CyBootAsmGnu.o)
 .debug_info    0x000062ca      0x64d .\CortexM3\ARM_GCC_541\Debug\Final_Project_Group5.a(CyFlash.o)
 .debug_info    0x00006917      0x550 .\CortexM3\ARM_GCC_541\Debug\Final_Project_Group5.a(CySpc.o)

.debug_abbrev   0x00000000     0x1d47
 *(.debug_abbrev)
 .debug_abbrev  0x00000000       0xe0 .\CortexM3\ARM_GCC_541\Debug\main.o
 .debug_abbrev  0x000000e0      0x11c .\CortexM3\ARM_GCC_541\Debug\25LC256.o
 .debug_abbrev  0x000001fc       0xdf .\CortexM3\ARM_GCC_541\Debug\InterruptRoutines.o
 .debug_abbrev  0x000002db       0xdb .\CortexM3\ARM_GCC_541\Debug\LIS3DH.o
 .debug_abbrev  0x000003b6      0x12b .\CortexM3\ARM_GCC_541\Debug\SPI_Interface_25LC256.o
 .debug_abbrev  0x000004e1      0x12b .\CortexM3\ARM_GCC_541\Debug\SPI_Interface_LIS3DH.o
 .debug_abbrev  0x0000060c       0x9c .\CortexM3\ARM_GCC_541\Debug\Functions.o
 .debug_abbrev  0x000006a8      0x20d .\CortexM3\ARM_GCC_541\Debug\cyfitter_cfg.o
 .debug_abbrev  0x000008b5       0x77 .\CortexM3\ARM_GCC_541\Debug\cymetadata.o
 .debug_abbrev  0x0000092c      0x1e8 .\CortexM3\ARM_GCC_541\Debug\Cm3Start.o
 .debug_abbrev  0x00000b14      0x162 .\CortexM3\ARM_GCC_541\Debug\Final_Project_Group5.a(SPIM_1.o)
 .debug_abbrev  0x00000c76       0x8a .\CortexM3\ARM_GCC_541\Debug\Final_Project_Group5.a(SPIM_1_INT.o)
 .debug_abbrev  0x00000d00      0x175 .\CortexM3\ARM_GCC_541\Debug\Final_Project_Group5.a(UART_1.o)
 .debug_abbrev  0x00000e75       0x90 .\CortexM3\ARM_GCC_541\Debug\Final_Project_Group5.a(CS_1.o)
 .debug_abbrev  0x00000f05       0x90 .\CortexM3\ARM_GCC_541\Debug\Final_Project_Group5.a(CS_2.o)
 .debug_abbrev  0x00000f95      0x146 .\CortexM3\ARM_GCC_541\Debug\Final_Project_Group5.a(SPIM_2.o)
 .debug_abbrev  0x000010db      0x173 .\CortexM3\ARM_GCC_541\Debug\Final_Project_Group5.a(isr_RX.o)
 .debug_abbrev  0x0000124e      0x139 .\CortexM3\ARM_GCC_541\Debug\Final_Project_Group5.a(SPIM_1_IntClock.o)
 .debug_abbrev  0x00001387      0x139 .\CortexM3\ARM_GCC_541\Debug\Final_Project_Group5.a(UART_1_IntClock.o)
 .debug_abbrev  0x000014c0      0x139 .\CortexM3\ARM_GCC_541\Debug\Final_Project_Group5.a(SPIM_2_IntClock.o)
 .debug_abbrev  0x000015f9      0x254 .\CortexM3\ARM_GCC_541\Debug\Final_Project_Group5.a(CyLib.o)
 .debug_abbrev  0x0000184d      0x1ab .\CortexM3\ARM_GCC_541\Debug\Final_Project_Group5.a(cyPm.o)
 .debug_abbrev  0x000019f8       0x14 .\CortexM3\ARM_GCC_541\Debug\Final_Project_Group5.a(CyBootAsmGnu.o)
 .debug_abbrev  0x00001a0c      0x1a7 .\CortexM3\ARM_GCC_541\Debug\Final_Project_Group5.a(CyFlash.o)
 .debug_abbrev  0x00001bb3      0x194 .\CortexM3\ARM_GCC_541\Debug\Final_Project_Group5.a(CySpc.o)

.debug_line     0x00000000     0x3226
 *(.debug_line)
 .debug_line    0x00000000      0x246 .\CortexM3\ARM_GCC_541\Debug\main.o
 .debug_line    0x00000246      0x1ee .\CortexM3\ARM_GCC_541\Debug\25LC256.o
 .debug_line    0x00000434      0x1fe .\CortexM3\ARM_GCC_541\Debug\InterruptRoutines.o
 .debug_line    0x00000632      0x19b .\CortexM3\ARM_GCC_541\Debug\LIS3DH.o
 .debug_line    0x000007cd      0x1fc .\CortexM3\ARM_GCC_541\Debug\SPI_Interface_25LC256.o
 .debug_line    0x000009c9      0x1fc .\CortexM3\ARM_GCC_541\Debug\SPI_Interface_LIS3DH.o
 .debug_line    0x00000bc5      0x176 .\CortexM3\ARM_GCC_541\Debug\Functions.o
 .debug_line    0x00000d3b      0x1fb .\CortexM3\ARM_GCC_541\Debug\cyfitter_cfg.o
 .debug_line    0x00000f36      0x141 .\CortexM3\ARM_GCC_541\Debug\cymetadata.o
 .debug_line    0x00001077      0x234 .\CortexM3\ARM_GCC_541\Debug\Cm3Start.o
 .debug_line    0x000012ab      0x29e .\CortexM3\ARM_GCC_541\Debug\Final_Project_Group5.a(SPIM_1.o)
 .debug_line    0x00001549       0xaa .\CortexM3\ARM_GCC_541\Debug\Final_Project_Group5.a(SPIM_1_INT.o)
 .debug_line    0x000015f3      0x2c0 .\CortexM3\ARM_GCC_541\Debug\Final_Project_Group5.a(UART_1.o)
 .debug_line    0x000018b3       0x91 .\CortexM3\ARM_GCC_541\Debug\Final_Project_Group5.a(CS_1.o)
 .debug_line    0x00001944       0x91 .\CortexM3\ARM_GCC_541\Debug\Final_Project_Group5.a(CS_2.o)
 .debug_line    0x000019d5      0x247 .\CortexM3\ARM_GCC_541\Debug\Final_Project_Group5.a(SPIM_2.o)
 .debug_line    0x00001c1c      0x133 .\CortexM3\ARM_GCC_541\Debug\Final_Project_Group5.a(isr_RX.o)
 .debug_line    0x00001d4f      0x17e .\CortexM3\ARM_GCC_541\Debug\Final_Project_Group5.a(SPIM_1_IntClock.o)
 .debug_line    0x00001ecd      0x17e .\CortexM3\ARM_GCC_541\Debug\Final_Project_Group5.a(UART_1_IntClock.o)
 .debug_line    0x0000204b      0x17e .\CortexM3\ARM_GCC_541\Debug\Final_Project_Group5.a(SPIM_2_IntClock.o)
 .debug_line    0x000021c9      0x816 .\CortexM3\ARM_GCC_541\Debug\Final_Project_Group5.a(CyLib.o)
 .debug_line    0x000029df      0x367 .\CortexM3\ARM_GCC_541\Debug\Final_Project_Group5.a(cyPm.o)
 .debug_line    0x00002d46       0x66 .\CortexM3\ARM_GCC_541\Debug\Final_Project_Group5.a(CyBootAsmGnu.o)
 .debug_line    0x00002dac      0x21a .\CortexM3\ARM_GCC_541\Debug\Final_Project_Group5.a(CyFlash.o)
 .debug_line    0x00002fc6      0x260 .\CortexM3\ARM_GCC_541\Debug\Final_Project_Group5.a(CySpc.o)

.debug_frame    0x00000000     0x1fdc
 *(.debug_frame)
 .debug_frame   0x00000000       0x2c .\CortexM3\ARM_GCC_541\Debug\main.o
 .debug_frame   0x0000002c       0xf8 .\CortexM3\ARM_GCC_541\Debug\25LC256.o
 .debug_frame   0x00000124       0x3c .\CortexM3\ARM_GCC_541\Debug\InterruptRoutines.o
 .debug_frame   0x00000160       0x6c .\CortexM3\ARM_GCC_541\Debug\LIS3DH.o
 .debug_frame   0x000001cc       0x88 .\CortexM3\ARM_GCC_541\Debug\SPI_Interface_25LC256.o
 .debug_frame   0x00000254       0x88 .\CortexM3\ARM_GCC_541\Debug\SPI_Interface_LIS3DH.o
 .debug_frame   0x000002dc       0x30 .\CortexM3\ARM_GCC_541\Debug\Functions.o
 .debug_frame   0x0000030c       0xe4 .\CortexM3\ARM_GCC_541\Debug\cyfitter_cfg.o
 .debug_frame   0x000003f0       0xb8 .\CortexM3\ARM_GCC_541\Debug\Cm3Start.o
 .debug_frame   0x000004a8      0x260 .\CortexM3\ARM_GCC_541\Debug\Final_Project_Group5.a(SPIM_1.o)
 .debug_frame   0x00000708       0x30 .\CortexM3\ARM_GCC_541\Debug\Final_Project_Group5.a(SPIM_1_INT.o)
 .debug_frame   0x00000738      0x250 .\CortexM3\ARM_GCC_541\Debug\Final_Project_Group5.a(UART_1.o)
 .debug_frame   0x00000988       0x50 .\CortexM3\ARM_GCC_541\Debug\Final_Project_Group5.a(CS_1.o)
 .debug_frame   0x000009d8       0x50 .\CortexM3\ARM_GCC_541\Debug\Final_Project_Group5.a(CS_2.o)
 .debug_frame   0x00000a28      0x1e8 .\CortexM3\ARM_GCC_541\Debug\Final_Project_Group5.a(SPIM_2.o)
 .debug_frame   0x00000c10      0x104 .\CortexM3\ARM_GCC_541\Debug\Final_Project_Group5.a(isr_RX.o)
 .debug_frame   0x00000d14       0xe0 .\CortexM3\ARM_GCC_541\Debug\Final_Project_Group5.a(SPIM_1_IntClock.o)
 .debug_frame   0x00000df4       0xe0 .\CortexM3\ARM_GCC_541\Debug\Final_Project_Group5.a(UART_1_IntClock.o)
 .debug_frame   0x00000ed4       0xe0 .\CortexM3\ARM_GCC_541\Debug\Final_Project_Group5.a(SPIM_2_IntClock.o)
 .debug_frame   0x00000fb4      0x738 .\CortexM3\ARM_GCC_541\Debug\Final_Project_Group5.a(CyLib.o)
 .debug_frame   0x000016ec      0x1f8 .\CortexM3\ARM_GCC_541\Debug\Final_Project_Group5.a(cyPm.o)
 .debug_frame   0x000018e4      0x194 .\CortexM3\ARM_GCC_541\Debug\Final_Project_Group5.a(CyFlash.o)
 .debug_frame   0x00001a78      0x180 .\CortexM3\ARM_GCC_541\Debug\Final_Project_Group5.a(CySpc.o)
 .debug_frame   0x00001bf8       0x20 c:/program files (x86)/cypress/psoc creator/4.3/psoc creator/import/gnu/arm/5.4.1/bin/../lib/gcc/arm-none-eabi/5.4.1/../../../../arm-none-eabi/lib/armv7-m\libg_nano.a(lib_a-errno.o)
 .debug_frame   0x00001c18       0x28 c:/program files (x86)/cypress/psoc creator/4.3/psoc creator/import/gnu/arm/5.4.1/bin/../lib/gcc/arm-none-eabi/5.4.1/../../../../arm-none-eabi/lib/armv7-m\libg_nano.a(lib_a-exit.o)
 .debug_frame   0x00001c40       0x2c c:/program files (x86)/cypress/psoc creator/4.3/psoc creator/import/gnu/arm/5.4.1/bin/../lib/gcc/arm-none-eabi/5.4.1/../../../../arm-none-eabi/lib/armv7-m\libg_nano.a(lib_a-init.o)
 .debug_frame   0x00001c6c       0x28 c:/program files (x86)/cypress/psoc creator/4.3/psoc creator/import/gnu/arm/5.4.1/bin/../lib/gcc/arm-none-eabi/5.4.1/../../../../arm-none-eabi/lib/armv7-m\libg_nano.a(lib_a-memcpy-stub.o)
 .debug_frame   0x00001c94       0x20 c:/program files (x86)/cypress/psoc creator/4.3/psoc creator/import/gnu/arm/5.4.1/bin/../lib/gcc/arm-none-eabi/5.4.1/../../../../arm-none-eabi/lib/armv7-m\libg_nano.a(lib_a-memset.o)
 .debug_frame   0x00001cb4       0x70 c:/program files (x86)/cypress/psoc creator/4.3/psoc creator/import/gnu/arm/5.4.1/bin/../lib/gcc/arm-none-eabi/5.4.1/../../../../arm-none-eabi/lib/armv7-m\libg_nano.a(lib_a-sprintf.o)
 .debug_frame   0x00001d24       0x90 c:/program files (x86)/cypress/psoc creator/4.3/psoc creator/import/gnu/arm/5.4.1/bin/../lib/gcc/arm-none-eabi/5.4.1/../../../../arm-none-eabi/lib/armv7-m\libg_nano.a(lib_a-nano-svfprintf.o)
 .debug_frame   0x00001db4       0x60 c:/program files (x86)/cypress/psoc creator/4.3/psoc creator/import/gnu/arm/5.4.1/bin/../lib/gcc/arm-none-eabi/5.4.1/../../../../arm-none-eabi/lib/armv7-m\libg_nano.a(lib_a-nano-vfprintf_i.o)
 .debug_frame   0x00001e14       0x28 c:/program files (x86)/cypress/psoc creator/4.3/psoc creator/import/gnu/arm/5.4.1/bin/../lib/gcc/arm-none-eabi/5.4.1/../../../../arm-none-eabi/lib/armv7-m\libg_nano.a(lib_a-memchr-stub.o)
 .debug_frame   0x00001e3c       0x28 c:/program files (x86)/cypress/psoc creator/4.3/psoc creator/import/gnu/arm/5.4.1/bin/../lib/gcc/arm-none-eabi/5.4.1/../../../../arm-none-eabi/lib/armv7-m\libg_nano.a(lib_a-memmove.o)
 .debug_frame   0x00001e64       0x38 c:/program files (x86)/cypress/psoc creator/4.3/psoc creator/import/gnu/arm/5.4.1/bin/../lib/gcc/arm-none-eabi/5.4.1/../../../../arm-none-eabi/lib/armv7-m\libg_nano.a(lib_a-nano-freer.o)
 .debug_frame   0x00001e9c       0x2c c:/program files (x86)/cypress/psoc creator/4.3/psoc creator/import/gnu/arm/5.4.1/bin/../lib/gcc/arm-none-eabi/5.4.1/../../../../arm-none-eabi/lib/armv7-m\libg_nano.a(lib_a-nano-mallocr.o)
 .debug_frame   0x00001ec8       0x3c c:/program files (x86)/cypress/psoc creator/4.3/psoc creator/import/gnu/arm/5.4.1/bin/../lib/gcc/arm-none-eabi/5.4.1/../../../../arm-none-eabi/lib/armv7-m\libg_nano.a(lib_a-nano-reallocr.o)
 .debug_frame   0x00001f04       0x2c c:/program files (x86)/cypress/psoc creator/4.3/psoc creator/import/gnu/arm/5.4.1/bin/../lib/gcc/arm-none-eabi/5.4.1/../../../../arm-none-eabi/lib/armv7-m\libg_nano.a(lib_a-sbrkr.o)
 .debug_frame   0x00001f30       0x30 c:/program files (x86)/cypress/psoc creator/4.3/psoc creator/import/gnu/arm/5.4.1/bin/../lib/gcc/arm-none-eabi/5.4.1/../../../../arm-none-eabi/lib/armv7-m\libg_nano.a(lib_a-mlock.o)
 .debug_frame   0x00001f60       0x20 c:/program files (x86)/cypress/psoc creator/4.3/psoc creator/import/gnu/arm/5.4.1/bin/../lib/gcc/arm-none-eabi/5.4.1/../../../../arm-none-eabi/lib/armv7-m\libg_nano.a(lib_a-nano-msizer.o)
 .debug_frame   0x00001f80       0x5c c:/program files (x86)/cypress/psoc creator/4.3/psoc creator/import/gnu/arm/5.4.1/bin/../lib/gcc/arm-none-eabi/5.4.1/../../../../arm-none-eabi/lib/armv7-m\libg_nano.a(lib_a-reent.o)

.debug_str      0x00000000     0x247d
 *(.debug_str)
 .debug_str     0x00000000      0x241 .\CortexM3\ARM_GCC_541\Debug\main.o
                                0x291 (size before relaxing)
 .debug_str     0x00000241      0x12e .\CortexM3\ARM_GCC_541\Debug\25LC256.o
                                0x2e7 (size before relaxing)
 .debug_str     0x0000036f       0x7c .\CortexM3\ARM_GCC_541\Debug\InterruptRoutines.o
                                0x263 (size before relaxing)
 .debug_str     0x000003eb       0x41 .\CortexM3\ARM_GCC_541\Debug\LIS3DH.o
                                0x231 (size before relaxing)
 .debug_str     0x0000042c      0x109 .\CortexM3\ARM_GCC_541\Debug\SPI_Interface_25LC256.o
                                0x32a (size before relaxing)
 .debug_str     0x00000535       0xf9 .\CortexM3\ARM_GCC_541\Debug\SPI_Interface_LIS3DH.o
                                0x325 (size before relaxing)
 .debug_str     0x0000062e        0xc .\CortexM3\ARM_GCC_541\Debug\Functions.o
                                0x1d0 (size before relaxing)
 .debug_str     0x0000063a      0x1a9 .\CortexM3\ARM_GCC_541\Debug\cyfitter_cfg.o
                                0x353 (size before relaxing)
 .debug_str     0x000007e3       0x75 .\CortexM3\ARM_GCC_541\Debug\cymetadata.o
                                0x1f3 (size before relaxing)
 .debug_str     0x00000858      0x144 .\CortexM3\ARM_GCC_541\Debug\Cm3Start.o
                                0x319 (size before relaxing)
 .debug_str     0x0000099c      0x301 .\CortexM3\ARM_GCC_541\Debug\Final_Project_Group5.a(SPIM_1.o)
                                0x539 (size before relaxing)
 .debug_str     0x00000c9d       0x40 .\CortexM3\ARM_GCC_541\Debug\Final_Project_Group5.a(SPIM_1_INT.o)
                                0x2a4 (size before relaxing)
 .debug_str     0x00000cdd      0x286 .\CortexM3\ARM_GCC_541\Debug\Final_Project_Group5.a(UART_1.o)
                                0x4c2 (size before relaxing)
 .debug_str     0x00000f63       0x5b .\CortexM3\ARM_GCC_541\Debug\Final_Project_Group5.a(CS_1.o)
                                0x1ec (size before relaxing)
 .debug_str     0x00000fbe       0x4b .\CortexM3\ARM_GCC_541\Debug\Final_Project_Group5.a(CS_2.o)
                                0x1ec (size before relaxing)
 .debug_str     0x00001009      0x1b5 .\CortexM3\ARM_GCC_541\Debug\Final_Project_Group5.a(SPIM_2.o)
                                0x457 (size before relaxing)
 .debug_str     0x000011be       0xfd .\CortexM3\ARM_GCC_541\Debug\Final_Project_Group5.a(isr_RX.o)
                                0x2c3 (size before relaxing)
 .debug_str     0x000012bb      0x19d .\CortexM3\ARM_GCC_541\Debug\Final_Project_Group5.a(SPIM_1_IntClock.o)
                                0x35d (size before relaxing)
 .debug_str     0x00001458      0x14c .\CortexM3\ARM_GCC_541\Debug\Final_Project_Group5.a(UART_1_IntClock.o)
                                0x35d (size before relaxing)
 .debug_str     0x000015a4      0x14c .\CortexM3\ARM_GCC_541\Debug\Final_Project_Group5.a(SPIM_2_IntClock.o)
                                0x35d (size before relaxing)
 .debug_str     0x000016f0      0x7c8 .\CortexM3\ARM_GCC_541\Debug\Final_Project_Group5.a(CyLib.o)
                                0xa56 (size before relaxing)
 .debug_str     0x00001eb8      0x365 .\CortexM3\ARM_GCC_541\Debug\Final_Project_Group5.a(cyPm.o)
                                0x742 (size before relaxing)
 .debug_str     0x0000221d      0x1b4 .\CortexM3\ARM_GCC_541\Debug\Final_Project_Group5.a(CyFlash.o)
                                0x3cf (size before relaxing)
 .debug_str     0x000023d1       0xac .\CortexM3\ARM_GCC_541\Debug\Final_Project_Group5.a(CySpc.o)
                                0x347 (size before relaxing)

.debug_loc      0x00000000     0x2a26
 *(.debug_loc)
 .debug_loc     0x00000000       0x72 .\CortexM3\ARM_GCC_541\Debug\main.o
 .debug_loc     0x00000072      0x15a .\CortexM3\ARM_GCC_541\Debug\25LC256.o
 .debug_loc     0x000001cc       0xdd .\CortexM3\ARM_GCC_541\Debug\LIS3DH.o
 .debug_loc     0x000002a9      0x16c .\CortexM3\ARM_GCC_541\Debug\SPI_Interface_25LC256.o
 .debug_loc     0x00000415      0x16c .\CortexM3\ARM_GCC_541\Debug\SPI_Interface_LIS3DH.o
 .debug_loc     0x00000581      0x288 .\CortexM3\ARM_GCC_541\Debug\cyfitter_cfg.o
 .debug_loc     0x00000809      0x144 .\CortexM3\ARM_GCC_541\Debug\Cm3Start.o
 .debug_loc     0x0000094d      0x20d .\CortexM3\ARM_GCC_541\Debug\Final_Project_Group5.a(SPIM_1.o)
 .debug_loc     0x00000b5a       0x74 .\CortexM3\ARM_GCC_541\Debug\Final_Project_Group5.a(SPIM_1_INT.o)
 .debug_loc     0x00000bce      0x258 .\CortexM3\ARM_GCC_541\Debug\Final_Project_Group5.a(UART_1.o)
 .debug_loc     0x00000e26       0x42 .\CortexM3\ARM_GCC_541\Debug\Final_Project_Group5.a(CS_1.o)
 .debug_loc     0x00000e68       0x42 .\CortexM3\ARM_GCC_541\Debug\Final_Project_Group5.a(CS_2.o)
 .debug_loc     0x00000eaa       0xfe .\CortexM3\ARM_GCC_541\Debug\Final_Project_Group5.a(SPIM_2.o)
 .debug_loc     0x00000fa8       0x56 .\CortexM3\ARM_GCC_541\Debug\Final_Project_Group5.a(isr_RX.o)
 .debug_loc     0x00000ffe      0x12c .\CortexM3\ARM_GCC_541\Debug\Final_Project_Group5.a(SPIM_1_IntClock.o)
 .debug_loc     0x0000112a      0x128 .\CortexM3\ARM_GCC_541\Debug\Final_Project_Group5.a(UART_1_IntClock.o)
 .debug_loc     0x00001252      0x128 .\CortexM3\ARM_GCC_541\Debug\Final_Project_Group5.a(SPIM_2_IntClock.o)
 .debug_loc     0x0000137a      0xa11 .\CortexM3\ARM_GCC_541\Debug\Final_Project_Group5.a(CyLib.o)
 .debug_loc     0x00001d8b      0x1e4 .\CortexM3\ARM_GCC_541\Debug\Final_Project_Group5.a(cyPm.o)
 .debug_loc     0x00001f6f      0x3b2 .\CortexM3\ARM_GCC_541\Debug\Final_Project_Group5.a(CyFlash.o)
 .debug_loc     0x00002321      0x705 .\CortexM3\ARM_GCC_541\Debug\Final_Project_Group5.a(CySpc.o)

.debug_macinfo
 *(.debug_macinfo)

.debug_ranges   0x00000000      0x9d0
 *(.debug_ranges)
 .debug_ranges  0x00000000       0x10 .\CortexM3\ARM_GCC_541\Debug\main.o
 .debug_ranges  0x00000010       0x40 .\CortexM3\ARM_GCC_541\Debug\25LC256.o
 .debug_ranges  0x00000050       0x18 .\CortexM3\ARM_GCC_541\Debug\InterruptRoutines.o
 .debug_ranges  0x00000068       0x20 .\CortexM3\ARM_GCC_541\Debug\LIS3DH.o
 .debug_ranges  0x00000088       0x28 .\CortexM3\ARM_GCC_541\Debug\SPI_Interface_25LC256.o
 .debug_ranges  0x000000b0       0x28 .\CortexM3\ARM_GCC_541\Debug\SPI_Interface_LIS3DH.o
 .debug_ranges  0x000000d8       0x10 .\CortexM3\ARM_GCC_541\Debug\Functions.o
 .debug_ranges  0x000000e8       0x48 .\CortexM3\ARM_GCC_541\Debug\cyfitter_cfg.o
 .debug_ranges  0x00000130       0x38 .\CortexM3\ARM_GCC_541\Debug\Cm3Start.o
 .debug_ranges  0x00000168       0xc8 .\CortexM3\ARM_GCC_541\Debug\Final_Project_Group5.a(SPIM_1.o)
 .debug_ranges  0x00000230       0x18 .\CortexM3\ARM_GCC_541\Debug\Final_Project_Group5.a(SPIM_1_INT.o)
 .debug_ranges  0x00000248       0xe0 .\CortexM3\ARM_GCC_541\Debug\Final_Project_Group5.a(UART_1.o)
 .debug_ranges  0x00000328       0x28 .\CortexM3\ARM_GCC_541\Debug\Final_Project_Group5.a(CS_1.o)
 .debug_ranges  0x00000350       0x28 .\CortexM3\ARM_GCC_541\Debug\Final_Project_Group5.a(CS_2.o)
 .debug_ranges  0x00000378       0xc8 .\CortexM3\ARM_GCC_541\Debug\Final_Project_Group5.a(SPIM_2.o)
 .debug_ranges  0x00000440       0x70 .\CortexM3\ARM_GCC_541\Debug\Final_Project_Group5.a(isr_RX.o)
 .debug_ranges  0x000004b0       0x60 .\CortexM3\ARM_GCC_541\Debug\Final_Project_Group5.a(SPIM_1_IntClock.o)
 .debug_ranges  0x00000510       0x60 .\CortexM3\ARM_GCC_541\Debug\Final_Project_Group5.a(UART_1_IntClock.o)
 .debug_ranges  0x00000570       0x60 .\CortexM3\ARM_GCC_541\Debug\Final_Project_Group5.a(SPIM_2_IntClock.o)
 .debug_ranges  0x000005d0      0x290 .\CortexM3\ARM_GCC_541\Debug\Final_Project_Group5.a(CyLib.o)
 .debug_ranges  0x00000860       0x88 .\CortexM3\ARM_GCC_541\Debug\Final_Project_Group5.a(cyPm.o)
 .debug_ranges  0x000008e8       0x78 .\CortexM3\ARM_GCC_541\Debug\Final_Project_Group5.a(CyFlash.o)
 .debug_ranges  0x00000960       0x70 .\CortexM3\ARM_GCC_541\Debug\Final_Project_Group5.a(CySpc.o)

.comment        0x00000000       0x6e
 .comment       0x00000000       0x6e .\CortexM3\ARM_GCC_541\Debug\main.o
                                 0x6f (size before relaxing)
 .comment       0x0000006e       0x6f .\CortexM3\ARM_GCC_541\Debug\25LC256.o
 .comment       0x0000006e       0x6f .\CortexM3\ARM_GCC_541\Debug\InterruptRoutines.o
 .comment       0x0000006e       0x6f .\CortexM3\ARM_GCC_541\Debug\LIS3DH.o
 .comment       0x0000006e       0x6f .\CortexM3\ARM_GCC_541\Debug\SPI_Interface_25LC256.o
 .comment       0x0000006e       0x6f .\CortexM3\ARM_GCC_541\Debug\SPI_Interface_LIS3DH.o
 .comment       0x0000006e       0x6f .\CortexM3\ARM_GCC_541\Debug\Functions.o
 .comment       0x0000006e       0x6f .\CortexM3\ARM_GCC_541\Debug\cyfitter_cfg.o
 .comment       0x0000006e       0x6f .\CortexM3\ARM_GCC_541\Debug\cymetadata.o
 .comment       0x0000006e       0x6f .\CortexM3\ARM_GCC_541\Debug\Cm3Start.o
 .comment       0x0000006e       0x6f .\CortexM3\ARM_GCC_541\Debug\Final_Project_Group5.a(SPIM_1.o)
 .comment       0x0000006e       0x6f .\CortexM3\ARM_GCC_541\Debug\Final_Project_Group5.a(SPIM_1_INT.o)
 .comment       0x0000006e       0x6f .\CortexM3\ARM_GCC_541\Debug\Final_Project_Group5.a(UART_1.o)
 .comment       0x0000006e       0x6f .\CortexM3\ARM_GCC_541\Debug\Final_Project_Group5.a(CS_1.o)
 .comment       0x0000006e       0x6f .\CortexM3\ARM_GCC_541\Debug\Final_Project_Group5.a(CS_2.o)
 .comment       0x0000006e       0x6f .\CortexM3\ARM_GCC_541\Debug\Final_Project_Group5.a(SPIM_2.o)
 .comment       0x0000006e       0x6f .\CortexM3\ARM_GCC_541\Debug\Final_Project_Group5.a(isr_RX.o)
 .comment       0x0000006e       0x6f .\CortexM3\ARM_GCC_541\Debug\Final_Project_Group5.a(SPIM_1_IntClock.o)
 .comment       0x0000006e       0x6f .\CortexM3\ARM_GCC_541\Debug\Final_Project_Group5.a(UART_1_IntClock.o)
 .comment       0x0000006e       0x6f .\CortexM3\ARM_GCC_541\Debug\Final_Project_Group5.a(SPIM_2_IntClock.o)
 .comment       0x0000006e       0x6f .\CortexM3\ARM_GCC_541\Debug\Final_Project_Group5.a(CyLib.o)
 .comment       0x0000006e       0x6f .\CortexM3\ARM_GCC_541\Debug\Final_Project_Group5.a(cyPm.o)
 .comment       0x0000006e       0x6f .\CortexM3\ARM_GCC_541\Debug\Final_Project_Group5.a(CyFlash.o)
 .comment       0x0000006e       0x6f .\CortexM3\ARM_GCC_541\Debug\Final_Project_Group5.a(CySpc.o)

.debug_weaknames
 *(.debug_weaknames)

.debug_funcnames
 *(.debug_funcnames)

.debug_typenames
 *(.debug_typenames)

.debug_varnames
 *(.debug_varnames)

.note.gnu.arm.ident
 *(.note.gnu.arm.ident)

.ARM.attributes
                0x00000000       0x29
 *(.ARM.attributes)
 .ARM.attributes
                0x00000000       0x1d c:/program files (x86)/cypress/psoc creator/4.3/psoc creator/import/gnu/arm/5.4.1/bin/../lib/gcc/arm-none-eabi/5.4.1/armv7-m/crti.o
 .ARM.attributes
                0x0000001d       0x2d c:/program files (x86)/cypress/psoc creator/4.3/psoc creator/import/gnu/arm/5.4.1/bin/../lib/gcc/arm-none-eabi/5.4.1/armv7-m/crtbegin.o
 .ARM.attributes
                0x0000004a       0x1b c:/program files (x86)/cypress/psoc creator/4.3/psoc creator/import/gnu/arm/5.4.1/bin/../lib/gcc/arm-none-eabi/5.4.1/../../../../arm-none-eabi/lib/armv7-m/crt0.o
 .ARM.attributes
                0x00000065       0x33 .\CortexM3\ARM_GCC_541\Debug\main.o
 .ARM.attributes
                0x00000098       0x33 .\CortexM3\ARM_GCC_541\Debug\25LC256.o
 .ARM.attributes
                0x000000cb       0x33 .\CortexM3\ARM_GCC_541\Debug\InterruptRoutines.o
 .ARM.attributes
                0x000000fe       0x33 .\CortexM3\ARM_GCC_541\Debug\LIS3DH.o
 .ARM.attributes
                0x00000131       0x33 .\CortexM3\ARM_GCC_541\Debug\SPI_Interface_25LC256.o
 .ARM.attributes
                0x00000164       0x33 .\CortexM3\ARM_GCC_541\Debug\SPI_Interface_LIS3DH.o
 .ARM.attributes
                0x00000197       0x33 .\CortexM3\ARM_GCC_541\Debug\Functions.o
 .ARM.attributes
                0x000001ca       0x33 .\CortexM3\ARM_GCC_541\Debug\cyfitter_cfg.o
 .ARM.attributes
                0x000001fd       0x33 .\CortexM3\ARM_GCC_541\Debug\cymetadata.o
 .ARM.attributes
                0x00000230       0x33 .\CortexM3\ARM_GCC_541\Debug\Cm3Start.o
 .ARM.attributes
                0x00000263       0x33 .\CortexM3\ARM_GCC_541\Debug\Final_Project_Group5.a(SPIM_1.o)
 .ARM.attributes
                0x00000296       0x33 .\CortexM3\ARM_GCC_541\Debug\Final_Project_Group5.a(SPIM_1_INT.o)
 .ARM.attributes
                0x000002c9       0x33 .\CortexM3\ARM_GCC_541\Debug\Final_Project_Group5.a(UART_1.o)
 .ARM.attributes
                0x000002fc       0x33 .\CortexM3\ARM_GCC_541\Debug\Final_Project_Group5.a(CS_1.o)
 .ARM.attributes
                0x0000032f       0x33 .\CortexM3\ARM_GCC_541\Debug\Final_Project_Group5.a(CS_2.o)
 .ARM.attributes
                0x00000362       0x33 .\CortexM3\ARM_GCC_541\Debug\Final_Project_Group5.a(SPIM_2.o)
 .ARM.attributes
                0x00000395       0x33 .\CortexM3\ARM_GCC_541\Debug\Final_Project_Group5.a(isr_RX.o)
 .ARM.attributes
                0x000003c8       0x33 .\CortexM3\ARM_GCC_541\Debug\Final_Project_Group5.a(SPIM_1_IntClock.o)
 .ARM.attributes
                0x000003fb       0x33 .\CortexM3\ARM_GCC_541\Debug\Final_Project_Group5.a(UART_1_IntClock.o)
 .ARM.attributes
                0x0000042e       0x33 .\CortexM3\ARM_GCC_541\Debug\Final_Project_Group5.a(SPIM_2_IntClock.o)
 .ARM.attributes
                0x00000461       0x33 .\CortexM3\ARM_GCC_541\Debug\Final_Project_Group5.a(CyLib.o)
 .ARM.attributes
                0x00000494       0x33 .\CortexM3\ARM_GCC_541\Debug\Final_Project_Group5.a(cyPm.o)
 .ARM.attributes
                0x000004c7       0x21 .\CortexM3\ARM_GCC_541\Debug\Final_Project_Group5.a(CyBootAsmGnu.o)
 .ARM.attributes
                0x000004e8       0x33 .\CortexM3\ARM_GCC_541\Debug\Final_Project_Group5.a(CyFlash.o)
 .ARM.attributes
                0x0000051b       0x33 .\CortexM3\ARM_GCC_541\Debug\Final_Project_Group5.a(CySpc.o)
 .ARM.attributes
                0x0000054e       0x2d c:/program files (x86)/cypress/psoc creator/4.3/psoc creator/import/gnu/arm/5.4.1/bin/../lib/gcc/arm-none-eabi/5.4.1/../../../../arm-none-eabi/lib/armv7-m\libg_nano.a(lib_a-errno.o)
 .ARM.attributes
                0x0000057b       0x2d c:/program files (x86)/cypress/psoc creator/4.3/psoc creator/import/gnu/arm/5.4.1/bin/../lib/gcc/arm-none-eabi/5.4.1/../../../../arm-none-eabi/lib/armv7-m\libg_nano.a(lib_a-exit.o)
 .ARM.attributes
                0x000005a8       0x2d c:/program files (x86)/cypress/psoc creator/4.3/psoc creator/import/gnu/arm/5.4.1/bin/../lib/gcc/arm-none-eabi/5.4.1/../../../../arm-none-eabi/lib/armv7-m\libg_nano.a(lib_a-impure.o)
 .ARM.attributes
                0x000005d5       0x2d c:/program files (x86)/cypress/psoc creator/4.3/psoc creator/import/gnu/arm/5.4.1/bin/../lib/gcc/arm-none-eabi/5.4.1/../../../../arm-none-eabi/lib/armv7-m\libg_nano.a(lib_a-init.o)
 .ARM.attributes
                0x00000602       0x2d c:/program files (x86)/cypress/psoc creator/4.3/psoc creator/import/gnu/arm/5.4.1/bin/../lib/gcc/arm-none-eabi/5.4.1/../../../../arm-none-eabi/lib/armv7-m\libg_nano.a(lib_a-memcpy-stub.o)
 .ARM.attributes
                0x0000062f       0x2d c:/program files (x86)/cypress/psoc creator/4.3/psoc creator/import/gnu/arm/5.4.1/bin/../lib/gcc/arm-none-eabi/5.4.1/../../../../arm-none-eabi/lib/armv7-m\libg_nano.a(lib_a-memset.o)
 .ARM.attributes
                0x0000065c       0x2d c:/program files (x86)/cypress/psoc creator/4.3/psoc creator/import/gnu/arm/5.4.1/bin/../lib/gcc/arm-none-eabi/5.4.1/../../../../arm-none-eabi/lib/armv7-m\libg_nano.a(lib_a-sprintf.o)
 .ARM.attributes
                0x00000689       0x2d c:/program files (x86)/cypress/psoc creator/4.3/psoc creator/import/gnu/arm/5.4.1/bin/../lib/gcc/arm-none-eabi/5.4.1/../../../../arm-none-eabi/lib/armv7-m\libg_nano.a(lib_a-nano-svfprintf.o)
 .ARM.attributes
                0x000006b6       0x2d c:/program files (x86)/cypress/psoc creator/4.3/psoc creator/import/gnu/arm/5.4.1/bin/../lib/gcc/arm-none-eabi/5.4.1/../../../../arm-none-eabi/lib/armv7-m\libg_nano.a(lib_a-nano-vfprintf_i.o)
 .ARM.attributes
                0x000006e3       0x2d c:/program files (x86)/cypress/psoc creator/4.3/psoc creator/import/gnu/arm/5.4.1/bin/../lib/gcc/arm-none-eabi/5.4.1/../../../../arm-none-eabi/lib/armv7-m\libg_nano.a(lib_a-memchr-stub.o)
 .ARM.attributes
                0x00000710       0x2d c:/program files (x86)/cypress/psoc creator/4.3/psoc creator/import/gnu/arm/5.4.1/bin/../lib/gcc/arm-none-eabi/5.4.1/../../../../arm-none-eabi/lib/armv7-m\libg_nano.a(lib_a-memmove.o)
 .ARM.attributes
                0x0000073d       0x2d c:/program files (x86)/cypress/psoc creator/4.3/psoc creator/import/gnu/arm/5.4.1/bin/../lib/gcc/arm-none-eabi/5.4.1/../../../../arm-none-eabi/lib/armv7-m\libg_nano.a(lib_a-nano-freer.o)
 .ARM.attributes
                0x0000076a       0x2d c:/program files (x86)/cypress/psoc creator/4.3/psoc creator/import/gnu/arm/5.4.1/bin/../lib/gcc/arm-none-eabi/5.4.1/../../../../arm-none-eabi/lib/armv7-m\libg_nano.a(lib_a-nano-mallocr.o)
 .ARM.attributes
                0x00000797       0x2d c:/program files (x86)/cypress/psoc creator/4.3/psoc creator/import/gnu/arm/5.4.1/bin/../lib/gcc/arm-none-eabi/5.4.1/../../../../arm-none-eabi/lib/armv7-m\libg_nano.a(lib_a-nano-reallocr.o)
 .ARM.attributes
                0x000007c4       0x2d c:/program files (x86)/cypress/psoc creator/4.3/psoc creator/import/gnu/arm/5.4.1/bin/../lib/gcc/arm-none-eabi/5.4.1/../../../../arm-none-eabi/lib/armv7-m\libg_nano.a(lib_a-sbrkr.o)
 .ARM.attributes
                0x000007f1       0x2d c:/program files (x86)/cypress/psoc creator/4.3/psoc creator/import/gnu/arm/5.4.1/bin/../lib/gcc/arm-none-eabi/5.4.1/../../../../arm-none-eabi/lib/armv7-m\libg_nano.a(lib_a-mlock.o)
 .ARM.attributes
                0x0000081e       0x2d c:/program files (x86)/cypress/psoc creator/4.3/psoc creator/import/gnu/arm/5.4.1/bin/../lib/gcc/arm-none-eabi/5.4.1/../../../../arm-none-eabi/lib/armv7-m\libg_nano.a(lib_a-nano-msizer.o)
 .ARM.attributes
                0x0000084b       0x2d c:/program files (x86)/cypress/psoc creator/4.3/psoc creator/import/gnu/arm/5.4.1/bin/../lib/gcc/arm-none-eabi/5.4.1/../../../../arm-none-eabi/lib/armv7-m\libg_nano.a(lib_a-reent.o)
 .ARM.attributes
                0x00000878       0x2d c:/program files (x86)/cypress/psoc creator/4.3/psoc creator/import/gnu/arm/5.4.1/bin/../lib/gcc/arm-none-eabi/5.4.1/armv7-m/crtend.o
 .ARM.attributes
                0x000008a5       0x1d c:/program files (x86)/cypress/psoc creator/4.3/psoc creator/import/gnu/arm/5.4.1/bin/../lib/gcc/arm-none-eabi/5.4.1/armv7-m/crtn.o

/DISCARD/
 *(.note.GNU-stack)
OUTPUT(C:\Users\Ilaria\Documents\GitHub\FINAL-PROJECT-GROUP5\Final_Project_Group5.cydsn\CortexM3\ARM_GCC_541\Debug\Final_Project_Group5.elf elf32-littlearm)
