Archive member included to satisfy reference by file (symbol)

.\CortexM3\ARM_GCC_541\Debug\Final_Project_Group5.a(SPIM_1.o)
                              .\CortexM3\ARM_GCC_541\Debug\SPI_Interface_25LC256.o (SPIM_1_ReadTxStatus)
.\CortexM3\ARM_GCC_541\Debug\Final_Project_Group5.a(SPIM_1_INT.o)
                              .\CortexM3\ARM_GCC_541\Debug\Final_Project_Group5.a(SPIM_1.o) (SPIM_1_TX_ISR)
.\CortexM3\ARM_GCC_541\Debug\Final_Project_Group5.a(UART_1.o)
                              .\CortexM3\ARM_GCC_541\Debug\main.o (UART_1_Start)
.\CortexM3\ARM_GCC_541\Debug\Final_Project_Group5.a(CS_1.o)
                              .\CortexM3\ARM_GCC_541\Debug\SPI_Interface_25LC256.o (CS_1_Write)
.\CortexM3\ARM_GCC_541\Debug\Final_Project_Group5.a(CS_2.o)
                              .\CortexM3\ARM_GCC_541\Debug\LIS3DH.o (CS_2_Write)
.\CortexM3\ARM_GCC_541\Debug\Final_Project_Group5.a(SPIM_2.o)
                              .\CortexM3\ARM_GCC_541\Debug\SPI_Interface_LIS3DH.o (SPIM_2_ReadTxStatus)
.\CortexM3\ARM_GCC_541\Debug\Final_Project_Group5.a(SPIM_2_INT.o)
                              .\CortexM3\ARM_GCC_541\Debug\Final_Project_Group5.a(SPIM_2.o) (SPIM_2_TX_ISR)
.\CortexM3\ARM_GCC_541\Debug\Final_Project_Group5.a(isr_RX.o)
                              .\CortexM3\ARM_GCC_541\Debug\main.o (isr_RX_StartEx)
.\CortexM3\ARM_GCC_541\Debug\Final_Project_Group5.a(SPIM_1_IntClock.o)
                              .\CortexM3\ARM_GCC_541\Debug\Final_Project_Group5.a(SPIM_1.o) (SPIM_1_IntClock_Start)
.\CortexM3\ARM_GCC_541\Debug\Final_Project_Group5.a(UART_1_IntClock.o)
                              .\CortexM3\ARM_GCC_541\Debug\Final_Project_Group5.a(UART_1.o) (UART_1_IntClock_Start)
.\CortexM3\ARM_GCC_541\Debug\Final_Project_Group5.a(SPIM_2_IntClock.o)
                              .\CortexM3\ARM_GCC_541\Debug\Final_Project_Group5.a(SPIM_2.o) (SPIM_2_IntClock_Start)
.\CortexM3\ARM_GCC_541\Debug\Final_Project_Group5.a(CyLib.o)
                              .\CortexM3\ARM_GCC_541\Debug\Cm3Start.o (CyHalt)
.\CortexM3\ARM_GCC_541\Debug\Final_Project_Group5.a(cyPm.o)
                              .\CortexM3\ARM_GCC_541\Debug\Final_Project_Group5.a(CyLib.o) (CyPmReadStatus)
.\CortexM3\ARM_GCC_541\Debug\Final_Project_Group5.a(ADC_DelSig.o)
                              .\CortexM3\ARM_GCC_541\Debug\main.o (ADC_DelSig_Start)
.\CortexM3\ARM_GCC_541\Debug\Final_Project_Group5.a(ADC_DelSig_INT.o)
                              .\CortexM3\ARM_GCC_541\Debug\Final_Project_Group5.a(ADC_DelSig.o) (ADC_DelSig_ISR1)
.\CortexM3\ARM_GCC_541\Debug\Final_Project_Group5.a(Timer.o)
                              .\CortexM3\ARM_GCC_541\Debug\InterruptRoutines.o (Timer_Stop)
.\CortexM3\ARM_GCC_541\Debug\Final_Project_Group5.a(isr_ADC.o)
                              .\CortexM3\ARM_GCC_541\Debug\main.o (isr_ADC_StartEx)
.\CortexM3\ARM_GCC_541\Debug\Final_Project_Group5.a(ADC_DelSig_AMux.o)
                              .\CortexM3\ARM_GCC_541\Debug\Final_Project_Group5.a(ADC_DelSig.o) (ADC_DelSig_AMux_Select)
.\CortexM3\ARM_GCC_541\Debug\Final_Project_Group5.a(ADC_DelSig_Ext_CP_Clk.o)
                              .\CortexM3\ARM_GCC_541\Debug\Final_Project_Group5.a(ADC_DelSig.o) (ADC_DelSig_Ext_CP_Clk_SetModeRegister)
.\CortexM3\ARM_GCC_541\Debug\Final_Project_Group5.a(ADC_DelSig_theACLK.o)
                              .\CortexM3\ARM_GCC_541\Debug\Final_Project_Group5.a(ADC_DelSig.o) (ADC_DelSig_theACLK_SetModeRegister)
.\CortexM3\ARM_GCC_541\Debug\Final_Project_Group5.a(Ext_LED.o)
                              .\CortexM3\ARM_GCC_541\Debug\InterruptRoutines.o (Ext_LED_Write)
.\CortexM3\ARM_GCC_541\Debug\Final_Project_Group5.a(PWM_OnboardLED.o)
                              .\CortexM3\ARM_GCC_541\Debug\InterruptRoutines.o (PWM_OnboardLED_WritePeriod)
.\CortexM3\ARM_GCC_541\Debug\Final_Project_Group5.a(CyBootAsmGnu.o)
                              .\CortexM3\ARM_GCC_541\Debug\cyfitter_cfg.o (CyDelayCycles)
.\CortexM3\ARM_GCC_541\Debug\Final_Project_Group5.a(CyFlash.o)
                              .\CortexM3\ARM_GCC_541\Debug\Final_Project_Group5.a(cyPm.o) (CyFlash_SetWaitCycles)
.\CortexM3\ARM_GCC_541\Debug\Final_Project_Group5.a(CySpc.o)
                              .\CortexM3\ARM_GCC_541\Debug\Final_Project_Group5.a(CyFlash.o) (CySpcStart)
c:/program files (x86)/cypress/psoc creator/4.3/psoc creator/import/gnu/arm/5.4.1/bin/../lib/gcc/arm-none-eabi/5.4.1/armv7-m\libgcc.a(_arm_addsubdf3.o)
                              .\CortexM3\ARM_GCC_541\Debug\Final_Project_Group5.a(ADC_DelSig.o) (__aeabi_f2d)
c:/program files (x86)/cypress/psoc creator/4.3/psoc creator/import/gnu/arm/5.4.1/bin/../lib/gcc/arm-none-eabi/5.4.1/armv7-m\libgcc.a(_arm_cmpdf2.o)
                              .\CortexM3\ARM_GCC_541\Debug\Final_Project_Group5.a(ADC_DelSig.o) (__aeabi_dcmpgt)
c:/program files (x86)/cypress/psoc creator/4.3/psoc creator/import/gnu/arm/5.4.1/bin/../lib/gcc/arm-none-eabi/5.4.1/armv7-m\libgcc.a(_arm_addsubsf3.o)
[...]
Memory Configuration

Name             Origin             Length             Attributes
rom              0x00000000         0x00040000         xr
ram              0x1fff8000         0x00010000         xrw
*default*        0x00000000         0xffffffff

Linker script and memory map

LOAD c:/program files (x86)/cypress/psoc creator/4.3/psoc creator/import/gnu/arm/5.4.1/bin/../lib/gcc/arm-none-eabi/5.4.1/armv7-m/crti.o
LOAD c:/program files (x86)/cypress/psoc creator/4.3/psoc creator/import/gnu/arm/5.4.1/bin/../lib/gcc/arm-none-eabi/5.4.1/armv7-m/crtbegin.o
LOAD c:/program files (x86)/cypress/psoc creator/4.3/psoc creator/import/gnu/arm/5.4.1/bin/../lib/gcc/arm-none-eabi/5.4.1/../../../../arm-none-eabi/lib/armv7-m/crt0.o
START GROUP
LOAD .\CortexM3\ARM_GCC_541\Debug\main.o
LOAD .\CortexM3\ARM_GCC_541\Debug\25LC256.o
LOAD .\CortexM3\ARM_GCC_541\Debug\InterruptRoutines.o
LOAD .\CortexM3\ARM_GCC_541\Debug\LIS3DH.o
LOAD .\CortexM3\ARM_GCC_541\Debug\SPI_Interface_25LC256.o
LOAD .\CortexM3\ARM_GCC_541\Debug\SPI_Interface_LIS3DH.o
LOAD .\CortexM3\ARM_GCC_541\Debug\Functions.o
LOAD .\CortexM3\ARM_GCC_541\Debug\cyfitter_cfg.o
LOAD .\CortexM3\ARM_GCC_541\Debug\cymetadata.o
LOAD .\CortexM3\ARM_GCC_541\Debug\Cm3Start.o
LOAD .\CortexM3\ARM_GCC_541\Debug\Final_Project_Group5.a
LOAD C:\Program Files (x86)\Cypress\PSoC Creator\4.3\PSoC Creator\psoc\content\cycomponentlibrary\CyComponentLibrary.cylib\CortexM3\ARM_GCC_541\Debug\CyComponentLibrary.a
END GROUP
START GROUP
LOAD c:/program files (x86)/cypress/psoc creator/4.3/psoc creator/import/gnu/arm/5.4.1/bin/../lib/gcc/arm-none-eabi/5.4.1/armv7-m\libgcc.a
LOAD c:/program files (x86)/cypress/psoc creator/4.3/psoc creator/import/gnu/arm/5.4.1/bin/../lib/gcc/arm-none-eabi/5.4.1/../../../../arm-none-eabi/lib/armv7-m\libg_nano.a
LOAD c:/program files (x86)/cypress/psoc creator/4.3/psoc creator/import/gnu/arm/5.4.1/bin/../lib/gcc/arm-none-eabi/5.4.1/../../../../arm-none-eabi/lib/armv7-m\libc_nano.a
END GROUP
START GROUP
LOAD c:/program files (x86)/cypress/psoc creator/4.3/psoc creator/import/gnu/arm/5.4.1/bin/../lib/gcc/arm-none-eabi/5.4.1/armv7-m\libgcc.a
LOAD c:/program files (x86)/cypress/psoc creator/4.3/psoc creator/import/gnu/arm/5.4.1/bin/../lib/gcc/arm-none-eabi/5.4.1/../../../../arm-none-eabi/lib/armv7-m\libc_nano.a
END GROUP
LOAD c:/program files (x86)/cypress/psoc creator/4.3/psoc creator/import/gnu/arm/5.4.1/bin/../lib/gcc/arm-none-eabi/5.4.1/armv7-m/crtend.o
LOAD c:/program files (x86)/cypress/psoc creator/4.3/psoc creator/import/gnu/arm/5.4.1/bin/../lib/gcc/arm-none-eabi/5.4.1/armv7-m/crtn.o
START GROUP
LOAD c:/program files (x86)/cypress/psoc creator/4.3/psoc creator/import/gnu/arm/5.4.1/bin/../lib/gcc/arm-none-eabi/5.4.1/armv7-m\libgcc.a
LOAD c:/program files (x86)/cypress/psoc creator/4.3/psoc creator/import/gnu/arm/5.4.1/bin/../lib/gcc/arm-none-eabi/5.4.1/../../../../arm-none-eabi/lib/armv7-m\libc.a
LOAD c:/program files (x86)/cypress/psoc creator/4.3/psoc creator/import/gnu/arm/5.4.1/bin/../lib/gcc/arm-none-eabi/5.4.1/../../../../arm-none-eabi/lib/armv7-m\libnosys.a
END GROUP
                0x00000000                CY_APPL_ORIGIN = 0x0
                0x00000100                CY_FLASH_ROW_SIZE = 0x100
                0x00000020                CY_ECC_ROW_SIZE = 0x20
                0x00000000                CY_EE_IN_BTLDR = 0x0
                0x00000000                CY_APPL_LOADABLE = 0x0
                0x00000800                CY_EE_SIZE = 0x800
                0x00000001                CY_APPL_NUM = 0x1
                0x00000001                CY_APPL_MAX = 0x1
                0x00000040                CY_METADATA_SIZE = 0x40
                0x00000000                CY_APPL_LOADABLE = 0x0
                0x00000000                CY_CHECKSUM_EXCLUDE_SIZE = ALIGN (0x0, CY_FLASH_ROW_SIZE)
                [!provide]                PROVIDE (__cy_heap_start, _end)
                0x00000001                PROVIDE (__cy_region_num, ((__cy_regions_end - __cy_regions) / 0x10))
                0x20008000                PROVIDE (__cy_stack, (ORIGIN (ram) + LENGTH (ram)))
                [!provide]                PROVIDE (__cy_heap_end, (__cy_stack - 0x800))

.cybootloader   0x00000000        0x0
 *(.cybootloader)
                0x00000000                appl1_start = CY_APPL_ORIGIN?CY_APPL_ORIGIN:ALIGN (CY_FLASH_ROW_SIZE)
                0x0001ff00                appl2_start = (appl1_start + ALIGN ((((LENGTH (rom) - appl1_start) - (0x2 * CY_FLASH_ROW_SIZE)) / 0x2), CY_FLASH_ROW_SIZE))
                0x00000000                appl_start = (CY_APPL_NUM == 0x1)?appl1_start:appl2_start
                0x00000000                ecc_offset = ((appl_start / CY_FLASH_ROW_SIZE) * CY_ECC_ROW_SIZE)
                0x00000000                ee_offset = (CY_APPL_LOADABLE && ! (CY_EE_IN_BTLDR))?((CY_EE_SIZE / CY_APPL_MAX) * (CY_APPL_NUM - 0x1)):0x0
                0x00000800                ee_size = (CY_APPL_LOADABLE && ! (CY_EE_IN_BTLDR))?(CY_EE_SIZE / CY_APPL_MAX):CY_EE_SIZE
                [!provide]                PROVIDE (CY_ECC_OFFSET, ecc_offset)

.text           0x00000000     0x2f80
 CREATE_OBJECT_SYMBOLS
                0x00000000                PROVIDE (__cy_interrupt_vector, RomVectors)
 *(.romvectors)
 .romvectors    0x00000000       0x10 .\CortexM3\ARM_GCC_541\Debug\Cm3Start.o
                0x00000000                RomVectors
                0x00000001                ASSERT ((. != __cy_interrupt_vector), No interrupt vector)
                0x00000001                ASSERT (CY_APPL_ORIGIN?(SIZEOF (.cybootloader) <= CY_APPL_ORIGIN):0x1, Wrong image location)
                0x00000010                PROVIDE (__cy_reset, Reset)
 *(.text.Reset)
 .text.Reset    0x00000010       0x18 .\CortexM3\ARM_GCC_541\Debug\Cm3Start.o
                0x00000010                Reset
                0x00000001                ASSERT ((. != __cy_reset), No reset code)
 *(.dma_init)
                0x00000001                ASSERT ((((appl_start + .) <= 0x10000) || 0x1), DMA Init must be within the first 64k of flash)
 *(.text .text.* .gnu.linkonce.t.*)
 .text          0x00000028       0x5c c:/program files (x86)/cypress/psoc creator/4.3/psoc creator/import/gnu/arm/5.4.1/bin/../lib/gcc/arm-none-eabi/5.4.1/armv7-m/crtbegin.o
 .text.main     0x00000084      0x400 .\CortexM3\ARM_GCC_541\Debug\main.o
                0x00000084                main
 .text.EEPROM_readStatus
                0x00000484        0xc .\CortexM3\ARM_GCC_541\Debug\25LC256.o
                0x00000484                EEPROM_readStatus
 .text.EEPROM_writeEnable
                0x00000490        0xc .\CortexM3\ARM_GCC_541\Debug\25LC256.o
                0x00000490                EEPROM_writeEnable
 .text.EEPROM_readByte
                0x0000049c       0x30 .\CortexM3\ARM_GCC_541\Debug\25LC256.o
                0x0000049c                EEPROM_readByte
 .text.EEPROM_writeByte
                0x000004cc       0x38 .\CortexM3\ARM_GCC_541\Debug\25LC256.o
                0x000004cc                EEPROM_writeByte
 .text.EEPROM_writePage
                0x00000504       0x5c .\CortexM3\ARM_GCC_541\Debug\25LC256.o
                0x00000504                EEPROM_writePage
 .text.EEPROM_waitForWriteComplete
                0x00000560       0x10 .\CortexM3\ARM_GCC_541\Debug\25LC256.o
                0x00000560                EEPROM_waitForWriteComplete
 .text.Custom_ISR_ADC
                0x00000570       0x9c .\CortexM3\ARM_GCC_541\Debug\InterruptRoutines.o
                0x00000570                Custom_ISR_ADC
 .text.Custom_ISR_RX
                0x0000060c      0x41c .\CortexM3\ARM_GCC_541\Debug\InterruptRoutines.o
                0x0000060c                Custom_ISR_RX
 .text.ACC_writeRegister
                0x00000a28       0x30 .\CortexM3\ARM_GCC_541\Debug\LIS3DH.o
                0x00000a28                ACC_writeRegister
 .text.ACC_readRegister
                0x00000a58       0x28 .\CortexM3\ARM_GCC_541\Debug\LIS3DH.o
                0x00000a58                ACC_readRegister
 .text.ACC_Multi_Read
                0x00000a80       0x20 .\CortexM3\ARM_GCC_541\Debug\LIS3DH.o
                0x00000a80                ACC_Multi_Read
 .text.SPI_Interface_25LC256_tradeByte
                0x00000aa0       0x2c .\CortexM3\ARM_GCC_541\Debug\SPI_Interface_25LC256.o
                0x00000aa0                SPI_Interface_25LC256_tradeByte
 .text.SPI_Interface_25LC256_ReadByte
                0x00000acc       0x34 .\CortexM3\ARM_GCC_541\Debug\SPI_Interface_25LC256.o
                0x00000acc                SPI_Interface_25LC256_ReadByte
 .text.SPI_Interface_25LC256_Multi_RW
                0x00000b00       0xb8 .\CortexM3\ARM_GCC_541\Debug\SPI_Interface_25LC256.o
                0x00000b00                SPI_Interface_25LC256_Multi_RW
 .text.SPI_Interface_LIS3DH_Multi_RW
                0x00000bb8       0xb8 .\CortexM3\ARM_GCC_541\Debug\SPI_Interface_LIS3DH.o
                0x00000bb8                SPI_Interface_LIS3DH_Multi_RW
 .text.show_menu
                0x00000c70       0xb8 .\CortexM3\ARM_GCC_541\Debug\Functions.o
                0x00000c70                show_menu
 .text.CyClockStartupError
                0x00000d28        0x4 .\CortexM3\ARM_GCC_541\Debug\cyfitter_cfg.o
 .text.cfg_write_bytes32
                0x00000d2c       0x34 .\CortexM3\ARM_GCC_541\Debug\cyfitter_cfg.o
 .text.AnalogSetDefault
                0x00000d60       0x3c .\CortexM3\ARM_GCC_541\Debug\cyfitter_cfg.o
 .text.CYMEMZERO
                0x00000d9c        0xc .\CortexM3\ARM_GCC_541\Debug\cyfitter_cfg.o
 .text.CYCONFIGCPY
                0x00000da8        0x8 .\CortexM3\ARM_GCC_541\Debug\cyfitter_cfg.o
 .text.ClockSetup
                0x00000db0      0x120 .\CortexM3\ARM_GCC_541\Debug\cyfitter_cfg.o
 .text.ADC_DelSig_AMux_Set
                0x00000ed0       0x1c .\CortexM3\ARM_GCC_541\Debug\cyfitter_cfg.o
                0x00000ed0                ADC_DelSig_AMux_Set
 .text.ADC_DelSig_AMux_Unset
                0x00000eec       0x1c .\CortexM3\ARM_GCC_541\Debug\cyfitter_cfg.o
                0x00000eec                ADC_DelSig_AMux_Unset
 .text.cyfitter_cfg
                0x00000f08      0x13c .\CortexM3\ARM_GCC_541\Debug\cyfitter_cfg.o
                0x00000f08                cyfitter_cfg
 .text.IntDefaultHandler
                0x00001044       0x10 .\CortexM3\ARM_GCC_541\Debug\Cm3Start.o
                0x00001044                IntDefaultHandler
 .text._sbrk    0x00001054       0x30 .\CortexM3\ARM_GCC_541\Debug\Cm3Start.o
                0x00001054                _sbrk
 .text.Start_c  0x00001084       0x4c .\CortexM3\ARM_GCC_541\Debug\Cm3Start.o
                0x00001084                Start_c
 .text.initialize_psoc
                0x000010d0       0x68 .\CortexM3\ARM_GCC_541\Debug\Cm3Start.o
                0x000010d0                initialize_psoc
 .text.SPIM_1_EnableTxInt
                0x00001138        0xc .\CortexM3\ARM_GCC_541\Debug\Final_Project_Group5.a(SPIM_1.o)
                0x00001138                SPIM_1_EnableTxInt
 .text.SPIM_1_EnableRxInt
                0x00001144        0xc .\CortexM3\ARM_GCC_541\Debug\Final_Project_Group5.a(SPIM_1.o)
                0x00001144                SPIM_1_EnableRxInt
 .text.SPIM_1_Enable
                0x00001150       0x3c .\CortexM3\ARM_GCC_541\Debug\Final_Project_Group5.a(SPIM_1.o)
                0x00001150                SPIM_1_Enable
 .text.SPIM_1_DisableTxInt
                0x0000118c        0xc .\CortexM3\ARM_GCC_541\Debug\Final_Project_Group5.a(SPIM_1.o)
                0x0000118c                SPIM_1_DisableTxInt
 .text.SPIM_1_DisableRxInt
                0x00001198        0xc .\CortexM3\ARM_GCC_541\Debug\Final_Project_Group5.a(SPIM_1.o)
                0x00001198                SPIM_1_DisableRxInt
 .text.SPIM_1_ReadTxStatus
                0x000011a4       0x28 .\CortexM3\ARM_GCC_541\Debug\Final_Project_Group5.a(SPIM_1.o)
                0x000011a4                SPIM_1_ReadTxStatus
 .text.SPIM_1_ReadRxStatus
                0x000011cc       0x28 .\CortexM3\ARM_GCC_541\Debug\Final_Project_Group5.a(SPIM_1.o)
                0x000011cc                SPIM_1_ReadRxStatus
 .text.SPIM_1_WriteTxData
                0x000011f4       0xd4 .\CortexM3\ARM_GCC_541\Debug\Final_Project_Group5.a(SPIM_1.o)
                0x000011f4                SPIM_1_WriteTxData
 .text.SPIM_1_ReadRxData
                0x000012c8       0x64 .\CortexM3\ARM_GCC_541\Debug\Final_Project_Group5.a(SPIM_1.o)
                0x000012c8                SPIM_1_ReadRxData
 .text.SPIM_1_ClearRxBuffer
                0x0000132c       0x40 .\CortexM3\ARM_GCC_541\Debug\Final_Project_Group5.a(SPIM_1.o)
                0x0000132c                SPIM_1_ClearRxBuffer
 .text.SPIM_1_ClearTxBuffer
                0x0000136c       0x54 .\CortexM3\ARM_GCC_541\Debug\Final_Project_Group5.a(SPIM_1.o)
                0x0000136c                SPIM_1_ClearTxBuffer
 .text.SPIM_1_PutArray
                0x000013c0       0x20 .\CortexM3\ARM_GCC_541\Debug\Final_Project_Group5.a(SPIM_1.o)
                0x000013c0                SPIM_1_PutArray
 .text.SPIM_1_ClearFIFO
                0x000013e0       0x3c .\CortexM3\ARM_GCC_541\Debug\Final_Project_Group5.a(SPIM_1.o)
                0x000013e0                SPIM_1_ClearFIFO
 .text.SPIM_1_Init
                0x0000141c       0x90 .\CortexM3\ARM_GCC_541\Debug\Final_Project_Group5.a(SPIM_1.o)
                0x0000141c                SPIM_1_Init
 .text.SPIM_1_Start
                0x000014ac       0x1c .\CortexM3\ARM_GCC_541\Debug\Final_Project_Group5.a(SPIM_1.o)
                0x000014ac                SPIM_1_Start
 .text.SPIM_1_TX_ISR
                0x000014c8       0xa0 .\CortexM3\ARM_GCC_541\Debug\Final_Project_Group5.a(SPIM_1_INT.o)
                0x000014c8                SPIM_1_TX_ISR
 .text.SPIM_1_RX_ISR
                0x00001568       0xa0 .\CortexM3\ARM_GCC_541\Debug\Final_Project_Group5.a(SPIM_1_INT.o)
                0x00001568                SPIM_1_RX_ISR
 .text.UART_1_Init
                0x00001608       0x28 .\CortexM3\ARM_GCC_541\Debug\Final_Project_Group5.a(UART_1.o)
                0x00001608                UART_1_Init
 .text.UART_1_Enable
                0x00001630       0x38 .\CortexM3\ARM_GCC_541\Debug\Final_Project_Group5.a(UART_1.o)
                0x00001630                UART_1_Enable
 .text.UART_1_Start
                0x00001668       0x1c .\CortexM3\ARM_GCC_541\Debug\Final_Project_Group5.a(UART_1.o)
                0x00001668                UART_1_Start
 .text.UART_1_GetChar
                0x00001684       0x2c .\CortexM3\ARM_GCC_541\Debug\Final_Project_Group5.a(UART_1.o)
                0x00001684                UART_1_GetChar
 .text.UART_1_PutChar
                0x000016b0       0x18 .\CortexM3\ARM_GCC_541\Debug\Final_Project_Group5.a(UART_1.o)
                0x000016b0                UART_1_PutChar
 .text.UART_1_PutString
                0x000016c8       0x24 .\CortexM3\ARM_GCC_541\Debug\Final_Project_Group5.a(UART_1.o)
                0x000016c8                UART_1_PutString
 .text.CS_1_Write
                0x000016ec       0x18 .\CortexM3\ARM_GCC_541\Debug\Final_Project_Group5.a(CS_1.o)
                0x000016ec                CS_1_Write
 .text.CS_2_Write
                0x00001704       0x18 .\CortexM3\ARM_GCC_541\Debug\Final_Project_Group5.a(CS_2.o)
                0x00001704                CS_2_Write
 .text.SPIM_2_EnableTxInt
                0x0000171c        0xc .\CortexM3\ARM_GCC_541\Debug\Final_Project_Group5.a(SPIM_2.o)
                0x0000171c                SPIM_2_EnableTxInt
 .text.SPIM_2_EnableRxInt
                0x00001728        0xc .\CortexM3\ARM_GCC_541\Debug\Final_Project_Group5.a(SPIM_2.o)
                0x00001728                SPIM_2_EnableRxInt
 .text.SPIM_2_Enable
                0x00001734       0x3c .\CortexM3\ARM_GCC_541\Debug\Final_Project_Group5.a(SPIM_2.o)
                0x00001734                SPIM_2_Enable
 .text.SPIM_2_DisableTxInt
                0x00001770        0xc .\CortexM3\ARM_GCC_541\Debug\Final_Project_Group5.a(SPIM_2.o)
                0x00001770                SPIM_2_DisableTxInt
 .text.SPIM_2_DisableRxInt
                0x0000177c        0xc .\CortexM3\ARM_GCC_541\Debug\Final_Project_Group5.a(SPIM_2.o)
                0x0000177c                SPIM_2_DisableRxInt
 .text.SPIM_2_ReadTxStatus
                0x00001788       0x28 .\CortexM3\ARM_GCC_541\Debug\Final_Project_Group5.a(SPIM_2.o)
                0x00001788                SPIM_2_ReadTxStatus
 .text.SPIM_2_ReadRxStatus
                0x000017b0       0x28 .\CortexM3\ARM_GCC_541\Debug\Final_Project_Group5.a(SPIM_2.o)
                0x000017b0                SPIM_2_ReadRxStatus
 .text.SPIM_2_WriteTxData
                0x000017d8       0xd4 .\CortexM3\ARM_GCC_541\Debug\Final_Project_Group5.a(SPIM_2.o)
                0x000017d8                SPIM_2_WriteTxData
 .text.SPIM_2_ReadRxData
                0x000018ac       0x64 .\CortexM3\ARM_GCC_541\Debug\Final_Project_Group5.a(SPIM_2.o)
                0x000018ac                SPIM_2_ReadRxData
 .text.SPIM_2_ClearRxBuffer
                0x00001910       0x40 .\CortexM3\ARM_GCC_541\Debug\Final_Project_Group5.a(SPIM_2.o)
                0x00001910                SPIM_2_ClearRxBuffer
 .text.SPIM_2_ClearTxBuffer
                0x00001950       0x54 .\CortexM3\ARM_GCC_541\Debug\Final_Project_Group5.a(SPIM_2.o)
                0x00001950                SPIM_2_ClearTxBuffer
 .text.SPIM_2_PutArray
                0x000019a4       0x20 .\CortexM3\ARM_GCC_541\Debug\Final_Project_Group5.a(SPIM_2.o)
                0x000019a4                SPIM_2_PutArray
 .text.SPIM_2_ClearFIFO
                0x000019c4       0x3c .\CortexM3\ARM_GCC_541\Debug\Final_Project_Group5.a(SPIM_2.o)
                0x000019c4                SPIM_2_ClearFIFO
 .text.SPIM_2_Init
                0x00001a00       0x90 .\CortexM3\ARM_GCC_541\Debug\Final_Project_Group5.a(SPIM_2.o)
                0x00001a00                SPIM_2_Init
 .text.SPIM_2_Start
                0x00001a90       0x1c .\CortexM3\ARM_GCC_541\Debug\Final_Project_Group5.a(SPIM_2.o)
                0x00001a90                SPIM_2_Start
 .text.SPIM_2_TX_ISR
                0x00001aac       0xa0 .\CortexM3\ARM_GCC_541\Debug\Final_Project_Group5.a(SPIM_2_INT.o)
                0x00001aac                SPIM_2_TX_ISR
 .text.SPIM_2_RX_ISR
                0x00001b4c       0xa0 .\CortexM3\ARM_GCC_541\Debug\Final_Project_Group5.a(SPIM_2_INT.o)
                0x00001b4c                SPIM_2_RX_ISR
 .text.isr_RX_SetVector
                0x00001bec        0xc .\CortexM3\ARM_GCC_541\Debug\Final_Project_Group5.a(isr_RX.o)
                0x00001bec                isr_RX_SetVector
 .text.isr_RX_SetPriority
                0x00001bf8       0x10 .\CortexM3\ARM_GCC_541\Debug\Final_Project_Group5.a(isr_RX.o)
                0x00001bf8                isr_RX_SetPriority
 .text.isr_RX_Enable
                0x00001c08        0xc .\CortexM3\ARM_GCC_541\Debug\Final_Project_Group5.a(isr_RX.o)
                0x00001c08                isr_RX_Enable
 .text.isr_RX_Disable
                0x00001c14        0xc .\CortexM3\ARM_GCC_541\Debug\Final_Project_Group5.a(isr_RX.o)
                0x00001c14                isr_RX_Disable
 .text.isr_RX_StartEx
                0x00001c20       0x1c .\CortexM3\ARM_GCC_541\Debug\Final_Project_Group5.a(isr_RX.o)
                0x00001c20                isr_RX_StartEx
 .text.SPIM_1_IntClock_Start
                0x00001c3c       0x1c .\CortexM3\ARM_GCC_541\Debug\Final_Project_Group5.a(SPIM_1_IntClock.o)
                0x00001c3c                SPIM_1_IntClock_Start
 .text.UART_1_IntClock_Start
                0x00001c58       0x1c .\CortexM3\ARM_GCC_541\Debug\Final_Project_Group5.a(UART_1_IntClock.o)
                0x00001c58                UART_1_IntClock_Start
 .text.SPIM_2_IntClock_Start
                0x00001c74       0x1c .\CortexM3\ARM_GCC_541\Debug\Final_Project_Group5.a(SPIM_2_IntClock.o)
                0x00001c74                SPIM_2_IntClock_Start
 .text.CyHalt   0x00001c90        0x4 .\CortexM3\ARM_GCC_541\Debug\Final_Project_Group5.a(CyLib.o)
                0x00001c90                CyHalt
 .text.CyDelay  0x00001c94       0x2c .\CortexM3\ARM_GCC_541\Debug\Final_Project_Group5.a(CyLib.o)
                0x00001c94                CyDelay
 .text.CyDelayUs
                0x00001cc0       0x14 .\CortexM3\ARM_GCC_541\Debug\Final_Project_Group5.a(CyLib.o)
                0x00001cc0                CyDelayUs
 .text.CyIntSetVector
                0x00001cd4       0x28 .\CortexM3\ARM_GCC_541\Debug\Final_Project_Group5.a(CyLib.o)
                0x00001cd4                CyIntSetVector
 .text.CyIntSetPriority
                0x00001cfc       0x30 .\CortexM3\ARM_GCC_541\Debug\Final_Project_Group5.a(CyLib.o)
                0x00001cfc                CyIntSetPriority
 .text.ADC_DelSig_GainCompensation
                0x00001d2c       0xdc .\CortexM3\ARM_GCC_541\Debug\Final_Project_Group5.a(ADC_DelSig.o)
 .text.ADC_DelSig_SetDSMRef0Reg
                0x00001e08       0x4c .\CortexM3\ARM_GCC_541\Debug\Final_Project_Group5.a(ADC_DelSig.o)
 .text.ADC_DelSig_InitConfig
                0x00001e54       0xe0 .\CortexM3\ARM_GCC_541\Debug\Final_Project_Group5.a(ADC_DelSig.o)
 .text.ADC_DelSig_Init
                0x00001f34       0xc4 .\CortexM3\ARM_GCC_541\Debug\Final_Project_Group5.a(ADC_DelSig.o)
                0x00001f34                ADC_DelSig_Init
 .text.ADC_DelSig_Enable
                0x00001ff8       0xd8 .\CortexM3\ARM_GCC_541\Debug\Final_Project_Group5.a(ADC_DelSig.o)
                0x00001ff8                ADC_DelSig_Enable
 .text.ADC_DelSig_Start
                0x000020d0       0x28 .\CortexM3\ARM_GCC_541\Debug\Final_Project_Group5.a(ADC_DelSig.o)
                0x000020d0                ADC_DelSig_Start
 .text.ADC_DelSig_StartConvert
                0x000020f8       0x10 .\CortexM3\ARM_GCC_541\Debug\Final_Project_Group5.a(ADC_DelSig.o)
                0x000020f8                ADC_DelSig_StartConvert
 .text.ADC_DelSig_StopConvert
                0x00002108       0x10 .\CortexM3\ARM_GCC_541\Debug\Final_Project_Group5.a(ADC_DelSig.o)
                0x00002108                ADC_DelSig_StopConvert
 .text.ADC_DelSig_IsEndConversion
                0x00002118       0x30 .\CortexM3\ARM_GCC_541\Debug\Final_Project_Group5.a(ADC_DelSig.o)
                0x00002118                ADC_DelSig_IsEndConversion
 .text.ADC_DelSig_GetResult32
                0x00002148       0x6c .\CortexM3\ARM_GCC_541\Debug\Final_Project_Group5.a(ADC_DelSig.o)
                0x00002148                ADC_DelSig_GetResult32
 .text.ADC_DelSig_CountsTo_mVolts
                0x000021b4       0x24 .\CortexM3\ARM_GCC_541\Debug\Final_Project_Group5.a(ADC_DelSig.o)
                0x000021b4                ADC_DelSig_CountsTo_mVolts
 .text.ADC_DelSig_Read32
                0x000021d8       0x28 .\CortexM3\ARM_GCC_541\Debug\Final_Project_Group5.a(ADC_DelSig.o)
                0x000021d8                ADC_DelSig_Read32
 .text.ADC_DelSig_ISR1
                0x00002200        0x4 .\CortexM3\ARM_GCC_541\Debug\Final_Project_Group5.a(ADC_DelSig_INT.o)
                0x00002200                ADC_DelSig_ISR1
 .text.Timer_Enable
                0x00002204       0x28 .\CortexM3\ARM_GCC_541\Debug\Final_Project_Group5.a(Timer.o)
                0x00002204                Timer_Enable
 .text.Timer_Stop
                0x0000222c       0x28 .\CortexM3\ARM_GCC_541\Debug\Final_Project_Group5.a(Timer.o)
                0x0000222c                Timer_Stop
 .text.Timer_SetInterruptMode
                0x00002254        0xc .\CortexM3\ARM_GCC_541\Debug\Final_Project_Group5.a(Timer.o)
                0x00002254                Timer_SetInterruptMode
 .text.Timer_ReadStatusRegister
                0x00002260        0xc .\CortexM3\ARM_GCC_541\Debug\Final_Project_Group5.a(Timer.o)
                0x00002260                Timer_ReadStatusRegister
 .text.Timer_WritePeriod
                0x0000226c        0xc .\CortexM3\ARM_GCC_541\Debug\Final_Project_Group5.a(Timer.o)
                0x0000226c                Timer_WritePeriod
 .text.Timer_WriteCounter
                0x00002278        0xc .\CortexM3\ARM_GCC_541\Debug\Final_Project_Group5.a(Timer.o)
                0x00002278                Timer_WriteCounter
 .text.Timer_Init
                0x00002284       0x64 .\CortexM3\ARM_GCC_541\Debug\Final_Project_Group5.a(Timer.o)
                0x00002284                Timer_Init
 .text.Timer_Start
                0x000022e8       0x1c .\CortexM3\ARM_GCC_541\Debug\Final_Project_Group5.a(Timer.o)
                0x000022e8                Timer_Start
 .text.isr_ADC_SetVector
                0x00002304       0x10 .\CortexM3\ARM_GCC_541\Debug\Final_Project_Group5.a(isr_ADC.o)
                0x00002304                isr_ADC_SetVector
 .text.isr_ADC_SetPriority
                0x00002314       0x10 .\CortexM3\ARM_GCC_541\Debug\Final_Project_Group5.a(isr_ADC.o)
                0x00002314                isr_ADC_SetPriority
 .text.isr_ADC_Enable
                0x00002324       0x10 .\CortexM3\ARM_GCC_541\Debug\Final_Project_Group5.a(isr_ADC.o)
                0x00002324                isr_ADC_Enable
 .text.isr_ADC_Disable
                0x00002334       0x10 .\CortexM3\ARM_GCC_541\Debug\Final_Project_Group5.a(isr_ADC.o)
                0x00002334                isr_ADC_Disable
 .text.isr_ADC_StartEx
                0x00002344       0x1c .\CortexM3\ARM_GCC_541\Debug\Final_Project_Group5.a(isr_ADC.o)
                0x00002344                isr_ADC_StartEx
 .text.ADC_DelSig_AMux_Start
                0x00002360       0x20 .\CortexM3\ARM_GCC_541\Debug\Final_Project_Group5.a(ADC_DelSig_AMux.o)
                0x00002360                ADC_DelSig_AMux_Start
 .text.ADC_DelSig_AMux_Select
                0x00002380       0x18 .\CortexM3\ARM_GCC_541\Debug\Final_Project_Group5.a(ADC_DelSig_AMux.o)
                0x00002380                ADC_DelSig_AMux_Select
 .text.ADC_DelSig_Ext_CP_Clk_GetDividerRegister
                0x00002398        0xc .\CortexM3\ARM_GCC_541\Debug\Final_Project_Group5.a(ADC_DelSig_Ext_CP_Clk.o)
                0x00002398                ADC_DelSig_Ext_CP_Clk_GetDividerRegister
 .text.ADC_DelSig_Ext_CP_Clk_SetModeRegister
                0x000023a4       0x14 .\CortexM3\ARM_GCC_541\Debug\Final_Project_Group5.a(ADC_DelSig_Ext_CP_Clk.o)
                0x000023a4                ADC_DelSig_Ext_CP_Clk_SetModeRegister
 .text.ADC_DelSig_Ext_CP_Clk_GetSourceRegister
                0x000023b8       0x10 .\CortexM3\ARM_GCC_541\Debug\Final_Project_Group5.a(ADC_DelSig_Ext_CP_Clk.o)
                0x000023b8                ADC_DelSig_Ext_CP_Clk_GetSourceRegister
 .text.ADC_DelSig_Ext_CP_Clk_SetDividerRegister
                0x000023c8       0xd8 .\CortexM3\ARM_GCC_541\Debug\Final_Project_Group5.a(ADC_DelSig_Ext_CP_Clk.o)
                0x000023c8                ADC_DelSig_Ext_CP_Clk_SetDividerRegister
 .text.ADC_DelSig_theACLK_GetDividerRegister
                0x000024a0        0xc .\CortexM3\ARM_GCC_541\Debug\Final_Project_Group5.a(ADC_DelSig_theACLK.o)
                0x000024a0                ADC_DelSig_theACLK_GetDividerRegister
 .text.ADC_DelSig_theACLK_SetModeRegister
                0x000024ac       0x14 .\CortexM3\ARM_GCC_541\Debug\Final_Project_Group5.a(ADC_DelSig_theACLK.o)
                0x000024ac                ADC_DelSig_theACLK_SetModeRegister
 .text.ADC_DelSig_theACLK_GetSourceRegister
                0x000024c0       0x10 .\CortexM3\ARM_GCC_541\Debug\Final_Project_Group5.a(ADC_DelSig_theACLK.o)
                0x000024c0                ADC_DelSig_theACLK_GetSourceRegister
 .text.ADC_DelSig_theACLK_SetDividerRegister
                0x000024d0       0xd8 .\CortexM3\ARM_GCC_541\Debug\Final_Project_Group5.a(ADC_DelSig_theACLK.o)
                0x000024d0                ADC_DelSig_theACLK_SetDividerRegister
 .text.Ext_LED_Write
                0x000025a8       0x18 .\CortexM3\ARM_GCC_541\Debug\Final_Project_Group5.a(Ext_LED.o)
                0x000025a8                Ext_LED_Write
 .text.PWM_OnboardLED_Enable
                0x000025c0       0x10 .\CortexM3\ARM_GCC_541\Debug\Final_Project_Group5.a(PWM_OnboardLED.o)
                0x000025c0                PWM_OnboardLED_Enable
 .text.PWM_OnboardLED_WriteCounter
                0x000025d0        0xc .\CortexM3\ARM_GCC_541\Debug\Final_Project_Group5.a(PWM_OnboardLED.o)
                0x000025d0                PWM_OnboardLED_WriteCounter
 .text.PWM_OnboardLED_WritePeriod
                0x000025dc        0xc .\CortexM3\ARM_GCC_541\Debug\Final_Project_Group5.a(PWM_OnboardLED.o)
                0x000025dc                PWM_OnboardLED_WritePeriod
 .text.PWM_OnboardLED_WriteCompare
                0x000025e8        0xc .\CortexM3\ARM_GCC_541\Debug\Final_Project_Group5.a(PWM_OnboardLED.o)
                0x000025e8                PWM_OnboardLED_WriteCompare
 .text.PWM_OnboardLED_SetInterruptMode
                0x000025f4        0xc .\CortexM3\ARM_GCC_541\Debug\Final_Project_Group5.a(PWM_OnboardLED.o)
                0x000025f4                PWM_OnboardLED_SetInterruptMode
 .text.PWM_OnboardLED_ReadStatusRegister
                0x00002600        0xc .\CortexM3\ARM_GCC_541\Debug\Final_Project_Group5.a(PWM_OnboardLED.o)
                0x00002600                PWM_OnboardLED_ReadStatusRegister
 .text.PWM_OnboardLED_ReadCapture
                0x0000260c        0xc .\CortexM3\ARM_GCC_541\Debug\Final_Project_Group5.a(PWM_OnboardLED.o)
                0x0000260c                PWM_OnboardLED_ReadCapture
 .text.PWM_OnboardLED_ClearFIFO
                0x00002618       0x14 .\CortexM3\ARM_GCC_541\Debug\Final_Project_Group5.a(PWM_OnboardLED.o)
                0x00002618                PWM_OnboardLED_ClearFIFO
 .text.PWM_OnboardLED_Init
                0x0000262c       0x50 .\CortexM3\ARM_GCC_541\Debug\Final_Project_Group5.a(PWM_OnboardLED.o)
                0x0000262c                PWM_OnboardLED_Init
 .text.PWM_OnboardLED_Start
                0x0000267c       0x1c .\CortexM3\ARM_GCC_541\Debug\Final_Project_Group5.a(PWM_OnboardLED.o)
                0x0000267c                PWM_OnboardLED_Start
 .text          0x00002698       0x20 .\CortexM3\ARM_GCC_541\Debug\Final_Project_Group5.a(CyBootAsmGnu.o)
                0x00002698                CyDelayCycles
                0x000026a8                CyEnterCriticalSection
                0x000026b0                CyExitCriticalSection
 .text.__errno  0x000026b8        0xc c:/program files (x86)/cypress/psoc creator/4.3/psoc creator/import/gnu/arm/5.4.1/bin/../lib/gcc/arm-none-eabi/5.4.1/../../../../arm-none-eabi/lib/armv7-m\libg_nano.a(lib_a-errno.o)
                0x000026b8                __errno
 .text.__libc_init_array
                0x000026c4       0x4c c:/program files (x86)/cypress/psoc creator/4.3/psoc creator/import/gnu/arm/5.4.1/bin/../lib/gcc/arm-none-eabi/5.4.1/../../../../arm-none-eabi/lib/armv7-m\libg_nano.a(lib_a-init.o)
                0x000026c4                __libc_init_array
 .text.memcpy   0x00002710       0x16 c:/program files (x86)/cypress/psoc creator/4.3/psoc creator/import/gnu/arm/5.4.1/bin/../lib/gcc/arm-none-eabi/5.4.1/../../../../arm-none-eabi/lib/armv7-m\libg_nano.a(lib_a-memcpy-stub.o)
                0x00002710                memcpy
 .text.memset   0x00002726       0x10 c:/program files (x86)/cypress/psoc creator/4.3/psoc creator/import/gnu/arm/5.4.1/bin/../lib/gcc/arm-none-eabi/5.4.1/../../../../arm-none-eabi/lib/armv7-m\libg_nano.a(lib_a-memset.o)
                0x00002726                memset
 *fill*         0x00002736        0x2 
 .text.sprintf  0x00002738       0x48 c:/program files (x86)/cypress/psoc creator/4.3/psoc creator/import/gnu/arm/5.4.1/bin/../lib/gcc/arm-none-eabi/5.4.1/../../../../arm-none-eabi/lib/armv7-m\libg_nano.a(lib_a-sprintf.o)
                0x00002738                siprintf
                0x00002738                sprintf
 .text.__ssputs_r
                0x00002780       0xb2 c:/program files (x86)/cypress/psoc creator/4.3/psoc creator/import/gnu/arm/5.4.1/bin/../lib/gcc/arm-none-eabi/5.4.1/../../../../arm-none-eabi/lib/armv7-m\libg_nano.a(lib_a-nano-svfprintf.o)
                0x00002780                __ssputs_r
 *fill*         0x00002832        0x2 
 .text._svfprintf_r
                0x00002834      0x1e8 c:/program files (x86)/cypress/psoc creator/4.3/psoc creator/import/gnu/arm/5.4.1/bin/../lib/gcc/arm-none-eabi/5.4.1/../../../../arm-none-eabi/lib/armv7-m\libg_nano.a(lib_a-nano-svfprintf.o)
                0x00002834                _svfiprintf_r
                0x00002834                _svfprintf_r
 .text._printf_common
                0x00002a1c       0xec c:/program files (x86)/cypress/psoc creator/4.3/psoc creator/import/gnu/arm/5.4.1/bin/../lib/gcc/arm-none-eabi/5.4.1/../../../../arm-none-eabi/lib/armv7-m\libg_nano.a(lib_a-nano-vfprintf_i.o)
                0x00002a1c                _printf_common
 .text._printf_i
                0x00002b08      0x24c c:/program files (x86)/cypress/psoc creator/4.3/psoc creator/import/gnu/arm/5.4.1/bin/../lib/gcc/arm-none-eabi/5.4.1/../../../../arm-none-eabi/lib/armv7-m\libg_nano.a(lib_a-nano-vfprintf_i.o)
                0x00002b08                _printf_i
 .text.memchr   0x00002d54       0x1c c:/program files (x86)/cypress/psoc creator/4.3/psoc creator/import/gnu/arm/5.4.1/bin/../lib/gcc/arm-none-eabi/5.4.1/../../../../arm-none-eabi/lib/armv7-m\libg_nano.a(lib_a-memchr-stub.o)
                0x00002d54                memchr
 .text.memmove  0x00002d70       0x36 c:/program files (x86)/cypress/psoc creator/4.3/psoc creator/import/gnu/arm/5.4.1/bin/../lib/gcc/arm-none-eabi/5.4.1/../../../../arm-none-eabi/lib/armv7-m\libg_nano.a(lib_a-memmove.o)
                0x00002d70                memmove
 *fill*         0x00002da6        0x2 
 .text._free_r  0x00002da8       0x98 c:/program files (x86)/cypress/psoc creator/4.3/psoc creator/import/gnu/arm/5.4.1/bin/../lib/gcc/arm-none-eabi/5.4.1/../../../../arm-none-eabi/lib/armv7-m\libg_nano.a(lib_a-nano-freer.o)
                0x00002da8                _free_r
 .text._malloc_r
                0x00002e40       0xbc c:/program files (x86)/cypress/psoc creator/4.3/psoc creator/import/gnu/arm/5.4.1/bin/../lib/gcc/arm-none-eabi/5.4.1/../../../../arm-none-eabi/lib/armv7-m\libg_nano.a(lib_a-nano-mallocr.o)
                0x00002e40                _malloc_r
 .text._realloc_r
                0x00002efc       0x4c c:/program files (x86)/cypress/psoc creator/4.3/psoc creator/import/gnu/arm/5.4.1/bin/../lib/gcc/arm-none-eabi/5.4.1/../../../../arm-none-eabi/lib/armv7-m\libg_nano.a(lib_a-nano-reallocr.o)
                0x00002efc                _realloc_r
 .text._sbrk_r  0x00002f48       0x20 c:/program files (x86)/cypress/psoc creator/4.3/psoc creator/import/gnu/arm/5.4.1/bin/../lib/gcc/arm-none-eabi/5.4.1/../../../../arm-none-eabi/lib/armv7-m\libg_nano.a(lib_a-sbrkr.o)
                0x00002f48                _sbrk_r
 .text.__malloc_lock
                0x00002f68        0x2 c:/program files (x86)/cypress/psoc creator/4.3/psoc creator/import/gnu/arm/5.4.1/bin/../lib/gcc/arm-none-eabi/5.4.1/../../../../arm-none-eabi/lib/armv7-m\libg_nano.a(lib_a-mlock.o)
                0x00002f68                __malloc_lock
 .text.__malloc_unlock
                0x00002f6a        0x2 c:/program files (x86)/cypress/psoc creator/4.3/psoc creator/import/gnu/arm/5.4.1/bin/../lib/gcc/arm-none-eabi/5.4.1/../../../../arm-none-eabi/lib/armv7-m\libg_nano.a(lib_a-mlock.o)
                0x00002f6a                __malloc_unlock
 .text._malloc_usable_size_r
                0x00002f6c       0x14 c:/program files (x86)/cypress/psoc creator/4.3/psoc creator/import/gnu/arm/5.4.1/bin/../lib/gcc/arm-none-eabi/5.4.1/../../../../arm-none-eabi/lib/armv7-m\libg_nano.a(lib_a-nano-msizer.o)
                0x00002f6c                _malloc_usable_size_r
 *(.plt)
 *(.gnu.warning)
 *(.glue_7t)
 .glue_7t       0x00002f80        0x0 linker stubs
 *(.glue_7)
 .glue_7        0x00002f80        0x0 linker stubs
 *(.vfp11_veneer)
 .vfp11_veneer  0x00002f80        0x0 linker stubs
 *(.bootloader)
 *(.ARM.extab* .gnu.linkonce.armextab.*)
 *(.gcc_except_table)

.v4_bx          0x00002f80        0x0
 .v4_bx         0x00002f80        0x0 linker stubs

.iplt           0x00002f80        0x0
 .iplt          0x00002f80        0x0 c:/program files (x86)/cypress/psoc creator/4.3/psoc creator/import/gnu/arm/5.4.1/bin/../lib/gcc/arm-none-eabi/5.4.1/armv7-m/crtbegin.o

.eh_frame_hdr
 *(.eh_frame_hdr)

.eh_frame       0x00002f80        0x4
 *(.eh_frame)
 .eh_frame      0x00002f80        0x0 c:/program files (x86)/cypress/psoc creator/4.3/psoc creator/import/gnu/arm/5.4.1/bin/../lib/gcc/arm-none-eabi/5.4.1/armv7-m/crtbegin.o
 .eh_frame      0x00002f80        0x4 c:/program files (x86)/cypress/psoc creator/4.3/psoc creator/import/gnu/arm/5.4.1/bin/../lib/gcc/arm-none-eabi/5.4.1/armv7-m/crtend.o
                [!provide]                PROVIDE (__exidx_start, .)

.ARM.exidx
 *(.ARM.exidx* .gnu.linkonce.armexidx.*)
                0x00002f84                __exidx_end = .

.rodata         0x00002f84      0x914
 *(.rodata .rodata.* .gnu.linkonce.r.*)
 .rodata.str1.4
                0x00002f84      0x23d .\CortexM3\ARM_GCC_541\Debug\main.o
 *fill*         0x000031c1        0x3 
 .rodata.str1.4
                0x000031c4      0x2c9 .\CortexM3\ARM_GCC_541\Debug\InterruptRoutines.o
                                0x305 (size before relaxing)
 *fill*         0x0000348d        0x3 
 .rodata.str1.4
                0x00003490      0x340 .\CortexM3\ARM_GCC_541\Debug\Functions.o
                                0x342 (size before relaxing)
 .rodata        0x000037d0       0x58 .\CortexM3\ARM_GCC_541\Debug\cyfitter_cfg.o
                0x000037d0                ADC_DelSig_AMux__addrTable
                0x000037d8                ADC_DelSig_AMux__maskTable
 .rodata.str1.1
                0x00003828        0x2 c:/program files (x86)/cypress/psoc creator/4.3/psoc creator/import/gnu/arm/5.4.1/bin/../lib/gcc/arm-none-eabi/5.4.1/../../../../arm-none-eabi/lib/armv7-m\libg_nano.a(lib_a-impure.o)
 .rodata.str1.1
                0x0000382a       0x11 c:/program files (x86)/cypress/psoc creator/4.3/psoc creator/import/gnu/arm/5.4.1/bin/../lib/gcc/arm-none-eabi/5.4.1/../../../../arm-none-eabi/lib/armv7-m\libg_nano.a(lib_a-nano-svfprintf.o)
 .rodata.str1.1
                0x0000383b       0x22 c:/program files (x86)/cypress/psoc creator/4.3/psoc creator/import/gnu/arm/5.4.1/bin/../lib/gcc/arm-none-eabi/5.4.1/../../../../arm-none-eabi/lib/armv7-m\libg_nano.a(lib_a-nano-vfprintf_i.o)
                0x00003860                . = ALIGN (0x4)
 *fill*         0x0000385d        0x3 
 *(.init)
 .init          0x00003860        0x4 c:/program files (x86)/cypress/psoc creator/4.3/psoc creator/import/gnu/arm/5.4.1/bin/../lib/gcc/arm-none-eabi/5.4.1/armv7-m/crti.o
                0x00003860                _init
 .init          0x00003864        0x8 c:/program files (x86)/cypress/psoc creator/4.3/psoc creator/import/gnu/arm/5.4.1/bin/../lib/gcc/arm-none-eabi/5.4.1/armv7-m/crtn.o
                0x0000386c                . = ALIGN (0x4)
                0x0000386c                __preinit_array_start = .
 *(.preinit_array)
                0x0000386c                __preinit_array_end = .
                0x0000386c                . = ALIGN (0x4)
                0x0000386c                __init_array_start = .
 *(SORT(.init_array.*))
 *(.init_array)
 .init_array    0x0000386c        0x4 c:/program files (x86)/cypress/psoc creator/4.3/psoc creator/import/gnu/arm/5.4.1/bin/../lib/gcc/arm-none-eabi/5.4.1/armv7-m/crtbegin.o
 .init_array    0x00003870        0x4 .\CortexM3\ARM_GCC_541\Debug\Cm3Start.o
                0x00003874                __init_array_end = .
                0x00003874                . = ALIGN (0x4)
 *(.fini)
 .fini          0x00003874        0x4 c:/program files (x86)/cypress/psoc creator/4.3/psoc creator/import/gnu/arm/5.4.1/bin/../lib/gcc/arm-none-eabi/5.4.1/armv7-m/crti.o
                0x00003874                _fini
 .fini          0x00003878        0x8 c:/program files (x86)/cypress/psoc creator/4.3/psoc creator/import/gnu/arm/5.4.1/bin/../lib/gcc/arm-none-eabi/5.4.1/armv7-m/crtn.o
                0x00003880                . = ALIGN (0x4)
                0x00003880                __fini_array_start = .
 *(.fini_array)
 .fini_array    0x00003880        0x4 c:/program files (x86)/cypress/psoc creator/4.3/psoc creator/import/gnu/arm/5.4.1/bin/../lib/gcc/arm-none-eabi/5.4.1/armv7-m/crtbegin.o
 *(SORT(.fini_array.*))
                0x00003884                __fini_array_end = .
                0x00003884                . = ALIGN (0x4)
 *crtbegin.o(.ctors)
 *(EXCLUDE_FILE(*crtend.o) .ctors)
 *(SORT(.ctors.*))
 *crtend.o(.ctors)
                0x00003884                . = ALIGN (0x4)
 *crtbegin.o(.dtors)
 *(EXCLUDE_FILE(*crtend.o) .dtors)
 *(SORT(.dtors.*))
 *crtend.o(.dtors)
                0x00003884                . = ALIGN (0x4)
                0x00003884                __cy_regions = .
                0x00003884        0x4 LONG 0x3898 __cy_region_init_ram
                0x00003888        0x4 LONG 0x1fff80c8 __cy_region_start_data
                0x0000388c        0x4 LONG 0x80 __cy_region_init_size_ram
                0x00003890        0x4 LONG 0x100 __cy_region_zero_size_ram
                0x00003894                __cy_regions_end = .
                0x00003898                . = ALIGN (0x8)
 *fill*         0x00003894        0x4 
                0x00003898                _etext = .

.cy_checksum_exclude
                0x00003898        0x0
 *(.cy_checksum_exclude)

.ramvectors     0x1fff8000       0xc0
                0x1fff8000                __cy_region_start_ram = .
 *(.ramvectors)
 .ramvectors    0x1fff8000       0xc0 .\CortexM3\ARM_GCC_541\Debug\Cm3Start.o
                0x1fff8000                CyRamVectors

.noinit         0x1fff80c0        0x1
 *(.noinit)
 .noinit        0x1fff80c0        0x1 .\CortexM3\ARM_GCC_541\Debug\Final_Project_Group5.a(CyLib.o)
                0x1fff80c0                CyResetStatus

.data           0x1fff80c8       0x80 load address 0x00003898
                0x1fff80c8                __cy_region_start_data = .
 *(.jcr)
 .jcr           0x1fff80c8        0x0 c:/program files (x86)/cypress/psoc creator/4.3/psoc creator/import/gnu/arm/5.4.1/bin/../lib/gcc/arm-none-eabi/5.4.1/armv7-m/crtbegin.o
 .jcr           0x1fff80c8        0x4 c:/program files (x86)/cypress/psoc creator/4.3/psoc creator/import/gnu/arm/5.4.1/bin/../lib/gcc/arm-none-eabi/5.4.1/armv7-m/crtend.o
 *(.got.plt)
 *(.got)
 *(.shdata)
 *(.data .data.* .gnu.linkonce.d.*)
 .data          0x1fff80cc        0x4 .\CortexM3\ARM_GCC_541\Debug\Cm3Start.o
 .data          0x1fff80d0       0x10 .\CortexM3\ARM_GCC_541\Debug\Final_Project_Group5.a(CyLib.o)
                0x1fff80d0                cydelay_32k_ms
                0x1fff80d4                cydelay_freq_khz
                0x1fff80d8                cydelay_freq_mhz
                0x1fff80dc                cydelay_freq_hz
 .data          0x1fff80e0        0x1 .\CortexM3\ARM_GCC_541\Debug\Final_Project_Group5.a(ADC_DelSig.o)
                0x1fff80e0                ADC_DelSig_Config
 .data          0x1fff80e1        0x1 .\CortexM3\ARM_GCC_541\Debug\Final_Project_Group5.a(ADC_DelSig_AMux.o)
 *fill*         0x1fff80e2        0x2 
 .data.impure_data
                0x1fff80e4       0x60 c:/program files (x86)/cypress/psoc creator/4.3/psoc creator/import/gnu/arm/5.4.1/bin/../lib/gcc/arm-none-eabi/5.4.1/../../../../arm-none-eabi/lib/armv7-m\libg_nano.a(lib_a-impure.o)
 .data._impure_ptr
                0x1fff8144        0x4 c:/program files (x86)/cypress/psoc creator/4.3/psoc creator/import/gnu/arm/5.4.1/bin/../lib/gcc/arm-none-eabi/5.4.1/../../../../arm-none-eabi/lib/armv7-m\libg_nano.a(lib_a-impure.o)
                0x1fff8144                _impure_ptr
                0x1fff8148                . = ALIGN (0x8)
 *(.ram)
                0x1fff8148                _edata = .

.igot.plt       0x1fff8148        0x0 load address 0x00003918
 .igot.plt      0x1fff8148        0x0 c:/program files (x86)/cypress/psoc creator/4.3/psoc creator/import/gnu/arm/5.4.1/bin/../lib/gcc/arm-none-eabi/5.4.1/armv7-m/crtbegin.o

.bss            0x1fff8148      0x100 load address 0x00003918
                0x1fff8148                PROVIDE (__bss_start__, .)
 *(.shbss)
 *(.bss .bss.* .gnu.linkonce.b.*)
 .bss           0x1fff8148       0x1c c:/program files (x86)/cypress/psoc creator/4.3/psoc creator/import/gnu/arm/5.4.1/bin/../lib/gcc/arm-none-eabi/5.4.1/armv7-m/crtbegin.o
 .bss           0x1fff8164        0x2 .\CortexM3\ARM_GCC_541\Debug\InterruptRoutines.o
                0x1fff8164                TemperatureMode
                0x1fff8165                FahrenheitFlag
 .bss           0x1fff8166        0x1 .\CortexM3\ARM_GCC_541\Debug\Final_Project_Group5.a(SPIM_1.o)
                0x1fff8166                SPIM_1_initVar
 .bss           0x1fff8167        0x2 .\CortexM3\ARM_GCC_541\Debug\Final_Project_Group5.a(UART_1.o)
                0x1fff8167                UART_1_initVar
 .bss           0x1fff8169        0x1 .\CortexM3\ARM_GCC_541\Debug\Final_Project_Group5.a(SPIM_2.o)
                0x1fff8169                SPIM_2_initVar
 *fill*         0x1fff816a        0x2 
 .bss           0x1fff816c        0xc .\CortexM3\ARM_GCC_541\Debug\Final_Project_Group5.a(ADC_DelSig.o)
                0x1fff8170                ADC_DelSig_stopConversion
                0x1fff8171                ADC_DelSig_convDone
                0x1fff8172                ADC_DelSig_initVar
                0x1fff8173                ADC_DelSig_started
                0x1fff8174                ADC_DelSig_Offset
 .bss           0x1fff8178        0x1 .\CortexM3\ARM_GCC_541\Debug\Final_Project_Group5.a(Timer.o)
                0x1fff8178                Timer_initVar
 .bss           0x1fff8179        0x1 .\CortexM3\ARM_GCC_541\Debug\Final_Project_Group5.a(PWM_OnboardLED.o)
                0x1fff8179                PWM_OnboardLED_initVar
 *fill*         0x1fff817a        0x2 
 .bss.__malloc_sbrk_start
                0x1fff817c        0x4 c:/program files (x86)/cypress/psoc creator/4.3/psoc creator/import/gnu/arm/5.4.1/bin/../lib/gcc/arm-none-eabi/5.4.1/../../../../arm-none-eabi/lib/armv7-m\libg_nano.a(lib_a-nano-mallocr.o)
                0x1fff817c                __malloc_sbrk_start
 .bss.__malloc_free_list
                0x1fff8180        0x4 c:/program files (x86)/cypress/psoc creator/4.3/psoc creator/import/gnu/arm/5.4.1/bin/../lib/gcc/arm-none-eabi/5.4.1/../../../../arm-none-eabi/lib/armv7-m\libg_nano.a(lib_a-nano-mallocr.o)
                0x1fff8180                __malloc_free_list
 *(COMMON)
 COMMON         0x1fff8184       0x75 .\CortexM3\ARM_GCC_541\Debug\main.o
                0x1fff8184                SamplingFreqFlag
                0x1fff8185                StartFlag
                0x1fff8186                FSRFlag
                0x1fff8188                DataBuffer
                0x1fff8194                bufferUART
                0x1fff81f8                PacketReadyFlag
 *fill*         0x1fff81f9        0x3 
 COMMON         0x1fff81fc        0xd .\CortexM3\ARM_GCC_541\Debug\InterruptRoutines.o
                0x1fff81fc                value_digit
                0x1fff8200                value_temp
                0x1fff8204                value_mv
                0x1fff8208                ch_received
 *fill*         0x1fff8209        0x3 
 COMMON         0x1fff820c       0x1c .\CortexM3\ARM_GCC_541\Debug\Final_Project_Group5.a(SPIM_1.o)
                0x1fff820c                SPIM_1_swStatusTx
                0x1fff8210                SPIM_1_txBuffer
                0x1fff8218                SPIM_1_txBufferFull
                0x1fff8219                SPIM_1_rxBufferWrite
                0x1fff821a                SPIM_1_rxBufferFull
                0x1fff821b                SPIM_1_rxBufferRead
                0x1fff821c                SPIM_1_txBufferWrite
                0x1fff821d                SPIM_1_swStatusRx
                0x1fff821e                SPIM_1_txBufferRead
                0x1fff8220                SPIM_1_rxBuffer
 COMMON         0x1fff8228       0x18 .\CortexM3\ARM_GCC_541\Debug\Final_Project_Group5.a(SPIM_2.o)
                0x1fff8228                SPIM_2_rxBuffer
                0x1fff8230                SPIM_2_swStatusRx
                0x1fff8231                SPIM_2_rxBufferWrite
                0x1fff8232                SPIM_2_rxBufferFull
                0x1fff8233                SPIM_2_txBufferFull
                0x1fff8234                SPIM_2_txBufferRead
                0x1fff8235                SPIM_2_txBufferWrite
                0x1fff8236                SPIM_2_rxBufferRead
                0x1fff8237                SPIM_2_swStatusTx
                0x1fff8238                SPIM_2_txBuffer
 COMMON         0x1fff8240        0x4 .\CortexM3\ARM_GCC_541\Debug\Final_Project_Group5.a(ADC_DelSig.o)
                0x1fff8240                ADC_DelSig_CountsPerVolt
 COMMON         0x1fff8244        0x4 c:/program files (x86)/cypress/psoc creator/4.3/psoc creator/import/gnu/arm/5.4.1/bin/../lib/gcc/arm-none-eabi/5.4.1/../../../../arm-none-eabi/lib/armv7-m\libg_nano.a(lib_a-reent.o)
                0x1fff8244                errno
                0x1fff8248                . = ALIGN (0x8)
 *(.ram.b)
                0x1fff8248                _end = .
                0x1fff8248                __end = .
                0x1fff8248                PROVIDE (end, .)
                0x1fff8248                PROVIDE (__bss_end__, .)
                0x00003898                __cy_region_init_ram = LOADADDR (.data)
                0x00000080                __cy_region_init_size_ram = (_edata - ADDR (.data))
                0x00000100                __cy_region_zero_size_ram = (_end - _edata)

.heap           0x1fff8248       0x80 load address 0x00003918
                0x1fff8248                . = _end
                0x1fff82c8                . = (. + 0x80)
 *fill*         0x1fff8248       0x80 
                0x1fff82c8                __cy_heap_limit = .

.stack          0x20007800      0x800
                0x20007800                __cy_stack_limit = .
                0x20008000                . = (. + 0x800)
 *fill*         0x20007800      0x800 
                0x00000001                ASSERT ((__cy_stack_limit >= __cy_heap_limit), region RAM overflowed with stack)
                0x00000000                cy_checksum_exclude_size = (CY_APPL_LOADABLE == 0x1)?SIZEOF (.cy_checksum_exclude):0x0
                0x00000001                ASSERT ((cy_checksum_exclude_size <= CY_CHECKSUM_EXCLUDE_SIZE), CY_BOOT: Section .cy_checksum_exclude size exceedes specified limit.)

.cyloadermeta
 *(.cyloadermeta)

.cyloadablemeta
 *(.cyloadablemeta)

.cyconfigecc    0x80000000      0x920
 *(.cyconfigecc)
 .cyconfigecc   0x80000000      0x920 .\CortexM3\ARM_GCC_541\Debug\cymetadata.o
                0x80000000                cy_meta_configecc

.cycustnvl      0x90000000        0x4
 *(.cycustnvl)
 .cycustnvl     0x90000000        0x4 .\CortexM3\ARM_GCC_541\Debug\cymetadata.o
                0x90000000                cy_meta_custnvl

.cywolatch      0x90100000        0x4
 *(.cywolatch)
 .cywolatch     0x90100000        0x4 .\CortexM3\ARM_GCC_541\Debug\cymetadata.o
                0x90100000                cy_meta_wonvl

.cyeeprom       0x90200000        0x0
 *(.cyeeprom)
                0x00000001                ASSERT ((. <= ((0x90200000 + ee_offset) + ee_size)), .cyeeprom data will not fit in EEPROM)

.cyflashprotect
                0x90400000      0x100
 *(.cyflashprotect)
 .cyflashprotect
                0x90400000      0x100 .\CortexM3\ARM_GCC_541\Debug\cymetadata.o
                0x90400000                cy_meta_flashprotect

.cymeta         0x90500000        0xc
 *(.cymeta)
 .cymeta        0x90500000        0xc .\CortexM3\ARM_GCC_541\Debug\cymetadata.o
                0x90500000                cy_metadata

.rel.dyn        0x00003918        0x0 load address 0x9050000c
 .rel.iplt      0x00003918        0x0 c:/program files (x86)/cypress/psoc creator/4.3/psoc creator/import/gnu/arm/5.4.1/bin/../lib/gcc/arm-none-eabi/5.4.1/armv7-m/crtbegin.o

.stab
 *(.stab)

.stabstr
 *(.stabstr)

.debug
 *(.debug)

.line
 *(.line)

.debug_srcinfo
 *(.debug_srcinfo)

.debug_sfnames
 *(.debug_sfnames)

.debug_aranges  0x00000000      0xfd0
 *(.debug_aranges)
 .debug_aranges
                0x00000000       0x20 .\CortexM3\ARM_GCC_541\Debug\main.o
 .debug_aranges
                0x00000020       0x50 .\CortexM3\ARM_GCC_541\Debug\25LC256.o
 .debug_aranges
                0x00000070       0x30 .\CortexM3\ARM_GCC_541\Debug\InterruptRoutines.o
 .debug_aranges
                0x000000a0       0x30 .\CortexM3\ARM_GCC_541\Debug\LIS3DH.o
 .debug_aranges
                0x000000d0       0x38 .\CortexM3\ARM_GCC_541\Debug\SPI_Interface_25LC256.o
 .debug_aranges
                0x00000108       0x38 .\CortexM3\ARM_GCC_541\Debug\SPI_Interface_LIS3DH.o
 .debug_aranges
                0x00000140       0x20 .\CortexM3\ARM_GCC_541\Debug\Functions.o
 .debug_aranges
                0x00000160       0x68 .\CortexM3\ARM_GCC_541\Debug\cyfitter_cfg.o
 .debug_aranges
                0x000001c8       0x18 .\CortexM3\ARM_GCC_541\Debug\cymetadata.o
 .debug_aranges
                0x000001e0       0x48 .\CortexM3\ARM_GCC_541\Debug\Cm3Start.o
 .debug_aranges
                0x00000228       0xd8 .\CortexM3\ARM_GCC_541\Debug\Final_Project_Group5.a(SPIM_1.o)
 .debug_aranges
                0x00000300       0x28 .\CortexM3\ARM_GCC_541\Debug\Final_Project_Group5.a(SPIM_1_INT.o)
 .debug_aranges
                0x00000328       0xf0 .\CortexM3\ARM_GCC_541\Debug\Final_Project_Group5.a(UART_1.o)
 .debug_aranges
                0x00000418       0x38 .\CortexM3\ARM_GCC_541\Debug\Final_Project_Group5.a(CS_1.o)
 .debug_aranges
                0x00000450       0x38 .\CortexM3\ARM_GCC_541\Debug\Final_Project_Group5.a(CS_2.o)
 .debug_aranges
                0x00000488       0xd8 .\CortexM3\ARM_GCC_541\Debug\Final_Project_Group5.a(SPIM_2.o)
 .debug_aranges
                0x00000560       0x28 .\CortexM3\ARM_GCC_541\Debug\Final_Project_Group5.a(SPIM_2_INT.o)
 .debug_aranges
                0x00000588       0x80 .\CortexM3\ARM_GCC_541\Debug\Final_Project_Group5.a(isr_RX.o)
 .debug_aranges
                0x00000608       0x70 .\CortexM3\ARM_GCC_541\Debug\Final_Project_Group5.a(SPIM_1_IntClock.o)
 .debug_aranges
                0x00000678       0x70 .\CortexM3\ARM_GCC_541\Debug\Final_Project_Group5.a(UART_1_IntClock.o)
 .debug_aranges
                0x000006e8       0x70 .\CortexM3\ARM_GCC_541\Debug\Final_Project_Group5.a(SPIM_2_IntClock.o)
 .debug_aranges
                0x00000758      0x2a0 .\CortexM3\ARM_GCC_541\Debug\Final_Project_Group5.a(CyLib.o)
 .debug_aranges
                0x000009f8       0x98 .\CortexM3\ARM_GCC_541\Debug\Final_Project_Group5.a(cyPm.o)
 .debug_aranges
                0x00000a90       0xe8 .\CortexM3\ARM_GCC_541\Debug\Final_Project_Group5.a(ADC_DelSig.o)
 .debug_aranges
                0x00000b78       0x38 .\CortexM3\ARM_GCC_541\Debug\Final_Project_Group5.a(ADC_DelSig_INT.o)
 .debug_aranges
                0x00000bb0       0x88 .\CortexM3\ARM_GCC_541\Debug\Final_Project_Group5.a(Timer.o)
 .debug_aranges
                0x00000c38       0x80 .\CortexM3\ARM_GCC_541\Debug\Final_Project_Group5.a(isr_ADC.o)
 .debug_aranges
                0x00000cb8       0x30 .\CortexM3\ARM_GCC_541\Debug\Final_Project_Group5.a(ADC_DelSig_AMux.o)
 .debug_aranges
                0x00000ce8       0x70 .\CortexM3\ARM_GCC_541\Debug\Final_Project_Group5.a(ADC_DelSig_Ext_CP_Clk.o)
 .debug_aranges
                0x00000d58       0x80 .\CortexM3\ARM_GCC_541\Debug\Final_Project_Group5.a(ADC_DelSig_theACLK.o)
 .debug_aranges
                0x00000dd8       0x38 .\CortexM3\ARM_GCC_541\Debug\Final_Project_Group5.a(Ext_LED.o)
 .debug_aranges
                0x00000e10       0x98 .\CortexM3\ARM_GCC_541\Debug\Final_Project_Group5.a(PWM_OnboardLED.o)
 .debug_aranges
                0x00000ea8       0x20 .\CortexM3\ARM_GCC_541\Debug\Final_Project_Group5.a(CyBootAsmGnu.o)
 .debug_aranges
                0x00000ec8       0x88 .\CortexM3\ARM_GCC_541\Debug\Final_Project_Group5.a(CyFlash.o)
 .debug_aranges
                0x00000f50       0x80 .\CortexM3\ARM_GCC_541\Debug\Final_Project_Group5.a(CySpc.o)

.debug_pubnames
 *(.debug_pubnames)

.debug_info     0x00000000     0x98af
 *(.debug_info .gnu.linkonce.wi.*)
 .debug_info    0x00000000      0xa7a .\CortexM3\ARM_GCC_541\Debug\main.o
 .debug_info    0x00000a7a      0x3b4 .\CortexM3\ARM_GCC_541\Debug\25LC256.o
 .debug_info    0x00000e2e      0x8d1 .\CortexM3\ARM_GCC_541\Debug\InterruptRoutines.o
 .debug_info    0x000016ff      0x24b .\CortexM3\ARM_GCC_541\Debug\LIS3DH.o
 .debug_info    0x0000194a      0x3d4 .\CortexM3\ARM_GCC_541\Debug\SPI_Interface_25LC256.o
 .debug_info    0x00001d1e      0x3d4 .\CortexM3\ARM_GCC_541\Debug\SPI_Interface_LIS3DH.o
 .debug_info    0x000020f2      0x30b .\CortexM3\ARM_GCC_541\Debug\Functions.o
 .debug_info    0x000023fd      0x6c7 .\CortexM3\ARM_GCC_541\Debug\cyfitter_cfg.o
 .debug_info    0x00002ac4      0x139 .\CortexM3\ARM_GCC_541\Debug\cymetadata.o
 .debug_info    0x00002bfd      0x3bb .\CortexM3\ARM_GCC_541\Debug\Cm3Start.o
 .debug_info    0x00002fb8      0x709 .\CortexM3\ARM_GCC_541\Debug\Final_Project_Group5.a(SPIM_1.o)
 .debug_info    0x000036c1      0x18d .\CortexM3\ARM_GCC_541\Debug\Final_Project_Group5.a(SPIM_1_INT.o)
 .debug_info    0x0000384e      0x60c .\CortexM3\ARM_GCC_541\Debug\Final_Project_Group5.a(UART_1.o)
 .debug_info    0x00003e5a      0x11f .\CortexM3\ARM_GCC_541\Debug\Final_Project_Group5.a(CS_1.o)
 .debug_info    0x00003f79      0x11f .\CortexM3\ARM_GCC_541\Debug\Final_Project_Group5.a(CS_2.o)
 .debug_info    0x00004098      0x709 .\CortexM3\ARM_GCC_541\Debug\Final_Project_Group5.a(SPIM_2.o)
 .debug_info    0x000047a1      0x18d .\CortexM3\ARM_GCC_541\Debug\Final_Project_Group5.a(SPIM_2_INT.o)
 .debug_info    0x0000492e      0x2d2 .\CortexM3\ARM_GCC_541\Debug\Final_Project_Group5.a(isr_RX.o)
 .debug_info    0x00004c00      0x283 .\CortexM3\ARM_GCC_541\Debug\Final_Project_Group5.a(SPIM_1_IntClock.o)
 .debug_info    0x00004e83      0x283 .\CortexM3\ARM_GCC_541\Debug\Final_Project_Group5.a(UART_1_IntClock.o)
 .debug_info    0x00005106      0x283 .\CortexM3\ARM_GCC_541\Debug\Final_Project_Group5.a(SPIM_2_IntClock.o)
 .debug_info    0x00005389     0x1374 .\CortexM3\ARM_GCC_541\Debug\Final_Project_Group5.a(CyLib.o)
 .debug_info    0x000066fd      0xa2a .\CortexM3\ARM_GCC_541\Debug\Final_Project_Group5.a(cyPm.o)
 .debug_info    0x00007127      0xa18 .\CortexM3\ARM_GCC_541\Debug\Final_Project_Group5.a(ADC_DelSig.o)
 .debug_info    0x00007b3f       0xd3 .\CortexM3\ARM_GCC_541\Debug\Final_Project_Group5.a(ADC_DelSig_INT.o)
 .debug_info    0x00007c12      0x293 .\CortexM3\ARM_GCC_541\Debug\Final_Project_Group5.a(Timer.o)
 .debug_info    0x00007ea5      0x2d2 .\CortexM3\ARM_GCC_541\Debug\Final_Project_Group5.a(isr_ADC.o)
 .debug_info    0x00008177      0x165 .\CortexM3\ARM_GCC_541\Debug\Final_Project_Group5.a(ADC_DelSig_AMux.o)
 .debug_info    0x000082dc      0x283 .\CortexM3\ARM_GCC_541\Debug\Final_Project_Group5.a(ADC_DelSig_Ext_CP_Clk.o)
 .debug_info    0x0000855f      0x2c4 .\CortexM3\ARM_GCC_541\Debug\Final_Project_Group5.a(ADC_DelSig_theACLK.o)
 .debug_info    0x00008823      0x11f .\CortexM3\ARM_GCC_541\Debug\Final_Project_Group5.a(Ext_LED.o)
 .debug_info    0x00008942      0x333 .\CortexM3\ARM_GCC_541\Debug\Final_Project_Group5.a(PWM_OnboardLED.o)
 .debug_info    0x00008c75       0x9d .\CortexM3\ARM_GCC_541\Debug\Final_Project_Group5.a(CyBootAsmGnu.o)
 .debug_info    0x00008d12      0x64d .\CortexM3\ARM_GCC_541\Debug\Final_Project_Group5.a(CyFlash.o)
 .debug_info    0x0000935f      0x550 .\CortexM3\ARM_GCC_541\Debug\Final_Project_Group5.a(CySpc.o)

.debug_abbrev   0x00000000     0x2827
 *(.debug_abbrev)
 .debug_abbrev  0x00000000      0x130 .\CortexM3\ARM_GCC_541\Debug\main.o
 .debug_abbrev  0x00000130      0x11c .\CortexM3\ARM_GCC_541\Debug\25LC256.o
 .debug_abbrev  0x0000024c       0xf1 .\CortexM3\ARM_GCC_541\Debug\InterruptRoutines.o
 .debug_abbrev  0x0000033d       0xdb .\CortexM3\ARM_GCC_541\Debug\LIS3DH.o
 .debug_abbrev  0x00000418      0x12b .\CortexM3\ARM_GCC_541\Debug\SPI_Interface_25LC256.o
 .debug_abbrev  0x00000543      0x12b .\CortexM3\ARM_GCC_541\Debug\SPI_Interface_LIS3DH.o
 .debug_abbrev  0x0000066e       0xcc .\CortexM3\ARM_GCC_541\Debug\Functions.o
 .debug_abbrev  0x0000073a      0x22d .\CortexM3\ARM_GCC_541\Debug\cyfitter_cfg.o
 .debug_abbrev  0x00000967       0x77 .\CortexM3\ARM_GCC_541\Debug\cymetadata.o
 .debug_abbrev  0x000009de      0x1e8 .\CortexM3\ARM_GCC_541\Debug\Cm3Start.o
 .debug_abbrev  0x00000bc6      0x162 .\CortexM3\ARM_GCC_541\Debug\Final_Project_Group5.a(SPIM_1.o)
 .debug_abbrev  0x00000d28       0x8a .\CortexM3\ARM_GCC_541\Debug\Final_Project_Group5.a(SPIM_1_INT.o)
 .debug_abbrev  0x00000db2      0x175 .\CortexM3\ARM_GCC_541\Debug\Final_Project_Group5.a(UART_1.o)
 .debug_abbrev  0x00000f27       0x90 .\CortexM3\ARM_GCC_541\Debug\Final_Project_Group5.a(CS_1.o)
 .debug_abbrev  0x00000fb7       0x90 .\CortexM3\ARM_GCC_541\Debug\Final_Project_Group5.a(CS_2.o)
 .debug_abbrev  0x00001047      0x162 .\CortexM3\ARM_GCC_541\Debug\Final_Project_Group5.a(SPIM_2.o)
 .debug_abbrev  0x000011a9       0x8a .\CortexM3\ARM_GCC_541\Debug\Final_Project_Group5.a(SPIM_2_INT.o)
 .debug_abbrev  0x00001233      0x173 .\CortexM3\ARM_GCC_541\Debug\Final_Project_Group5.a(isr_RX.o)
 .debug_abbrev  0x000013a6      0x139 .\CortexM3\ARM_GCC_541\Debug\Final_Project_Group5.a(SPIM_1_IntClock.o)
 .debug_abbrev  0x000014df      0x139 .\CortexM3\ARM_GCC_541\Debug\Final_Project_Group5.a(UART_1_IntClock.o)
 .debug_abbrev  0x00001618      0x139 .\CortexM3\ARM_GCC_541\Debug\Final_Project_Group5.a(SPIM_2_IntClock.o)
 .debug_abbrev  0x00001751      0x254 .\CortexM3\ARM_GCC_541\Debug\Final_Project_Group5.a(CyLib.o)
 .debug_abbrev  0x000019a5      0x1ab .\CortexM3\ARM_GCC_541\Debug\Final_Project_Group5.a(cyPm.o)
 .debug_abbrev  0x00001b50      0x1eb .\CortexM3\ARM_GCC_541\Debug\Final_Project_Group5.a(ADC_DelSig.o)
 .debug_abbrev  0x00001d3b       0x42 .\CortexM3\ARM_GCC_541\Debug\Final_Project_Group5.a(ADC_DelSig_INT.o)
 .debug_abbrev  0x00001d7d      0x11a .\CortexM3\ARM_GCC_541\Debug\Final_Project_Group5.a(Timer.o)
 .debug_abbrev  0x00001e97      0x173 .\CortexM3\ARM_GCC_541\Debug\Final_Project_Group5.a(isr_ADC.o)
 .debug_abbrev  0x0000200a       0xb1 .\CortexM3\ARM_GCC_541\Debug\Final_Project_Group5.a(ADC_DelSig_AMux.o)
 .debug_abbrev  0x000020bb      0x139 .\CortexM3\ARM_GCC_541\Debug\Final_Project_Group5.a(ADC_DelSig_Ext_CP_Clk.o)
 .debug_abbrev  0x000021f4      0x121 .\CortexM3\ARM_GCC_541\Debug\Final_Project_Group5.a(ADC_DelSig_theACLK.o)
 .debug_abbrev  0x00002315       0x90 .\CortexM3\ARM_GCC_541\Debug\Final_Project_Group5.a(Ext_LED.o)
 .debug_abbrev  0x000023a5      0x133 .\CortexM3\ARM_GCC_541\Debug\Final_Project_Group5.a(PWM_OnboardLED.o)
 .debug_abbrev  0x000024d8       0x14 .\CortexM3\ARM_GCC_541\Debug\Final_Project_Group5.a(CyBootAsmGnu.o)
 .debug_abbrev  0x000024ec      0x1a7 .\CortexM3\ARM_GCC_541\Debug\Final_Project_Group5.a(CyFlash.o)
 .debug_abbrev  0x00002693      0x194 .\CortexM3\ARM_GCC_541\Debug\Final_Project_Group5.a(CySpc.o)

.debug_line     0x00000000     0x4191
 *(.debug_line)
 .debug_line    0x00000000      0x337 .\CortexM3\ARM_GCC_541\Debug\main.o
 .debug_line    0x00000337      0x1ee .\CortexM3\ARM_GCC_541\Debug\25LC256.o
 .debug_line    0x00000525      0x29d .\CortexM3\ARM_GCC_541\Debug\InterruptRoutines.o
 .debug_line    0x000007c2      0x19b .\CortexM3\ARM_GCC_541\Debug\LIS3DH.o
 .debug_line    0x0000095d      0x1fc .\CortexM3\ARM_GCC_541\Debug\SPI_Interface_25LC256.o
 .debug_line    0x00000b59      0x1fc .\CortexM3\ARM_GCC_541\Debug\SPI_Interface_LIS3DH.o
 .debug_line    0x00000d55      0x1a2 .\CortexM3\ARM_GCC_541\Debug\Functions.o
 .debug_line    0x00000ef7      0x22b .\CortexM3\ARM_GCC_541\Debug\cyfitter_cfg.o
 .debug_line    0x00001122      0x141 .\CortexM3\ARM_GCC_541\Debug\cymetadata.o
 .debug_line    0x00001263      0x234 .\CortexM3\ARM_GCC_541\Debug\Cm3Start.o
 .debug_line    0x00001497      0x29e .\CortexM3\ARM_GCC_541\Debug\Final_Project_Group5.a(SPIM_1.o)
 .debug_line    0x00001735       0xaa .\CortexM3\ARM_GCC_541\Debug\Final_Project_Group5.a(SPIM_1_INT.o)
 .debug_line    0x000017df      0x2c0 .\CortexM3\ARM_GCC_541\Debug\Final_Project_Group5.a(UART_1.o)
 .debug_line    0x00001a9f       0x91 .\CortexM3\ARM_GCC_541\Debug\Final_Project_Group5.a(CS_1.o)
 .debug_line    0x00001b30       0x91 .\CortexM3\ARM_GCC_541\Debug\Final_Project_Group5.a(CS_2.o)
 .debug_line    0x00001bc1      0x29e .\CortexM3\ARM_GCC_541\Debug\Final_Project_Group5.a(SPIM_2.o)
 .debug_line    0x00001e5f       0xaa .\CortexM3\ARM_GCC_541\Debug\Final_Project_Group5.a(SPIM_2_INT.o)
 .debug_line    0x00001f09      0x133 .\CortexM3\ARM_GCC_541\Debug\Final_Project_Group5.a(isr_RX.o)
 .debug_line    0x0000203c      0x17e .\CortexM3\ARM_GCC_541\Debug\Final_Project_Group5.a(SPIM_1_IntClock.o)
 .debug_line    0x000021ba      0x17e .\CortexM3\ARM_GCC_541\Debug\Final_Project_Group5.a(UART_1_IntClock.o)
 .debug_line    0x00002338      0x17e .\CortexM3\ARM_GCC_541\Debug\Final_Project_Group5.a(SPIM_2_IntClock.o)
 .debug_line    0x000024b6      0x816 .\CortexM3\ARM_GCC_541\Debug\Final_Project_Group5.a(CyLib.o)
 .debug_line    0x00002ccc      0x367 .\CortexM3\ARM_GCC_541\Debug\Final_Project_Group5.a(cyPm.o)
 .debug_line    0x00003033      0x373 .\CortexM3\ARM_GCC_541\Debug\Final_Project_Group5.a(ADC_DelSig.o)
 .debug_line    0x000033a6       0x87 .\CortexM3\ARM_GCC_541\Debug\Final_Project_Group5.a(ADC_DelSig_INT.o)
 .debug_line    0x0000342d      0x153 .\CortexM3\ARM_GCC_541\Debug\Final_Project_Group5.a(Timer.o)
 .debug_line    0x00003580      0x134 .\CortexM3\ARM_GCC_541\Debug\Final_Project_Group5.a(isr_ADC.o)
 .debug_line    0x000036b4       0xb3 .\CortexM3\ARM_GCC_541\Debug\Final_Project_Group5.a(ADC_DelSig_AMux.o)
 .debug_line    0x00003767      0x184 .\CortexM3\ARM_GCC_541\Debug\Final_Project_Group5.a(ADC_DelSig_Ext_CP_Clk.o)
 .debug_line    0x000038eb      0x1a4 .\CortexM3\ARM_GCC_541\Debug\Final_Project_Group5.a(ADC_DelSig_theACLK.o)
 .debug_line    0x00003a8f       0x94 .\CortexM3\ARM_GCC_541\Debug\Final_Project_Group5.a(Ext_LED.o)
 .debug_line    0x00003b23      0x18e .\CortexM3\ARM_GCC_541\Debug\Final_Project_Group5.a(PWM_OnboardLED.o)
 .debug_line    0x00003cb1       0x66 .\CortexM3\ARM_GCC_541\Debug\Final_Project_Group5.a(CyBootAsmGnu.o)
 .debug_line    0x00003d17      0x21a .\CortexM3\ARM_GCC_541\Debug\Final_Project_Group5.a(CyFlash.o)
 .debug_line    0x00003f31      0x260 .\CortexM3\ARM_GCC_541\Debug\Final_Project_Group5.a(CySpc.o)

.debug_frame    0x00000000     0x2974
 *(.debug_frame)
 .debug_frame   0x00000000       0x38 .\CortexM3\ARM_GCC_541\Debug\main.o
 .debug_frame   0x00000038       0xf8 .\CortexM3\ARM_GCC_541\Debug\25LC256.o
 .debug_frame   0x00000130       0x58 .\CortexM3\ARM_GCC_541\Debug\InterruptRoutines.o
 .debug_frame   0x00000188       0x6c .\CortexM3\ARM_GCC_541\Debug\LIS3DH.o
 .debug_frame   0x000001f4       0x88 .\CortexM3\ARM_GCC_541\Debug\SPI_Interface_25LC256.o
 .debug_frame   0x0000027c       0x88 .\CortexM3\ARM_GCC_541\Debug\SPI_Interface_LIS3DH.o
 .debug_frame   0x00000304       0x30 .\CortexM3\ARM_GCC_541\Debug\Functions.o
 .debug_frame   0x00000334      0x104 .\CortexM3\ARM_GCC_541\Debug\cyfitter_cfg.o
 .debug_frame   0x00000438       0xb8 .\CortexM3\ARM_GCC_541\Debug\Cm3Start.o
 .debug_frame   0x000004f0      0x260 .\CortexM3\ARM_GCC_541\Debug\Final_Project_Group5.a(SPIM_1.o)
 .debug_frame   0x00000750       0x30 .\CortexM3\ARM_GCC_541\Debug\Final_Project_Group5.a(SPIM_1_INT.o)
 .debug_frame   0x00000780      0x250 .\CortexM3\ARM_GCC_541\Debug\Final_Project_Group5.a(UART_1.o)
 .debug_frame   0x000009d0       0x50 .\CortexM3\ARM_GCC_541\Debug\Final_Project_Group5.a(CS_1.o)
 .debug_frame   0x00000a20       0x50 .\CortexM3\ARM_GCC_541\Debug\Final_Project_Group5.a(CS_2.o)
 .debug_frame   0x00000a70      0x260 .\CortexM3\ARM_GCC_541\Debug\Final_Project_Group5.a(SPIM_2.o)
 .debug_frame   0x00000cd0       0x30 .\CortexM3\ARM_GCC_541\Debug\Final_Project_Group5.a(SPIM_2_INT.o)
 .debug_frame   0x00000d00      0x104 .\CortexM3\ARM_GCC_541\Debug\Final_Project_Group5.a(isr_RX.o)
 .debug_frame   0x00000e04       0xe0 .\CortexM3\ARM_GCC_541\Debug\Final_Project_Group5.a(SPIM_1_IntClock.o)
 .debug_frame   0x00000ee4       0xe0 .\CortexM3\ARM_GCC_541\Debug\Final_Project_Group5.a(UART_1_IntClock.o)
 .debug_frame   0x00000fc4       0xe0 .\CortexM3\ARM_GCC_541\Debug\Final_Project_Group5.a(SPIM_2_IntClock.o)
 .debug_frame   0x000010a4      0x738 .\CortexM3\ARM_GCC_541\Debug\Final_Project_Group5.a(CyLib.o)
 .debug_frame   0x000017dc      0x1f8 .\CortexM3\ARM_GCC_541\Debug\Final_Project_Group5.a(cyPm.o)
 .debug_frame   0x000019d4      0x284 .\CortexM3\ARM_GCC_541\Debug\Final_Project_Group5.a(ADC_DelSig.o)
 .debug_frame   0x00001c58       0x50 .\CortexM3\ARM_GCC_541\Debug\Final_Project_Group5.a(ADC_DelSig_INT.o)
 .debug_frame   0x00001ca8      0x108 .\CortexM3\ARM_GCC_541\Debug\Final_Project_Group5.a(Timer.o)
 .debug_frame   0x00001db0      0x104 .\CortexM3\ARM_GCC_541\Debug\Final_Project_Group5.a(isr_ADC.o)
 .debug_frame   0x00001eb4       0x64 .\CortexM3\ARM_GCC_541\Debug\Final_Project_Group5.a(ADC_DelSig_AMux.o)
 .debug_frame   0x00001f18       0xe0 .\CortexM3\ARM_GCC_541\Debug\Final_Project_Group5.a(ADC_DelSig_Ext_CP_Clk.o)
 .debug_frame   0x00001ff8      0x100 .\CortexM3\ARM_GCC_541\Debug\Final_Project_Group5.a(ADC_DelSig_theACLK.o)
 .debug_frame   0x000020f8       0x50 .\CortexM3\ARM_GCC_541\Debug\Final_Project_Group5.a(Ext_LED.o)
 .debug_frame   0x00002148      0x134 .\CortexM3\ARM_GCC_541\Debug\Final_Project_Group5.a(PWM_OnboardLED.o)
 .debug_frame   0x0000227c      0x194 .\CortexM3\ARM_GCC_541\Debug\Final_Project_Group5.a(CyFlash.o)
 .debug_frame   0x00002410      0x180 .\CortexM3\ARM_GCC_541\Debug\Final_Project_Group5.a(CySpc.o)
 .debug_frame   0x00002590       0x20 c:/program files (x86)/cypress/psoc creator/4.3/psoc creator/import/gnu/arm/5.4.1/bin/../lib/gcc/arm-none-eabi/5.4.1/../../../../arm-none-eabi/lib/armv7-m\libg_nano.a(lib_a-errno.o)
 .debug_frame   0x000025b0       0x28 c:/program files (x86)/cypress/psoc creator/4.3/psoc creator/import/gnu/arm/5.4.1/bin/../lib/gcc/arm-none-eabi/5.4.1/../../../../arm-none-eabi/lib/armv7-m\libg_nano.a(lib_a-exit.o)
 .debug_frame   0x000025d8       0x2c c:/program files (x86)/cypress/psoc creator/4.3/psoc creator/import/gnu/arm/5.4.1/bin/../lib/gcc/arm-none-eabi/5.4.1/../../../../arm-none-eabi/lib/armv7-m\libg_nano.a(lib_a-init.o)
 .debug_frame   0x00002604       0x28 c:/program files (x86)/cypress/psoc creator/4.3/psoc creator/import/gnu/arm/5.4.1/bin/../lib/gcc/arm-none-eabi/5.4.1/../../../../arm-none-eabi/lib/armv7-m\libg_nano.a(lib_a-memcpy-stub.o)
 .debug_frame   0x0000262c       0x20 c:/program files (x86)/cypress/psoc creator/4.3/psoc creator/import/gnu/arm/5.4.1/bin/../lib/gcc/arm-none-eabi/5.4.1/../../../../arm-none-eabi/lib/armv7-m\libg_nano.a(lib_a-memset.o)
 .debug_frame   0x0000264c       0x70 c:/program files (x86)/cypress/psoc creator/4.3/psoc creator/import/gnu/arm/5.4.1/bin/../lib/gcc/arm-none-eabi/5.4.1/../../../../arm-none-eabi/lib/armv7-m\libg_nano.a(lib_a-sprintf.o)
 .debug_frame   0x000026bc       0x90 c:/program files (x86)/cypress/psoc creator/4.3/psoc creator/import/gnu/arm/5.4.1/bin/../lib/gcc/arm-none-eabi/5.4.1/../../../../arm-none-eabi/lib/armv7-m\libg_nano.a(lib_a-nano-svfprintf.o)
 .debug_frame   0x0000274c       0x60 c:/program files (x86)/cypress/psoc creator/4.3/psoc creator/import/gnu/arm/5.4.1/bin/../lib/gcc/arm-none-eabi/5.4.1/../../../../arm-none-eabi/lib/armv7-m\libg_nano.a(lib_a-nano-vfprintf_i.o)
 .debug_frame   0x000027ac       0x28 c:/program files (x86)/cypress/psoc creator/4.3/psoc creator/import/gnu/arm/5.4.1/bin/../lib/gcc/arm-none-eabi/5.4.1/../../../../arm-none-eabi/lib/armv7-m\libg_nano.a(lib_a-memchr-stub.o)
 .debug_frame   0x000027d4       0x28 c:/program files (x86)/cypress/psoc creator/4.3/psoc creator/import/gnu/arm/5.4.1/bin/../lib/gcc/arm-none-eabi/5.4.1/../../../../arm-none-eabi/lib/armv7-m\libg_nano.a(lib_a-memmove.o)
 .debug_frame   0x000027fc       0x38 c:/program files (x86)/cypress/psoc creator/4.3/psoc creator/import/gnu/arm/5.4.1/bin/../lib/gcc/arm-none-eabi/5.4.1/../../../../arm-none-eabi/lib/armv7-m\libg_nano.a(lib_a-nano-freer.o)
 .debug_frame   0x00002834       0x2c c:/program files (x86)/cypress/psoc creator/4.3/psoc creator/import/gnu/arm/5.4.1/bin/../lib/gcc/arm-none-eabi/5.4.1/../../../../arm-none-eabi/lib/armv7-m\libg_nano.a(lib_a-nano-mallocr.o)
 .debug_frame   0x00002860       0x3c c:/program files (x86)/cypress/psoc creator/4.3/psoc creator/import/gnu/arm/5.4.1/bin/../lib/gcc/arm-none-eabi/5.4.1/../../../../arm-none-eabi/lib/armv7-m\libg_nano.a(lib_a-nano-reallocr.o)
 .debug_frame   0x0000289c       0x2c c:/program files (x86)/cypress/psoc creator/4.3/psoc creator/import/gnu/arm/5.4.1/bin/../lib/gcc/arm-none-eabi/5.4.1/../../../../arm-none-eabi/lib/armv7-m\libg_nano.a(lib_a-sbrkr.o)
 .debug_frame   0x000028c8       0x30 c:/program files (x86)/cypress/psoc creator/4.3/psoc creator/import/gnu/arm/5.4.1/bin/../lib/gcc/arm-none-eabi/5.4.1/../../../../arm-none-eabi/lib/armv7-m\libg_nano.a(lib_a-mlock.o)
 .debug_frame   0x000028f8       0x20 c:/program files (x86)/cypress/psoc creator/4.3/psoc creator/import/gnu/arm/5.4.1/bin/../lib/gcc/arm-none-eabi/5.4.1/../../../../arm-none-eabi/lib/armv7-m\libg_nano.a(lib_a-nano-msizer.o)
 .debug_frame   0x00002918       0x5c c:/program files (x86)/cypress/psoc creator/4.3/psoc creator/import/gnu/arm/5.4.1/bin/../lib/gcc/arm-none-eabi/5.4.1/../../../../arm-none-eabi/lib/armv7-m\libg_nano.a(lib_a-reent.o)

.debug_str      0x00000000     0x33a0
 *(.debug_str)
 .debug_str     0x00000000      0x383 .\CortexM3\ARM_GCC_541\Debug\main.o
                                0x3d8 (size before relaxing)
 .debug_str     0x00000383       0xd1 .\CortexM3\ARM_GCC_541\Debug\25LC256.o
                                0x2e5 (size before relaxing)
 .debug_str     0x00000454      0x13d .\CortexM3\ARM_GCC_541\Debug\InterruptRoutines.o
                                0x36c (size before relaxing)
 .debug_str     0x00000591       0x32 .\CortexM3\ARM_GCC_541\Debug\LIS3DH.o
                                0x22f (size before relaxing)
 .debug_str     0x000005c3      0x109 .\CortexM3\ARM_GCC_541\Debug\SPI_Interface_25LC256.o
                                0x328 (size before relaxing)
 .debug_str     0x000006cc       0xf9 .\CortexM3\ARM_GCC_541\Debug\SPI_Interface_LIS3DH.o
                                0x323 (size before relaxing)
 .debug_str     0x000007c5        0xc .\CortexM3\ARM_GCC_541\Debug\Functions.o
                                0x212 (size before relaxing)
 .debug_str     0x000007d1      0x20a .\CortexM3\ARM_GCC_541\Debug\cyfitter_cfg.o
                                0x3b9 (size before relaxing)
 .debug_str     0x000009db       0x75 .\CortexM3\ARM_GCC_541\Debug\cymetadata.o
                                0x1f1 (size before relaxing)
 .debug_str     0x00000a50      0x144 .\CortexM3\ARM_GCC_541\Debug\Cm3Start.o
                                0x317 (size before relaxing)
 .debug_str     0x00000b94      0x301 .\CortexM3\ARM_GCC_541\Debug\Final_Project_Group5.a(SPIM_1.o)
                                0x537 (size before relaxing)
 .debug_str     0x00000e95       0x40 .\CortexM3\ARM_GCC_541\Debug\Final_Project_Group5.a(SPIM_1_INT.o)
                                0x2a2 (size before relaxing)
 .debug_str     0x00000ed5      0x286 .\CortexM3\ARM_GCC_541\Debug\Final_Project_Group5.a(UART_1.o)
                                0x4c0 (size before relaxing)
 .debug_str     0x0000115b       0x5b .\CortexM3\ARM_GCC_541\Debug\Final_Project_Group5.a(CS_1.o)
                                0x1ea (size before relaxing)
 .debug_str     0x000011b6       0x4b .\CortexM3\ARM_GCC_541\Debug\Final_Project_Group5.a(CS_2.o)
                                0x1ea (size before relaxing)
 .debug_str     0x00001201      0x24f .\CortexM3\ARM_GCC_541\Debug\Final_Project_Group5.a(SPIM_2.o)
                                0x537 (size before relaxing)
 .debug_str     0x00001450       0x40 .\CortexM3\ARM_GCC_541\Debug\Final_Project_Group5.a(SPIM_2_INT.o)
                                0x2a2 (size before relaxing)
 .debug_str     0x00001490       0xfd .\CortexM3\ARM_GCC_541\Debug\Final_Project_Group5.a(isr_RX.o)
                                0x2c1 (size before relaxing)
 .debug_str     0x0000158d      0x19d .\CortexM3\ARM_GCC_541\Debug\Final_Project_Group5.a(SPIM_1_IntClock.o)
                                0x35b (size before relaxing)
 .debug_str     0x0000172a      0x14c .\CortexM3\ARM_GCC_541\Debug\Final_Project_Group5.a(UART_1_IntClock.o)
                                0x35b (size before relaxing)
 .debug_str     0x00001876      0x14c .\CortexM3\ARM_GCC_541\Debug\Final_Project_Group5.a(SPIM_2_IntClock.o)
                                0x35b (size before relaxing)
 .debug_str     0x000019c2      0x7b9 .\CortexM3\ARM_GCC_541\Debug\Final_Project_Group5.a(CyLib.o)
                                0xa54 (size before relaxing)
 .debug_str     0x0000217b      0x365 .\CortexM3\ARM_GCC_541\Debug\Final_Project_Group5.a(cyPm.o)
                                0x740 (size before relaxing)
 .debug_str     0x000024e0      0x42e .\CortexM3\ARM_GCC_541\Debug\Final_Project_Group5.a(ADC_DelSig.o)
                                0x6f5 (size before relaxing)
 .debug_str     0x0000290e       0x68 .\CortexM3\ARM_GCC_541\Debug\Final_Project_Group5.a(ADC_DelSig_INT.o)
                                0x1f0 (size before relaxing)
 .debug_str     0x00002976      0x122 .\CortexM3\ARM_GCC_541\Debug\Final_Project_Group5.a(Timer.o)
                                0x302 (size before relaxing)
 .debug_str     0x00002a98       0xf2 .\CortexM3\ARM_GCC_541\Debug\Final_Project_Group5.a(isr_ADC.o)
                                0x2cf (size before relaxing)
 .debug_str     0x00002b8a       0x7b .\CortexM3\ARM_GCC_541\Debug\Final_Project_Group5.a(ADC_DelSig_AMux.o)
                                0x23d (size before relaxing)
 .debug_str     0x00002c05      0x170 .\CortexM3\ARM_GCC_541\Debug\Final_Project_Group5.a(ADC_DelSig_Ext_CP_Clk.o)
                                0x3a3 (size before relaxing)
 .debug_str     0x00002d75      0x1a3 .\CortexM3\ARM_GCC_541\Debug\Final_Project_Group5.a(ADC_DelSig_theACLK.o)
                                0x3d0 (size before relaxing)
 .debug_str     0x00002f18       0x57 .\CortexM3\ARM_GCC_541\Debug\Final_Project_Group5.a(Ext_LED.o)
                                0x1f9 (size before relaxing)
 .debug_str     0x00002f6f      0x1d1 .\CortexM3\ARM_GCC_541\Debug\Final_Project_Group5.a(PWM_OnboardLED.o)
                                0x409 (size before relaxing)
 .debug_str     0x00003140      0x1b4 .\CortexM3\ARM_GCC_541\Debug\Final_Project_Group5.a(CyFlash.o)
                                0x3cd (size before relaxing)
 .debug_str     0x000032f4       0xac .\CortexM3\ARM_GCC_541\Debug\Final_Project_Group5.a(CySpc.o)
                                0x345 (size before relaxing)

.debug_loc      0x00000000     0x370c
 *(.debug_loc)
 .debug_loc     0x00000000      0x167 .\CortexM3\ARM_GCC_541\Debug\main.o
 .debug_loc     0x00000167      0x15a .\CortexM3\ARM_GCC_541\Debug\25LC256.o
 .debug_loc     0x000002c1       0xdd .\CortexM3\ARM_GCC_541\Debug\LIS3DH.o
 .debug_loc     0x0000039e      0x16c .\CortexM3\ARM_GCC_541\Debug\SPI_Interface_25LC256.o
 .debug_loc     0x0000050a      0x16c .\CortexM3\ARM_GCC_541\Debug\SPI_Interface_LIS3DH.o
 .debug_loc     0x00000676      0x2cb .\CortexM3\ARM_GCC_541\Debug\cyfitter_cfg.o
 .debug_loc     0x00000941      0x144 .\CortexM3\ARM_GCC_541\Debug\Cm3Start.o
 .debug_loc     0x00000a85      0x20d .\CortexM3\ARM_GCC_541\Debug\Final_Project_Group5.a(SPIM_1.o)
 .debug_loc     0x00000c92       0x74 .\CortexM3\ARM_GCC_541\Debug\Final_Project_Group5.a(SPIM_1_INT.o)
 .debug_loc     0x00000d06      0x258 .\CortexM3\ARM_GCC_541\Debug\Final_Project_Group5.a(UART_1.o)
 .debug_loc     0x00000f5e       0x42 .\CortexM3\ARM_GCC_541\Debug\Final_Project_Group5.a(CS_1.o)
 .debug_loc     0x00000fa0       0x42 .\CortexM3\ARM_GCC_541\Debug\Final_Project_Group5.a(CS_2.o)
 .debug_loc     0x00000fe2      0x20d .\CortexM3\ARM_GCC_541\Debug\Final_Project_Group5.a(SPIM_2.o)
 .debug_loc     0x000011ef       0x74 .\CortexM3\ARM_GCC_541\Debug\Final_Project_Group5.a(SPIM_2_INT.o)
 .debug_loc     0x00001263       0x56 .\CortexM3\ARM_GCC_541\Debug\Final_Project_Group5.a(isr_RX.o)
 .debug_loc     0x000012b9      0x128 .\CortexM3\ARM_GCC_541\Debug\Final_Project_Group5.a(SPIM_1_IntClock.o)
 .debug_loc     0x000013e1      0x128 .\CortexM3\ARM_GCC_541\Debug\Final_Project_Group5.a(UART_1_IntClock.o)
 .debug_loc     0x00001509      0x128 .\CortexM3\ARM_GCC_541\Debug\Final_Project_Group5.a(SPIM_2_IntClock.o)
 .debug_loc     0x00001631      0xa11 .\CortexM3\ARM_GCC_541\Debug\Final_Project_Group5.a(CyLib.o)
 .debug_loc     0x00002042      0x1e4 .\CortexM3\ARM_GCC_541\Debug\Final_Project_Group5.a(cyPm.o)
 .debug_loc     0x00002226      0x68c .\CortexM3\ARM_GCC_541\Debug\Final_Project_Group5.a(ADC_DelSig.o)
 .debug_loc     0x000028b2       0x56 .\CortexM3\ARM_GCC_541\Debug\Final_Project_Group5.a(isr_ADC.o)
 .debug_loc     0x00002908       0x6c .\CortexM3\ARM_GCC_541\Debug\Final_Project_Group5.a(ADC_DelSig_AMux.o)
 .debug_loc     0x00002974      0x12c .\CortexM3\ARM_GCC_541\Debug\Final_Project_Group5.a(ADC_DelSig_Ext_CP_Clk.o)
 .debug_loc     0x00002aa0      0x14d .\CortexM3\ARM_GCC_541\Debug\Final_Project_Group5.a(ADC_DelSig_theACLK.o)
 .debug_loc     0x00002bed       0x42 .\CortexM3\ARM_GCC_541\Debug\Final_Project_Group5.a(Ext_LED.o)
 .debug_loc     0x00002c2f       0x26 .\CortexM3\ARM_GCC_541\Debug\Final_Project_Group5.a(PWM_OnboardLED.o)
 .debug_loc     0x00002c55      0x3b2 .\CortexM3\ARM_GCC_541\Debug\Final_Project_Group5.a(CyFlash.o)
 .debug_loc     0x00003007      0x705 .\CortexM3\ARM_GCC_541\Debug\Final_Project_Group5.a(CySpc.o)

.debug_macinfo
 *(.debug_macinfo)

.debug_ranges   0x00000000      0xd88
 *(.debug_ranges)
 .debug_ranges  0x00000000       0x10 .\CortexM3\ARM_GCC_541\Debug\main.o
 .debug_ranges  0x00000010       0x40 .\CortexM3\ARM_GCC_541\Debug\25LC256.o
 .debug_ranges  0x00000050       0x20 .\CortexM3\ARM_GCC_541\Debug\InterruptRoutines.o
 .debug_ranges  0x00000070       0x20 .\CortexM3\ARM_GCC_541\Debug\LIS3DH.o
 .debug_ranges  0x00000090       0x28 .\CortexM3\ARM_GCC_541\Debug\SPI_Interface_25LC256.o
 .debug_ranges  0x000000b8       0x28 .\CortexM3\ARM_GCC_541\Debug\SPI_Interface_LIS3DH.o
 .debug_ranges  0x000000e0       0x10 .\CortexM3\ARM_GCC_541\Debug\Functions.o
 .debug_ranges  0x000000f0       0x58 .\CortexM3\ARM_GCC_541\Debug\cyfitter_cfg.o
 .debug_ranges  0x00000148       0x38 .\CortexM3\ARM_GCC_541\Debug\Cm3Start.o
 .debug_ranges  0x00000180       0xc8 .\CortexM3\ARM_GCC_541\Debug\Final_Project_Group5.a(SPIM_1.o)
 .debug_ranges  0x00000248       0x18 .\CortexM3\ARM_GCC_541\Debug\Final_Project_Group5.a(SPIM_1_INT.o)
 .debug_ranges  0x00000260       0xe0 .\CortexM3\ARM_GCC_541\Debug\Final_Project_Group5.a(UART_1.o)
 .debug_ranges  0x00000340       0x28 .\CortexM3\ARM_GCC_541\Debug\Final_Project_Group5.a(CS_1.o)
 .debug_ranges  0x00000368       0x28 .\CortexM3\ARM_GCC_541\Debug\Final_Project_Group5.a(CS_2.o)
 .debug_ranges  0x00000390       0xc8 .\CortexM3\ARM_GCC_541\Debug\Final_Project_Group5.a(SPIM_2.o)
 .debug_ranges  0x00000458       0x18 .\CortexM3\ARM_GCC_541\Debug\Final_Project_Group5.a(SPIM_2_INT.o)
 .debug_ranges  0x00000470       0x70 .\CortexM3\ARM_GCC_541\Debug\Final_Project_Group5.a(isr_RX.o)
 .debug_ranges  0x000004e0       0x60 .\CortexM3\ARM_GCC_541\Debug\Final_Project_Group5.a(SPIM_1_IntClock.o)
 .debug_ranges  0x00000540       0x60 .\CortexM3\ARM_GCC_541\Debug\Final_Project_Group5.a(UART_1_IntClock.o)
 .debug_ranges  0x000005a0       0x60 .\CortexM3\ARM_GCC_541\Debug\Final_Project_Group5.a(SPIM_2_IntClock.o)
 .debug_ranges  0x00000600      0x290 .\CortexM3\ARM_GCC_541\Debug\Final_Project_Group5.a(CyLib.o)
 .debug_ranges  0x00000890       0x88 .\CortexM3\ARM_GCC_541\Debug\Final_Project_Group5.a(cyPm.o)
 .debug_ranges  0x00000918       0xd8 .\CortexM3\ARM_GCC_541\Debug\Final_Project_Group5.a(ADC_DelSig.o)
 .debug_ranges  0x000009f0       0x28 .\CortexM3\ARM_GCC_541\Debug\Final_Project_Group5.a(ADC_DelSig_INT.o)
 .debug_ranges  0x00000a18       0x78 .\CortexM3\ARM_GCC_541\Debug\Final_Project_Group5.a(Timer.o)
 .debug_ranges  0x00000a90       0x70 .\CortexM3\ARM_GCC_541\Debug\Final_Project_Group5.a(isr_ADC.o)
 .debug_ranges  0x00000b00       0x20 .\CortexM3\ARM_GCC_541\Debug\Final_Project_Group5.a(ADC_DelSig_AMux.o)
 .debug_ranges  0x00000b20       0x60 .\CortexM3\ARM_GCC_541\Debug\Final_Project_Group5.a(ADC_DelSig_Ext_CP_Clk.o)
 .debug_ranges  0x00000b80       0x70 .\CortexM3\ARM_GCC_541\Debug\Final_Project_Group5.a(ADC_DelSig_theACLK.o)
 .debug_ranges  0x00000bf0       0x28 .\CortexM3\ARM_GCC_541\Debug\Final_Project_Group5.a(Ext_LED.o)
 .debug_ranges  0x00000c18       0x88 .\CortexM3\ARM_GCC_541\Debug\Final_Project_Group5.a(PWM_OnboardLED.o)
 .debug_ranges  0x00000ca0       0x78 .\CortexM3\ARM_GCC_541\Debug\Final_Project_Group5.a(CyFlash.o)
 .debug_ranges  0x00000d18       0x70 .\CortexM3\ARM_GCC_541\Debug\Final_Project_Group5.a(CySpc.o)

.comment        0x00000000       0x6e
 .comment       0x00000000       0x6e .\CortexM3\ARM_GCC_541\Debug\main.o
                                 0x6f (size before relaxing)
 .comment       0x0000006e       0x6f .\CortexM3\ARM_GCC_541\Debug\25LC256.o
 .comment       0x0000006e       0x6f .\CortexM3\ARM_GCC_541\Debug\InterruptRoutines.o
 .comment       0x0000006e       0x6f .\CortexM3\ARM_GCC_541\Debug\LIS3DH.o
 .comment       0x0000006e       0x6f .\CortexM3\ARM_GCC_541\Debug\SPI_Interface_25LC256.o
 .comment       0x0000006e       0x6f .\CortexM3\ARM_GCC_541\Debug\SPI_Interface_LIS3DH.o
 .comment       0x0000006e       0x6f .\CortexM3\ARM_GCC_541\Debug\Functions.o
 .comment       0x0000006e       0x6f .\CortexM3\ARM_GCC_541\Debug\cyfitter_cfg.o
 .comment       0x0000006e       0x6f .\CortexM3\ARM_GCC_541\Debug\cymetadata.o
 .comment       0x0000006e       0x6f .\CortexM3\ARM_GCC_541\Debug\Cm3Start.o
 .comment       0x0000006e       0x6f .\CortexM3\ARM_GCC_541\Debug\Final_Project_Group5.a(SPIM_1.o)
 .comment       0x0000006e       0x6f .\CortexM3\ARM_GCC_541\Debug\Final_Project_Group5.a(SPIM_1_INT.o)
 .comment       0x0000006e       0x6f .\CortexM3\ARM_GCC_541\Debug\Final_Project_Group5.a(UART_1.o)
 .comment       0x0000006e       0x6f .\CortexM3\ARM_GCC_541\Debug\Final_Project_Group5.a(CS_1.o)
 .comment       0x0000006e       0x6f .\CortexM3\ARM_GCC_541\Debug\Final_Project_Group5.a(CS_2.o)
 .comment       0x0000006e       0x6f .\CortexM3\ARM_GCC_541\Debug\Final_Project_Group5.a(SPIM_2.o)
 .comment       0x0000006e       0x6f .\CortexM3\ARM_GCC_541\Debug\Final_Project_Group5.a(SPIM_2_INT.o)
 .comment       0x0000006e       0x6f .\CortexM3\ARM_GCC_541\Debug\Final_Project_Group5.a(isr_RX.o)
 .comment       0x0000006e       0x6f .\CortexM3\ARM_GCC_541\Debug\Final_Project_Group5.a(SPIM_1_IntClock.o)
 .comment       0x0000006e       0x6f .\CortexM3\ARM_GCC_541\Debug\Final_Project_Group5.a(UART_1_IntClock.o)
 .comment       0x0000006e       0x6f .\CortexM3\ARM_GCC_541\Debug\Final_Project_Group5.a(SPIM_2_IntClock.o)
 .comment       0x0000006e       0x6f .\CortexM3\ARM_GCC_541\Debug\Final_Project_Group5.a(CyLib.o)
 .comment       0x0000006e       0x6f .\CortexM3\ARM_GCC_541\Debug\Final_Project_Group5.a(cyPm.o)
 .comment       0x0000006e       0x6f .\CortexM3\ARM_GCC_541\Debug\Final_Project_Group5.a(ADC_DelSig.o)
 .comment       0x0000006e       0x6f .\CortexM3\ARM_GCC_541\Debug\Final_Project_Group5.a(ADC_DelSig_INT.o)
 .comment       0x0000006e       0x6f .\CortexM3\ARM_GCC_541\Debug\Final_Project_Group5.a(Timer.o)
 .comment       0x0000006e       0x6f .\CortexM3\ARM_GCC_541\Debug\Final_Project_Group5.a(isr_ADC.o)
 .comment       0x0000006e       0x6f .\CortexM3\ARM_GCC_541\Debug\Final_Project_Group5.a(ADC_DelSig_AMux.o)
 .comment       0x0000006e       0x6f .\CortexM3\ARM_GCC_541\Debug\Final_Project_Group5.a(ADC_DelSig_Ext_CP_Clk.o)
 .comment       0x0000006e       0x6f .\CortexM3\ARM_GCC_541\Debug\Final_Project_Group5.a(ADC_DelSig_theACLK.o)
 .comment       0x0000006e       0x6f .\CortexM3\ARM_GCC_541\Debug\Final_Project_Group5.a(Ext_LED.o)
 .comment       0x0000006e       0x6f .\CortexM3\ARM_GCC_541\Debug\Final_Project_Group5.a(PWM_OnboardLED.o)
 .comment       0x0000006e       0x6f .\CortexM3\ARM_GCC_541\Debug\Final_Project_Group5.a(CyFlash.o)
 .comment       0x0000006e       0x6f .\CortexM3\ARM_GCC_541\Debug\Final_Project_Group5.a(CySpc.o)

.debug_weaknames
 *(.debug_weaknames)

.debug_funcnames
 *(.debug_funcnames)

.debug_typenames
 *(.debug_typenames)

.debug_varnames
 *(.debug_varnames)

.note.gnu.arm.ident
 *(.note.gnu.arm.ident)

.ARM.attributes
                0x00000000       0x29
 *(.ARM.attributes)
 .ARM.attributes
                0x00000000       0x1d c:/program files (x86)/cypress/psoc creator/4.3/psoc creator/import/gnu/arm/5.4.1/bin/../lib/gcc/arm-none-eabi/5.4.1/armv7-m/crti.o
 .ARM.attributes
                0x0000001d       0x2d c:/program files (x86)/cypress/psoc creator/4.3/psoc creator/import/gnu/arm/5.4.1/bin/../lib/gcc/arm-none-eabi/5.4.1/armv7-m/crtbegin.o
 .ARM.attributes
                0x0000004a       0x1b c:/program files (x86)/cypress/psoc creator/4.3/psoc creator/import/gnu/arm/5.4.1/bin/../lib/gcc/arm-none-eabi/5.4.1/../../../../arm-none-eabi/lib/armv7-m/crt0.o
 .ARM.attributes
                0x00000065       0x33 .\CortexM3\ARM_GCC_541\Debug\main.o
 .ARM.attributes
                0x00000098       0x33 .\CortexM3\ARM_GCC_541\Debug\25LC256.o
 .ARM.attributes
                0x000000cb       0x33 .\CortexM3\ARM_GCC_541\Debug\InterruptRoutines.o
 .ARM.attributes
                0x000000fe       0x33 .\CortexM3\ARM_GCC_541\Debug\LIS3DH.o
 .ARM.attributes
                0x00000131       0x33 .\CortexM3\ARM_GCC_541\Debug\SPI_Interface_25LC256.o
 .ARM.attributes
                0x00000164       0x33 .\CortexM3\ARM_GCC_541\Debug\SPI_Interface_LIS3DH.o
 .ARM.attributes
                0x00000197       0x33 .\CortexM3\ARM_GCC_541\Debug\Functions.o
 .ARM.attributes
                0x000001ca       0x33 .\CortexM3\ARM_GCC_541\Debug\cyfitter_cfg.o
 .ARM.attributes
                0x000001fd       0x33 .\CortexM3\ARM_GCC_541\Debug\cymetadata.o
 .ARM.attributes
                0x00000230       0x33 .\CortexM3\ARM_GCC_541\Debug\Cm3Start.o
 .ARM.attributes
                0x00000263       0x33 .\CortexM3\ARM_GCC_541\Debug\Final_Project_Group5.a(SPIM_1.o)
 .ARM.attributes
                0x00000296       0x33 .\CortexM3\ARM_GCC_541\Debug\Final_Project_Group5.a(SPIM_1_INT.o)
 .ARM.attributes
                0x000002c9       0x33 .\CortexM3\ARM_GCC_541\Debug\Final_Project_Group5.a(UART_1.o)
 .ARM.attributes
                0x000002fc       0x33 .\CortexM3\ARM_GCC_541\Debug\Final_Project_Group5.a(CS_1.o)
 .ARM.attributes
                0x0000032f       0x33 .\CortexM3\ARM_GCC_541\Debug\Final_Project_Group5.a(CS_2.o)
 .ARM.attributes
                0x00000362       0x33 .\CortexM3\ARM_GCC_541\Debug\Final_Project_Group5.a(SPIM_2.o)
 .ARM.attributes
                0x00000395       0x33 .\CortexM3\ARM_GCC_541\Debug\Final_Project_Group5.a(SPIM_2_INT.o)
 .ARM.attributes
                0x000003c8       0x33 .\CortexM3\ARM_GCC_541\Debug\Final_Project_Group5.a(isr_RX.o)
 .ARM.attributes
                0x000003fb       0x33 .\CortexM3\ARM_GCC_541\Debug\Final_Project_Group5.a(SPIM_1_IntClock.o)
 .ARM.attributes
                0x0000042e       0x33 .\CortexM3\ARM_GCC_541\Debug\Final_Project_Group5.a(UART_1_IntClock.o)
 .ARM.attributes
                0x00000461       0x33 .\CortexM3\ARM_GCC_541\Debug\Final_Project_Group5.a(SPIM_2_IntClock.o)
 .ARM.attributes
                0x00000494       0x33 .\CortexM3\ARM_GCC_541\Debug\Final_Project_Group5.a(CyLib.o)
 .ARM.attributes
                0x000004c7       0x33 .\CortexM3\ARM_GCC_541\Debug\Final_Project_Group5.a(cyPm.o)
 .ARM.attributes
                0x000004fa       0x33 .\CortexM3\ARM_GCC_541\Debug\Final_Project_Group5.a(ADC_DelSig.o)
 .ARM.attributes
                0x0000052d       0x33 .\CortexM3\ARM_GCC_541\Debug\Final_Project_Group5.a(ADC_DelSig_INT.o)
 .ARM.attributes
                0x00000560       0x33 .\CortexM3\ARM_GCC_541\Debug\Final_Project_Group5.a(Timer.o)
 .ARM.attributes
                0x00000593       0x33 .\CortexM3\ARM_GCC_541\Debug\Final_Project_Group5.a(isr_ADC.o)
 .ARM.attributes
                0x000005c6       0x33 .\CortexM3\ARM_GCC_541\Debug\Final_Project_Group5.a(ADC_DelSig_AMux.o)
 .ARM.attributes
                0x000005f9       0x33 .\CortexM3\ARM_GCC_541\Debug\Final_Project_Group5.a(ADC_DelSig_Ext_CP_Clk.o)
 .ARM.attributes
                0x0000062c       0x33 .\CortexM3\ARM_GCC_541\Debug\Final_Project_Group5.a(ADC_DelSig_theACLK.o)
 .ARM.attributes
                0x0000065f       0x33 .\CortexM3\ARM_GCC_541\Debug\Final_Project_Group5.a(Ext_LED.o)
 .ARM.attributes
                0x00000692       0x33 .\CortexM3\ARM_GCC_541\Debug\Final_Project_Group5.a(PWM_OnboardLED.o)
 .ARM.attributes
                0x000006c5       0x21 .\CortexM3\ARM_GCC_541\Debug\Final_Project_Group5.a(CyBootAsmGnu.o)
 .ARM.attributes
                0x000006e6       0x33 .\CortexM3\ARM_GCC_541\Debug\Final_Project_Group5.a(CyFlash.o)
 .ARM.attributes
                0x00000719       0x33 .\CortexM3\ARM_GCC_541\Debug\Final_Project_Group5.a(CySpc.o)
 .ARM.attributes
                0x0000074c       0x1d c:/program files (x86)/cypress/psoc creator/4.3/psoc creator/import/gnu/arm/5.4.1/bin/../lib/gcc/arm-none-eabi/5.4.1/armv7-m\libgcc.a(_arm_addsubdf3.o)
 .ARM.attributes
                0x00000769       0x1d c:/program files (x86)/cypress/psoc creator/4.3/psoc creator/import/gnu/arm/5.4.1/bin/../lib/gcc/arm-none-eabi/5.4.1/armv7-m\libgcc.a(_arm_cmpdf2.o)
 .ARM.attributes
                0x00000786       0x1d c:/program files (x86)/cypress/psoc creator/4.3/psoc creator/import/gnu/arm/5.4.1/bin/../lib/gcc/arm-none-eabi/5.4.1/armv7-m\libgcc.a(_arm_addsubsf3.o)
 .ARM.attributes
                0x000007a3       0x1d c:/program files (x86)/cypress/psoc creator/4.3/psoc creator/import/gnu/arm/5.4.1/bin/../lib/gcc/arm-none-eabi/5.4.1/armv7-m\libgcc.a(_arm_muldivsf3.o)
 .ARM.attributes